01-01 07:55:15.515   668   676 I UclDL_Impl_VIP: pollingCntr : 4242
01-01 07:55:15.515   668   676 I UclDL_Impl_TCU: VIP-TCU - txBps : 392
01-01 07:55:15.515   668   676 I UclDL_Impl_TCU: VIP-TCU - rxBps : 272
01-01 07:55:15.515   668   676 I UclDL_Impl_TCU: VIP-TCU - txAckTmo : 1
01-01 07:55:15.675   490   541 D vendor.visteon.skylark.hardware.automotive.vehicle@V1-visteon-service: SomeipCOmm :: RX Message [0/d3]:service:ce ,Method:8010,payload:01 
01-01 07:55:15.706   490   550 D vendor.visteon.skylark.hardware.automotive.vehicle@V1-visteon-service: TX Message SomeipComm::send  : service:206,method:4, response Payload: 06 03 00 02 00 3f 3f 3f 00 3f 3f 3f 00 3f 3f 3f 00 3f 3f 3f 00 3f 3f 3f 00 3f 3f 3f 00 3f 3f 3f 00 3f 3f 3f 00 3f 3f 3f 00 3f 3f 3f 00 3f 3f 3f 00 0d 0e 1a 12 0d 0f 1a 26 0d 0f 1a 39 0e 10 1a 4d 0e 10 1a 5f 0e 11 1a 64 0f 12 1a 64 0f 12 1a 64 0f 13 1a 64 0f 13 1b 64 10 14 1b 64 10 14 1b 64 10 15 1b 64 11 15 1b 64 11 16 1b 64 11 16 1b 64 12 17 1b 64 12 17 1b 64 12 18 1b 64 12 19 1b 64 13 19 1c 64 13 1a 1c 64 13 1a 1c 64 14 1b 1c 64 14 1b 1c 64 14 1c 1c 64 14 1c 1c 64 15 1d 1c 64 15 1d 1c 64 15 1e 1c 64 16 1e 1c 64 16 1f 1d 64 16 20 1d 64 16 20 1d 64 17 21 1d 64 17 21 1d 64 17 22 1d 64 18 22 1d 64 18 23 1d 64 18 23 1d 64 18 24 1d 64 19 24 1d 64 19 25 1e 64 19 25 1e 64 1a 26 1e 64 1a 26 1e 64 1a 27 1e 64 1a 28 1e 64 1b 28 1e 64 1b 29 1e 64 1b 29 1e 64 1c 2a 1e 64 1c 2a 1f 64 1c 2b 1f 64 1c 2b 1f 64 1d 2c 1f 64 1d 2c 1f 64 1d 2d 1f 64 1e 2d 1f 64 1e 2e 1f 64 1e 2f 1f 64 1e 2f 1f 64 1f 2f 1f 64 1f 2f 1f 64 1f 2f 1f 64 20 2e 1e 64 20 2e 1e 64 2
01-01 07:55:15.807   489   509 I UclDL_Impl: Inst Id : 0 ## Tx Msgs : 251
01-01 07:55:15.807   489   509 I UclDL_Impl: Inst Id : 0 ## TxA Msgs : 212
01-01 07:55:15.807   489   509 I UclDL_Impl: Inst Id : 0 ## TxA TO : 0
01-01 07:55:15.807   489   509 I UclDL_Impl: Inst Id : 0 ## Rx Msgs : 251
01-01 07:55:15.807   489   509 I UclDL_Impl: Inst Id : 0 ## Rx HB Msgs : 3
01-01 07:55:15.807   489   509 I UclDL_Impl: Inst Id : 0 ## Tx Bps : 23424
01-01 07:55:15.807   489   509 I UclDL_Impl: Inst Id : 0 ## Rx Bps : 6896
01-01 07:55:15.807   489   509 I UclDL_Impl: Inst Id : 0  ## Avg Ack Latency : 10
01-01 07:55:15.828   490   541 D vendor.visteon.skylark.hardware.automotive.vehicle@V1-visteon-service: SomeipCOmm :: RX Message [0/d6]:service:c0 ,Method:8000,payload:04 
01-01 07:55:15.832   490   541 D vendor.visteon.skylark.hardware.automotive.vehicle@V1-visteon-service: SomeipCOmm :: RX Message [0/d7]:service:c7 ,Method:80e5,payload:02 00 00 01 0f 40 3e 00 08 00 16 00 00 00 00 1e 00 00 00 00 09 00 00 00 00 02 01 01 0e 2c 04 b8 01 a5 06 b1 01 d7 02 e9 02 bf 01 00 00 00 00 01 01 02 19 0f 1b 79 8f 0d 19 0a e9 00 1e 1e ba 89 7f 00 07 00 0a 00 20 02 22 00 c2 00 00 00 00 00 00 00 00 01 00 07 00 00 00 00 00 00 00 00 00 00 00 01 00 01 00 00 00 00 32 00 00 04 07 0a 0f 14 00 a8 02 00 03 00 00 00 00 00 c0 00 02 00 00 c0 00 00 00 02 c7 02 b9 02 c5 03 03 03 03 01 00 00 62 00 00 00 a5 00 00 00 00 0e c9 03 00 01 00 0b 0b 0b a5 07 04 f2 33 30 34 34 00 00 00 00 00 00 00 00 00 00 00 00 00 00 00 00 00 00 00 00 00 00 00 00 00 00 00 00 00 00 
01-01 07:55:15.832   490   541 D vendor.visteon.skylark.hardware.automotive.vehicle@V1-visteon-service: SomeipCOmm :: RX Message [0/d8]:service:c7 ,Method:80df,payload:08 04 02 02 01 02 00 00 00 00 00 00 00 00 00 03 00 00 00 00 00 00 00 00 00 00 00 00 00 00 00 00 00 00 00 00 00 00 00 00 00 00 00 00 00 00 00 00 00 00 00 00 00 00 00 00 00 00 00 00 00 00 00 00 00 00 00 00 00 00 00 00 00 00 00 00 00 00 00 00 00 00 00 00 00 00 00 00 00 00 00 00 00 00 00 00 00 00 00 00 
01-01 07:55:15.844   490   539 D vendor.visteon.skylark.hardware.automotive.vehicle@V1-visteon-service: TX Message SomeipComm::send  : service:193,method:3, response Payload: 00 
01-01 07:55:15.879   490   541 D vendor.visteon.skylark.hardware.automotive.vehicle@V1-visteon-service: SomeipCOmm :: RX Message [0/d9]:service:ce ,Method:8010,payload:01 
01-01 07:55:15.908   490   550 D vendor.visteon.skylark.hardware.automotive.vehicle@V1-visteon-service: TX Message SomeipComm::send  : service:206,method:4, response Payload: 06 03 01 02 00 31 21 10 64 32 21 10 64 32 20 0f 64 32 20 0f 64 33 20 0f 64 33 20 0e 64 33 1f 0e 64 34 1f 0e 64 33 1f 0e 64 33 1e 0e 64 32 1e 0f 64 32 1e 0f 64 32 1d 0f 64 31 1d 0f 64 31 1d 10 64 31 1c 10 64 30 1c 10 64 30 1c 10 64 2f 1b 11 64 2f 1b 11 64 2f 1b 11 64 2e 1a 11 64 2e 1a 12 64 2e 1a 12 64 2d 19 12 64 2d 19 12 64 2c 19 13 64 2c 18 13 64 2c 18 13 64 2b 18 13 64 2b 17 14 64 2b 17 14 64 2a 17 14 64 2a 16 14 64 29 16 15 64 29 15 15 64 29 15 15 64 28 15 15 64 28 14 16 64 28 14 16 64 27 14 16 64 27 13 16 64 26 13 17 64 26 13 17 64 26 12 17 64 25 12 17 64 25 12 18 64 25 11 18 64 24 11 18 64 24 11 18 64 23 10 19 64 23 10 19 64 23 10 19 64 22 0f 19 64 22 0f 1a 64 22 0f 1a 64 21 0e 1a 64 21 0e 1a 64 20 0e 1b 64 20 0d 1b 64 20 0d 1b 64 1f 0d 1b 64 1f 0c 1c 64 1f 0c 1c 64 1e 0c 1c 64 1e 0b 1c 64 1d 0b 1d 64 1d 0a 1d 64 1d 0a 1d 64 1c 0a 1d 64 1c 0a 1d 64 1c 0a 1d 64 1c 0a 1d 64 1b 0a 1d 64 1b 0a 1d 64 1b 0a 1d 64 1b 0a 1d 64 1a 0a 1d 64 1
01-01 07:55:16.039   490   541 D vendor.visteon.skylark.hardware.automotive.vehicle@V1-visteon-service: SomeipCOmm :: RX Message [0/db]:service:c7 ,Method:80e2,payload:10 19 02 05 01 00 00 01 
01-01 07:55:16.079   490   541 D vendor.visteon.skylark.hardware.automotive.vehicle@V1-visteon-service: SomeipCOmm :: RX Message [0/dc]:service:ce ,Method:8010,payload:01 
01-01 07:55:16.111   490   550 D vendor.visteon.skylark.hardware.automotive.vehicle@V1-visteon-service: TX Message SomeipComm::send  : service:206,method:4, response Payload: 06 03 02 00 10 0e 0e 1a 24 0d 0e 1a 1b 0d 0e 1a 12 0d 0e 1a 09 00 00 00 00 00 00 00 00 00 00 00 00 00 00 00 00 00 00 00 00 00 00 00 00 00 00 00 00 00 00 00 00 00 00 00 00 00 00 00 00 00 00 00 00 00 00 00 00 00 00 00 00 00 00 00 00 00 00 00 00 00 00 00 00 00 00 00 00 00 00 00 00 00 00 00 00 00 00 00 00 00 00 00 00 00 00 00 00 00 00 00 00 00 00 00 00 00 00 00 00 00 00 00 00 00 00 00 00 00 00 00 00 00 00 00 00 00 00 00 00 00 00 00 00 00 00 00 00 00 00 00 00 00 00 00 00 00 00 00 00 00 00 00 00 00 00 00 00 00 00 00 00 00 00 00 00 00 00 00 00 00 00 00 00 00 00 00 00 00 00 00 00 00 00 00 00 00 00 00 00 00 00 00 00 00 00 00 00 00 00 00 00 00 00 00 00 00 00 00 00 00 00 00 00 00 00 00 00 00 00 00 00 00 00 00 00 00 00 00 00 00 00 00 00 00 00 00 00 00 00 00 00 00 00 00 00 00 00 00 00 00 00 00 00 00 00 00 00 00 00 00 00 00 00 00 00 00 00 00 00 00 00 00 00 00 00 00 00 00 00 00 00 00 00 00 00 00 00 00 00 00 00 00 00 00 00 00 00 00 00 00 00 00 00 00 00 0
01-01 07:55:16.283   490   541 D vendor.visteon.skylark.hardware.automotive.vehicle@V1-visteon-service: SomeipCOmm :: RX Message [0/dd]:service:ce ,Method:8010,payload:01 
01-01 07:55:16.511   490   541 D vendor.visteon.skylark.hardware.automotive.vehicle@V1-visteon-service: SomeipCOmm :: RX Message [0/de]:service:c0 ,Method:8005,payload:03 03 03 03 03 03 03 03 03 01 03 03 03 00 00 00 00 00 00 00 
01-01 07:55:16.512   490   541 D vendor.visteon.skylark.hardware.automotive.vehicle@V1-visteon-service: PERIPHERAL_STATUS:: 03 03 03 03 03 03 03 03 03 01 03 03 03 00 00 00 00 00 00 00 
01-01 07:55:16.520   668   676 I UclDL_Impl_VIP: TxA TO : 33
01-01 07:55:16.520   668   676 I UclDL_Impl_VIP: Avg Ack Latency : 8
01-01 07:55:16.520   668   676 I UclDL_Impl_VIP: pollingCntr : 4492
01-01 07:55:16.520   668   676 I UclDL_Impl_TCU: VIP-TCU - txBps : 392
01-01 07:55:16.520   668   676 I UclDL_Impl_TCU: VIP-TCU - rxBps : 272
01-01 07:55:16.520   668   676 I UclDL_Impl_TCU: VIP-TCU - txAckTmo : 1
01-01 07:55:16.807   489   509 I UclDL_Impl: Inst Id : 0 ## Tx Msgs : 266
01-01 07:55:16.807   489   509 I UclDL_Impl: Inst Id : 0 ## TxA Msgs : 223
01-01 07:55:16.807   489   509 I UclDL_Impl: Inst Id : 0 ## TxA TO : 0
01-01 07:55:16.807   489   509 I UclDL_Impl: Inst Id : 0 ## Rx Msgs : 266
01-01 07:55:16.807   489   509 I UclDL_Impl: Inst Id : 0 ## Rx HB Msgs : 4
01-01 07:55:16.807   489   509 I UclDL_Impl: Inst Id : 0 ## Tx Bps : 9512
01-01 07:55:16.807   489   509 I UclDL_Impl: Inst Id : 0 ## Rx Bps : 4696
01-01 07:55:16.807   489   509 I UclDL_Impl: Inst Id : 0  ## Avg Ack Latency : 11
01-01 07:55:16.831   490   541 D vendor.visteon.skylark.hardware.automotive.vehicle@V1-visteon-service: SomeipCOmm :: RX Message [0/e1]:service:c0 ,Method:8000,payload:04 
01-01 07:55:16.835   490   541 D vendor.visteon.skylark.hardware.automotive.vehicle@V1-visteon-service: SomeipCOmm :: RX Message [0/e2]:service:c7 ,Method:80e5,payload:02 00 00 01 0f 40 3e 00 08 00 16 00 00 00 00 1e 00 00 00 00 09 00 00 00 00 02 01 01 0e 2c 04 b9 01 a5 06 b1 01 d7 02 e9 02 cf 01 00 00 00 00 01 01 02 19 10 1b 79 8f 0d 19 0a e9 00 1e 1e b8 89 7f 00 07 00 0b 00 20 02 22 00 c2 00 00 00 00 00 00 00 00 01 00 07 00 00 00 00 00 00 00 00 00 00 00 01 00 01 00 00 00 00 32 00 00 04 07 0a 0f 14 00 a8 02 00 03 00 00 00 00 00 c0 00 02 00 00 c0 00 00 00 02 d3 02 cd 02 d0 03 03 03 03 01 00 00 62 00 00 00 a5 00 00 00 00 0e c9 03 00 01 00 0b 0b 0b a5 07 04 f2 33 30 34 34 00 00 00 00 00 00 00 00 00 00 00 00 00 00 00 00 00 00 00 00 00 00 00 00 00 00 00 00 00 00 
01-01 07:55:16.836   490   541 D vendor.visteon.skylark.hardware.automotive.vehicle@V1-visteon-service: SomeipCOmm :: RX Message [0/e3]:service:c7 ,Method:80df,payload:08 04 02 02 01 02 00 00 00 00 00 00 00 00 00 03 00 00 00 00 00 00 00 00 00 00 00 00 00 00 00 00 00 00 00 00 00 00 00 00 00 00 00 00 00 00 00 00 00 00 00 00 00 00 00 00 00 00 00 00 00 00 00 00 00 00 00 00 00 00 00 00 00 00 00 00 00 00 00 00 00 00 00 00 00 00 00 00 00 00 00 00 00 00 00 00 00 00 00 00 
01-01 07:55:16.845   490   539 D vendor.visteon.skylark.hardware.automotive.vehicle@V1-visteon-service: TX Message SomeipComm::send  : service:193,method:3, response Payload: 00 
01-01 07:55:17.043   490   541 D vendor.visteon.skylark.hardware.automotive.vehicle@V1-visteon-service: SomeipCOmm :: RX Message [0/e5]:service:c7 ,Method:80e2,payload:11 19 02 05 01 00 00 01 
01-01 07:55:17.515   490   541 D vendor.visteon.skylark.hardware.automotive.vehicle@V1-visteon-service: SomeipCOmm :: RX Message [0/e6]:service:c0 ,Method:8005,payload:03 03 03 03 03 03 03 03 03 01 03 03 03 00 00 00 00 00 00 00 
01-01 07:55:17.515   490   541 D vendor.visteon.skylark.hardware.automotive.vehicle@V1-visteon-service: PERIPHERAL_STATUS:: 03 03 03 03 03 03 03 03 03 01 03 03 03 00 00 00 00 00 00 00 
01-01 07:55:17.523   668   676 I UclDL_Impl_VIP: TxA TO : 33
01-01 07:55:17.523   668   676 I UclDL_Impl_VIP: Avg Ack Latency : 8
01-01 07:55:17.523   668   676 I UclDL_Impl_VIP: pollingCntr : 4742
01-01 07:55:17.523   668   676 I UclDL_Impl_TCU: VIP-TCU - txBps : 392
01-01 07:55:17.523   668   676 I UclDL_Impl_TCU: VIP-TCU - rxBps : 272
01-01 07:55:17.523   668   676 I UclDL_Impl_TCU: VIP-TCU - txAckTmo : 1
01-01 07:55:17.807   489   509 I UclDL_Impl: Inst Id : 0 ## Tx Msgs : 278
01-01 07:55:17.807   489   509 I UclDL_Impl: Inst Id : 0 ## TxA Msgs : 231
01-01 07:55:17.807   489   509 I UclDL_Impl: Inst Id : 0 ## TxA TO : 0
01-01 07:55:17.807   489   509 I UclDL_Impl: Inst Id : 0 ## Rx Msgs : 278
01-01 07:55:17.807   489   509 I UclDL_Impl: Inst Id : 0 ## Rx HB Msgs : 6
01-01 07:55:17.807   489   509 I UclDL_Impl: Inst Id : 0 ## Tx Bps : 976
01-01 07:55:17.807   489   509 I UclDL_Impl: Inst Id : 0 ## Rx Bps : 4472
01-01 07:55:17.807   489   509 I UclDL_Impl: Inst Id : 0  ## Avg Ack Latency : 8
01-01 07:55:17.835   490   541 D vendor.visteon.skylark.hardware.automotive.vehicle@V1-visteon-service: SomeipCOmm :: RX Message [0/e9]:service:c0 ,Method:8000,payload:04 
01-01 07:55:17.840   490   541 D vendor.visteon.skylark.hardware.automotive.vehicle@V1-visteon-service: SomeipCOmm :: RX Message [0/ea]:service:c7 ,Method:80e5,payload:02 00 00 01 0f 40 3e 00 08 00 16 00 00 00 00 1e 00 00 00 00 09 00 00 00 00 02 01 01 0e 2d 04 bb 01 a2 06 b4 01 d7 02 e9 02 d4 01 00 00 00 00 01 01 02 19 11 1b 79 8f 0d 19 0a e9 00 1f 1e b4 89 7f 00 07 00 0a 00 20 02 22 00 c2 00 00 00 00 00 00 00 00 01 00 07 00 00 00 00 00 00 00 00 00 00 00 01 00 01 00 00 00 00 32 00 00 04 07 0a 0f 14 00 a8 02 00 03 00 00 00 00 00 c0 00 02 00 00 c0 00 00 00 02 d0 02 c9 02 d0 03 03 03 03 01 00 00 62 00 00 00 a5 00 00 00 00 0e ca 03 00 01 00 0b 0b 0b a5 07 04 f2 33 30 34 34 00 00 00 00 00 00 00 00 00 00 00 00 00 00 00 00 00 00 00 00 00 00 00 00 00 00 00 00 00 00 
01-01 07:55:17.841   490   541 D vendor.visteon.skylark.hardware.automotive.vehicle@V1-visteon-service: SomeipCOmm :: RX Message [0/eb]:service:c7 ,Method:80df,payload:08 04 02 02 01 02 00 00 00 00 00 00 00 00 00 03 00 00 00 00 00 00 00 00 00 00 00 00 00 00 00 00 00 00 00 00 00 00 00 00 00 00 00 00 00 00 00 00 00 00 00 00 00 00 00 00 00 00 00 00 00 00 00 00 00 00 00 00 00 00 00 00 00 00 00 00 00 00 00 00 00 00 00 00 00 00 00 00 00 00 00 00 00 00 00 00 00 00 00 00 
01-01 07:55:17.845   490   539 D vendor.visteon.skylark.hardware.automotive.vehicle@V1-visteon-service: TX Message SomeipComm::send  : service:193,method:3, response Payload: 00 
01-01 07:55:18.047   490   541 D vendor.visteon.skylark.hardware.automotive.vehicle@V1-visteon-service: SomeipCOmm :: RX Message [0/ed]:service:c7 ,Method:80e2,payload:12 19 02 05 01 00 00 01 
01-01 07:55:18.519   490   541 D vendor.visteon.skylark.hardware.automotive.vehicle@V1-visteon-service: SomeipCOmm :: RX Message [0/ee]:service:c0 ,Method:8005,payload:03 03 03 03 03 03 03 03 03 01 03 03 03 00 00 00 00 00 00 00 
01-01 07:55:18.520   490   541 D vendor.visteon.skylark.hardware.automotive.vehicle@V1-visteon-service: PERIPHERAL_STATUS:: 03 03 03 03 03 03 03 03 03 01 03 03 03 00 00 00 00 00 00 00 
01-01 07:55:18.527   668   676 I UclDL_Impl_VIP: TxA TO : 33
01-01 07:55:18.527   668   676 I UclDL_Impl_VIP: Avg Ack Latency : 6
01-01 07:55:18.527   668   676 I UclDL_Impl_VIP: pollingCntr : 4992
01-01 07:55:18.527   668   676 I UclDL_Impl_TCU: VIP-TCU - txBps : 392
01-01 07:55:18.527   668   676 I UclDL_Impl_TCU: VIP-TCU - rxBps : 272
01-01 07:55:18.527   668   676 I UclDL_Impl_TCU: VIP-TCU - txAckTmo : 1
01-01 07:55:18.807   489   509 I UclDL_Impl: Inst Id : 0 ## Tx Msgs : 289
01-01 07:55:18.807   489   509 I UclDL_Impl: Inst Id : 0 ## TxA Msgs : 239
01-01 07:55:18.807   489   509 I UclDL_Impl: Inst Id : 0 ## TxA TO : 0
01-01 07:55:18.807   489   509 I UclDL_Impl: Inst Id : 0 ## Rx Msgs : 289
01-01 07:55:18.807   489   509 I UclDL_Impl: Inst Id : 0 ## Rx HB Msgs : 8
01-01 07:55:18.807   489   509 I UclDL_Impl: Inst Id : 0 ## Tx Bps : 880
01-01 07:55:18.807   489   509 I UclDL_Impl: Inst Id : 0 ## Rx Bps : 4416
01-01 07:55:18.807   489   509 I UclDL_Impl: Inst Id : 0  ## Avg Ack Latency : 8
01-01 07:55:18.840   490   541 D vendor.visteon.skylark.hardware.automotive.vehicle@V1-visteon-service: SomeipCOmm :: RX Message [0/f1]:service:c0 ,Method:8000,payload:04 
01-01 07:55:18.845   490   541 D vendor.visteon.skylark.hardware.automotive.vehicle@V1-visteon-service: SomeipCOmm :: RX Message [0/f2]:service:c7 ,Method:80e5,payload:02 00 00 01 0f 40 3e 00 08 00 16 00 00 00 00 1e 00 00 00 00 09 00 00 00 00 02 01 01 0e 2c 04 b7 01 a7 06 b5 01 d6 02 e9 02 db 01 00 00 00 00 01 01 02 19 12 1b 79 8f 0d 19 0a e9 00 1e 1e b8 89 7f 00 07 00 0b 00 20 02 22 00 c2 00 00 00 00 00 00 00 00 01 00 07 00 00 00 00 00 00 00 00 00 00 00 01 00 01 00 00 00 00 32 00 00 04 07 0a 0f 14 00 a8 02 00 03 00 00 00 00 00 c0 00 02 00 00 c0 00 00 00 02 d0 02 c0 02 cd 03 03 03 03 01 00 00 62 00 00 00 a5 00 00 00 00 0e ca 03 00 01 00 0b 0b 0b a5 07 04 f2 33 30 34 34 00 00 00 00 00 00 00 00 00 00 00 00 00 00 00 00 00 00 00 00 00 00 00 00 00 00 00 00 00 00 
01-01 07:55:18.846   490   541 D vendor.visteon.skylark.hardware.automotive.vehicle@V1-visteon-service: SomeipCOmm :: RX Message [0/f3]:service:c7 ,Method:80df,payload:08 04 02 02 01 02 00 00 00 00 00 00 00 00 00 03 00 00 00 00 00 00 00 00 00 00 00 00 00 00 00 00 00 00 00 00 00 00 00 00 00 00 00 00 00 00 00 00 00 00 00 00 00 00 00 00 00 00 00 00 00 00 00 00 00 00 00 00 00 00 00 00 00 00 00 00 00 00 00 00 00 00 00 00 00 00 00 00 00 00 00 00 00 00 00 00 00 00 00 00 
01-01 07:55:18.847   490   539 D vendor.visteon.skylark.hardware.automotive.vehicle@V1-visteon-service: TX Message SomeipComm::send  : service:193,method:3, response Payload: 00 
01-01 07:55:19.055   490   541 D vendor.visteon.skylark.hardware.automotive.vehicle@V1-visteon-service: SomeipCOmm :: RX Message [0/f6]:service:c7 ,Method:80e2,payload:13 19 02 05 01 00 00 01 
01-01 07:55:19.523   490   541 D vendor.visteon.skylark.hardware.automotive.vehicle@V1-visteon-service: SomeipCOmm :: RX Message [0/f7]:service:c0 ,Method:8005,payload:03 03 03 03 03 03 03 03 03 01 03 03 03 00 00 00 00 00 00 00 
01-01 07:55:19.524   490   541 D vendor.visteon.skylark.hardware.automotive.vehicle@V1-visteon-service: PERIPHERAL_STATUS:: 03 03 03 03 03 03 03 03 03 01 03 03 03 00 00 00 00 00 00 00 
01-01 07:55:19.531   668   676 I UclDL_Impl_VIP: TxA TO : 33
01-01 07:55:19.531   668   676 I UclDL_Impl_VIP: Avg Ack Latency : 12
01-01 07:55:19.531   668   676 I UclDL_Impl_VIP: pollingCntr : 5242
01-01 07:55:19.531   668   676 I UclDL_Impl_TCU: VIP-TCU - txBps : 392
01-01 07:55:19.531   668   676 I UclDL_Impl_TCU: VIP-TCU - rxBps : 272
01-01 07:55:19.532   668   676 I UclDL_Impl_TCU: VIP-TCU - txAckTmo : 1
01-01 07:55:19.807   489   509 I UclDL_Impl: Inst Id : 0 ## Tx Msgs : 301
01-01 07:55:19.807   489   509 I UclDL_Impl: Inst Id : 0 ## TxA Msgs : 248
01-01 07:55:19.807   489   509 I UclDL_Impl: Inst Id : 0 ## TxA TO : 0
01-01 07:55:19.807   489   509 I UclDL_Impl: Inst Id : 0 ## Rx Msgs : 301
01-01 07:55:19.807   489   509 I UclDL_Impl: Inst Id : 0 ## Rx HB Msgs : 10
01-01 07:55:19.807   489   509 I UclDL_Impl: Inst Id : 0 ## Tx Bps : 960
01-01 07:55:19.807   489   509 I UclDL_Impl: Inst Id : 0 ## Rx Bps : 4720
01-01 07:55:19.807   489   509 I UclDL_Impl: Inst Id : 0  ## Avg Ack Latency : 8
01-01 07:55:19.847   490   539 D vendor.visteon.skylark.hardware.automotive.vehicle@V1-visteon-service: TX Message SomeipComm::send  : service:193,method:3, response Payload: 00 
01-01 07:55:19.848   490   541 D vendor.visteon.skylark.hardware.automotive.vehicle@V1-visteon-service: SomeipCOmm :: RX Message [0/fa]:service:c0 ,Method:8000,payload:04 
01-01 07:55:19.852   490   541 D vendor.visteon.skylark.hardware.automotive.vehicle@V1-visteon-service: SomeipCOmm :: RX Message [0/fb]:service:c7 ,Method:80e5,payload:02 00 00 01 0f 40 3e 00 08 00 16 00 00 00 00 1e 00 00 00 00 09 00 00 00 00 02 01 01 0e 2d 04 bc 01 a2 06 b1 01 d7 02 e9 02 dc 01 00 00 00 00 01 01 02 19 13 1b 79 8f 0d 19 0a e9 00 1f 1e b4 89 7f 00 07 00 0a 00 20 02 22 00 c2 00 00 00 00 00 00 00 00 01 00 07 00 00 00 00 00 00 00 00 00 00 00 01 00 01 00 00 00 00 32 00 00 04 07 0a 0f 14 00 a8 02 00 03 00 00 00 00 00 c0 00 02 00 00 c0 00 00 00 02 cb 02 c0 02 cb 03 03 03 03 01 00 00 62 00 00 00 a5 00 00 00 00 0e c9 03 00 01 00 0b 0b 0b a5 07 04 f2 33 30 34 34 00 00 00 00 00 00 00 00 00 00 00 00 00 00 00 00 00 00 00 00 00 00 00 00 00 00 00 00 00 00 
01-01 07:55:19.853   490   541 D vendor.visteon.skylark.hardware.automotive.vehicle@V1-visteon-service: SomeipCOmm :: RX Message [0/fc]:service:c7 ,Method:80df,payload:08 04 02 02 01 02 00 00 00 00 00 00 00 00 00 03 00 00 00 00 00 00 00 00 00 00 00 00 00 00 00 00 00 00 00 00 00 00 00 00 00 00 00 00 00 00 00 00 00 00 00 00 00 00 00 00 00 00 00 00 00 00 00 00 00 00 00 00 00 00 00 00 00 00 00 00 00 00 00 00 00 00 00 00 00 00 00 00 00 00 00 00 00 00 00 00 00 00 00 00 
01-01 07:55:20.059   490   541 D vendor.visteon.skylark.hardware.automotive.vehicle@V1-visteon-service: SomeipCOmm :: RX Message [0/fe]:service:c7 ,Method:80e2,payload:14 19 02 05 01 00 00 01 
01-01 07:55:20.527   490   541 D vendor.visteon.skylark.hardware.automotive.vehicle@V1-visteon-service: SomeipCOmm :: RX Message [0/ff]:service:c0 ,Method:8005,payload:03 03 03 03 03 03 03 03 03 01 03 03 03 00 00 00 00 00 00 00 
01-01 07:55:20.528   490   541 D vendor.visteon.skylark.hardware.automotive.vehicle@V1-visteon-service: PERIPHERAL_STATUS:: 03 03 03 03 03 03 03 03 03 01 03 03 03 00 00 00 00 00 00 00 
01-01 07:55:20.539   668   676 I UclDL_Impl_VIP: TxA TO : 33
01-01 07:55:20.539   668   676 I UclDL_Impl_VIP: Avg Ack Latency : 9
01-01 07:55:20.539   668   676 I UclDL_Impl_VIP: pollingCntr : 5492
01-01 07:55:20.539   668   676 I UclDL_Impl_TCU: VIP-TCU - txBps : 392
01-01 07:55:20.539   668   676 I UclDL_Impl_TCU: VIP-TCU - rxBps : 272
01-01 07:55:20.539   668   676 I UclDL_Impl_TCU: VIP-TCU - txAckTmo : 1
01-01 07:55:20.807   489   509 I UclDL_Impl: Inst Id : 0 ## Tx Msgs : 311
01-01 07:55:20.807   489   509 I UclDL_Impl: Inst Id : 0 ## TxA Msgs : 256
01-01 07:55:20.807   489   509 I UclDL_Impl: Inst Id : 0 ## TxA TO : 0
01-01 07:55:20.807   489   509 I UclDL_Impl: Inst Id : 0 ## Rx Msgs : 312
01-01 07:55:20.807   489   509 I UclDL_Impl: Inst Id : 0 ## Rx HB Msgs : 12
01-01 07:55:20.807   489   509 I UclDL_Impl: Inst Id : 0 ## Tx Bps : 808
01-01 07:55:20.807   489   509 I UclDL_Impl: Inst Id : 0 ## Rx Bps : 4416
01-01 07:55:20.807   489   509 I UclDL_Impl: Inst Id : 0  ## Avg Ack Latency : 8
01-01 07:55:20.848   490   539 D vendor.visteon.skylark.hardware.automotive.vehicle@V1-visteon-service: TX Message SomeipComm::send  : service:193,method:3, response Payload: 00 
01-01 07:55:20.851   490   541 D vendor.visteon.skylark.hardware.automotive.vehicle@V1-visteon-service: SomeipCOmm :: RX Message [0/102]:service:c0 ,Method:8000,payload:04 
01-01 07:55:20.856   490   541 D vendor.visteon.skylark.hardware.automotive.vehicle@V1-visteon-service: SomeipCOmm :: RX Message [0/103]:service:c7 ,Method:80e5,payload:02 00 00 01 0f 40 3e 00 08 00 16 00 00 00 00 1e 00 00 00 00 09 00 00 00 00 02 01 01 0e 2d 04 ba 01 a4 06 ae 01 d7 02 e9 02 d7 01 00 00 00 00 01 01 02 19 14 1b 79 8f 0d 19 0a e9 00 1e 1e b8 89 7f 00 07 00 0a 00 20 02 22 00 c2 00 00 00 00 00 00 00 00 01 00 07 00 00 00 00 00 00 00 00 00 00 00 01 00 01 00 00 00 00 32 00 00 04 07 0a 0f 14 00 a8 02 00 03 00 00 00 00 00 c0 00 02 00 00 c0 00 00 00 02 c7 02 b2 02 bf 03 03 03 03 01 00 00 62 00 00 00 a5 00 00 00 00 0e ca 03 00 01 00 0b 0b 0b a5 07 04 f2 33 30 34 34 00 00 00 00 00 00 00 00 00 00 00 00 00 00 00 00 00 00 00 00 00 00 00 00 00 00 00 00 00 00 
01-01 07:55:20.858   490   541 D vendor.visteon.skylark.hardware.automotive.vehicle@V1-visteon-service: SomeipCOmm :: RX Message [0/104]:service:c7 ,Method:80df,payload:08 04 02 02 01 02 00 00 00 00 00 00 00 00 00 03 00 00 00 00 00 00 00 00 00 00 00 00 00 00 00 00 00 00 00 00 00 00 00 00 00 00 00 00 00 00 00 00 00 00 00 00 00 00 00 00 00 00 00 00 00 00 00 00 00 00 00 00 00 00 00 00 00 00 00 00 00 00 00 00 00 00 00 00 00 00 00 00 00 00 00 00 00 00 00 00 00 00 00 00 
01-01 07:55:21.064   490   541 D vendor.visteon.skylark.hardware.automotive.vehicle@V1-visteon-service: SomeipCOmm :: RX Message [0/106]:service:c7 ,Method:80e2,payload:15 19 02 05 01 00 00 01 
01-01 07:55:21.535   490   541 D vendor.visteon.skylark.hardware.automotive.vehicle@V1-visteon-service: SomeipCOmm :: RX Message [0/107]:service:c0 ,Method:8005,payload:03 03 03 03 03 03 03 03 03 01 03 03 03 00 00 00 00 00 00 00 
01-01 07:55:21.536   490   541 D vendor.visteon.skylark.hardware.automotive.vehicle@V1-visteon-service: PERIPHERAL_STATUS:: 03 03 03 03 03 03 03 03 03 01 03 03 03 00 00 00 00 00 00 00 
01-01 07:55:21.543   668   676 I UclDL_Impl_VIP: TxA TO : 33
01-01 07:55:21.543   668   676 I UclDL_Impl_VIP: Avg Ack Latency : 10
01-01 07:55:21.543   668   676 I UclDL_Impl_VIP: pollingCntr : 5742
01-01 07:55:21.543   668   676 I UclDL_Impl_TCU: VIP-TCU - txBps : 392
01-01 07:55:21.543   668   676 I UclDL_Impl_TCU: VIP-TCU - rxBps : 272
01-01 07:55:21.543   668   676 I UclDL_Impl_TCU: VIP-TCU - txAckTmo : 1
01-01 07:55:21.807   489   509 I UclDL_Impl: Inst Id : 0 ## Tx Msgs : 321
01-01 07:55:21.807   489   509 I UclDL_Impl: Inst Id : 0 ## TxA Msgs : 264
01-01 07:55:21.807   489   509 I UclDL_Impl: Inst Id : 0 ## TxA TO : 0
01-01 07:55:21.807   489   509 I UclDL_Impl: Inst Id : 0 ## Rx Msgs : 322
01-01 07:55:21.807   489   509 I UclDL_Impl: Inst Id : 0 ## Rx HB Msgs : 13
01-01 07:55:21.807   489   509 I UclDL_Impl: Inst Id : 0 ## Tx Bps : 808
01-01 07:55:21.807   489   509 I UclDL_Impl: Inst Id : 0 ## Rx Bps : 4368
01-01 07:55:21.807   489   509 I UclDL_Impl: Inst Id : 0  ## Avg Ack Latency : 8
01-28 01:06:33.035   490   539 D vendor.visteon.skylark.hardware.automotive.vehicle@V1-visteon-service: TX Message SomeipComm::send  : service:193,method:3, response Payload: 00 
01-28 01:06:33.042   490   541 D vendor.visteon.skylark.hardware.automotive.vehicle@V1-visteon-service: SomeipCOmm :: RX Message [0/10a]:service:c0 ,Method:8000,payload:04 
01-28 01:06:33.047   490   541 D vendor.visteon.skylark.hardware.automotive.vehicle@V1-visteon-service: SomeipCOmm :: RX Message [0/10b]:service:c7 ,Method:80e5,payload:02 00 00 01 0f 40 3e 00 08 00 16 00 00 00 00 1e 00 00 00 00 09 00 00 00 00 02 01 01 0e 2c 04 b9 01 a4 06 ba 01 d6 02 e9 02 7d 01 00 00 00 00 01 01 02 19 15 1b 79 8f 0d 19 0a e9 00 1e 1e b6 89 7f 00 07 00 0a 00 20 02 22 00 c2 00 00 00 00 00 00 00 00 01 00 07 00 00 00 00 00 00 00 00 00 00 00 01 00 01 00 00 00 00 32 00 00 04 07 0a 0f 14 00 a8 02 00 03 00 00 00 00 00 c0 00 02 00 00 c0 00 00 00 02 74 02 6a 02 71 03 03 03 03 01 00 00 62 00 00 00 a5 00 00 00 00 0e ca 03 00 01 00 0b 0b 0b a5 07 04 f2 33 30 34 34 00 00 00 00 00 00 00 00 00 00 00 00 00 00 00 00 00 00 00 00 00 00 00 00 00 00 00 00 00 00 
01-28 01:06:33.048   490   541 D vendor.visteon.skylark.hardware.automotive.vehicle@V1-visteon-service: SomeipCOmm :: RX Message [0/10c]:service:c7 ,Method:80df,payload:08 04 02 02 01 02 00 00 00 00 00 00 00 00 00 03 00 00 00 00 00 00 00 00 00 00 00 00 00 00 00 00 00 00 00 00 00 00 00 00 00 00 00 00 00 00 00 00 00 00 00 00 00 00 00 00 00 00 00 00 00 00 00 00 00 00 00 00 00 00 00 00 00 00 00 00 00 00 00 00 00 00 00 00 00 00 00 00 00 00 00 00 00 00 00 00 00 00 00 00 
01-28 01:06:33.254   490   541 D vendor.visteon.skylark.hardware.automotive.vehicle@V1-visteon-service: SomeipCOmm :: RX Message [0/10e]:service:c7 ,Method:80e2,payload:16 19 02 05 01 00 00 01 
01-28 01:06:33.726   490   541 D vendor.visteon.skylark.hardware.automotive.vehicle@V1-visteon-service: SomeipCOmm :: RX Message [0/10f]:service:c0 ,Method:8005,payload:03 03 03 03 03 03 03 03 03 01 03 03 03 00 00 00 00 00 00 00 
01-28 01:06:33.726   490   541 D vendor.visteon.skylark.hardware.automotive.vehicle@V1-visteon-service: PERIPHERAL_STATUS:: 03 03 03 03 03 03 03 03 03 01 03 03 03 00 00 00 00 00 00 00 
01-28 01:06:33.733   668   676 I UclDL_Impl_VIP: TxA TO : 33
01-28 01:06:33.734   668   676 I UclDL_Impl_VIP: Avg Ack Latency : 10
01-28 01:06:33.734   668   676 I UclDL_Impl_VIP: pollingCntr : 5992
01-28 01:06:33.734   668   676 I UclDL_Impl_TCU: VIP-TCU - txBps : 392
01-28 01:06:33.734   668   676 I UclDL_Impl_TCU: VIP-TCU - rxBps : 272
01-28 01:06:33.734   668   676 I UclDL_Impl_TCU: VIP-TCU - txAckTmo : 1
01-28 01:06:34.002   489   509 I UclDL_Impl: Inst Id : 0 ## Tx Msgs : 332
01-28 01:06:34.002   489   509 I UclDL_Impl: Inst Id : 0 ## TxA Msgs : 272
01-28 01:06:34.002   489   509 I UclDL_Impl: Inst Id : 0 ## TxA TO : 0
01-28 01:06:34.002   489   509 I UclDL_Impl: Inst Id : 0 ## Rx Msgs : 333
01-28 01:06:34.002   489   509 I UclDL_Impl: Inst Id : 0 ## Rx HB Msgs : 14
01-28 01:06:34.002   489   509 I UclDL_Impl: Inst Id : 0 ## Tx Bps : 904
01-28 01:06:34.002   489   509 I UclDL_Impl: Inst Id : 0 ## Rx Bps : 4424
01-28 01:06:34.002   489   509 I UclDL_Impl: Inst Id : 0  ## Avg Ack Latency : 8
01-28 01:06:34.035   490   539 D vendor.visteon.skylark.hardware.automotive.vehicle@V1-visteon-service: TX Message SomeipComm::send  : service:193,method:3, response Payload: 00 
01-28 01:06:34.046   490   541 D vendor.visteon.skylark.hardware.automotive.vehicle@V1-visteon-service: SomeipCOmm :: RX Message [0/112]:service:c0 ,Method:8000,payload:04 
01-28 01:06:34.050   490   541 D vendor.visteon.skylark.hardware.automotive.vehicle@V1-visteon-service: SomeipCOmm :: RX Message [0/113]:service:c7 ,Method:80e5,payload:02 00 00 01 0f 40 3e 00 08 00 16 00 00 00 00 1e 00 00 00 00 09 00 00 00 00 02 01 01 0e 2d 04 ba 01 a4 06 b4 01 d7 02 e9 02 c3 01 00 00 00 00 01 01 02 19 16 1b 79 8f 0d 19 0a e9 00 1f 1e b6 89 7f 00 07 00 0a 00 20 02 22 00 c2 00 00 00 00 00 00 00 00 01 00 07 00 00 00 00 00 00 00 00 00 00 00 01 00 01 00 00 00 00 32 00 00 04 07 0a 0f 14 00 a8 02 00 03 00 00 00 00 00 c0 00 02 00 00 c0 00 00 00 02 c7 02 bb 02 c8 03 03 03 03 01 00 00 62 00 00 00 a5 00 00 00 00 0e ca 03 00 01 00 0b 0b 0b a5 07 04 f2 33 30 34 34 00 00 00 00 00 00 00 00 00 00 00 00 00 00 00 00 00 00 00 00 00 00 00 00 00 00 00 00 00 00 
01-28 01:06:34.051   490   541 D vendor.visteon.skylark.hardware.automotive.vehicle@V1-visteon-service: SomeipCOmm :: RX Message [0/114]:service:c7 ,Method:80df,payload:08 04 02 02 01 02 00 00 00 00 00 00 00 00 00 03 00 00 00 00 00 00 00 00 00 00 00 00 00 00 00 00 00 00 00 00 00 00 00 00 00 00 00 00 00 00 00 00 00 00 00 00 00 00 00 00 00 00 00 00 00 00 00 00 00 00 00 00 00 00 00 00 00 00 00 00 00 00 00 00 00 00 00 00 00 00 00 00 00 00 00 00 00 00 00 00 00 00 00 00 
01-28 01:06:34.258   490   541 D vendor.visteon.skylark.hardware.automotive.vehicle@V1-visteon-service: SomeipCOmm :: RX Message [0/116]:service:c7 ,Method:80e2,payload:17 19 02 05 01 00 00 01 
01-28 01:06:34.729   490   541 D vendor.visteon.skylark.hardware.automotive.vehicle@V1-visteon-service: SomeipCOmm :: RX Message [0/117]:service:c0 ,Method:8005,payload:03 03 03 03 03 03 03 03 03 01 03 03 03 00 00 00 00 00 00 00 
01-28 01:06:34.730   490   541 D vendor.visteon.skylark.hardware.automotive.vehicle@V1-visteon-service: PERIPHERAL_STATUS:: 03 03 03 03 03 03 03 03 03 01 03 03 03 00 00 00 00 00 00 00 
01-28 01:06:34.737   668   676 I UclDL_Impl_VIP: TxA TO : 33
01-28 01:06:34.737   668   676 I UclDL_Impl_VIP: Avg Ack Latency : 8
01-28 01:06:34.737   668   676 I UclDL_Impl_VIP: pollingCntr : 6242
01-28 01:06:34.737   668   676 I UclDL_Impl_TCU: VIP-TCU - txBps : 392
01-28 01:06:34.737   668   676 I UclDL_Impl_TCU: VIP-TCU - rxBps : 272
01-28 01:06:34.737   668   676 I UclDL_Impl_TCU: VIP-TCU - txAckTmo : 1
01-28 01:06:35.001   489   509 I UclDL_Impl: Inst Id : 0 ## Tx Msgs : 342
01-28 01:06:35.001   489   509 I UclDL_Impl: Inst Id : 0 ## TxA Msgs : 280
01-28 01:06:35.001   489   509 I UclDL_Impl: Inst Id : 0 ## TxA TO : 0
01-28 01:06:35.001   489   509 I UclDL_Impl: Inst Id : 0 ## Rx Msgs : 343
01-28 01:06:35.001   489   509 I UclDL_Impl: Inst Id : 0 ## Rx HB Msgs : 15
01-28 01:06:35.001   489   509 I UclDL_Impl: Inst Id : 0 ## Tx Bps : 808
01-28 01:06:35.001   489   509 I UclDL_Impl: Inst Id : 0 ## Rx Bps : 4368
01-28 01:06:35.001   489   509 I UclDL_Impl: Inst Id : 0  ## Avg Ack Latency : 8
01-28 01:06:35.036   490   539 D vendor.visteon.skylark.hardware.automotive.vehicle@V1-visteon-service: TX Message SomeipComm::send  : service:193,method:3, response Payload: 00 
01-28 01:06:35.049   490   541 D vendor.visteon.skylark.hardware.automotive.vehicle@V1-visteon-service: SomeipCOmm :: RX Message [0/11a]:service:c0 ,Method:8000,payload:04 
01-28 01:06:35.054   490   541 D vendor.visteon.skylark.hardware.automotive.vehicle@V1-visteon-service: SomeipCOmm :: RX Message [0/11b]:service:c7 ,Method:80e5,payload:02 00 00 01 0f 40 3e 00 08 00 16 00 00 00 00 1e 00 00 00 00 09 00 00 00 00 02 01 01 0e 2c 04 bb 01 a3 06 b2 01 d7 02 e9 02 cf 01 00 00 00 00 01 01 02 19 17 1b 79 8f 0d 19 0a e9 00 1f 1e b4 89 7f 00 07 00 0b 00 20 02 22 00 c2 00 00 00 00 00 00 00 00 01 00 07 00 00 00 00 00 00 00 00 00 00 00 01 00 01 00 00 00 00 32 00 00 04 07 0a 0f 14 00 a8 02 00 03 00 00 00 00 00 c0 00 02 00 00 c0 00 00 00 02 d5 02 ca 02 d0 03 03 03 03 01 00 00 62 00 00 00 a5 00 00 00 00 0e c9 03 00 01 00 0b 0b 0b a5 07 04 f2 33 30 34 34 00 00 00 00 00 00 00 00 00 00 00 00 00 00 00 00 00 00 00 00 00 00 00 00 00 00 00 00 00 00 
01-28 01:06:35.055   490   541 D vendor.visteon.skylark.hardware.automotive.vehicle@V1-visteon-service: SomeipCOmm :: RX Message [0/11c]:service:c7 ,Method:80df,payload:08 04 02 02 01 02 00 00 00 00 00 00 00 00 00 03 00 00 00 00 00 00 00 00 00 00 00 00 00 00 00 00 00 00 00 00 00 00 00 00 00 00 00 00 00 00 00 00 00 00 00 00 00 00 00 00 00 00 00 00 00 00 00 00 00 00 00 00 00 00 00 00 00 00 00 00 00 00 00 00 00 00 00 00 00 00 00 00 00 00 00 00 00 00 00 00 00 00 00 00 
01-28 01:06:35.266   490   541 D vendor.visteon.skylark.hardware.automotive.vehicle@V1-visteon-service: SomeipCOmm :: RX Message [0/11e]:service:c7 ,Method:80e2,payload:18 19 02 05 01 00 00 01 
01-28 01:06:35.734   490   541 D vendor.visteon.skylark.hardware.automotive.vehicle@V1-visteon-service: SomeipCOmm :: RX Message [0/11f]:service:c0 ,Method:8005,payload:03 03 03 03 03 03 03 03 03 01 03 03 03 00 00 00 00 00 00 00 
01-28 01:06:35.734   490   541 D vendor.visteon.skylark.hardware.automotive.vehicle@V1-visteon-service: PERIPHERAL_STATUS:: 03 03 03 03 03 03 03 03 03 01 03 03 03 00 00 00 00 00 00 00 
01-28 01:06:35.741   668   676 I UclDL_Impl_VIP: TxA TO : 33
01-28 01:06:35.742   668   676 I UclDL_Impl_VIP: Avg Ack Latency : 10
01-28 01:06:35.742   668   676 I UclDL_Impl_VIP: pollingCntr : 6492
01-28 01:06:35.742   668   676 I UclDL_Impl_TCU: VIP-TCU - txBps : 392
01-28 01:06:35.742   668   676 I UclDL_Impl_TCU: VIP-TCU - rxBps : 272
01-28 01:06:35.742   668   676 I UclDL_Impl_TCU: VIP-TCU - txAckTmo : 1
01-28 01:06:36.003   489   509 I UclDL_Impl: Inst Id : 0 ## Tx Msgs : 352
01-28 01:06:36.003   489   509 I UclDL_Impl: Inst Id : 0 ## TxA Msgs : 288
01-28 01:06:36.003   489   509 I UclDL_Impl: Inst Id : 0 ## TxA TO : 0
01-28 01:06:36.003   489   509 I UclDL_Impl: Inst Id : 0 ## Rx Msgs : 353
01-28 01:06:36.003   489   509 I UclDL_Impl: Inst Id : 0 ## Rx HB Msgs : 16
01-28 01:06:36.003   489   509 I UclDL_Impl: Inst Id : 0 ## Tx Bps : 808
01-28 01:06:36.003   489   509 I UclDL_Impl: Inst Id : 0 ## Rx Bps : 4368
01-28 01:06:36.003   489   509 I UclDL_Impl: Inst Id : 0  ## Avg Ack Latency : 10
01-28 01:06:36.038   490   539 D vendor.visteon.skylark.hardware.automotive.vehicle@V1-visteon-service: TX Message SomeipComm::send  : service:193,method:3, response Payload: 00 
01-28 01:06:36.059   490   541 D vendor.visteon.skylark.hardware.automotive.vehicle@V1-visteon-service: SomeipCOmm :: RX Message [0/122]:service:c0 ,Method:8000,payload:04 
01-28 01:06:36.061   490   541 D vendor.visteon.skylark.hardware.automotive.vehicle@V1-visteon-service: SomeipCOmm :: RX Message [0/123]:service:c7 ,Method:80e5,payload:02 00 00 01 0f 40 3e 00 08 00 16 00 00 00 00 1e 00 00 00 00 09 00 00 00 00 02 01 01 0e 2c 04 bd 01 a1 06 b3 01 d7 02 e9 02 d5 01 00 00 00 00 01 01 02 19 18 1b 79 8f 0d 19 0a e9 00 1e 1e ba 89 7f 00 07 00 0a 00 20 02 22 00 c2 00 00 00 00 00 00 00 00 01 00 07 00 00 00 00 00 00 00 00 00 00 00 01 00 01 00 00 00 00 32 00 00 04 07 0a 0f 14 00 a8 02 00 03 00 00 00 00 00 c0 00 02 00 00 c0 00 00 00 02 d0 02 c5 02 cf 03 03 03 03 01 00 00 62 00 00 00 a5 00 00 00 00 0e ca 03 00 01 00 0b 0b 0b a5 07 04 f2 33 30 34 34 00 00 00 00 00 00 00 00 00 00 00 00 00 00 00 00 00 00 00 00 00 00 00 00 00 00 00 00 00 00 
01-28 01:06:36.062   490   541 D vendor.visteon.skylark.hardware.automotive.vehicle@V1-visteon-service: SomeipCOmm :: RX Message [0/124]:service:c7 ,Method:80df,payload:08 04 02 02 01 02 00 00 00 00 00 00 00 00 00 03 00 00 00 00 00 00 00 00 00 00 00 00 00 00 00 00 00 00 00 00 00 00 00 00 00 00 00 00 00 00 00 00 00 00 00 00 00 00 00 00 00 00 00 00 00 00 00 00 00 00 00 00 00 00 00 00 00 00 00 00 00 00 00 00 00 00 00 00 00 00 00 00 00 00 00 00 00 00 00 00 00 00 00 00 
01-28 01:06:36.270   490   541 D vendor.visteon.skylark.hardware.automotive.vehicle@V1-visteon-service: SomeipCOmm :: RX Message [0/126]:service:c7 ,Method:80e2,payload:19 19 02 05 01 00 00 01 
01-28 01:06:36.738   490   541 D vendor.visteon.skylark.hardware.automotive.vehicle@V1-visteon-service: SomeipCOmm :: RX Message [0/127]:service:c0 ,Method:8005,payload:03 03 03 03 03 03 03 03 03 01 03 03 03 00 00 00 00 00 00 00 
01-28 01:06:36.738   490   541 D vendor.visteon.skylark.hardware.automotive.vehicle@V1-visteon-service: PERIPHERAL_STATUS:: 03 03 03 03 03 03 03 03 03 01 03 03 03 00 00 00 00 00 00 00 
01-28 01:06:36.751   668   676 I UclDL_Impl_VIP: TxA TO : 33
01-28 01:06:36.752   668   676 I UclDL_Impl_VIP: Avg Ack Latency : 9
01-28 01:06:36.752   668   676 I UclDL_Impl_VIP: pollingCntr : 6742
01-28 01:06:36.752   668   676 I UclDL_Impl_TCU: VIP-TCU - txBps : 392
01-28 01:06:36.752   668   676 I UclDL_Impl_TCU: VIP-TCU - rxBps : 272
01-28 01:06:36.752   668   676 I UclDL_Impl_TCU: VIP-TCU - txAckTmo : 1
01-28 01:06:37.005   489   509 I UclDL_Impl: Inst Id : 0 ## Tx Msgs : 362
01-28 01:06:37.006   489   509 I UclDL_Impl: Inst Id : 0 ## TxA Msgs : 296
01-28 01:06:37.006   489   509 I UclDL_Impl: Inst Id : 0 ## TxA TO : 0
01-28 01:06:37.006   489   509 I UclDL_Impl: Inst Id : 0 ## Rx Msgs : 363
01-28 01:06:37.006   489   509 I UclDL_Impl: Inst Id : 0 ## Rx HB Msgs : 17
01-28 01:06:37.006   489   509 I UclDL_Impl: Inst Id : 0 ## Tx Bps : 808
01-28 01:06:37.006   489   509 I UclDL_Impl: Inst Id : 0 ## Rx Bps : 4368
01-28 01:06:37.006   489   509 I UclDL_Impl: Inst Id : 0  ## Avg Ack Latency : 9
01-28 01:06:37.039   490   539 D vendor.visteon.skylark.hardware.automotive.vehicle@V1-visteon-service: TX Message SomeipComm::send  : service:193,method:3, response Payload: 00 
01-28 01:06:37.064   490   541 D vendor.visteon.skylark.hardware.automotive.vehicle@V1-visteon-service: SomeipCOmm :: RX Message [0/12a]:service:c0 ,Method:8000,payload:04 
01-28 01:06:37.066   490   541 D vendor.visteon.skylark.hardware.automotive.vehicle@V1-visteon-service: SomeipCOmm :: RX Message [0/12b]:service:c7 ,Method:80e5,payload:02 00 00 01 0f 40 3e 00 08 00 16 00 00 00 00 1e 00 00 00 00 09 00 00 00 00 02 01 01 0e 2c 04 bb 01 a3 06 af 01 d7 02 e9 02 dc 01 00 00 00 00 01 01 02 19 19 1b 79 8f 0d 19 0a e9 00 1f 1e b6 89 7f 00 07 00 0b 00 20 02 22 00 c2 00 00 00 00 00 00 00 00 01 00 07 00 00 00 00 00 00 00 00 00 00 00 01 00 01 00 00 00 00 32 00 00 04 07 0a 0f 14 00 a8 02 00 03 00 00 00 00 00 c0 00 02 00 00 c0 00 00 00 02 d1 02 bf 02 cd 03 03 03 03 01 00 00 62 00 00 00 a5 00 00 00 00 0e ca 03 00 01 00 0b 0b 0b a5 07 04 f2 33 30 34 34 00 00 00 00 00 00 00 00 00 00 00 00 00 00 00 00 00 00 00 00 00 00 00 00 00 00 00 00 00 00 
01-28 01:06:37.067   490   541 D vendor.visteon.skylark.hardware.automotive.vehicle@V1-visteon-service: SomeipCOmm :: RX Message [0/12c]:service:c7 ,Method:80df,payload:08 04 02 02 01 02 00 00 00 00 00 00 00 00 00 03 00 00 00 00 00 00 00 00 00 00 00 00 00 00 00 00 00 00 00 00 00 00 00 00 00 00 00 00 00 00 00 00 00 00 00 00 00 00 00 00 00 00 00 00 00 00 00 00 00 00 00 00 00 00 00 00 00 00 00 00 00 00 00 00 00 00 00 00 00 00 00 00 00 00 00 00 00 00 00 00 00 00 00 00 
01-28 01:06:37.274   490   541 D vendor.visteon.skylark.hardware.automotive.vehicle@V1-visteon-service: SomeipCOmm :: RX Message [0/12e]:service:c7 ,Method:80e2,payload:1a 19 02 05 01 00 00 01 
01-28 01:06:38.009   489   509 I UclDL_Impl: Inst Id : 0 ## Tx Msgs : 372
01-28 01:06:38.009   489   509 I UclDL_Impl: Inst Id : 0 ## TxA Msgs : 304
01-28 01:06:38.009   489   509 I UclDL_Impl: Inst Id : 0 ## TxA TO : 0
01-28 01:06:38.009   489   509 I UclDL_Impl: Inst Id : 0 ## Rx Msgs : 373
01-28 01:06:38.009   489   509 I UclDL_Impl: Inst Id : 0 ## Rx HB Msgs : 18
01-28 01:06:38.009   489   509 I UclDL_Impl: Inst Id : 0 ## Tx Bps : 808
01-28 01:06:38.009   489   509 I UclDL_Impl: Inst Id : 0 ## Rx Bps : 4368
01-28 01:06:38.009   489   509 I UclDL_Impl: Inst Id : 0  ## Avg Ack Latency : 10
01-28 01:06:38.039   490   539 D vendor.visteon.skylark.hardware.automotive.vehicle@V1-visteon-service: TX Message SomeipComm::send  : service:193,method:3, response Payload: 00 
01-28 01:06:38.066   490   541 D vendor.visteon.skylark.hardware.automotive.vehicle@V1-visteon-service: SomeipCOmm :: RX Message [0/132]:service:c0 ,Method:8000,payload:04 
01-28 01:06:38.072   490   541 D vendor.visteon.skylark.hardware.automotive.vehicle@V1-visteon-service: SomeipCOmm :: RX Message [0/133]:service:c7 ,Method:80e5,payload:02 00 00 01 0f 40 3e 00 08 00 16 00 00 00 00 1e 00 00 00 00 09 00 00 00 00 02 01 01 0e 2c 04 ba 01 a4 06 b0 01 d7 02 e9 02 db 01 00 00 00 00 01 01 02 19 1a 1b 79 8f 0d 19 0a e9 00 1f 1e b8 89 7f 00 07 00 0a 00 20 02 22 00 c2 00 00 00 00 00 00 00 00 01 00 07 00 00 00 00 00 00 00 00 00 00 00 01 00 01 00 00 00 00 32 00 00 04 07 0a 0f 14 00 a8 02 00 03 00 00 00 00 00 c0 00 02 00 00 c0 00 00 00 02 c8 02 be 02 c8 03 03 03 03 01 00 00 62 00 00 00 a5 00 00 00 00 0e ca 03 00 01 00 0b 0b 0b a5 07 04 f2 33 30 34 34 00 00 00 00 00 00 00 00 00 00 00 00 00 00 00 00 00 00 00 00 00 00 00 00 00 00 00 00 00 00 
01-28 01:06:38.073   490   541 D vendor.visteon.skylark.hardware.automotive.vehicle@V1-visteon-service: SomeipCOmm :: RX Message [0/134]:service:c7 ,Method:80df,payload:08 04 02 02 01 02 00 00 00 00 00 00 00 00 00 03 00 00 00 00 00 00 00 00 00 00 00 00 00 00 00 00 00 00 00 00 00 00 00 00 00 00 00 00 00 00 00 00 00 00 00 00 00 00 00 00 00 00 00 00 00 00 00 00 00 00 00 00 00 00 00 00 00 00 00 00 00 00 00 00 00 00 00 00 00 00 00 00 00 00 00 00 00 00 00 00 00 00 00 00 
01-28 01:06:38.743   490   550 D vendor.visteon.skylark.hardware.automotive.vehicle@V1-visteon-service: TX Message SomeipComm::send  : service:196,method:5, response Payload: 00 9c 6b 55 
01-28 01:06:38.749   490   550 D vendor.visteon.skylark.hardware.automotive.vehicle@V1-visteon-service: TX Message SomeipComm::send  : service:196,method:5, response Payload: 00 9c 6b 56 
01-28 01:06:38.752   490   541 D vendor.visteon.skylark.hardware.automotive.vehicle@V1-visteon-service: SomeipCOmm :: RX Message [0/137]:service:c0 ,Method:8005,payload:03 03 03 03 03 03 03 03 03 01 03 03 03 00 00 00 00 00 00 00 
01-28 01:06:38.752   490   541 D vendor.visteon.skylark.hardware.automotive.vehicle@V1-visteon-service: PERIPHERAL_STATUS:: 03 03 03 03 03 03 03 03 03 01 03 03 03 00 00 00 00 00 00 00 
01-28 01:06:38.759   668   676 I UclDL_Impl_VIP: TxA TO : 33
01-28 01:06:38.759   668   676 I UclDL_Impl_VIP: Avg Ack Latency : 6
01-28 01:06:38.759   668   676 I UclDL_Impl_VIP: pollingCntr : 7242
01-28 01:06:38.759   668   676 I UclDL_Impl_TCU: VIP-TCU - txBps : 392
01-28 01:06:38.759   668   676 I UclDL_Impl_TCU: VIP-TCU - rxBps : 272
01-28 01:06:38.759   668   676 I UclDL_Impl_TCU: VIP-TCU - txAckTmo : 1
01-28 01:06:39.014   489   509 I UclDL_Impl: Inst Id : 0 ## Tx Msgs : 391
01-28 01:06:39.014   489   509 I UclDL_Impl: Inst Id : 0 ## TxA Msgs : 313
01-28 01:06:39.014   489   509 I UclDL_Impl: Inst Id : 0 ## TxA TO : 0
01-28 01:06:39.014   489   509 I UclDL_Impl: Inst Id : 0 ## Rx Msgs : 392
01-28 01:06:39.014   489   509 I UclDL_Impl: Inst Id : 0 ## Rx HB Msgs : 19
01-28 01:06:39.014   489   509 I UclDL_Impl: Inst Id : 0 ## Tx Bps : 2032
01-28 01:06:39.014   489   509 I UclDL_Impl: Inst Id : 0 ## Rx Bps : 5120
01-28 01:06:39.014   489   509 I UclDL_Impl: Inst Id : 0  ## Avg Ack Latency : 9
01-28 01:06:39.039   490   539 D vendor.visteon.skylark.hardware.automotive.vehicle@V1-visteon-service: TX Message SomeipComm::send  : service:193,method:3, response Payload: 00 
01-28 01:06:39.071   490   541 D vendor.visteon.skylark.hardware.automotive.vehicle@V1-visteon-service: SomeipCOmm :: RX Message [0/13b]:service:c0 ,Method:8000,payload:04 
01-28 01:06:39.076   490   541 D vendor.visteon.skylark.hardware.automotive.vehicle@V1-visteon-service: SomeipCOmm :: RX Message [0/13c]:service:c7 ,Method:80e5,payload:02 00 00 01 0f 40 3e 00 08 00 16 00 00 00 00 1e 00 00 00 00 09 00 00 00 00 02 01 01 0e 2c 04 ba 01 a4 06 b1 01 d7 02 e9 02 d4 01 00 00 00 00 01 01 02 19 1b 1b 79 8f 0d 19 0a e9 00 1e 1e b4 89 7f 00 07 00 0b 00 20 02 22 00 c2 00 00 00 00 00 00 00 00 01 00 07 00 00 00 00 00 00 00 00 00 00 00 01 00 01 00 00 00 00 32 00 00 04 07 0a 0f 14 00 a8 02 00 03 00 00 00 00 00 c0 00 02 00 00 c0 00 00 00 02 b8 02 b3 02 be 03 03 03 03 01 00 00 62 00 00 00 a5 00 00 00 00 0e ca 03 00 01 00 0b 0b 0b a5 07 04 f2 33 30 34 34 00 00 00 00 00 00 00 00 00 00 00 00 00 00 00 00 00 00 00 00 00 00 00 00 00 00 00 00 00 00 
01-28 01:06:39.077   490   541 D vendor.visteon.skylark.hardware.automotive.vehicle@V1-visteon-service: SomeipCOmm :: RX Message [0/13d]:service:c7 ,Method:80df,payload:08 04 02 02 01 02 00 00 00 00 00 00 00 00 00 03 00 00 00 00 00 00 00 00 00 00 00 00 00 00 00 00 00 00 00 00 00 00 00 00 00 00 00 00 00 00 00 00 00 00 00 00 00 00 00 00 00 00 00 00 00 00 00 00 00 00 00 00 00 00 00 00 00 00 00 00 00 00 00 00 00 00 00 00 00 00 00 00 00 00 00 00 00 00 00 00 00 00 00 00 
01-28 01:06:39.253   490   490 D vendor.visteon.skylark.hardware.automotive.vehicle@V1-visteon-service: TX Message SomeipComm::send  : service:193,method:3, response Payload: 04 
01-28 01:06:39.281   490   541 D vendor.visteon.skylark.hardware.automotive.vehicle@V1-visteon-service: SomeipCOmm :: RX Message [0/13f]:service:c7 ,Method:80e2,payload:1c 19 02 05 01 00 00 01 
01-28 01:06:39.754   490   541 D vendor.visteon.skylark.hardware.automotive.vehicle@V1-visteon-service: SomeipCOmm :: RX Message [0/140]:service:c0 ,Method:8005,payload:03 03 03 03 03 03 03 03 03 01 03 03 03 00 00 00 00 00 00 00 
01-28 01:06:39.754   490   541 D vendor.visteon.skylark.hardware.automotive.vehicle@V1-visteon-service: PERIPHERAL_STATUS:: 03 03 03 03 03 03 03 03 03 01 03 03 03 00 00 00 00 00 00 00 
01-28 01:06:39.765   668   676 I UclDL_Impl_VIP: TxA TO : 33
01-28 01:06:39.765   668   676 I UclDL_Impl_VIP: Avg Ack Latency : 10
01-28 01:06:39.765   668   676 I UclDL_Impl_VIP: pollingCntr : 7492
01-28 01:06:39.765   668   676 I UclDL_Impl_TCU: VIP-TCU - txBps : 392
01-28 01:06:39.765   668   676 I UclDL_Impl_TCU: VIP-TCU - rxBps : 272
01-28 01:06:39.765   668   676 I UclDL_Impl_TCU: VIP-TCU - txAckTmo : 1
01-28 01:06:40.042   490   539 D vendor.visteon.skylark.hardware.automotive.vehicle@V1-visteon-service: TX Message SomeipComm::send  : service:193,method:3, response Payload: 04 
01-28 01:06:40.082   490   541 D vendor.visteon.skylark.hardware.automotive.vehicle@V1-visteon-service: SomeipCOmm :: RX Message [0/144]:service:c7 ,Method:80e5,payload:02 00 00 01 0f 40 3e 00 08 00 16 00 00 00 00 1e 00 00 00 00 09 00 00 00 00 02 01 01 0e 2d 04 bc 01 a2 06 b4 01 d6 02 e9 02 79 01 00 00 00 00 01 01 02 19 1c 1b 79 8b 0d 19 0a e9 00 1e 1e ba 89 7f 00 07 00 0a 00 20 02 22 00 c2 00 00 00 00 00 00 00 00 01 00 07 00 00 00 00 00 00 00 00 00 00 00 01 00 01 00 00 00 00 32 00 00 04 07 0a 0f 14 00 a8 02 00 03 00 00 00 00 00 c0 00 02 00 00 c0 00 00 00 02 89 02 66 02 70 03 03 03 03 01 00 00 62 00 00 00 a5 00 00 00 00 0e ca 03 00 01 00 0b 0b 0b a5 07 04 f2 33 30 34 34 00 00 00 00 00 00 00 00 00 00 00 00 00 00 00 00 00 00 00 00 00 00 00 00 00 00 00 00 00 00 
01-28 01:06:40.082   490   541 D vendor.visteon.skylark.hardware.automotive.vehicle@V1-visteon-service: SomeipCOmm :: RX Message [0/145]:service:c7 ,Method:80df,payload:08 04 02 02 01 02 00 00 00 00 00 00 00 00 00 03 00 00 00 00 00 00 00 00 00 00 00 00 00 00 00 00 00 00 00 00 00 00 00 00 00 00 00 00 00 00 00 00 00 00 00 00 00 00 00 00 00 00 00 00 00 00 00 00 00 00 00 00 00 00 00 00 00 00 00 00 00 00 00 00 00 00 00 00 00 00 00 00 00 00 00 00 00 00 00 00 00 00 00 00 
01-28 01:06:40.085   490   490 D vendor.visteon.skylark.hardware.automotive.vehicle@V1-visteon-service: TX Message SomeipComm::send  : service:200,method:9, response Payload: 00 
01-01 02:25:28.124   490   541 D vendor.visteon.skylark.hardware.automotive.vehicle@V1-visteon-service: SomeipCOmm :: RX Message [0/149]:service:c7 ,Method:80e2,payload:1d 19 02 05 01 00 00 01 
01-01 02:25:28.413   490   538 D vendor.visteon.skylark.hardware.automotive.vehicle@V1-visteon-service: VHAL_SINGLEMSGSUBSCRIPTIONREQUEST:: 03 60 
01-01 02:25:28.413   490   538 D vendor.visteon.skylark.hardware.automotive.vehicle@V1-visteon-service: TX Message SomeipComm::send  : service:194,method:2, response Payload: 03 60 
01-01 02:25:28.432   490   541 D vendor.visteon.skylark.hardware.automotive.vehicle@V1-visteon-service: SomeipCOmm :: RX Message [0/14a]:service:bf ,Method:8008,payload:03 60 01 
01-01 02:25:28.432   490   541 D vendor.visteon.skylark.hardware.automotive.vehicle@V1-visteon-service: SomeipCOmm :: RX Message [0/14b]:service:bf ,Method:8033,payload:03 60 00 00 00 00 00 a0 00 00 00 
01-01 02:25:28.506   490   538 D vendor.visteon.skylark.hardware.automotive.vehicle@V1-visteon-service: VHAL_SINGLEMSGSUBSCRIPTIONREQUEST:: 03 b2 
01-01 02:25:28.506   490   538 D vendor.visteon.skylark.hardware.automotive.vehicle@V1-visteon-service: TX Message SomeipComm::send  : service:194,method:2, response Payload: 03 b2 
01-01 02:25:28.522   490   541 D vendor.visteon.skylark.hardware.automotive.vehicle@V1-visteon-service: SomeipCOmm :: RX Message [0/14c]:service:bf ,Method:8008,payload:03 b2 01 
01-01 02:25:28.522   490   541 D vendor.visteon.skylark.hardware.automotive.vehicle@V1-visteon-service: SomeipCOmm :: RX Message [0/14d]:service:bf ,Method:8037,payload:03 b2 00 00 00 00 00 00 00 00 80 
01-01 02:25:28.596   490   541 D vendor.visteon.skylark.hardware.automotive.vehicle@V1-visteon-service: SomeipCOmm :: RX Message [0/14e]:service:c0 ,Method:8005,payload:03 03 03 03 03 03 03 03 03 01 03 03 03 00 00 00 00 00 00 00 
01-01 02:25:28.596   490   541 D vendor.visteon.skylark.hardware.automotive.vehicle@V1-visteon-service: PERIPHERAL_STATUS:: 03 03 03 03 03 03 03 03 03 01 03 03 03 00 00 00 00 00 00 00 
01-01 02:25:28.605   668   676 I UclDL_Impl_VIP: TxA TO : 33
01-01 02:25:28.605   668   676 I UclDL_Impl_VIP: Avg Ack Latency : 8
01-01 02:25:28.605   668   676 I UclDL_Impl_VIP: pollingCntr : 7742
01-01 02:25:28.605   668   676 I UclDL_Impl_TCU: VIP-TCU - txBps : 392
01-01 02:25:28.605   668   676 I UclDL_Impl_TCU: VIP-TCU - rxBps : 272
01-01 02:25:28.605   668   676 I UclDL_Impl_TCU: VIP-TCU - txAckTmo : 1
01-01 02:25:28.863   489   509 I UclDL_Impl: Inst Id : 0 ## Tx Msgs : 421
01-01 02:25:28.864   489   509 I UclDL_Impl: Inst Id : 0 ## TxA Msgs : 335
01-01 02:25:28.864   489   509 I UclDL_Impl: Inst Id : 0 ## TxA TO : 0
01-01 02:25:28.864   489   509 I UclDL_Impl: Inst Id : 0 ## Rx Msgs : 422
