11-03 11:26:18.332   504   531 D vendor.visteon.skylark.hardware.automotive.vehicle@V1-visteon-service: SomeipCOmm :: RX Message [0/9caf]:service:c7 ,Method:80e5,payload:02 00 00 01 0f 40 5f 00 08 04 07 00 00 00 00 1e 00 00 00 00 09 00 00 00 00 02 01 02 0e 52 04 b0 01 b7 08 9d 01 da 02 ec 02 d3 01 01 01 00 19 0b 03 0b 1a 10 19 79 80 0d 09 0a e9 00 1f 1e b8 89 7f 00 07 00 0a 00 30 02 22 00 c2 00 00 00 00 00 00 00 00 01 00 06 00 00 00 00 00 00 00 00 00 00 00 01 00 00 00 00 00 00 32 00 00 04 07 0a 0f 14 00 a8 02 00 03 00 00 00 00 00 c0 00 02 00 00 c0 00 00 2b 02 d2 02 db 02 82 03 03 03 03 01 00 00 62 00 00 00 a5 00 00 00 00 05 d6 03 03 00 0b 0b 0b 00 00 00 00 00 00 00 00 00 00 00 00 00 00 00 00 00 00 00 00 00 00 00 00 00 00 00 00 00 00 00 00 00 00 00 00 00 00 00 
11-03 11:26:18.334   504   531 D vendor.visteon.skylark.hardware.automotive.vehicle@V1-visteon-service: SomeipCOmm :: RX Message [0/9cb0]:service:c7 ,Method:80df,payload:08 04 02 02 01 02 00 00 00 00 00 00 00 00 00 03 00 00 00 00 00 00 00 00 00 00 00 00 00 00 00 00 00 00 00 00 00 00 00 00 00 00 00 00 00 00 00 00 00 00 00 00 00 00 00 00 00 00 00 00 00 00 00 00 00 00 00 00 00 00 00 00 00 00 00 00 00 00 00 00 00 00 00 00 00 00 00 00 00 00 00 00 00 00 00 00 00 00 00 00 
11-03 11:26:18.361   504   531 D vendor.visteon.skylark.hardware.automotive.vehicle@V1-visteon-service: SomeipCOmm :: RX Message [0/9cb2]:service:c0 ,Method:8005,payload:03 03 03 03 00 00 00 03 03 01 03 03 03 03 00 00 00 00 00 00 
11-03 11:26:18.363   504   531 D vendor.visteon.skylark.hardware.automotive.vehicle@V1-visteon-service: PERIPHERAL_STATUS:: 03 03 03 03 00 00 00 03 03 01 03 03 03 03 00 00 00 00 00 00 
11-03 11:26:18.371   504   531 D vendor.visteon.skylark.hardware.automotive.vehicle@V1-visteon-service: SomeipCOmm :: RX Message [0/9cb3]:service:bf ,Method:802a,payload:02 90 01 a8 cf 80 1d 05 00 00 00 
11-03 11:26:18.373   611   620 I UclDL_Impl_VIP: TxA TO : 33
11-03 11:26:18.373   611   620 I UclDL_Impl_VIP: Avg Ack Latency : 8
11-03 11:26:18.373   611   620 I UclDL_Impl_VIP: pollingCntr : 1113745
11-03 11:26:18.373   611   620 I UclDL_Impl_TCU: VIP-TCU - txBps : 2896
11-03 11:26:18.373   611   620 I UclDL_Impl_TCU: VIP-TCU - rxBps : 1336
11-03 11:26:18.373   611   620 I UclDL_Impl_TCU: VIP-TCU - txAckTmo : 193
11-03 11:26:18.374   504   531 D vendor.visteon.skylark.hardware.automotive.vehicle@V1-visteon-service: SomeipCOmm :: RX Message [0/9cb4]:service:bf ,Method:802f,payload:02 d0 01 8d 02 1b 60 00 00 00 00 
11-03 11:26:18.375   504   531 D vendor.visteon.skylark.hardware.automotive.vehicle@V1-visteon-service: SomeipCOmm :: RX Message [0/9cb5]:service:bf ,Method:8058,payload:02 b7 01 69 94 69 94 4b c1 70 00 
11-03 11:26:18.376   504   531 D vendor.visteon.skylark.hardware.automotive.vehicle@V1-visteon-service: SomeipCOmm :: RX Message [0/9cb6]:service:bf ,Method:8059,payload:02 b9 01 19 46 55 00 00 30 4b 38 
11-03 11:26:18.384   504   531 D vendor.visteon.skylark.hardware.automotive.vehicle@V1-visteon-service: SomeipCOmm :: RX Message [0/9cb8]:service:bf ,Method:803a,payload:03 a2 01 00 03 d3 ee f5 a6 52 58 
11-03 11:26:18.473   504   531 D vendor.visteon.skylark.hardware.automotive.vehicle@V1-visteon-service: SomeipCOmm :: RX Message [0/9cb9]:service:bf ,Method:800d,payload:01 06 01 2d a0 7d 5b 3e 80 70 35 
11-03 11:26:18.476   504   531 D vendor.visteon.skylark.hardware.automotive.vehicle@V1-visteon-service: SomeipCOmm :: RX Message [0/9cba]:service:bf ,Method:800f,payload:01 15 01 00 d6 00 00 00 00 00 00 
11-03 11:26:18.477   504   531 D vendor.visteon.skylark.hardware.automotive.vehicle@V1-visteon-service: SomeipCOmm :: RX Message [0/9cbb]:service:bf ,Method:8017,payload:01 97 01 34 80 74 37 67 00 00 00 
11-03 11:26:18.479   504   531 D vendor.visteon.skylark.hardware.automotive.vehicle@V1-visteon-service: SomeipCOmm :: RX Message [0/9cbc]:service:bf ,Method:8025,payload:02 80 01 2d cc 82 7f 0f c0 0c 00 
11-03 11:26:18.483   504   504 D vendor.visteon.skylark.hardware.automotive.vehicle@V1-visteon-service: TX Message SomeipComm::send  : service:194,method:5, response Payload: 02 c9 92 06 00 00 c0 00 42 01 
11-03 11:26:18.575   504   531 D vendor.visteon.skylark.hardware.automotive.vehicle@V1-visteon-service: SomeipCOmm :: RX Message [0/9cbd]:service:bf ,Method:802a,payload:02 90 01 c7 d7 32 0d 81 00 00 00 
11-03 11:26:18.577   504   531 D vendor.visteon.skylark.hardware.automotive.vehicle@V1-visteon-service: SomeipCOmm :: RX Message [0/9cbe]:service:bf ,Method:802f,payload:02 d0 01 8e 02 1b 60 00 00 00 00 
11-03 11:26:18.673   504   531 D vendor.visteon.skylark.hardware.automotive.vehicle@V1-visteon-service: SomeipCOmm :: RX Message [0/9cbf]:service:bf ,Method:800d,payload:01 06 01 2d b0 7d 5b 3e 80 f0 07 
11-03 11:26:18.673   504   531 D vendor.visteon.skylark.hardware.automotive.vehicle@V1-visteon-service: SomeipCOmm :: RX Message [0/9cc0]:service:bf ,Method:800f,payload:01 15 01 00 ba 00 00 00 00 00 00 
11-03 11:26:18.674   504   531 D vendor.visteon.skylark.hardware.automotive.vehicle@V1-visteon-service: SomeipCOmm :: RX Message [0/9cc1]:service:bf ,Method:8017,payload:01 97 01 34 70 0b 37 52 00 00 00 
11-03 11:26:18.676   504   531 D vendor.visteon.skylark.hardware.automotive.vehicle@V1-visteon-service: SomeipCOmm :: RX Message [0/9cc2]:service:bf ,Method:8025,payload:02 80 01 2d c8 86 7f 0f c0 0c 00 
11-03 11:26:18.719   504   531 D vendor.visteon.skylark.hardware.automotive.vehicle@V1-visteon-service: SomeipCOmm :: RX Message [0/9cc3]:service:bf ,Method:8034,payload:03 a0 01 00 03 d4 e5 45 a6 50 ca 
11-03 11:26:18.779   504   531 D vendor.visteon.skylark.hardware.automotive.vehicle@V1-visteon-service: SomeipCOmm :: RX Message [0/9cc4]:service:bf ,Method:802a,payload:02 90 01 e6 df 03 fd fd 00 00 00 
11-03 11:26:18.780   504   531 D vendor.visteon.skylark.hardware.automotive.vehicle@V1-visteon-service: SomeipCOmm :: RX Message [0/9cc5]:service:bf ,Method:802f,payload:02 d0 01 8e 02 1b 60 00 00 00 00 
11-03 11:26:18.805   504   531 D vendor.visteon.skylark.hardware.automotive.vehicle@V1-visteon-service: SomeipCOmm :: RX Message [0/9cc6]:service:c7 ,Method:80e2,payload:12 1a 0b 01 03 0a 19 01 
11-03 11:26:18.873   504   531 D vendor.visteon.skylark.hardware.automotive.vehicle@V1-visteon-service: SomeipCOmm :: RX Message [0/9cc8]:service:bf ,Method:800d,payload:01 06 01 2d bc 7d 5b 3e 80 70 2e 
11-03 11:26:18.878   504   531 D vendor.visteon.skylark.hardware.automotive.vehicle@V1-visteon-service: SomeipCOmm :: RX Message [0/9cc9]:service:bf ,Method:800f,payload:01 15 01 00 7a 00 00 00 00 00 00 
11-03 11:26:18.879   504   531 D vendor.visteon.skylark.hardware.automotive.vehicle@V1-visteon-service: SomeipCOmm :: RX Message [0/9cca]:service:bf ,Method:8017,payload:01 97 01 34 70 0b 37 5c 00 00 00 
11-03 11:26:18.880   504   531 D vendor.visteon.skylark.hardware.automotive.vehicle@V1-visteon-service: SomeipCOmm :: RX Message [0/9ccb]:service:bf ,Method:8025,payload:02 80 01 2d c0 8a 7f 0f c0 0c 00 
11-03 11:26:18.978   504   531 D vendor.visteon.skylark.hardware.automotive.vehicle@V1-visteon-service: SomeipCOmm :: RX Message [0/9ccc]:service:bf ,Method:802a,payload:02 90 01 05 e6 c5 f2 79 00 00 00 
11-03 11:26:18.980   504   531 D vendor.visteon.skylark.hardware.automotive.vehicle@V1-visteon-service: SomeipCOmm :: RX Message [0/9ccd]:service:bf ,Method:8059,payload:02 b9 01 19 46 55 00 00 30 4a b8 
11-03 11:26:18.996   504   536 D vendor.visteon.skylark.hardware.automotive.vehicle@V1-visteon-service: TX Message SomeipComm::send  : service:193,method:3, response Payload: 04 
11-03 11:26:19.012   503   521 I UclDL_Impl: Inst Id : 0 ## Tx Msgs : 183688
11-03 11:26:19.012   503   521 I UclDL_Impl: Inst Id : 0 ## TxA Msgs : 171210
11-03 11:26:19.012   503   521 I UclDL_Impl: Inst Id : 0 ## TxA TO : 0
11-03 11:26:19.012   503   521 I UclDL_Impl: Inst Id : 0 ## Rx Msgs : 183689
11-03 11:26:19.012   503   521 I UclDL_Impl: Inst Id : 0 ## Rx HB Msgs : 16
11-03 11:26:19.012   503   521 I UclDL_Impl: Inst Id : 0 ## Tx Bps : 6312
11-03 11:26:19.012   503   521 I UclDL_Impl: Inst Id : 0 ## Rx Bps : 12160
11-03 11:26:19.012   503   521 I UclDL_Impl: Inst Id : 0  ## Avg Ack Latency : 6
11-03 11:26:19.077   504   531 D vendor.visteon.skylark.hardware.automotive.vehicle@V1-visteon-service: SomeipCOmm :: RX Message [0/9cce]:service:bf ,Method:800d,payload:01 06 01 2d d8 7d 5b 3e 80 f0 75 
11-03 11:26:19.077   504   531 D vendor.visteon.skylark.hardware.automotive.vehicle@V1-visteon-service: SomeipCOmm :: RX Message [0/9ccf]:service:bf ,Method:800f,payload:01 15 01 00 b6 00 00 00 00 00 00 
11-03 11:26:19.079   504   531 D vendor.visteon.skylark.hardware.automotive.vehicle@V1-visteon-service: SomeipCOmm :: RX Message [0/9cd0]:service:bf ,Method:8017,payload:01 97 01 34 80 74 37 66 00 00 00 
11-03 11:26:19.081   504   531 D vendor.visteon.skylark.hardware.automotive.vehicle@V1-visteon-service: SomeipCOmm :: RX Message [0/9cd1]:service:bf ,Method:8025,payload:02 80 01 2d c4 8f 7f 0f c0 0c 00 
11-03 11:26:19.178   504   531 D vendor.visteon.skylark.hardware.automotive.vehicle@V1-visteon-service: SomeipCOmm :: RX Message [0/9cd2]:service:bf ,Method:802a,payload:02 90 01 25 2e 87 e2 f6 00 00 00 
11-03 11:26:19.278   504   531 D vendor.visteon.skylark.hardware.automotive.vehicle@V1-visteon-service: SomeipCOmm :: RX Message [0/9cd3]:service:bf ,Method:800d,payload:01 06 01 2d e0 7d 5b 3e 80 70 65 
11-03 11:26:19.282   504   531 D vendor.visteon.skylark.hardware.automotive.vehicle@V1-visteon-service: SomeipCOmm :: RX Message [0/9cd4]:service:bf ,Method:800f,payload:01 15 01 00 c4 00 00 00 00 00 00 
11-03 11:26:19.283   504   531 D vendor.visteon.skylark.hardware.automotive.vehicle@V1-visteon-service: SomeipCOmm :: RX Message [0/9cd5]:service:bf ,Method:8017,payload:01 97 01 34 b0 3e 37 90 00 00 00 
11-03 11:26:19.284   504   531 D vendor.visteon.skylark.hardware.automotive.vehicle@V1-visteon-service: SomeipCOmm :: RX Message [0/9cd6]:service:bf ,Method:8025,payload:02 80 01 2d dc 93 7f 0f c0 0c 00 
11-03 11:26:19.336   504   531 D vendor.visteon.skylark.hardware.automotive.vehicle@V1-visteon-service: SomeipCOmm :: RX Message [0/9cd7]:service:c0 ,Method:8000,payload:04 
11-03 11:26:19.340   504   531 D vendor.visteon.skylark.hardware.automotive.vehicle@V1-visteon-service: SomeipCOmm :: RX Message [0/9cd8]:service:c7 ,Method:80e5,payload:02 00 00 01 0f 40 5f 00 08 04 07 00 00 00 00 1e 00 00 00 00 09 00 00 00 00 02 01 02 0e 2c 04 9e 01 ca 08 a5 01 da 02 ed 02 95 01 01 01 00 19 0b 03 0b 1a 11 19 79 83 0d 09 0a e9 00 1e 1e b4 89 7f 00 07 00 0a 00 30 02 22 00 c2 00 00 00 00 00 00 00 00 01 00 06 00 00 00 00 00 00 00 00 00 00 00 01 00 00 00 00 00 00 32 00 00 04 07 0a 0f 14 00 a8 02 00 03 00 00 00 00 00 c0 00 02 00 00 c0 00 00 2b 02 d5 02 e0 02 cb 03 03 03 03 01 00 00 62 00 00 00 a5 00 00 00 00 05 d6 03 03 00 0b 0b 0b 00 00 00 00 00 00 00 00 00 00 00 00 00 00 00 00 00 00 00 00 00 00 00 00 00 00 00 00 00 00 00 00 00 00 00 00 00 00 00 
11-03 11:26:19.341   504   531 D vendor.visteon.skylark.hardware.automotive.vehicle@V1-visteon-service: SomeipCOmm :: RX Message [0/9cd9]:service:c7 ,Method:80df,payload:08 04 02 02 01 02 00 00 00 00 00 00 00 00 00 03 00 00 00 00 00 00 00 00 00 00 00 00 00 00 00 00 00 00 00 00 00 00 00 00 00 00 00 00 00 00 00 00 00 00 00 00 00 00 00 00 00 00 00 00 00 00 00 00 00 00 00 00 00 00 00 00 00 00 00 00 00 00 00 00 00 00 00 00 00 00 00 00 00 00 00 00 00 00 00 00 00 00 00 00 
11-03 11:26:19.365   504   531 D vendor.visteon.skylark.hardware.automotive.vehicle@V1-visteon-service: SomeipCOmm :: RX Message [0/9cdb]:service:c0 ,Method:8005,payload:03 03 03 03 00 00 00 03 03 01 03 03 03 03 00 00 00 00 00 00 
11-03 11:26:19.365   504   531 D vendor.visteon.skylark.hardware.automotive.vehicle@V1-visteon-service: PERIPHERAL_STATUS:: 03 03 03 03 00 00 00 03 03 01 03 03 03 03 00 00 00 00 00 00 
11-03 11:26:19.379   504   531 D vendor.visteon.skylark.hardware.automotive.vehicle@V1-visteon-service: SomeipCOmm :: RX Message [0/9cdc]:service:bf ,Method:802a,payload:02 90 01 44 36 49 d7 72 00 00 00 
11-03 11:26:19.381   611   620 I UclDL_Impl_VIP: TxA TO : 33
11-03 11:26:19.381   611   620 I UclDL_Impl_VIP: Avg Ack Latency : 9
11-03 11:26:19.381   611   620 I UclDL_Impl_VIP: pollingCntr : 1113995
11-03 11:26:19.381   611   620 I UclDL_Impl_TCU: VIP-TCU - txBps : 3520
11-03 11:26:19.381   611   620 I UclDL_Impl_TCU: VIP-TCU - rxBps : 2176
11-03 11:26:19.381   611   620 I UclDL_Impl_TCU: VIP-TCU - txAckTmo : 193
11-03 11:26:19.382   504   531 D vendor.visteon.skylark.hardware.automotive.vehicle@V1-visteon-service: SomeipCOmm :: RX Message [0/9cdd]:service:bf ,Method:802f,payload:02 d0 01 8d 02 1b 60 00 00 00 00 
11-03 11:26:19.475   504   531 D vendor.visteon.skylark.hardware.automotive.vehicle@V1-visteon-service: SomeipCOmm :: RX Message [0/9cdf]:service:bf ,Method:800d,payload:01 06 01 2d f4 7d 5b 3e 80 f0 52 
11-03 11:26:19.478   504   531 D vendor.visteon.skylark.hardware.automotive.vehicle@V1-visteon-service: SomeipCOmm :: RX Message [0/9ce0]:service:bf ,Method:800f,payload:01 15 01 00 be 00 00 00 00 00 00 
11-03 11:26:19.480   504   531 D vendor.visteon.skylark.hardware.automotive.vehicle@V1-visteon-service: SomeipCOmm :: RX Message [0/9ce1]:service:bf ,Method:8017,payload:01 97 01 34 d0 aa 37 ba 00 00 00 
11-03 11:26:19.481   504   531 D vendor.visteon.skylark.hardware.automotive.vehicle@V1-visteon-service: SomeipCOmm :: RX Message [0/9ce2]:service:bf ,Method:8025,payload:02 80 01 2d d8 98 7f 0f c0 0c 00 
11-03 11:26:19.483   504   531 D vendor.visteon.skylark.hardware.automotive.vehicle@V1-visteon-service: SomeipCOmm :: RX Message [0/9ce3]:service:bf ,Method:8051,payload:02 84 01 38 30 26 02 8c 00 2f 1c 
11-03 11:26:19.485   504   531 D vendor.visteon.skylark.hardware.automotive.vehicle@V1-visteon-service: SomeipCOmm :: RX Message [0/9ce4]:service:bf ,Method:8036,payload:03 a3 01 00 00 00 1b 40 00 01 72 
11-03 11:26:19.492   504  2961 D vendor.visteon.skylark.hardware.automotive.vehicle@V1-visteon-service: TX Message SomeipComm::send  : service:194,method:5, response Payload: 02 c9 92 06 00 00 c0 00 42 02 
11-03 11:26:19.582   504   531 D vendor.visteon.skylark.hardware.automotive.vehicle@V1-visteon-service: SomeipCOmm :: RX Message [0/9ce5]:service:bf ,Method:802a,payload:02 90 01 63 3e 1b c7 ef 00 00 00 
11-03 11:26:19.584   504   531 D vendor.visteon.skylark.hardware.automotive.vehicle@V1-visteon-service: SomeipCOmm :: RX Message [0/9ce6]:service:bf ,Method:8059,payload:02 b9 01 19 46 55 00 00 30 4a 28 
11-03 11:26:19.679   504   531 D vendor.visteon.skylark.hardware.automotive.vehicle@V1-visteon-service: SomeipCOmm :: RX Message [0/9ce7]:service:bf ,Method:800d,payload:01 06 01 2d fc 7c 5a 3e 80 90 3b 
11-03 11:26:19.684   504   531 D vendor.visteon.skylark.hardware.automotive.vehicle@V1-visteon-service: SomeipCOmm :: RX Message [0/9ce8]:service:bf ,Method:800f,payload:01 15 01 00 a4 00 00 00 00 00 00 
11-03 11:26:19.686   504   531 D vendor.visteon.skylark.hardware.automotive.vehicle@V1-visteon-service: SomeipCOmm :: RX Message [0/9ce9]:service:bf ,Method:8017,payload:01 97 01 34 d0 aa 37 b4 00 00 00 
11-03 11:26:19.686   504   531 D vendor.visteon.skylark.hardware.automotive.vehicle@V1-visteon-service: SomeipCOmm :: RX Message [0/9cea]:service:bf ,Method:8025,payload:02 80 01 2d fc 9c 7f 0f c0 0c 00 
11-03 11:26:19.781   504   531 D vendor.visteon.skylark.hardware.automotive.vehicle@V1-visteon-service: SomeipCOmm :: RX Message [0/9ceb]:service:bf ,Method:802a,payload:02 90 01 82 45 dd b8 6c 00 00 00 
11-03 11:26:19.783   504   531 D vendor.visteon.skylark.hardware.automotive.vehicle@V1-visteon-service: SomeipCOmm :: RX Message [0/9cec]:service:bf ,Method:802f,payload:02 d0 01 8d 02 1b 60 00 00 00 00 
11-03 11:26:19.784   504   531 D vendor.visteon.skylark.hardware.automotive.vehicle@V1-visteon-service: SomeipCOmm :: RX Message [0/9ced]:service:bf ,Method:8059,payload:02 b9 01 19 46 55 00 00 30 49 c8 
11-03 11:26:19.814   504   531 D vendor.visteon.skylark.hardware.automotive.vehicle@V1-visteon-service: SomeipCOmm :: RX Message [0/9cee]:service:c7 ,Method:80e2,payload:13 1a 0b 01 03 0a 19 01 
11-03 11:26:19.883   504   531 D vendor.visteon.skylark.hardware.automotive.vehicle@V1-visteon-service: SomeipCOmm :: RX Message [0/9cf0]:service:bf ,Method:800d,payload:01 06 01 2d e4 7d 5a 3e 80 10 69 
11-03 11:26:19.883   504   531 D vendor.visteon.skylark.hardware.automotive.vehicle@V1-visteon-service: SomeipCOmm :: RX Message [0/9cf1]:service:bf ,Method:800f,payload:01 15 01 00 9e 00 00 00 00 00 00 
11-03 11:26:19.884   504   531 D vendor.visteon.skylark.hardware.automotive.vehicle@V1-visteon-service: SomeipCOmm :: RX Message [0/9cf2]:service:bf ,Method:8017,payload:01 97 01 34 c0 67 37 ae 00 00 00 
11-03 11:26:19.885   504   531 D vendor.visteon.skylark.hardware.automotive.vehicle@V1-visteon-service: SomeipCOmm :: RX Message [0/9cf3]:service:bf ,Method:8025,payload:02 80 01 2e 0c a1 7f 0f c0 0c 00 
11-03 11:26:19.886   504   531 D vendor.visteon.skylark.hardware.automotive.vehicle@V1-visteon-service: SomeipCOmm :: RX Message [0/9cf4]:service:bf ,Method:8051,payload:02 84 01 38 30 26 02 8b 00 2f 1c 
11-03 11:26:19.981   504   531 D vendor.visteon.skylark.hardware.automotive.vehicle@V1-visteon-service: SomeipCOmm :: RX Message [0/9cf5]:service:bf ,Method:802a,payload:02 90 01 a1 4d af ac e9 00 00 00 
11-03 11:26:19.984   504   531 D vendor.visteon.skylark.hardware.automotive.vehicle@V1-visteon-service: SomeipCOmm :: RX Message [0/9cf6]:service:bf ,Method:802f,payload:02 d0 01 8e 02 1b 60 00 00 00 00 
11-03 11:26:19.997   504   536 D vendor.visteon.skylark.hardware.automotive.vehicle@V1-visteon-service: TX Message SomeipComm::send  : service:193,method:3, response Payload: 04 
11-03 11:26:20.013   503   521 I UclDL_Impl: Inst Id : 0 ## Tx Msgs : 183732
11-03 11:26:20.013   503   521 I UclDL_Impl: Inst Id : 0 ## TxA Msgs : 171251
11-03 11:26:20.013   503   521 I UclDL_Impl: Inst Id : 0 ## TxA TO : 0
11-03 11:26:20.013   503   521 I UclDL_Impl: Inst Id : 0 ## Rx Msgs : 183733
11-03 11:26:20.013   503   521 I UclDL_Impl: Inst Id : 0 ## Rx HB Msgs : 16
11-03 11:26:20.013   503   521 I UclDL_Impl: Inst Id : 0 ## Tx Bps : 3640
11-03 11:26:20.013   503   521 I UclDL_Impl: Inst Id : 0 ## Rx Bps : 9448
11-03 11:26:20.013   503   521 I UclDL_Impl: Inst Id : 0  ## Avg Ack Latency : 9
11-03 11:26:20.082   504   531 D vendor.visteon.skylark.hardware.automotive.vehicle@V1-visteon-service: SomeipCOmm :: RX Message [0/9cf7]:service:bf ,Method:800d,payload:01 06 01 2d fc 7d 5a 3e 80 90 51 
11-03 11:26:20.083   504   531 D vendor.visteon.skylark.hardware.automotive.vehicle@V1-visteon-service: SomeipCOmm :: RX Message [0/9cf8]:service:bf ,Method:800f,payload:01 15 01 00 96 00 00 00 00 00 00 
11-03 11:26:20.085   504   531 D vendor.visteon.skylark.hardware.automotive.vehicle@V1-visteon-service: SomeipCOmm :: RX Message [0/9cf9]:service:bf ,Method:8017,payload:01 97 01 34 e0 e0 37 d8 00 00 00 
11-03 11:26:20.086   504   531 D vendor.visteon.skylark.hardware.automotive.vehicle@V1-visteon-service: SomeipCOmm :: RX Message [0/9cfa]:service:bf ,Method:8025,payload:02 80 01 2d f4 a5 7f 0f c0 0c 00 
11-03 11:26:20.089   504   531 D vendor.visteon.skylark.hardware.automotive.vehicle@V1-visteon-service: SomeipCOmm :: RX Message [0/9cfb]:service:bf ,Method:8051,payload:02 84 01 38 30 26 02 8c 00 2f 1c 
11-03 11:26:20.182   504   531 D vendor.visteon.skylark.hardware.automotive.vehicle@V1-visteon-service: SomeipCOmm :: RX Message [0/9cfc]:service:bf ,Method:802a,payload:02 90 01 c0 95 71 a1 66 00 00 00 
11-03 11:26:20.183   504   531 D vendor.visteon.skylark.hardware.automotive.vehicle@V1-visteon-service: SomeipCOmm :: RX Message [0/9cfd]:service:bf ,Method:802f,payload:02 d0 01 8e 02 1b 60 00 00 00 00 
11-03 11:26:20.183   504   531 D vendor.visteon.skylark.hardware.automotive.vehicle@V1-visteon-service: SomeipCOmm :: RX Message [0/9cfe]:service:bf ,Method:8059,payload:02 b9 01 19 46 55 00 00 30 49 68 
11-03 11:26:20.282   504   531 D vendor.visteon.skylark.hardware.automotive.vehicle@V1-visteon-service: SomeipCOmm :: RX Message [0/9cff]:service:bf ,Method:800d,payload:01 06 01 2d fc 7c 59 3e 80 10 a7 
11-03 11:26:20.285   504   531 D vendor.visteon.skylark.hardware.automotive.vehicle@V1-visteon-service: SomeipCOmm :: RX Message [0/9d00]:service:bf ,Method:800f,payload:01 15 01 00 9a 00 00 00 00 00 00 
11-03 11:26:20.285   504   531 D vendor.visteon.skylark.hardware.automotive.vehicle@V1-visteon-service: SomeipCOmm :: RX Message [0/9d01]:service:bf ,Method:8017,payload:01 97 01 34 e0 e0 37 d2 00 00 00 
11-03 11:26:20.288   504   531 D vendor.visteon.skylark.hardware.automotive.vehicle@V1-visteon-service: SomeipCOmm :: RX Message [0/9d02]:service:bf ,Method:8025,payload:02 80 01 2e 04 aa 7f 0f c0 0c 00 
11-03 11:26:20.292   504   531 D vendor.visteon.skylark.hardware.automotive.vehicle@V1-visteon-service: SomeipCOmm :: RX Message [0/9d03]:service:bf ,Method:8051,payload:02 84 01 38 30 26 02 8d 00 2f 1c 
11-03 11:26:20.333   504   531 D vendor.visteon.skylark.hardware.automotive.vehicle@V1-visteon-service: SomeipCOmm :: RX Message [0/9d04]:service:c0 ,Method:8000,payload:04 
11-03 11:26:20.337   504   531 D vendor.visteon.skylark.hardware.automotive.vehicle@V1-visteon-service: SomeipCOmm :: RX Message [0/9d05]:service:c7 ,Method:80e5,payload:02 00 00 01 0f 40 5f 00 08 04 07 00 00 00 00 1e 00 00 00 00 09 00 00 00 00 02 01 02 0e 2c 04 a9 01 bc 08 a0 01 da 02 ec 02 ba 01 01 01 00 19 0b 03 0b 1a 12 19 79 83 0d 09 0a e9 00 1f 1e b6 89 7f 00 07 00 0a 00 30 02 22 00 c2 00 00 00 00 00 00 00 00 01 00 06 00 00 00 00 00 00 00 00 00 00 00 01 00 00 00 00 00 00 32 00 00 04 07 0a 0f 14 00 a8 02 00 03 00 00 00 00 00 c0 00 02 00 00 c0 00 00 2b 02 cf 02 dd 02 e3 03 03 03 03 01 00 00 62 00 00 00 a5 00 00 00 00 05 d6 03 03 00 0b 0b 0b 00 00 00 00 00 00 00 00 00 00 00 00 00 00 00 00 00 00 00 00 00 00 00 00 00 00 00 00 00 00 00 00 00 00 00 00 00 00 00 
11-03 11:26:20.338   504   531 D vendor.visteon.skylark.hardware.automotive.vehicle@V1-visteon-service: SomeipCOmm :: RX Message [0/9d06]:service:c7 ,Method:80df,payload:08 04 02 02 01 02 00 00 00 00 00 00 00 00 00 03 00 00 00 00 00 00 00 00 00 00 00 00 00 00 00 00 00 00 00 00 00 00 00 00 00 00 00 00 00 00 00 00 00 00 00 00 00 00 00 00 00 00 00 00 00 00 00 00 00 00 00 00 00 00 00 00 00 00 00 00 00 00 00 00 00 00 00 00 00 00 00 00 00 00 00 00 00 00 00 00 00 00 00 00 
11-03 11:26:20.375   504   531 D vendor.visteon.skylark.hardware.automotive.vehicle@V1-visteon-service: SomeipCOmm :: RX Message [0/9d08]:service:c0 ,Method:8005,payload:03 03 03 03 00 00 00 03 03 01 03 03 03 03 00 00 00 00 00 00 
11-03 11:26:20.375   504   531 D vendor.visteon.skylark.hardware.automotive.vehicle@V1-visteon-service: PERIPHERAL_STATUS:: 03 03 03 03 00 00 00 03 03 01 03 03 03 03 00 00 00 00 00 00 
11-03 11:26:20.381   504   531 D vendor.visteon.skylark.hardware.automotive.vehicle@V1-visteon-service: SomeipCOmm :: RX Message [0/9d09]:service:bf ,Method:802a,payload:02 90 01 df dd 33 95 e3 00 00 00 
11-03 11:26:20.385   611   620 I UclDL_Impl_VIP: TxA TO : 33
11-03 11:26:20.385   611   620 I UclDL_Impl_VIP: Avg Ack Latency : 5
11-03 11:26:20.385   504   531 D vendor.visteon.skylark.hardware.automotive.vehicle@V1-visteon-service: SomeipCOmm :: RX Message [0/9d0a]:service:bf ,Method:802f,payload:02 d0 01 8d 02 1b 60 00 00 00 00 
11-03 11:26:20.385   611   620 I UclDL_Impl_VIP: pollingCntr : 1114245
11-03 11:26:20.385   611   620 I UclDL_Impl_TCU: VIP-TCU - txBps : 4024
11-03 11:26:20.385   611   620 I UclDL_Impl_TCU: VIP-TCU - rxBps : 2064
11-03 11:26:20.385   611   620 I UclDL_Impl_TCU: VIP-TCU - txAckTmo : 193
11-03 11:26:20.385   504   531 D vendor.visteon.skylark.hardware.automotive.vehicle@V1-visteon-service: SomeipCOmm :: RX Message [0/9d0b]:service:bf ,Method:8059,payload:02 b9 01 19 46 55 00 00 30 49 08 
11-03 11:26:20.480   504   531 D vendor.visteon.skylark.hardware.automotive.vehicle@V1-visteon-service: SomeipCOmm :: RX Message [0/9d0d]:service:bf ,Method:800d,payload:01 06 01 2e 18 7d 59 3e 80 90 d1 
11-03 11:26:20.485   504   531 D vendor.visteon.skylark.hardware.automotive.vehicle@V1-visteon-service: SomeipCOmm :: RX Message [0/9d0e]:service:bf ,Method:800f,payload:01 15 01 00 ac 00 00 00 00 00 00 
11-03 11:26:20.486   504   531 D vendor.visteon.skylark.hardware.automotive.vehicle@V1-visteon-service: SomeipCOmm :: RX Message [0/9d0f]:service:bf ,Method:8017,payload:01 97 01 34 e0 e0 37 dc 00 00 00 
11-03 11:26:20.490   504   531 D vendor.visteon.skylark.hardware.automotive.vehicle@V1-visteon-service: SomeipCOmm :: RX Message [0/9d10]:service:bf ,Method:8025,payload:02 80 01 2e 0c ae 7f 0f c0 0c 00 
11-03 11:26:20.492   504   531 D vendor.visteon.skylark.hardware.automotive.vehicle@V1-visteon-service: SomeipCOmm :: RX Message [0/9d11]:service:bf ,Method:8051,payload:02 84 01 38 30 26 02 8c 00 2f 1c 
11-03 11:26:20.585   504   531 D vendor.visteon.skylark.hardware.automotive.vehicle@V1-visteon-service: SomeipCOmm :: RX Message [0/9d12]:service:bf ,Method:802a,payload:02 90 01 ff 25 05 8a 60 00 00 00 
11-03 11:26:20.587   504   531 D vendor.visteon.skylark.hardware.automotive.vehicle@V1-visteon-service: SomeipCOmm :: RX Message [0/9d13]:service:bf ,Method:802f,payload:02 d0 01 8d 02 1b 60 00 00 00 00 
11-03 11:26:20.591   504  2961 D vendor.visteon.skylark.hardware.automotive.vehicle@V1-visteon-service: TX Message SomeipComm::send  : service:194,method:5, response Payload: 02 c9 92 06 00 00 c0 00 42 03 
11-03 11:26:20.685   504   531 D vendor.visteon.skylark.hardware.automotive.vehicle@V1-visteon-service: SomeipCOmm :: RX Message [0/9d14]:service:bf ,Method:800d,payload:01 06 01 2e 30 7d 58 3e 80 10 48 
11-03 11:26:20.688   504   531 D vendor.visteon.skylark.hardware.automotive.vehicle@V1-visteon-service: SomeipCOmm :: RX Message [0/9d15]:service:bf ,Method:800f,payload:01 15 01 00 b2 00 00 00 00 00 00 
11-03 11:26:20.689   504   531 D vendor.visteon.skylark.hardware.automotive.vehicle@V1-visteon-service: SomeipCOmm :: RX Message [0/9d16]:service:bf ,Method:8017,payload:01 97 01 34 f0 2d 37 e6 00 00 00 
11-03 11:26:20.691   504   531 D vendor.visteon.skylark.hardware.automotive.vehicle@V1-visteon-service: SomeipCOmm :: RX Message [0/9d17]:service:bf ,Method:8025,payload:02 80 01 2e 10 b3 7f 0f c0 0c 00 
11-03 11:26:20.693   504   531 D vendor.visteon.skylark.hardware.automotive.vehicle@V1-visteon-service: SomeipCOmm :: RX Message [0/9d18]:service:bf ,Method:8051,payload:02 84 01 38 40 26 02 8c 00 2f 1c 
11-03 11:26:20.785   504   531 D vendor.visteon.skylark.hardware.automotive.vehicle@V1-visteon-service: SomeipCOmm :: RX Message [0/9d19]:service:bf ,Method:802a,payload:02 90 01 1e 6c d7 82 dd 00 00 00 
11-03 11:26:20.786   504   531 D vendor.visteon.skylark.hardware.automotive.vehicle@V1-visteon-service: SomeipCOmm :: RX Message [0/9d1a]:service:bf ,Method:802f,payload:02 d0 01 8d 02 1b 60 00 00 00 00 
11-03 11:26:20.818   504   531 D vendor.visteon.skylark.hardware.automotive.vehicle@V1-visteon-service: SomeipCOmm :: RX Message [0/9d1b]:service:c7 ,Method:80e2,payload:14 1a 0b 01 03 0a 19 01 
11-03 11:26:20.885   504   531 D vendor.visteon.skylark.hardware.automotive.vehicle@V1-visteon-service: SomeipCOmm :: RX Message [0/9d1d]:service:bf ,Method:800d,payload:01 06 01 2e 10 7d 58 3e 80 90 46 
11-03 11:26:20.887   504   531 D vendor.visteon.skylark.hardware.automotive.vehicle@V1-visteon-service: SomeipCOmm :: RX Message [0/9d1e]:service:bf ,Method:800f,payload:01 15 01 00 b6 00 00 00 00 00 00 
11-03 11:26:20.890   504   531 D vendor.visteon.skylark.hardware.automotive.vehicle@V1-visteon-service: SomeipCOmm :: RX Message [0/9d1f]:service:bf ,Method:8017,payload:01 97 01 34 e0 e0 37 d0 00 00 00 
11-03 11:26:20.891   504   531 D vendor.visteon.skylark.hardware.automotive.vehicle@V1-visteon-service: SomeipCOmm :: RX Message [0/9d20]:service:bf ,Method:8025,payload:02 80 01 2e 28 b8 7f 0f c0 0c 00 
11-03 11:26:20.892   504   531 D vendor.visteon.skylark.hardware.automotive.vehicle@V1-visteon-service: SomeipCOmm :: RX Message [0/9d21]:service:bf ,Method:8051,payload:02 84 01 38 40 26 02 8b 00 2f 1c 
11-03 11:26:20.985   504   531 D vendor.visteon.skylark.hardware.automotive.vehicle@V1-visteon-service: SomeipCOmm :: RX Message [0/9d22]:service:bf ,Method:802a,payload:02 90 01 3d b4 a9 77 5a 00 00 00 
11-03 11:26:20.986   504   531 D vendor.visteon.skylark.hardware.automotive.vehicle@V1-visteon-service: SomeipCOmm :: RX Message [0/9d23]:service:bf ,Method:802f,payload:02 d0 01 8e 02 1b 60 00 00 00 00 
11-03 11:26:20.997   504   536 D vendor.visteon.skylark.hardware.automotive.vehicle@V1-visteon-service: TX Message SomeipComm::send  : service:193,method:3, response Payload: 04 
11-03 11:26:21.012   503   521 I UclDL_Impl: Inst Id : 0 ## Tx Msgs : 183779
11-03 11:26:21.012   503   521 I UclDL_Impl: Inst Id : 0 ## TxA Msgs : 171296
11-03 11:26:21.012   503   521 I UclDL_Impl: Inst Id : 0 ## TxA TO : 0
11-03 11:26:21.012   503   521 I UclDL_Impl: Inst Id : 0 ## Rx Msgs : 183780
11-03 11:26:21.012   503   521 I UclDL_Impl: Inst Id : 0 ## Rx HB Msgs : 16
11-03 11:26:21.012   503   521 I UclDL_Impl: Inst Id : 0 ## Tx Bps : 3864
11-03 11:26:21.012   503   521 I UclDL_Impl: Inst Id : 0 ## Rx Bps : 10000
11-03 11:26:21.012   503   521 I UclDL_Impl: Inst Id : 0  ## Avg Ack Latency : 9
11-03 11:26:21.086   504   531 D vendor.visteon.skylark.hardware.automotive.vehicle@V1-visteon-service: SomeipCOmm :: RX Message [0/9d24]:service:bf ,Method:800d,payload:01 06 01 2e 28 7d 58 3e 80 10 56 
11-03 11:26:21.087   504   531 D vendor.visteon.skylark.hardware.automotive.vehicle@V1-visteon-service: SomeipCOmm :: RX Message [0/9d25]:service:bf ,Method:800f,payload:01 15 01 00 b6 00 00 00 00 00 00 
11-03 11:26:21.088   504   531 D vendor.visteon.skylark.hardware.automotive.vehicle@V1-visteon-service: SomeipCOmm :: RX Message [0/9d26]:service:bf ,Method:8017,payload:01 97 01 34 d0 aa 37 ba 00 00 00 
11-03 11:26:21.089   504   531 D vendor.visteon.skylark.hardware.automotive.vehicle@V1-visteon-service: SomeipCOmm :: RX Message [0/9d27]:service:bf ,Method:8025,payload:02 80 01 2e 28 bc 7f 0f c0 0c 00 
11-03 11:26:21.090   504   531 D vendor.visteon.skylark.hardware.automotive.vehicle@V1-visteon-service: SomeipCOmm :: RX Message [0/9d28]:service:bf ,Method:8051,payload:02 84 01 38 40 26 02 8c 00 2f 1c 
11-03 11:26:21.185   504   531 D vendor.visteon.skylark.hardware.automotive.vehicle@V1-visteon-service: SomeipCOmm :: RX Message [0/9d29]:service:bf ,Method:802a,payload:02 90 01 5c fc 8b 6b d8 00 00 00 
11-03 11:26:21.186   504   531 D vendor.visteon.skylark.hardware.automotive.vehicle@V1-visteon-service: SomeipCOmm :: RX Message [0/9d2a]:service:bf ,Method:802f,payload:02 d0 01 8d 02 1b 60 00 00 00 00 
11-03 11:26:21.284   504   531 D vendor.visteon.skylark.hardware.automotive.vehicle@V1-visteon-service: SomeipCOmm :: RX Message [0/9d2b]:service:bf ,Method:800d,payload:01 06 01 2e 24 7d 58 3e 80 90 7f 
11-03 11:26:21.291   504   531 D vendor.visteon.skylark.hardware.automotive.vehicle@V1-visteon-service: SomeipCOmm :: RX Message [0/9d2c]:service:bf ,Method:800f,payload:01 15 01 00 b6 00 00 00 00 00 00 
11-03 11:26:21.291   504   531 D vendor.visteon.skylark.hardware.automotive.vehicle@V1-visteon-service: SomeipCOmm :: RX Message [0/9d2d]:service:bf ,Method:8017,payload:01 97 01 34 e0 e0 37 d4 00 00 00 
11-03 11:26:21.294   504   531 D vendor.visteon.skylark.hardware.automotive.vehicle@V1-visteon-service: SomeipCOmm :: RX Message [0/9d2e]:service:bf ,Method:8025,payload:02 80 01 2e 2c c1 7f 0f c0 0c 00 
11-03 11:26:21.296   504   531 D vendor.visteon.skylark.hardware.automotive.vehicle@V1-visteon-service: SomeipCOmm :: RX Message [0/9d2f]:service:bf ,Method:8051,payload:02 84 01 38 50 26 02 8c 00 2f 1c 
11-03 11:26:21.337   504   531 D vendor.visteon.skylark.hardware.automotive.vehicle@V1-visteon-service: SomeipCOmm :: RX Message [0/9d30]:service:c0 ,Method:8000,payload:04 
11-03 11:26:21.341   504   531 D vendor.visteon.skylark.hardware.automotive.vehicle@V1-visteon-service: SomeipCOmm :: RX Message [0/9d31]:service:c7 ,Method:80e5,payload:02 00 00 01 0f 40 5f 00 08 04 07 00 00 00 00 1e 00 00 00 00 09 00 00 00 00 02 01 02 0e 2f 04 83 01 d7 08 96 01 d9 02 eb 02 de 01 01 01 00 19 0b 03 0b 1a 13 19 79 8b 0d 09 0a e9 00 1f 1e b4 89 7f 00 07 00 0a 00 30 02 22 00 c2 00 00 00 00 00 00 00 00 01 00 06 00 00 00 00 00 00 00 00 00 00 00 01 00 00 00 00 00 00 32 00 00 04 07 0a 0f 14 00 a8 02 00 03 00 00 00 00 00 c0 00 02 00 00 c0 00 00 2b 02 95 02 8a 02 de 03 03 03 03 01 00 00 62 00 00 00 a5 00 00 00 00 05 d0 03 03 00 0b 0b 0b 00 00 00 00 00 00 00 00 00 00 00 00 00 00 00 00 00 00 00 00 00 00 00 00 00 00 00 00 00 00 00 00 00 00 00 00 00 00 00 
11-03 11:26:21.342   504   531 D vendor.visteon.skylark.hardware.automotive.vehicle@V1-visteon-service: SomeipCOmm :: RX Message [0/9d32]:service:c7 ,Method:80df,payload:08 04 02 02 01 02 00 00 00 00 00 00 00 00 00 03 00 00 00 00 00 00 00 00 00 00 00 00 00 00 00 00 00 00 00 00 00 00 00 00 00 00 00 00 00 00 00 00 00 00 00 00 00 00 00 00 00 00 00 00 00 00 00 00 00 00 00 00 00 00 00 00 00 00 00 00 00 00 00 00 00 00 00 00 00 00 00 00 00 00 00 00 00 00 00 00 00 00 00 00 
11-03 11:26:21.373   504   531 D vendor.visteon.skylark.hardware.automotive.vehicle@V1-visteon-service: SomeipCOmm :: RX Message [0/9d34]:service:c0 ,Method:8005,payload:03 03 03 03 00 00 00 03 03 01 03 03 03 03 00 00 00 00 00 00 
11-03 11:26:21.373   504   531 D vendor.visteon.skylark.hardware.automotive.vehicle@V1-visteon-service: PERIPHERAL_STATUS:: 03 03 03 03 00 00 00 03 03 01 03 03 03 03 00 00 00 00 00 00 
11-03 11:26:21.389   504   531 D vendor.visteon.skylark.hardware.automotive.vehicle@V1-visteon-service: SomeipCOmm :: RX Message [0/9d35]:service:bf ,Method:802a,payload:02 90 01 7c 04 5d 60 55 00 00 00 
11-03 11:26:21.389   611   620 I UclDL_Impl_VIP: TxA TO : 33
11-03 11:26:21.389   611   620 I UclDL_Impl_VIP: Avg Ack Latency : 8
11-03 11:26:21.389   611   620 I UclDL_Impl_VIP: pollingCntr : 1114495
11-03 11:26:21.389   611   620 I UclDL_Impl_TCU: VIP-TCU - txBps : 3744
11-03 11:26:21.389   611   620 I UclDL_Impl_TCU: VIP-TCU - rxBps : 1952
11-03 11:26:21.389   611   620 I UclDL_Impl_TCU: VIP-TCU - txAckTmo : 193
11-03 11:26:21.390   504   531 D vendor.visteon.skylark.hardware.automotive.vehicle@V1-visteon-service: SomeipCOmm :: RX Message [0/9d36]:service:bf ,Method:802f,payload:02 d0 01 8e 02 1b 60 00 00 00 00 
11-03 11:26:21.485   504   531 D vendor.visteon.skylark.hardware.automotive.vehicle@V1-visteon-service: SomeipCOmm :: RX Message [0/9d38]:service:bf ,Method:800d,payload:01 06 01 2e 44 7d 56 3e 80 10 d4 
11-03 11:26:21.490   504   531 D vendor.visteon.skylark.hardware.automotive.vehicle@V1-visteon-service: SomeipCOmm :: RX Message [0/9d39]:service:bf ,Method:800f,payload:01 15 01 00 b6 00 00 00 00 00 00 
11-03 11:26:21.491   504   531 D vendor.visteon.skylark.hardware.automotive.vehicle@V1-visteon-service: SomeipCOmm :: RX Message [0/9d3a]:service:bf ,Method:8017,payload:01 97 01 35 00 1e 37 fe 00 00 00 
11-03 11:26:21.493   504   531 D vendor.visteon.skylark.hardware.automotive.vehicle@V1-visteon-service: SomeipCOmm :: RX Message [0/9d3b]:service:bf ,Method:8025,payload:02 80 01 2e 20 c5 7f 0f c0 0c 00 
11-03 11:26:21.589   504   531 D vendor.visteon.skylark.hardware.automotive.vehicle@V1-visteon-service: SomeipCOmm :: RX Message [0/9d3c]:service:bf ,Method:802a,payload:02 90 01 9b 4c 2f 54 d3 00 00 00 
11-03 11:26:21.590   504   531 D vendor.visteon.skylark.hardware.automotive.vehicle@V1-visteon-service: SomeipCOmm :: RX Message [0/9d3d]:service:bf ,Method:802f,payload:02 d0 01 8d 02 1b 60 00 00 00 00 
11-03 11:26:21.592   504  2961 D vendor.visteon.skylark.hardware.automotive.vehicle@V1-visteon-service: TX Message SomeipComm::send  : service:194,method:5, response Payload: 02 c9 92 06 00 00 c0 00 42 04 
11-03 11:26:21.691   504   531 D vendor.visteon.skylark.hardware.automotive.vehicle@V1-visteon-service: SomeipCOmm :: RX Message [0/9d3e]:service:bf ,Method:800d,payload:01 06 01 2e 50 7d 54 3e 80 b0 43 
11-03 11:26:21.692   504   531 D vendor.visteon.skylark.hardware.automotive.vehicle@V1-visteon-service: SomeipCOmm :: RX Message [0/9d3f]:service:bf ,Method:800f,payload:01 15 01 00 a4 00 00 00 00 00 00 
11-03 11:26:21.693   504   531 D vendor.visteon.skylark.hardware.automotive.vehicle@V1-visteon-service: SomeipCOmm :: RX Message [0/9d40]:service:bf ,Method:8017,payload:01 97 01 35 20 99 38 18 00 00 00 
11-03 11:26:21.694   504   531 D vendor.visteon.skylark.hardware.automotive.vehicle@V1-visteon-service: SomeipCOmm :: RX Message [0/9d41]:service:bf ,Method:8025,payload:02 80 01 2e 20 ca 7f 0f c0 0c 00 
11-03 11:26:21.703   504   531 D vendor.visteon.skylark.hardware.automotive.vehicle@V1-visteon-service: SomeipCOmm :: RX Message [0/9d42]:service:bf ,Method:8051,payload:02 84 01 38 40 26 02 8c 00 2f 1c 
11-03 11:26:21.789   504   531 D vendor.visteon.skylark.hardware.automotive.vehicle@V1-visteon-service: SomeipCOmm :: RX Message [0/9d43]:service:bf ,Method:802a,payload:02 90 01 ba d4 01 4d 50 00 00 00 
11-03 11:26:21.821   504   531 D vendor.visteon.skylark.hardware.automotive.vehicle@V1-visteon-service: SomeipCOmm :: RX Message [0/9d44]:service:c7 ,Method:80e2,payload:15 1a 0b 01 03 0a 19 01 
11-03 11:26:21.890   504   531 D vendor.visteon.skylark.hardware.automotive.vehicle@V1-visteon-service: SomeipCOmm :: RX Message [0/9d46]:service:bf ,Method:800d,payload:01 06 01 2e 48 7c 53 3e 80 30 e5 
11-03 11:26:21.892   504   531 D vendor.visteon.skylark.hardware.automotive.vehicle@V1-visteon-service: SomeipCOmm :: RX Message [0/9d47]:service:bf ,Method:800f,payload:01 15 01 00 88 00 00 00 00 00 00 
11-03 11:26:21.896   504   531 D vendor.visteon.skylark.hardware.automotive.vehicle@V1-visteon-service: SomeipCOmm :: RX Message [0/9d48]:service:bf ,Method:8017,payload:01 97 01 35 50 c0 38 42 00 00 00 
11-03 11:26:21.901   504   531 D vendor.visteon.skylark.hardware.automotive.vehicle@V1-visteon-service: SomeipCOmm :: RX Message [0/9d49]:service:bf ,Method:8025,payload:02 80 01 2e 3c cf 7f 0f c0 0c 00 
11-03 11:26:21.990   504   531 D vendor.visteon.skylark.hardware.automotive.vehicle@V1-visteon-service: SomeipCOmm :: RX Message [0/9d4a]:service:bf ,Method:802a,payload:02 90 01 da 1b d3 45 ce 00 00 00 
11-03 11:26:21.998   504   536 D vendor.visteon.skylark.hardware.automotive.vehicle@V1-visteon-service: TX Message SomeipComm::send  : service:193,method:3, response Payload: 04 
11-03 11:26:22.012   503   521 I UclDL_Impl: Inst Id : 0 ## Tx Msgs : 183820
11-03 11:26:22.012   503   521 I UclDL_Impl: Inst Id : 0 ## TxA Msgs : 171335
11-03 11:26:22.013   503   521 I UclDL_Impl: Inst Id : 0 ## TxA TO : 0
11-03 11:26:22.013   503   521 I UclDL_Impl: Inst Id : 0 ## Rx Msgs : 183821
11-03 11:26:22.013   503   521 I UclDL_Impl: Inst Id : 0 ## Rx HB Msgs : 16
11-03 11:26:22.013   503   521 I UclDL_Impl: Inst Id : 0 ## Tx Bps : 3384
11-03 11:26:22.013   503   521 I UclDL_Impl: Inst Id : 0 ## Rx Bps : 9088
11-03 11:26:22.013   503   521 I UclDL_Impl: Inst Id : 0  ## Avg Ack Latency : 10
11-03 11:26:22.090   504   531 D vendor.visteon.skylark.hardware.automotive.vehicle@V1-visteon-service: SomeipCOmm :: RX Message [0/9d4b]:service:bf ,Method:800d,payload:01 06 01 2e 48 7d 52 3e 80 b0 34 
11-03 11:26:22.091   504   531 D vendor.visteon.skylark.hardware.automotive.vehicle@V1-visteon-service: SomeipCOmm :: RX Message [0/9d4c]:service:bf ,Method:800f,payload:01 15 01 00 9e 00 00 00 00 00 00 
11-03 11:26:22.093   504   531 D vendor.visteon.skylark.hardware.automotive.vehicle@V1-visteon-service: SomeipCOmm :: RX Message [0/9d4d]:service:bf ,Method:8017,payload:01 97 01 35 30 54 38 2c 00 00 00 
11-03 11:26:22.101   504   531 D vendor.visteon.skylark.hardware.automotive.vehicle@V1-visteon-service: SomeipCOmm :: RX Message [0/9d4e]:service:bf ,Method:8025,payload:02 80 01 2e 4c d3 7f 0f c0 0c 00 
11-03 11:26:22.103   504   531 D vendor.visteon.skylark.hardware.automotive.vehicle@V1-visteon-service: SomeipCOmm :: RX Message [0/9d4f]:service:bf ,Method:8051,payload:02 84 01 38 40 26 02 8b 00 2f 1c 
11-03 11:26:22.189   504   531 D vendor.visteon.skylark.hardware.automotive.vehicle@V1-visteon-service: SomeipCOmm :: RX Message [0/9d50]:service:bf ,Method:802a,payload:02 90 01 f9 63 a5 3a 4b 00 00 00 
11-03 11:26:22.190   504   531 D vendor.visteon.skylark.hardware.automotive.vehicle@V1-visteon-service: SomeipCOmm :: RX Message [0/9d51]:service:bf ,Method:8058,payload:02 b7 01 69 96 69 96 4b c1 70 00 
11-03 11:26:22.217   504   531 D vendor.visteon.skylark.hardware.automotive.vehicle@V1-visteon-service: SomeipCOmm :: RX Message [0/9d52]:service:bf ,Method:8034,payload:03 a0 01 00 03 d4 e5 85 a6 58 ca 
11-03 11:26:22.289   504   531 D vendor.visteon.skylark.hardware.automotive.vehicle@V1-visteon-service: SomeipCOmm :: RX Message [0/9d53]:service:bf ,Method:800d,payload:01 06 01 2e 44 7d 52 3e 80 30 1d 
11-03 11:26:22.294   504   531 D vendor.visteon.skylark.hardware.automotive.vehicle@V1-visteon-service: SomeipCOmm :: RX Message [0/9d54]:service:bf ,Method:800f,payload:01 15 01 00 ac 00 00 00 00 00 00 
11-03 11:26:22.295   504   531 D vendor.visteon.skylark.hardware.automotive.vehicle@V1-visteon-service: SomeipCOmm :: RX Message [0/9d55]:service:bf ,Method:8017,payload:01 97 01 35 30 54 38 26 00 00 00 
11-03 11:26:22.296   504   531 D vendor.visteon.skylark.hardware.automotive.vehicle@V1-visteon-service: SomeipCOmm :: RX Message [0/9d56]:service:bf ,Method:8025,payload:02 80 01 2e 54 d8 7f 0f c0 0c 00 
11-03 11:26:22.297   504   531 D vendor.visteon.skylark.hardware.automotive.vehicle@V1-visteon-service: SomeipCOmm :: RX Message [0/9d57]:service:bf ,Method:8035,payload:03 a1 01 00 03 d4 e5 81 95 69 96 
11-03 11:26:22.298   504   531 D vendor.visteon.skylark.hardware.automotive.vehicle@V1-visteon-service: SomeipCOmm :: RX Message [0/9d58]:service:bf ,Method:8051,payload:02 84 01 38 40 26 02 8b 00 2f 1c 
11-03 11:26:22.346   504   531 D vendor.visteon.skylark.hardware.automotive.vehicle@V1-visteon-service: SomeipCOmm :: RX Message [0/9d59]:service:c0 ,Method:8000,payload:04 
11-03 11:26:22.350   504   531 D vendor.visteon.skylark.hardware.automotive.vehicle@V1-visteon-service: SomeipCOmm :: RX Message [0/9d5a]:service:c7 ,Method:80e5,payload:02 00 00 01 0f 40 5f 00 08 04 07 00 00 00 00 1e 00 00 00 00 09 00 00 00 00 02 01 02 0e 46 04 b3 01 b1 08 94 01 d8 02 eb 02 e5 01 01 01 00 19 0b 03 0b 1a 14 19 79 83 0d 09 0a e9 00 1e 1e b4 89 7f 00 07 00 0a 00 30 02 22 00 c2 00 00 00 00 00 00 00 00 01 00 06 00 00 00 00 00 00 00 00 00 00 00 01 00 00 00 00 00 00 32 00 00 04 07 0a 0f 14 00 a8 02 00 03 00 00 00 00 00 c0 00 02 00 00 c0 00 00 2b 02 a2 02 ba 02 e0 03 03 03 03 01 00 00 62 00 00 00 a5 00 00 00 00 05 d4 03 03 00 0b 0b 0b 00 00 00 00 00 00 00 00 00 00 00 00 00 00 00 00 00 00 00 00 00 00 00 00 00 00 00 00 00 00 00 00 00 00 00 00 00 00 00 
11-03 11:26:22.353   504   531 D vendor.visteon.skylark.hardware.automotive.vehicle@V1-visteon-service: SomeipCOmm :: RX Message [0/9d5b]:service:c7 ,Method:80df,payload:08 04 02 02 01 02 00 00 00 00 00 00 00 00 00 03 00 00 00 00 00 00 00 00 00 00 00 00 00 00 00 00 00 00 00 00 00 00 00 00 00 00 00 00 00 00 00 00 00 00 00 00 00 00 00 00 00 00 00 00 00 00 00 00 00 00 00 00 00 00 00 00 00 00 00 00 00 00 00 00 00 00 00 00 00 00 00 00 00 00 00 00 00 00 00 00 00 00 00 00 
11-03 11:26:22.379   504   531 D vendor.visteon.skylark.hardware.automotive.vehicle@V1-visteon-service: SomeipCOmm :: RX Message [0/9d5d]:service:c0 ,Method:8005,payload:03 03 03 03 00 00 00 03 03 01 03 03 03 03 00 00 00 00 00 00 
11-03 11:26:22.381   504   531 D vendor.visteon.skylark.hardware.automotive.vehicle@V1-visteon-service: PERIPHERAL_STATUS:: 03 03 03 03 00 00 00 03 03 01 03 03 03 03 00 00 00 00 00 00 
11-03 11:26:22.394   611   620 I UclDL_Impl_VIP: TxA TO : 33
11-03 11:26:22.395   611   620 I UclDL_Impl_VIP: Avg Ack Latency : 9
11-03 11:26:22.395   611   620 I UclDL_Impl_VIP: pollingCntr : 1114745
11-03 11:26:22.395   611   620 I UclDL_Impl_TCU: VIP-TCU - txBps : 2672
11-03 11:26:22.395   611   620 I UclDL_Impl_TCU: VIP-TCU - rxBps : 1336
11-03 11:26:22.395   611   620 I UclDL_Impl_TCU: VIP-TCU - txAckTmo : 193
11-03 11:26:22.395   504   531 D vendor.visteon.skylark.hardware.automotive.vehicle@V1-visteon-service: SomeipCOmm :: RX Message [0/9d5e]:service:bf ,Method:802a,payload:02 90 01 18 eb 87 32 c9 00 00 00 
11-03 11:26:22.395   504   531 D vendor.visteon.skylark.hardware.automotive.vehicle@V1-visteon-service: SomeipCOmm :: RX Message [0/9d5f]:service:bf ,Method:802f,payload:02 d0 01 8d 02 1b 60 00 00 00 00 
11-03 11:26:22.396   504   531 D vendor.visteon.skylark.hardware.automotive.vehicle@V1-visteon-service: SomeipCOmm :: RX Message [0/9d60]:service:bf ,Method:803a,payload:03 a2 01 00 03 d3 ef 25 a6 5a 58 
11-03 11:26:22.493   504   531 D vendor.visteon.skylark.hardware.automotive.vehicle@V1-visteon-service: SomeipCOmm :: RX Message [0/9d62]:service:bf ,Method:800d,payload:01 06 01 2e 3c 7c 4e 3e 80 b0 c0 
11-03 11:26:22.497   504   531 D vendor.visteon.skylark.hardware.automotive.vehicle@V1-visteon-service: SomeipCOmm :: RX Message [0/9d63]:service:bf ,Method:800f,payload:01 15 01 00 b6 00 00 00 00 00 00 
11-03 11:26:22.498   504   531 D vendor.visteon.skylark.hardware.automotive.vehicle@V1-visteon-service: SomeipCOmm :: RX Message [0/9d64]:service:bf ,Method:8017,payload:01 97 01 35 30 54 38 20 00 00 00 
11-03 11:26:22.498   504   531 D vendor.visteon.skylark.hardware.automotive.vehicle@V1-visteon-service: SomeipCOmm :: RX Message [0/9d65]:service:bf ,Method:8025,payload:02 80 01 2e 58 dc 7f 0f c0 0c 00 
11-03 11:26:22.499   504   531 D vendor.visteon.skylark.hardware.automotive.vehicle@V1-visteon-service: SomeipCOmm :: RX Message [0/9d66]:service:bf ,Method:8051,payload:02 84 01 38 40 26 02 8c 00 2f 1c 
11-03 11:26:22.557   504  2961 D vendor.visteon.skylark.hardware.automotive.vehicle@V1-visteon-service: TX Message SomeipComm::send  : service:194,method:5, response Payload: 02 c9 92 06 00 00 c0 00 42 05 
11-03 11:26:22.593   504   531 D vendor.visteon.skylark.hardware.automotive.vehicle@V1-visteon-service: SomeipCOmm :: RX Message [0/9d67]:service:bf ,Method:802a,payload:02 90 01 38 33 59 2b 47 00 00 00 
11-03 11:26:22.695   504   531 D vendor.visteon.skylark.hardware.automotive.vehicle@V1-visteon-service: SomeipCOmm :: RX Message [0/9d68]:service:bf ,Method:800d,payload:01 06 01 2e 48 7c 4a 3e 80 30 c1 
11-03 11:26:22.696   504   531 D vendor.visteon.skylark.hardware.automotive.vehicle@V1-visteon-service: SomeipCOmm :: RX Message [0/9d69]:service:bf ,Method:800f,payload:01 15 01 00 ba 00 00 00 00 00 00 
11-03 11:26:22.698   504   531 D vendor.visteon.skylark.hardware.automotive.vehicle@V1-visteon-service: SomeipCOmm :: RX Message [0/9d6a]:service:bf ,Method:8017,payload:01 97 01 35 40 0d 38 3a 00 00 00 
11-03 11:26:22.700   504   531 D vendor.visteon.skylark.hardware.automotive.vehicle@V1-visteon-service: SomeipCOmm :: RX Message [0/9d6b]:service:bf ,Method:8025,payload:02 80 01 2e 48 e1 7f 0f c0 0c 00 
11-03 11:26:22.795   504   531 D vendor.visteon.skylark.hardware.automotive.vehicle@V1-visteon-service: SomeipCOmm :: RX Message [0/9d6c]:service:bf ,Method:802a,payload:02 90 01 57 bb 3b 23 c5 00 00 00 
11-03 11:26:22.797   504   531 D vendor.visteon.skylark.hardware.automotive.vehicle@V1-visteon-service: SomeipCOmm :: RX Message [0/9d6d]:service:bf ,Method:802f,payload:02 d0 01 8e 02 1b 60 00 00 00 00 
11-03 11:26:22.798   504   531 D vendor.visteon.skylark.hardware.automotive.vehicle@V1-visteon-service: SomeipCOmm :: RX Message [0/9d6e]:service:bf ,Method:8059,payload:02 b9 01 19 46 55 00 00 30 49 68 
11-03 11:26:22.827   504   531 D vendor.visteon.skylark.hardware.automotive.vehicle@V1-visteon-service: SomeipCOmm :: RX Message [0/9d6f]:service:c7 ,Method:80e2,payload:16 1a 0b 01 03 0a 19 01 
11-03 11:26:22.895   504   531 D vendor.visteon.skylark.hardware.automotive.vehicle@V1-visteon-service: SomeipCOmm :: RX Message [0/9d71]:service:bf ,Method:800d,payload:01 06 01 2e 68 7d 4a 3e 80 b0 a5 
11-03 11:26:22.896   504   531 D vendor.visteon.skylark.hardware.automotive.vehicle@V1-visteon-service: SomeipCOmm :: RX Message [0/9d72]:service:bf ,Method:800f,payload:01 15 01 00 b2 00 00 00 00 00 00 
11-03 11:26:22.900   504   531 D vendor.visteon.skylark.hardware.automotive.vehicle@V1-visteon-service: SomeipCOmm :: RX Message [0/9d73]:service:bf ,Method:8017,payload:01 97 01 35 30 54 38 24 00 00 00 
11-03 11:26:22.902   504   531 D vendor.visteon.skylark.hardware.automotive.vehicle@V1-visteon-service: SomeipCOmm :: RX Message [0/9d74]:service:bf ,Method:8025,payload:02 80 01 2e 44 e5 7f 0f c0 0c 00 
11-03 11:26:22.903   504   531 D vendor.visteon.skylark.hardware.automotive.vehicle@V1-visteon-service: SomeipCOmm :: RX Message [0/9d75]:service:bf ,Method:8051,payload:02 84 01 38 40 26 02 8c 00 2f 1c 
11-03 11:26:22.985   504   531 D vendor.visteon.skylark.hardware.automotive.vehicle@V1-visteon-service: SomeipCOmm :: RX Message [0/9d76]:service:bf ,Method:8036,payload:03 a3 01 00 00 00 1b 40 00 01 74 
11-03 11:26:22.993   504   531 D vendor.visteon.skylark.hardware.automotive.vehicle@V1-visteon-service: SomeipCOmm :: RX Message [0/9d77]:service:bf ,Method:802a,payload:02 90 01 77 03 1d 14 42 00 00 00 
11-03 11:26:22.997   504   531 D vendor.visteon.skylark.hardware.automotive.vehicle@V1-visteon-service: SomeipCOmm :: RX Message [0/9d78]:service:bf ,Method:802f,payload:02 d0 01 8d 02 1b 60 00 00 00 00 
11-03 11:26:22.999   504   536 D vendor.visteon.skylark.hardware.automotive.vehicle@V1-visteon-service: TX Message SomeipComm::send  : service:193,method:3, response Payload: 04 
11-03 11:26:23.016   503   521 I UclDL_Impl: Inst Id : 0 ## Tx Msgs : 183868
11-03 11:26:23.016   503   521 I UclDL_Impl: Inst Id : 0 ## TxA Msgs : 171381
11-03 11:26:23.016   503   521 I UclDL_Impl: Inst Id : 0 ## TxA TO : 0
11-03 11:26:23.016   503   521 I UclDL_Impl: Inst Id : 0 ## Rx Msgs : 183869
