01-01 02:25:28.864   489   509 I UclDL_Impl: Inst Id : 0 ## Rx HB Msgs : 21
01-01 02:25:28.864   489   509 I UclDL_Impl: Inst Id : 0 ## Tx Bps : 1688
01-01 02:25:28.864   489   509 I UclDL_Impl: Inst Id : 0 ## Rx Bps : 5448
01-01 02:25:28.864   489   509 I UclDL_Impl: Inst Id : 0  ## Avg Ack Latency : 8
01-01 02:25:28.876   490   539 D vendor.visteon.skylark.hardware.automotive.vehicle@V1-visteon-service: TX Message SomeipComm::send  : service:193,method:3, response Payload: 04 
01-01 02:25:28.916   490   541 D vendor.visteon.skylark.hardware.automotive.vehicle@V1-visteon-service: SomeipCOmm :: RX Message [0/151]:service:c0 ,Method:8000,payload:04 
01-01 02:25:28.922   490   541 D vendor.visteon.skylark.hardware.automotive.vehicle@V1-visteon-service: SomeipCOmm :: RX Message [0/152]:service:c7 ,Method:80e5,payload:02 00 00 01 0f 40 3e 00 08 04 16 00 00 00 00 1e 00 00 00 00 09 00 00 00 00 02 01 01 0e 2d 04 bc 01 a1 06 af 01 d7 02 e9 02 c7 01 00 00 00 00 01 01 02 19 1d 1b 79 8b 0d 19 0a e9 00 1e 1e b8 89 7f 00 07 00 0a 00 20 02 22 00 c2 00 00 00 00 00 00 00 00 01 00 07 00 00 00 00 00 00 00 00 00 00 00 01 00 01 00 00 00 00 32 00 00 04 07 0a 0f 14 00 a8 02 00 03 00 00 00 00 00 c0 00 02 00 00 c0 00 00 00 02 cd 02 c2 02 cb 03 03 03 03 01 00 00 62 00 00 00 a5 00 00 00 00 0e cb 03 00 01 00 0b 0b 0b a5 07 04 f2 33 30 34 34 00 00 00 00 00 00 00 00 00 00 00 00 00 00 00 00 00 00 00 00 00 00 00 00 00 00 00 00 00 00 
01-01 02:25:28.923   490   541 D vendor.visteon.skylark.hardware.automotive.vehicle@V1-visteon-service: SomeipCOmm :: RX Message [0/153]:service:c7 ,Method:80df,payload:08 04 02 02 01 02 00 00 00 00 00 00 00 00 00 03 00 00 00 00 00 00 00 00 00 00 00 00 00 00 00 00 00 00 00 00 00 00 00 00 00 00 00 00 00 00 00 00 00 00 00 00 00 00 00 00 00 00 00 00 00 00 00 00 00 00 00 00 00 00 00 00 00 00 00 00 00 00 00 00 00 00 00 00 00 00 00 00 00 00 00 00 00 00 00 00 00 00 00 00 
01-01 02:25:29.128   490   541 D vendor.visteon.skylark.hardware.automotive.vehicle@V1-visteon-service: SomeipCOmm :: RX Message [0/155]:service:c7 ,Method:80e2,payload:1e 19 02 05 01 00 00 01 
01-01 02:25:29.179   490   490 D vendor.visteon.skylark.hardware.automotive.vehicle@V1-visteon-service: TX Message SomeipComm::send  : service:194,method:4, response Payload: 02 c0 00 00 00 00 00 00 00 00 00 
01-01 02:25:29.181   490   490 D vendor.visteon.skylark.hardware.automotive.vehicle@V1-visteon-service: TX Message SomeipComm::send  : service:194,method:4, response Payload: 02 c0 0c 00 63 00 00 00 00 00 00 
01-01 02:25:29.183   490   490 D vendor.visteon.skylark.hardware.automotive.vehicle@V1-visteon-service: TX Message SomeipComm::send  : service:194,method:4, response Payload: 02 c0 0d 01 00 00 00 00 00 00 00 
01-01 02:25:29.568   490   538 D vendor.visteon.skylark.hardware.automotive.vehicle@V1-visteon-service: VHAL_SINGLEMSGSUBSCRIPTIONREQUEST:: 01 df 
01-01 02:25:29.568   490   538 D vendor.visteon.skylark.hardware.automotive.vehicle@V1-visteon-service: TX Message SomeipComm::send  : service:194,method:2, response Payload: 01 df 
01-01 02:25:29.599   490   538 D vendor.visteon.skylark.hardware.automotive.vehicle@V1-visteon-service: VHAL_SINGLEMSGSUBSCRIPTIONREQUEST:: 02 80 
01-01 02:25:29.599   490   538 D vendor.visteon.skylark.hardware.automotive.vehicle@V1-visteon-service: TX Message SomeipComm::send  : service:194,method:2, response Payload: 02 80 
01-01 02:25:29.600   490   541 D vendor.visteon.skylark.hardware.automotive.vehicle@V1-visteon-service: SomeipCOmm :: RX Message [0/157]:service:c0 ,Method:8005,payload:03 03 03 03 03 03 03 03 03 01 03 03 03 00 00 00 00 00 00 00 
01-01 02:25:29.601   490   541 D vendor.visteon.skylark.hardware.automotive.vehicle@V1-visteon-service: PERIPHERAL_STATUS:: 03 03 03 03 03 03 03 03 03 01 03 03 03 00 00 00 00 00 00 00 
01-01 02:25:29.712   490   541 D vendor.visteon.skylark.hardware.automotive.vehicle@V1-visteon-service: SomeipCOmm :: RX Message [0/15e]:service:bf ,Method:8008,payload:03 a2 01 
01-01 02:25:29.860   490   541 D vendor.visteon.skylark.hardware.automotive.vehicle@V1-visteon-service: SomeipCOmm :: RX Message [0/162]:service:bf ,Method:8008,payload:01 06 01 
01-01 02:25:29.862   490   541 D vendor.visteon.skylark.hardware.automotive.vehicle@V1-visteon-service: SomeipCOmm :: RX Message [0/163]:service:bf ,Method:800d,payload:01 06 00 00 00 7d 00 00 00 00 00 
01-01 02:25:29.941   490   538 D vendor.visteon.skylark.hardware.automotive.vehicle@V1-visteon-service: VHAL_SINGLEMSGSUBSCRIPTIONREQUEST:: 02 bc 
01-01 02:25:29.941   490   538 D vendor.visteon.skylark.hardware.automotive.vehicle@V1-visteon-service: TX Message SomeipComm::send  : service:194,method:2, response Payload: 02 bc 
01-01 02:25:30.283   490   538 D vendor.visteon.skylark.hardware.automotive.vehicle@V1-visteon-service: VHAL_SINGLEMSGSUBSCRIPTIONREQUEST:: 01 c4 
01-01 02:25:30.283   490   538 D vendor.visteon.skylark.hardware.automotive.vehicle@V1-visteon-service: TX Message SomeipComm::send  : service:194,method:2, response Payload: 01 c4 
01-01 02:25:30.292   490   541 D vendor.visteon.skylark.hardware.automotive.vehicle@V1-visteon-service: SomeipCOmm :: RX Message [0/178]:service:bf ,Method:8008,payload:01 c4 01 
01-01 02:25:30.312   490   490 D vendor.visteon.skylark.hardware.automotive.vehicle@V1-visteon-service: TX Message SomeipComm::send  : service:166,method:16, response Payload: 01 
01-01 02:25:30.355   490   550 D vendor.visteon.skylark.hardware.automotive.vehicle@V1-visteon-service: TX Message SomeipComm::send  : service:194,method:4, response Payload: 02 c0 0e 19 00 00 00 00 00 00 00 
01-01 02:25:30.356   490   550 D vendor.visteon.skylark.hardware.automotive.vehicle@V1-visteon-service: TX Message SomeipComm::send  : service:194,method:4, response Payload: 02 c4 00 00 00 00 00 00 00 00 00 
01-01 02:25:30.473   490   538 D vendor.visteon.skylark.hardware.automotive.vehicle@V1-visteon-service: VHAL_SINGLEMSGSUBSCRIPTIONREQUEST:: 02 e2 
01-01 02:25:30.473   490   538 D vendor.visteon.skylark.hardware.automotive.vehicle@V1-visteon-service: TX Message SomeipComm::send  : service:194,method:2, response Payload: 02 e2 
01-01 02:25:30.488   490   541 D vendor.visteon.skylark.hardware.automotive.vehicle@V1-visteon-service: SomeipCOmm :: RX Message [0/179]:service:bf ,Method:8008,payload:02 e2 01 
01-01 02:25:30.488   490   541 D vendor.visteon.skylark.hardware.automotive.vehicle@V1-visteon-service: SomeipCOmm :: RX Message [0/17a]:service:bf ,Method:8032,payload:02 e2 00 00 00 00 00 4f 62 d0 00 
01-01 02:25:30.572   490   538 D vendor.visteon.skylark.hardware.automotive.vehicle@V1-visteon-service: VHAL_SINGLEMSGSUBSCRIPTIONREQUEST:: 02 a1 
01-01 02:25:30.572   490   538 D vendor.visteon.skylark.hardware.automotive.vehicle@V1-visteon-service: TX Message SomeipComm::send  : service:194,method:2, response Payload: 02 a1 
01-01 02:25:30.592   490   541 D vendor.visteon.skylark.hardware.automotive.vehicle@V1-visteon-service: SomeipCOmm :: RX Message [0/17b]:service:bf ,Method:8008,payload:02 a1 01 
01-01 02:25:30.604   490   541 D vendor.visteon.skylark.hardware.automotive.vehicle@V1-visteon-service: SomeipCOmm :: RX Message [0/17c]:service:c0 ,Method:8005,payload:03 03 03 03 03 03 03 03 03 01 03 03 03 00 00 00 00 00 00 00 
01-01 02:25:30.604   490   541 D vendor.visteon.skylark.hardware.automotive.vehicle@V1-visteon-service: PERIPHERAL_STATUS:: 03 03 03 03 03 03 03 03 03 01 03 03 03 00 00 00 00 00 00 00 
01-01 02:25:30.612   668   676 I UclDL_Impl_VIP: TxA TO : 33
01-01 02:25:30.612   668   676 I UclDL_Impl_VIP: Avg Ack Latency : 8
01-01 02:25:30.612   668   676 I UclDL_Impl_VIP: pollingCntr : 8242
01-01 02:25:30.612   668   676 I UclDL_Impl_TCU: VIP-TCU - txBps : 392
01-01 02:25:30.612   668   676 I UclDL_Impl_TCU: VIP-TCU - rxBps : 272
01-01 02:25:30.612   668   676 I UclDL_Impl_TCU: VIP-TCU - txAckTmo : 1
01-01 02:25:30.628   490   541 D vendor.visteon.skylark.hardware.automotive.vehicle@V1-visteon-service: SomeipCOmm :: RX Message [0/17f]:service:bf ,Method:8057,payload:02 a1 01 00 03 00 00 00 00 00 00 
01-01 02:25:30.875   489   509 I UclDL_Impl: Inst Id : 0 ## Tx Msgs : 497
01-01 02:25:30.875   489   509 I UclDL_Impl: Inst Id : 0 ## TxA Msgs : 382
01-01 02:25:30.875   489   509 I UclDL_Impl: Inst Id : 0 ## TxA TO : 0
01-01 02:25:30.875   489   509 I UclDL_Impl: Inst Id : 0 ## Rx Msgs : 498
01-01 02:25:30.875   489   509 I UclDL_Impl: Inst Id : 0 ## Rx HB Msgs : 22
01-01 02:25:30.876   489   509 I UclDL_Impl: Inst Id : 0 ## Tx Bps : 4744
01-01 02:25:30.876   489   509 I UclDL_Impl: Inst Id : 0 ## Rx Bps : 8208
01-01 02:25:30.876   489   509 I UclDL_Impl: Inst Id : 0  ## Avg Ack Latency : 9
01-01 02:25:30.877   490   539 D vendor.visteon.skylark.hardware.automotive.vehicle@V1-visteon-service: TX Message SomeipComm::send  : service:193,method:3, response Payload: 04 
01-01 02:25:30.924   490   541 D vendor.visteon.skylark.hardware.automotive.vehicle@V1-visteon-service: SomeipCOmm :: RX Message [0/180]:service:c0 ,Method:8000,payload:04 
01-01 02:25:30.929   490   541 D vendor.visteon.skylark.hardware.automotive.vehicle@V1-visteon-service: SomeipCOmm :: RX Message [0/181]:service:c7 ,Method:80e5,payload:02 00 00 01 0f 40 3e 00 08 04 16 00 00 00 00 1e 00 00 00 00 09 00 00 00 00 02 01 01 0e 2c 04 b9 01 a4 06 a7 01 d7 02 e9 02 d6 01 00 00 00 00 01 01 02 19 1f 1b 79 8f 0d 19 0a e9 00 1e 1e b6 89 7f 00 07 00 0a 00 20 02 22 00 c2 00 00 00 00 00 00 00 00 01 00 07 00 00 00 00 00 00 00 00 00 00 00 01 00 01 00 00 00 00 32 00 00 04 07 0a 0f 14 00 a8 02 00 03 00 00 00 00 00 c0 00 02 00 00 c0 00 00 00 02 d7 02 c8 02 cf 03 03 03 03 01 00 00 62 00 00 00 a5 00 00 00 00 0e ca 03 00 01 00 0b 0b 0b a5 07 04 f2 33 30 34 34 00 00 00 00 00 00 00 00 00 00 00 00 00 00 00 00 00 00 00 00 00 00 00 00 00 00 00 00 00 00 
01-01 02:25:30.930   490   541 D vendor.visteon.skylark.hardware.automotive.vehicle@V1-visteon-service: SomeipCOmm :: RX Message [0/182]:service:c7 ,Method:80df,payload:08 04 02 02 01 02 00 00 00 00 00 00 00 00 00 03 00 00 00 00 00 00 00 00 00 00 00 00 00 00 00 00 00 00 00 00 00 00 00 00 00 00 00 00 00 00 00 00 00 00 00 00 00 00 00 00 00 00 00 00 00 00 00 00 00 00 00 00 00 00 00 00 00 00 00 00 00 00 00 00 00 00 00 00 00 00 00 00 00 00 00 00 00 00 00 00 00 00 00 00 
01-01 02:25:30.938   490   548 D vendor.visteon.skylark.hardware.automotive.vehicle@V1-visteon-service: TX Message SomeipComm::send  : service:194,method:4, response Payload: 02 c0 00 00 00 00 00 00 00 00 00 
01-01 02:25:30.940   490   548 D vendor.visteon.skylark.hardware.automotive.vehicle@V1-visteon-service: TX Message SomeipComm::send  : service:194,method:4, response Payload: 02 c0 0c 00 63 00 00 00 00 00 00 
01-01 02:25:30.942   490   548 D vendor.visteon.skylark.hardware.automotive.vehicle@V1-visteon-service: TX Message SomeipComm::send  : service:194,method:4, response Payload: 02 c0 0d 01 00 00 00 00 00 00 00 
01-01 02:25:31.140   490   541 D vendor.visteon.skylark.hardware.automotive.vehicle@V1-visteon-service: SomeipCOmm :: RX Message [0/184]:service:c7 ,Method:80e2,payload:20 19 02 05 01 00 00 01 
01-01 02:25:31.162   490  3096 D vendor.visteon.skylark.hardware.automotive.vehicle@V1-visteon-service: TX Message SomeipComm::send  : service:194,method:5, response Payload: 01 f1 13 00 12 60 00 00 00 00 
01-01 02:25:31.174   490  3096 D vendor.visteon.skylark.hardware.automotive.vehicle@V1-visteon-service: TX Message SomeipComm::send  : service:194,method:5, response Payload: 01 f1 13 00 12 60 00 00 00 00 
01-01 02:25:31.242   490   548 D vendor.visteon.skylark.hardware.automotive.vehicle@V1-visteon-service: TX Message SomeipComm::send  : service:194,method:5, response Payload: 01 f1 13 00 12 60 00 00 00 00 
01-01 02:25:31.254   490   548 D vendor.visteon.skylark.hardware.automotive.vehicle@V1-visteon-service: TX Message SomeipComm::send  : service:194,method:5, response Payload: 01 f1 13 00 12 60 00 00 00 00 
01-01 02:25:31.266   490  3096 D vendor.visteon.skylark.hardware.automotive.vehicle@V1-visteon-service: TX Message SomeipComm::send  : service:194,method:5, response Payload: 01 f1 13 00 12 60 00 00 00 00 
01-01 02:25:31.350   490  3096 D vendor.visteon.skylark.hardware.automotive.vehicle@V1-visteon-service: TX Message SomeipComm::send  : service:194,method:5, response Payload: 01 f1 13 00 12 60 00 00 00 00 
01-01 02:25:31.370   490  3096 D vendor.visteon.skylark.hardware.automotive.vehicle@V1-visteon-service: TX Message SomeipComm::send  : service:194,method:5, response Payload: 01 f1 13 00 12 60 00 00 00 00 
01-01 02:25:31.397   489   514 W UclVmfMsgQ_Put: Queue 6 Reached 80% 0f Max limit 10(8)
01-01 02:25:31.403   489   514 W UclVmfMsgQ_Put: Queue 6 Reached 80% 0f Max limit 10(9)
01-01 02:25:31.407   489   514 W UclVmfMsgQ_Put: Queue 6 Reached 80% 0f Max limit 10(10)
01-01 02:25:31.414   489   514 W UclVmfMsgQ_Put: Queue 6 Reached 80% 0f Max limit 10(10)
01-01 02:25:31.419   489   514 E UclVmfMsgQ_Put: Reached Queue 6 Max limit 10(10), flushing queue !!!!DATA LOSS!!!
01-01 02:25:31.419   489   514 E UclGen  : Processing of SomeIPMsg to Ucl failed! Service Id 194  MethodId 5
01-01 02:25:31.556   490  3096 D vendor.visteon.skylark.hardware.automotive.vehicle@V1-visteon-service: TX Message SomeipComm::send  : service:194,method:5, response Payload: 01 f1 13 00 12 60 00 00 00 00 
01-01 02:25:31.580   490  3096 D vendor.visteon.skylark.hardware.automotive.vehicle@V1-visteon-service: TX Message SomeipComm::send  : service:194,method:5, response Payload: 01 f1 13 00 12 60 00 00 00 00 
01-01 02:25:31.608   490   541 D vendor.visteon.skylark.hardware.automotive.vehicle@V1-visteon-service: SomeipCOmm :: RX Message [0/19a]:service:c0 ,Method:8005,payload:03 03 03 03 03 03 03 03 03 01 03 03 03 00 00 00 00 00 00 00 
01-01 02:25:31.608   490   541 D vendor.visteon.skylark.hardware.automotive.vehicle@V1-visteon-service: PERIPHERAL_STATUS:: 03 03 03 03 03 03 03 03 03 01 03 03 03 00 00 00 00 00 00 00 
01-01 02:25:31.618   668   676 I UclDL_Impl_VIP: TxA TO : 33
01-01 02:25:31.618   668   676 I UclDL_Impl_VIP: Avg Ack Latency : 15
01-01 02:25:31.618   668   676 I UclDL_Impl_VIP: pollingCntr : 8492
01-01 02:25:31.618   668   676 I UclDL_Impl_TCU: VIP-TCU - txBps : 392
01-01 02:25:31.618   668   676 I UclDL_Impl_TCU: VIP-TCU - rxBps : 272
01-01 02:25:31.618   668   676 I UclDL_Impl_TCU: VIP-TCU - txAckTmo : 1
01-01 02:25:31.932   490   541 D vendor.visteon.skylark.hardware.automotive.vehicle@V1-visteon-service: SomeipCOmm :: RX Message [0/19e]:service:c0 ,Method:8000,payload:04
01-01 02:25:32.878   490   539 D vendor.visteon.skylark.hardware.automotive.vehicle@V1-visteon-service: TX Message SomeipComm::send  : service:193,method:3, response Payload: 04 
01-01 02:25:32.884   489   509 I UclDL_Impl: Inst Id : 0 ## Tx Msgs : 572
01-01 02:25:32.884   489   509 I UclDL_Impl: Inst Id : 0 ## TxA Msgs : 420
01-01 02:25:32.884   489   509 I UclDL_Impl: Inst Id : 0 ## TxA TO : 0
01-01 02:25:32.884   489   509 I UclDL_Impl: Inst Id : 0 ## Rx Msgs : 573
01-01 02:25:32.884   489   509 I UclDL_Impl: Inst Id : 0 ## Rx HB Msgs : 23
01-01 02:25:32.884   489   509 I UclDL_Impl: Inst Id : 0 ## Tx Bps : 1336
01-01 02:25:32.884   489   509 I UclDL_Impl: Inst Id : 0 ## Rx Bps : 4536
01-01 02:25:32.884   489   509 I UclDL_Impl: Inst Id : 0  ## Avg Ack Latency : 9
01-01 02:25:32.936   490   541 D vendor.visteon.skylark.hardware.automotive.vehicle@V1-visteon-service: SomeipCOmm :: RX Message [0/1a6]:service:c0 ,Method:8000,payload:04 
01-01 02:25:32.940   490   541 D vendor.visteon.skylark.hardware.automotive.vehicle@V1-visteon-service: SomeipCOmm :: RX Message [0/1a7]:service:c7 ,Method:80e5,payload:02 00 00 01 0f 40 3e 00 08 04 16 00 00 00 00 1e 00 00 00 00 09 00 00 00 00 02 01 01 0e 2c 04 ba 01 a3 06 aa 01 d7 02 e9 02 db 01 00 00 00 00 01 01 02 19 21 1b 79 8f 0d 19 0a e9 00 1f 1e b8 89 7f 00 07 00 0a 00 20 02 22 00 c2 00 00 00 00 00 00 00 00 01 00 07 00 00 00 00 00 00 00 00 00 00 00 01 00 01 00 00 00 00 32 00 00 04 07 0a 0f 14 00 a8 02 00 03 00 00 00 00 00 c0 00 02 00 00 c0 00 00 00 02 d4 02 bd 02 c6 03 03 03 03 01 00 00 62 00 00 00 a5 00 00 00 00 0e c9 03 00 01 00 0b 0b 0b a5 07 04 f2 33 30 34 34 00 00 00 00 00 00 00 00 00 00 00 00 00 00 00 00 00 00 00 00 00 00 00 00 00 00 00 00 00 00 
01-01 02:25:32.940   490   541 D vendor.visteon.skylark.hardware.automotive.vehicle@V1-visteon-service: SomeipCOmm :: RX Message [0/1a8]:service:c7 ,Method:80df,payload:08 04 02 02 01 02 00 00 00 00 00 00 00 00 00 03 00 00 00 00 00 00 00 00 00 00 00 00 00 00 00 00 00 00 00 00 00 00 00 00 00 00 00 00 00 00 00 00 00 00 00 00 00 00 00 00 00 00 00 00 00 00 00 00 00 00 00 00 00 00 00 00 00 00 00 00 00 00 00 00 00 00 00 00 00 00 00 00 00 00 00 00 00 00 00 00 00 00 00 00 
01-01 02:25:32.976   490  3096 D vendor.visteon.skylark.hardware.automotive.vehicle@V1-visteon-service: TX Message SomeipComm::send  : service:194,method:4, response Payload: 02 c0 00 00 00 00 00 00 00 00 00 
01-01 02:25:32.976   490  3096 D vendor.visteon.skylark.hardware.automotive.vehicle@V1-visteon-service: TX Message SomeipComm::send  : service:194,method:4, response Payload: 02 c0 0c 00 63 00 00 00 00 00 00 
01-01 02:25:32.977   490  3096 D vendor.visteon.skylark.hardware.automotive.vehicle@V1-visteon-service: TX Message SomeipComm::send  : service:194,method:4, response Payload: 02 c0 0d 01 00 00 00 00 00 00 00 
01-01 02:25:33.149   490   541 D vendor.visteon.skylark.hardware.automotive.vehicle@V1-visteon-service: SomeipCOmm :: RX Message [0/1aa]:service:c7 ,Method:80e2,payload:22 19 02 05 01 00 00 01 
01-01 02:25:33.616   490   541 D vendor.visteon.skylark.hardware.automotive.vehicle@V1-visteon-service: SomeipCOmm :: RX Message [0/1ab]:service:c0 ,Method:8005,payload:03 03 03 03 03 03 03 03 03 01 03 03 03 00 00 00 00 00 00 00 
01-01 02:25:33.616   490   541 D vendor.visteon.skylark.hardware.automotive.vehicle@V1-visteon-service: PERIPHERAL_STATUS:: 03 03 03 03 03 03 03 03 03 01 03 03 03 00 00 00 00 00 00 00 
01-01 02:25:33.628   668   676 I UclDL_Impl_VIP: TxA TO : 33
01-01 02:25:33.628   668   676 I UclDL_Impl_VIP: Avg Ack Latency : 12
01-01 02:25:33.628   668   676 I UclDL_Impl_VIP: pollingCntr : 8992
01-01 02:25:33.628   668   676 I UclDL_Impl_TCU: VIP-TCU - txBps : 392
01-01 02:25:33.628   668   676 I UclDL_Impl_TCU: VIP-TCU - rxBps : 272
01-01 02:25:33.628   668   676 I UclDL_Impl_TCU: VIP-TCU - txAckTmo : 1
01-01 02:25:33.883   489   509 I UclDL_Impl: Inst Id : 0 ## Tx Msgs : 601
01-01 02:25:33.883   489   509 I UclDL_Impl: Inst Id : 0 ## TxA Msgs : 440
01-01 02:25:33.883   489   509 I UclDL_Impl: Inst Id : 0 ## TxA TO : 0
01-01 02:25:33.883   489   509 I UclDL_Impl: Inst Id : 0 ## Rx Msgs : 602
01-01 02:25:33.883   489   509 I UclDL_Impl: Inst Id : 0 ## Rx HB Msgs : 24
01-01 02:25:33.883   489   509 I UclDL_Impl: Inst Id : 0 ## Tx Bps : 3224
01-01 02:25:33.883   489   509 I UclDL_Impl: Inst Id : 0 ## Rx Bps : 7968
01-01 02:25:33.883   489   509 I UclDL_Impl: Inst Id : 0  ## Avg Ack Latency : 10
01-01 02:25:33.940   490   541 D vendor.visteon.skylark.hardware.automotive.vehicle@V1-visteon-service: SomeipCOmm :: RX Message [0/1ba]:service:c0 ,Method:8000,payload:04 
01-01 02:25:33.944   490   541 D vendor.visteon.skylark.hardware.automotive.vehicle@V1-visteon-service: SomeipCOmm :: RX Message [0/1bb]:service:c7 ,Method:80e5,payload:02 00 00 01 0f 40 3e 00 08 04 16 00 00 00 00 1e 00 00 00 00 09 00 00 00 00 02 01 01 0e 2c 04 ba 01 a3 06 a7 01 d7 02 e9 02 d3 01 00 00 00 00 01 01 02 19 22 1b 79 8f 0d 19 0a e9 00 1e 1e b4 89 7f 00 07 00 0b 00 20 02 22 00 c2 00 00 00 00 00 00 00 00 01 00 07 00 00 00 00 00 00 00 00 00 00 00 01 00 01 00 00 00 00 32 00 00 04 07 0a 0f 14 00 a8 02 00 03 00 00 00 00 00 c0 00 02 00 00 c0 00 00 00 02 a5 02 b0 02 b8 03 03 03 03 01 00 00 62 00 00 00 a5 00 00 00 00 0e ca 03 00 01 00 0b 0b 0b a5 07 04 f2 33 30 34 34 00 00 00 00 00 00 00 00 00 00 00 00 00 00 00 00 00 00 00 00 00 00 00 00 00 00 00 00 00 00 
01-01 02:25:33.944   490   541 D vendor.visteon.skylark.hardware.automotive.vehicle@V1-visteon-service: SomeipCOmm :: RX Message [0/1bc]:service:c7 ,Method:80df,payload:08 04 02 02 01 02 00 00 00 00 00 00 00 00 00 03 00 00 00 00 00 00 00 00 00 00 00 00 00 00 00 00 00 00 00 00 00 00 00 00 00 00 00 00 00 00 00 00 00 00 00 00 00 00 00 00 00 00 00 00 00 00 00 00 00 00 00 00 00 00 00 00 00 00 00 00 00 00 00 00 00 00 00 00 00 00 00 00 00 00 00 00 00 00 00 00 00 00 00 00 
01-01 02:25:34.049   490  3096 D vendor.visteon.skylark.hardware.automotive.vehicle@V1-visteon-service: TX Message SomeipComm::send  : service:194,method:5, response Payload: 02 c9 42 00 00 00 00 00 40 00 
01-01 02:25:34.151   490  3096 D vendor.visteon.skylark.hardware.automotive.vehicle@V1-visteon-service: TX Message SomeipComm::send  : service:194,method:5, response Payload: 02 c9 42 00 00 00 00 00 40 00 
01-01 02:25:34.156   490   541 D vendor.visteon.skylark.hardware.automotive.vehicle@V1-visteon-service: SomeipCOmm :: RX Message [0/1bd]:service:c7 ,Method:80e2,payload:23 19 02 05 01 00 00 01 
01-01 02:25:34.253   490   548 D vendor.visteon.skylark.hardware.automotive.vehicle@V1-visteon-service: TX Message SomeipComm::send  : service:194,method:6, response Payload: 00 04 01 39 33 35 00 00 00 00 00 00 00 00 00 00 00 00 00 00 00 00 00 
01-01 02:25:34.304   490   541 D vendor.visteon.skylark.hardware.automotive.vehicle@V1-visteon-service: SomeipCOmm :: RX Message [0/1bf]:service:bf ,Method:800b,payload:01 00 
01-01 02:25:34.624   490   541 D vendor.visteon.skylark.hardware.automotive.vehicle@V1-visteon-service: SomeipCOmm :: RX Message [0/1c6]:service:c0 ,Method:8005,payload:03 03 03 03 03 03 03 03 03 01 03 03 03 00 00 00 00 00 00 00 
01-01 02:25:34.625   490   541 D vendor.visteon.skylark.hardware.automotive.vehicle@V1-visteon-service: PERIPHERAL_STATUS:: 03 03 03 03 03 03 03 03 03 01 03 03 03 00 00 00 00 00 00 00 
01-01 02:25:34.632   668   676 I UclDL_Impl_VIP: TxA TO : 33
01-01 02:25:34.632   668   676 I UclDL_Impl_VIP: Avg Ack Latency : 10
01-01 02:25:34.632   668   676 I UclDL_Impl_VIP: pollingCntr : 9242
01-01 02:25:34.632   668   676 I UclDL_Impl_TCU: VIP-TCU - txBps : 392
01-01 02:25:34.632   668   676 I UclDL_Impl_TCU: VIP-TCU - rxBps : 272
01-01 02:25:34.632   668   676 I UclDL_Impl_TCU: VIP-TCU - txAckTmo : 1
01-01 02:25:34.668   490   548 D vendor.visteon.skylark.hardware.automotive.vehicle@V1-visteon-service: TX Message SomeipComm::send  : service:166,method:14, response Payload: 00 02 
01-01 02:25:34.878   490   539 D vendor.visteon.skylark.hardware.automotive.vehicle@V1-visteon-service: TX Message SomeipComm::send  : service:193,method:3, response Payload: 04 
01-01 02:25:34.883   489   509 I UclDL_Impl: Inst Id : 0 ## Tx Msgs : 642
01-01 02:25:34.883   489   509 I UclDL_Impl: Inst Id : 0 ## TxA Msgs : 462
01-01 02:25:34.884   489   509 I UclDL_Impl: Inst Id : 0 ## TxA TO : 0
01-01 02:25:34.884   489   509 I UclDL_Impl: Inst Id : 0 ## Rx Msgs : 643
01-01 02:25:34.884   489   509 I UclDL_Impl: Inst Id : 0 ## Rx HB Msgs : 24
01-01 02:25:34.884   489   509 I UclDL_Impl: Inst Id : 0 ## Tx Bps : 6856
01-01 02:25:34.884   489   509 I UclDL_Impl: Inst Id : 0 ## Rx Bps : 9128
01-01 02:25:34.884   489   509 I UclDL_Impl: Inst Id : 0  ## Avg Ack Latency : 11
01-01 02:25:34.930   490   548 D vendor.visteon.skylark.hardware.automotive.vehicle@V1-visteon-service: TX Message SomeipComm::send  : service:194,method:4, response Payload: 02 c0 00 00 00 00 00 00 00 00 00 
01-01 02:25:34.931   490   548 D vendor.visteon.skylark.hardware.automotive.vehicle@V1-visteon-service: TX Message SomeipComm::send  : service:194,method:4, response Payload: 02 c0 0c 00 63 00 00 00 00 00 00 
01-01 02:25:34.932   490   548 D vendor.visteon.skylark.hardware.automotive.vehicle@V1-visteon-service: TX Message SomeipComm::send  : service:194,method:4, response Payload: 02 c0 0d 01 00 00 00 00 00 00 00 
01-01 02:25:35.156   490   541 D vendor.visteon.skylark.hardware.automotive.vehicle@V1-visteon-service: SomeipCOmm :: RX Message [0/1d3]:service:c7 ,Method:80e2,payload:24 19 02 05 01 00 00 01 
01-01 02:25:35.628   490   541 D vendor.visteon.skylark.hardware.automotive.vehicle@V1-visteon-service: SomeipCOmm :: RX Message [0/1d5]:service:c0 ,Method:8005,payload:03 03 03 03 03 03 03 03 03 01 03 03 03 00 00 00 00 00 00 00 
01-01 02:25:35.629   490   541 D vendor.visteon.skylark.hardware.automotive.vehicle@V1-visteon-service: PERIPHERAL_STATUS:: 03 03 03 03 03 03 03 03 03 01 03 03 03 00 00 00 00 00 00 00 
01-01 02:25:35.636   668   676 I UclDL_Impl_VIP: TxA TO : 33
01-01 02:25:35.636   668   676 I UclDL_Impl_VIP: Avg Ack Latency : 9
01-01 02:25:35.636   668   676 I UclDL_Impl_VIP: pollingCntr : 9492
01-01 02:25:35.636   668   676 I UclDL_Impl_TCU: VIP-TCU - txBps : 392
01-01 02:25:35.636   668   676 I UclDL_Impl_TCU: VIP-TCU - rxBps : 272
01-01 02:25:35.636   668   676 I UclDL_Impl_TCU: VIP-TCU - txAckTmo : 1
01-01 02:25:35.879   490   539 D vendor.visteon.skylark.hardware.automotive.vehicle@V1-visteon-service: TX Message SomeipComm::send  : service:193,method:3, response Payload: 04 
01-01 02:25:35.899   489   509 I UclDL_Impl: Inst Id : 0 ## Tx Msgs : 655
01-01 02:25:35.900   489   509 I UclDL_Impl: Inst Id : 0 ## TxA Msgs : 470
01-01 02:25:35.900   489   509 I UclDL_Impl: Inst Id : 0 ## TxA TO : 0
01-01 02:25:35.900   489   509 I UclDL_Impl: Inst Id : 0 ## Rx Msgs : 656
01-01 02:25:35.900   489   509 I UclDL_Impl: Inst Id : 0 ## Rx HB Msgs : 25
01-01 02:25:35.900   489   509 I UclDL_Impl: Inst Id : 0 ## Tx Bps : 1336
01-01 02:25:35.900   489   509 I UclDL_Impl: Inst Id : 0 ## Rx Bps : 4536
01-01 02:25:35.900   489   509 I UclDL_Impl: Inst Id : 0  ## Avg Ack Latency : 12
01-01 02:25:35.948   490   541 D vendor.visteon.skylark.hardware.automotive.vehicle@V1-visteon-service: SomeipCOmm :: RX Message [0/1d8]:service:c0 ,Method:8000,payload:04 
01-01 02:25:35.952   490   541 D vendor.visteon.skylark.hardware.automotive.vehicle@V1-visteon-service: SomeipCOmm :: RX Message [0/1d9]:service:c7 ,Method:80e5,payload:02 00 00 01 0f 40 3e 00 08 04 16 00 00 00 00 1e 00 00 00 00 09 00 00 00 00 02 01 01 0e 2c 04 bd 01 a1 06 af 01 d7 02 e9 02 c9 01 00 00 00 00 01 01 02 19 24 1b 79 8f 0d 19 0a e9 00 1e 1e b4 89 7f 00 07 00 0b 00 20 02 22 00 c2 00 00 00 00 00 00 00 00 01 00 07 00 00 00 00 00 00 00 00 00 00 00 01 00 01 00 00 00 00 32 00 00 04 07 0a 0f 14 00 a8 02 00 03 00 00 00 00 00 c0 00 02 00 00 c0 00 00 00 02 cf 02 c6 02 cc 03 03 03 03 01 00 00 62 00 00 00 a5 00 00 00 00 0e ca 03 00 01 00 0b 0b 0b a5 07 04 f2 33 30 34 34 00 00 00 00 00 00 00 00 00 00 00 00 00 00 00 00 00 00 00 00 00 00 00 00 00 00 00 00 00 00 
01-01 02:25:35.954   490   541 D vendor.visteon.skylark.hardware.automotive.vehicle@V1-visteon-service: SomeipCOmm :: RX Message [0/1da]:service:c7 ,Method:80df,payload:08 04 02 02 01 02 00 00 00 00 00 00 00 00 00 03 00 00 00 00 00 00 00 00 00 00 00 00 00 00 00 00 00 00 00 00 00 00 00 00 00 00 00 00 00 00 00 00 00 00 00 00 00 00 00 00 00 00 00 00 00 00 00 00 00 00 00 00 00 00 00 00 00 00 00 00 00 00 00 00 00 00 00 00 00 00 00 00 00 00 00 00 00 00 00 00 00 00 00 00 
01-01 02:25:36.633   490   541 D vendor.visteon.skylark.hardware.automotive.vehicle@V1-visteon-service: SomeipCOmm :: RX Message [0/1dd]:service:c0 ,Method:8005,payload:03 03 03 03 03 03 03 03 03 01 03 03 03 00 00 00 00 00 00 00 
01-01 02:25:36.633   490   541 D vendor.visteon.skylark.hardware.automotive.vehicle@V1-visteon-service: PERIPHERAL_STATUS:: 03 03 03 03 03 03 03 03 03 01 03 03 03 00 00 00 00 00 00 00 
01-01 02:25:36.640   668   676 I UclDL_Impl_VIP: TxA TO : 33
01-01 02:25:36.640   668   676 I UclDL_Impl_VIP: Avg Ack Latency : 11
01-01 02:25:36.640   668   676 I UclDL_Impl_VIP: pollingCntr : 9742
01-01 02:25:36.640   668   676 I UclDL_Impl_TCU: VIP-TCU - txBps : 392
01-01 02:25:36.640   668   676 I UclDL_Impl_TCU: VIP-TCU - rxBps : 272
01-01 02:25:36.640   668   676 I UclDL_Impl_TCU: VIP-TCU - txAckTmo : 1
01-01 02:25:36.880   490   539 D vendor.visteon.skylark.hardware.automotive.vehicle@V1-visteon-service: TX Message SomeipComm::send  : service:193,method:3, response Payload: 04 
01-01 02:25:36.904   489   509 I UclDL_Impl: Inst Id : 0 ## Tx Msgs : 666
01-01 02:25:36.904   489   509 I UclDL_Impl: Inst Id : 0 ## TxA Msgs : 478
01-01 02:25:36.904   489   509 I UclDL_Impl: Inst Id : 0 ## TxA TO : 0
01-01 02:25:36.904   489   509 I UclDL_Impl: Inst Id : 0 ## Rx Msgs : 667
01-01 02:25:36.904   489   509 I UclDL_Impl: Inst Id : 0 ## Rx HB Msgs : 26
01-01 02:25:36.904   489   509 I UclDL_Impl: Inst Id : 0 ## Tx Bps : 904
01-01 02:25:36.904   489   509 I UclDL_Impl: Inst Id : 0 ## Rx Bps : 4424
01-01 02:25:36.904   489   509 I UclDL_Impl: Inst Id : 0  ## Avg Ack Latency : 6
01-01 02:25:36.952   490   541 D vendor.visteon.skylark.hardware.automotive.vehicle@V1-visteon-service: SomeipCOmm :: RX Message [0/1e0]:service:c0 ,Method:8000,payload:04 
01-01 02:25:36.956   490   541 D vendor.visteon.skylark.hardware.automotive.vehicle@V1-visteon-service: SomeipCOmm :: RX Message [0/1e1]:service:c7 ,Method:80e5,payload:02 00 00 01 0f 40 3e 00 08 04 16 00 00 00 00 1e 00 00 00 00 09 00 00 00 00 02 01 01 0e 2d 04 b7 01 a7 06 a3 01 d7 02 e9 02 d0 01 00 00 00 00 01 01 02 19 25 1b 79 8f 0d 19 0a e9 00 1e 1e b8 89 7f 00 07 00 0a 00 20 02 22 00 c2 00 00 00 00 00 00 00 00 01 00 07 00 00 00 00 00 00 00 00 00 00 00 01 00 01 00 00 00 00 32 00 00 04 07 0a 0f 14 00 a8 02 00 03 00 00 00 00 00 c0 00 02 00 00 c0 00 00 00 02 ce 02 c9 02 d1 03 03 03 03 01 00 00 62 00 00 00 a5 00 00 00 00 0e ca 03 00 01 00 0b 0b 0b a5 07 04 f2 33 30 34 34 00 00 00 00 00 00 00 00 00 00 00 00 00 00 00 00 00 00 00 00 00 00 00 00 00 00 00 00 00 00 
01-01 02:25:36.958   490   541 D vendor.visteon.skylark.hardware.automotive.vehicle@V1-visteon-service: SomeipCOmm :: RX Message [0/1e2]:service:c7 ,Method:80df,payload:08 04 02 02 01 02 00 00 00 00 00 00 00 00 00 03 00 00 00 00 00 00 00 00 00 00 00 00 00 00 00 00 00 00 00 00 00 00 00 00 00 00 00 00 00 00 00 00 00 00 00 00 00 00 00 00 00 00 00 00 00 00 00 00 00 00 00 00 00 00 00 00 00 00 00 00 00 00 00 00 00 00 00 00 00 00 00 00 00 00 00 00 00 00 00 00 00 00 00 00 
01-01 02:25:37.168   490   541 D vendor.visteon.skylark.hardware.automotive.vehicle@V1-visteon-service: SomeipCOmm :: RX Message [0/1e3]:service:c7 ,Method:80e2,payload:26 19 02 05 01 00 00 01 
01-01 02:25:37.350   490   548 D vendor.visteon.skylark.hardware.automotive.vehicle@V1-visteon-service: TX Message SomeipComm::send  : service:206,method:5, response Payload: 00 
01-01 02:25:37.351   490   548 D vendor.visteon.skylark.hardware.automotive.vehicle@V1-visteon-service: TX Message SomeipComm::send  : service:196,method:10, response Payload: 00 
01-01 02:25:37.366   490   541 D vendor.visteon.skylark.hardware.automotive.vehicle@V1-visteon-service: SomeipCOmm :: RX Message [0/1e5]:service:cb ,Method:8008,payload:06 
01-01 02:25:37.389   490   538 D vendor.visteon.skylark.hardware.automotive.vehicle@V1-visteon-service: VHAL_SINGLEMSGSUBSCRIPTIONREQUEST:: 02 7f 
01-01 02:25:37.389   490   538 D vendor.visteon.skylark.hardware.automotive.vehicle@V1-visteon-service: TX Message SomeipComm::send  : service:194,method:2, response Payload: 02 7f 
01-01 02:25:37.391   490   548 D vendor.visteon.skylark.hardware.automotive.vehicle@V1-visteon-service: TX Message SomeipComm::send  : service:194,method:4, response Payload: 02 c0 09 00 00 00 00 00 00 00 00 
01-01 02:25:37.408   490   541 D vendor.visteon.skylark.hardware.automotive.vehicle@V1-visteon-service: SomeipCOmm :: RX Message [0/1e7]:service:bf ,Method:8008,payload:02 7f 01 
01-01 02:25:37.409   490   541 D vendor.visteon.skylark.hardware.automotive.vehicle@V1-visteon-service: SomeipCOmm :: RX Message [0/1e8]:service:bf ,Method:8024,payload:02 7f 00 00 00 00 00 00 00 00 00 
01-01 02:25:37.642   490   541 D vendor.visteon.skylark.hardware.automotive.vehicle@V1-visteon-service: SomeipCOmm :: RX Message [0/1e9]:service:c0 ,Method:8005,payload:03 03 03 03 03 03 03 03 03 01 03 03 03 00 00 00 00 00 00 00 
01-01 02:25:37.643   490   541 D vendor.visteon.skylark.hardware.automotive.vehicle@V1-visteon-service: PERIPHERAL_STATUS:: 03 03 03 03 03 03 03 03 03 01 03 03 03 00 00 00 00 00 00 00 
01-01 02:25:37.650   668   676 I UclDL_Impl_VIP: TxA TO : 33
01-01 02:25:37.650   668   676 I UclDL_Impl_VIP: Avg Ack Latency : 8
01-01 02:25:37.650   668   676 I UclDL_Impl_VIP: pollingCntr : 9992
01-01 02:25:37.650   668   676 I UclDL_Impl_TCU: VIP-TCU - txBps : 392
01-01 02:25:37.650   668   676 I UclDL_Impl_TCU: VIP-TCU - rxBps : 272
01-01 02:25:37.650   668   676 I UclDL_Impl_TCU: VIP-TCU - txAckTmo : 1
01-01 02:25:37.882   490   539 D vendor.visteon.skylark.hardware.automotive.vehicle@V1-visteon-service: TX Message SomeipComm::send  : service:193,method:3, response Payload: 04 
01-01 02:25:37.911   489   509 I UclDL_Impl: Inst Id : 0 ## Tx Msgs : 684
01-01 02:25:37.912   489   509 I UclDL_Impl: Inst Id : 0 ## TxA Msgs : 490
01-01 02:25:37.912   489   509 I UclDL_Impl: Inst Id : 0 ## TxA TO : 0
01-01 02:25:37.912   489   509 I UclDL_Impl: Inst Id : 0 ## Rx Msgs : 685
01-01 02:25:37.912   489   509 I UclDL_Impl: Inst Id : 0 ## Rx HB Msgs : 26
01-01 02:25:37.912   489   509 I UclDL_Impl: Inst Id : 0 ## Tx Bps : 1856
01-01 02:25:37.912   489   509 I UclDL_Impl: Inst Id : 0 ## Rx Bps : 5216
01-01 02:25:37.912   489   509 I UclDL_Impl: Inst Id : 0  ## Avg Ack Latency : 8
01-01 02:25:37.960   490   541 D vendor.visteon.skylark.hardware.automotive.vehicle@V1-visteon-service: SomeipCOmm :: RX Message [0/1ec]:service:c0 ,Method:8000,payload:04 
01-01 02:25:37.965   490   541 D vendor.visteon.skylark.hardware.automotive.vehicle@V1-visteon-service: SomeipCOmm :: RX Message [0/1ed]:service:c7 ,Method:80e5,payload:02 00 00 01 0f 40 3e 00 08 04 16 00 00 00 00 1e 00 00 00 00 09 00 00 00 00 02 01 01 0e 2c 04 ba 01 a3 06 9c 01 d7 02 e9 02 d7 01 00 00 00 00 01 01 02 19 26 1b 79 8f 0d 19 0a e9 00 1f 1e ba 89 7f 00 07 00 0a 00 20 02 22 00 c2 00 00 00 00 00 00 00 00 01 00 07 00 00 00 00 00 00 00 00 00 00 00 01 00 01 00 00 00 00 32 00 00 04 07 0a 0f 14 00 a8 02 00 03 00 00 00 00 00 c0 00 02 00 00 c0 00 00 00 02 d6 02 c4 02 d0 03 03 03 03 01 00 00 62 00 00 00 a5 00 00 00 00 0e ca 03 00 01 00 0b 0b 0b a5 07 04 f2 33 30 34 34 00 00 00 00 00 00 00 00 00 00 00 00 00 00 00 00 00 00 00 00 00 00 00 00 00 00 00 00 00 00 
01-01 02:25:37.966   490   541 D vendor.visteon.skylark.hardware.automotive.vehicle@V1-visteon-service: SomeipCOmm :: RX Message [0/1ee]:service:c7 ,Method:80df,payload:08 04 02 02 01 02 00 00 00 00 00 00 00 00 00 03 00 00 00 00 00 00 00 00 00 00 00 00 00 00 00 00 00 00 00 00 00 00 00 00 00 00 00 00 00 00 00 00 00 00 00 00 00 00 00 00 00 00 00 00 00 00 00 00 00 00 00 00 00 00 00 00 00 00 00 00 00 00 00 00 00 00 00 00 00 00 00 00 00 00 00 00 00 00 00 00 00 00 00 00 
01-01 02:25:38.172   490   541 D vendor.visteon.skylark.hardware.automotive.vehicle@V1-visteon-service: SomeipCOmm :: RX Message [0/1ef]:service:c7 ,Method:80e2,payload:27 19 02 05 01 00 00 01 
01-01 02:25:38.641   490   541 D vendor.visteon.skylark.hardware.automotive.vehicle@V1-visteon-service: SomeipCOmm :: RX Message [0/1f2]:service:c0 ,Method:8005,payload:03 03 03 03 03 03 03 03 03 01 03 03 03 00 00 00 00 00 00 00 
01-01 02:25:38.641   490   541 D vendor.visteon.skylark.hardware.automotive.vehicle@V1-visteon-service: PERIPHERAL_STATUS:: 03 03 03 03 03 03 03 03 03 01 03 03 03 00 00 00 00 00 00 00 
01-01 02:25:38.652   668   676 I UclDL_Impl_VIP: TxA TO : 33
01-01 02:25:38.652   668   676 I UclDL_Impl_VIP: Avg Ack Latency : 6
01-01 02:25:38.652   668   676 I UclDL_Impl_VIP: pollingCntr : 10242
01-01 02:25:38.652   668   676 I UclDL_Impl_TCU: VIP-TCU - txBps : 392
01-01 02:25:38.652   668   676 I UclDL_Impl_TCU: VIP-TCU - rxBps : 320
01-01 02:25:38.652   668   676 I UclDL_Impl_TCU: VIP-TCU - txAckTmo : 1
01-01 02:25:38.883   490   539 D vendor.visteon.skylark.hardware.automotive.vehicle@V1-visteon-service: TX Message SomeipComm::send  : service:193,method:3, response Payload: 04 
01-01 02:25:38.923   489   509 I UclDL_Impl: Inst Id : 0 ## Tx Msgs : 695
01-01 02:25:38.923   489   509 I UclDL_Impl: Inst Id : 0 ## TxA Msgs : 499
01-01 02:25:38.923   489   509 I UclDL_Impl: Inst Id : 0 ## TxA TO : 0
01-01 02:25:38.923   489   509 I UclDL_Impl: Inst Id : 0 ## Rx Msgs : 696
01-01 02:25:38.923   489   509 I UclDL_Impl: Inst Id : 0 ## Rx HB Msgs : 27
01-01 02:25:38.923   489   509 I UclDL_Impl: Inst Id : 0 ## Tx Bps : 888
01-01 02:25:38.923   489   509 I UclDL_Impl: Inst Id : 0 ## Rx Bps : 4672
01-01 02:25:38.923   489   509 I UclDL_Impl: Inst Id : 0  ## Avg Ack Latency : 8
01-01 02:25:38.964   490   541 D vendor.visteon.skylark.hardware.automotive.vehicle@V1-visteon-service: SomeipCOmm :: RX Message [0/1f5]:service:c0 ,Method:8000,payload:04 
01-01 02:25:38.968   490   541 D vendor.visteon.skylark.hardware.automotive.vehicle@V1-visteon-service: SomeipCOmm :: RX Message [0/1f6]:service:c7 ,Method:80e5,payload:02 00 00 01 0f 40 3e 00 08 04 16 00 00 00 00 1e 00 00 00 00 09 00 00 00 00 02 01 01 0e 2c 04 bc 01 a2 06 a2 01 d7 02 e9 02 dd 01 00 00 00 00 01 01 02 19 27 1b 79 8f 0d 19 0a e9 00 1f 1e b4 89 7f 00 07 00 0b 00 20 02 22 00 c2 00 00 00 00 00 00 00 00 01 00 07 00 00 00 00 00 00 00 00 00 00 00 01 00 01 00 00 00 00 32 00 00 04 07 0a 0f 14 00 a8 02 00 03 00 00 00 00 00 c0 00 02 00 00 c0 00 00 00 02 cd 02 c2 02 cc 03 03 03 03 01 00 00 62 00 00 00 a5 00 00 00 00 0e ca 03 00 01 00 0b 0b 0b a5 07 04 f2 33 30 34 34 00 00 00 00 00 00 00 00 00 00 00 00 00 00 00 00 00 00 00 00 00 00 00 00 00 00 00 00 00 00 
01-01 02:25:38.969   490   541 D vendor.visteon.skylark.hardware.automotive.vehicle@V1-visteon-service: SomeipCOmm :: RX Message [0/1f7]:service:c7 ,Method:80df,payload:08 04 02 02 01 02 00 00 00 00 00 00 00 00 00 03 00 00 00 00 00 00 00 00 00 00 00 00 00 00 00 00 00 00 00 00 00 00 00 00 00 00 00 00 00 00 00 00 00 00 00 00 00 00 00 00 00 00 00 00 00 00 00 00 00 00 00 00 00 00 00 00 00 00 00 00 00 00 00 00 00 00 00 00 00 00 00 00 00 00 00 00 00 00 00 00 00 00 00 00 
01-01 02:25:39.176   490   541 D vendor.visteon.skylark.hardware.automotive.vehicle@V1-visteon-service: SomeipCOmm :: RX Message [0/1f8]:service:c7 ,Method:80e2,payload:28 19 02 05 01 00 00 01 
01-01 02:25:39.434   490   538 D vendor.visteon.skylark.hardware.automotive.vehicle@V1-visteon-service: VHAL_SINGLEMSGSUBSCRIPTIONREQUEST:: 02 7e 
01-01 02:25:39.434   490   538 D vendor.visteon.skylark.hardware.automotive.vehicle@V1-visteon-service: TX Message SomeipComm::send  : service:194,method:2, response Payload: 02 7e 
01-01 02:25:39.444   490   541 D vendor.visteon.skylark.hardware.automotive.vehicle@V1-visteon-service: SomeipCOmm :: RX Message [0/1fa]:service:bf ,Method:8008,payload:02 7e 01 
01-01 02:25:39.444   490   541 D vendor.visteon.skylark.hardware.automotive.vehicle@V1-visteon-service: SomeipCOmm :: RX Message [0/1fb]:service:bf ,Method:8023,payload:02 7e 00 00 00 00 00 00 00 00 00 
01-01 02:25:39.465   490   538 D vendor.visteon.skylark.hardware.automotive.vehicle@V1-visteon-service: VHAL_SINGLEMSGSUBSCRIPTIONREQUEST:: 01 e9 
01-01 02:25:39.465   490   538 D vendor.visteon.skylark.hardware.automotive.vehicle@V1-visteon-service: TX Message SomeipComm::send  : service:194,method:2, response Payload: 01 e9 
01-01 02:25:39.480   490   541 D vendor.visteon.skylark.hardware.automotive.vehicle@V1-visteon-service: SomeipCOmm :: RX Message [0/1fc]:service:bf ,Method:8008,payload:01 e9 01 
01-01 02:25:39.495   490   538 D vendor.visteon.skylark.hardware.automotive.vehicle@V1-visteon-service: VHAL_SINGLEMSGSUBSCRIPTIONREQUEST:: 01 ca 
01-01 02:25:39.495   490   538 D vendor.visteon.skylark.hardware.automotive.vehicle@V1-visteon-service: TX Message SomeipComm::send  : service:194,method:2, response Payload: 01 ca 
01-01 02:25:39.512   490   541 D vendor.visteon.skylark.hardware.automotive.vehicle@V1-visteon-service: SomeipCOmm :: RX Message [0/1fd]:service:bf ,Method:8008,payload:01 ca 01 
01-01 02:25:39.541   490  3096 D vendor.visteon.skylark.hardware.automotive.vehicle@V1-visteon-service: TX Message SomeipComm::send  : service:200,method:6, response Payload: 00 
01-01 02:25:39.552   490   541 D vendor.visteon.skylark.hardware.automotive.vehicle@V1-visteon-service: SomeipCOmm :: RX Message [0/1fe]:service:c7 ,Method:80e3,payload:27 
01-01 02:25:39.648   490   541 D vendor.visteon.skylark.hardware.automotive.vehicle@V1-visteon-service: SomeipCOmm :: RX Message [0/1ff]:service:c0 ,Method:8005,payload:03 03 03 03 03 03 03 03 03 01 03 03 03 00 00 00 00 00 00 00 
01-01 02:25:39.648   490   541 D vendor.visteon.skylark.hardware.automotive.vehicle@V1-visteon-service: PERIPHERAL_STATUS:: 03 03 03 03 03 03 03 03 03 01 03 03 03 00 00 00 00 00 00 00 
01-01 02:25:39.656   668   676 I UclDL_Impl_VIP: TxA TO : 33
01-01 02:25:39.656   668   676 I UclDL_Impl_VIP: Avg Ack Latency : 8
01-01 02:25:39.656   668   676 I UclDL_Impl_VIP: pollingCntr : 10492
01-01 02:25:39.656   668   676 I UclDL_Impl_TCU: VIP-TCU - txBps : 392
01-01 02:25:39.656   668   676 I UclDL_Impl_TCU: VIP-TCU - rxBps : 320
01-01 02:25:39.656   668   676 I UclDL_Impl_TCU: VIP-TCU - txAckTmo : 1
01-01 02:25:39.884   490   539 D vendor.visteon.skylark.hardware.automotive.vehicle@V1-visteon-service: TX Message SomeipComm::send  : service:193,method:3, response Payload: 04 
01-01 02:25:39.927   489   509 I UclDL_Impl: Inst Id : 0 ## Tx Msgs : 713
01-01 02:25:39.927   489   509 I UclDL_Impl: Inst Id : 0 ## TxA Msgs : 512
01-01 02:25:39.928   489   509 I UclDL_Impl: Inst Id : 0 ## TxA TO : 0
01-01 02:25:39.928   489   509 I UclDL_Impl: Inst Id : 0 ## Rx Msgs : 714
01-01 02:25:39.928   489   509 I UclDL_Impl: Inst Id : 0 ## Rx HB Msgs : 27
01-01 02:25:39.928   489   509 I UclDL_Impl: Inst Id : 0 ## Tx Bps : 1544
01-01 02:25:39.928   489   509 I UclDL_Impl: Inst Id : 0 ## Rx Bps : 5032
01-01 02:25:39.928   489   509 I UclDL_Impl: Inst Id : 0  ## Avg Ack Latency : 6
01-01 02:25:39.968   490   541 D vendor.visteon.skylark.hardware.automotive.vehicle@V1-visteon-service: SomeipCOmm :: RX Message [0/202]:service:c0 ,Method:8000,payload:04 
01-01 02:25:39.972   490   541 D vendor.visteon.skylark.hardware.automotive.vehicle@V1-visteon-service: SomeipCOmm :: RX Message [0/203]:service:c7 ,Method:80e5,payload:02 00 00 01 0f 40 3e 00 08 04 16 00 00 00 00 1e 00 00 00 00 09 00 00 00 00 02 01 01 0e 29 04 bb 01 a2 06 a9 01 d6 02 e8 02 da 01 00 00 00 00 01 01 02 19 28 1b 79 8b 0d 19 0a e9 00 1f 1e b8 89 7f 00 07 00 0a 00 20 02 22 00 c2 00 00 00 00 00 00 00 00 01 00 07 00 00 00 00 00 00 00 00 00 00 00 01 00 01 00 00 00 00 32 00 00 04 07 0a 0f 14 00 a8 02 00 03 00 00 00 00 00 c0 00 02 00 00 c0 00 00 00 02 ce 02 b9 02 c5 03 03 03 03 01 00 00 62 00 00 00 a5 00 00 00 00 0e c7 03 00 01 00 0b 0b 0b a5 07 04 f2 33 30 34 34 00 00 00 00 00 00 00 00 00 00 00 00 00 00 00 00 00 00 00 00 00 00 00 00 00 00 00 00 00 00 
01-01 02:25:39.974   490   541 D vendor.visteon.skylark.hardware.automotive.vehicle@V1-visteon-service: SomeipCOmm :: RX Message [0/204]:service:c7 ,Method:80df,payload:08 04 02 02 01 02 00 00 00 00 00 00 00 00 00 03 00 00 00 00 00 00 00 00 00 00 00 00 00 00 00 00 00 00 00 00 00 00 00 00 00 00 00 00 00 00 00 00 00 00 00 00 00 00 00 00 00 00 00 00 00 00 00 00 00 00 00 00 00 00 00 00 00 00 00 00 00 00 00 00 00 00 00 00 00 00 00 00 00 00 00 00 00 00 00 00 00 00 00 00 
01-01 02:25:40.180   490   541 D vendor.visteon.skylark.hardware.automotive.vehicle@V1-visteon-service: SomeipCOmm :: RX Message [0/205]:service:c7 ,Method:80e2,payload:29 19 02 05 01 00 00 01 
01-01 02:25:40.652   490   541 D vendor.visteon.skylark.hardware.automotive.vehicle@V1-visteon-service: SomeipCOmm :: RX Message [0/207]:service:c0 ,Method:8005,payload:03 03 03 03 03 03 03 03 03 01 03 03 03 00 00 00 00 00 00 00 
01-01 02:25:40.652   490   541 D vendor.visteon.skylark.hardware.automotive.vehicle@V1-visteon-service: PERIPHERAL_STATUS:: 03 03 03 03 03 03 03 03 03 01 03 03 03 00 00 00 00 00 00 00 
01-01 02:25:40.660   668   676 I UclDL_Impl_VIP: TxA TO : 33
01-01 02:25:40.660   668   676 I UclDL_Impl_VIP: Avg Ack Latency : 8
01-01 02:25:40.660   668   676 I UclDL_Impl_VIP: pollingCntr : 10742
01-01 02:25:40.660   668   676 I UclDL_Impl_TCU: VIP-TCU - txBps : 392
01-01 02:25:40.660   668   676 I UclDL_Impl_TCU: VIP-TCU - rxBps : 320
01-01 02:25:40.660   668   676 I UclDL_Impl_TCU: VIP-TCU - txAckTmo : 1
