11-03 11:26:13.753   504   531 D vendor.visteon.skylark.hardware.automotive.vehicle@V1-visteon-service: SomeipCOmm :: RX Message [0/9bdc]:service:bf ,Method:802a,payload:02 90 01 d3 da 22 b1 ab 00 00 00 
11-03 11:26:13.754   504   531 D vendor.visteon.skylark.hardware.automotive.vehicle@V1-visteon-service: SomeipCOmm :: RX Message [0/9bdd]:service:bf ,Method:802f,payload:02 d0 01 8d 02 1b 60 00 00 00 00 
11-03 11:26:13.754   504   531 D vendor.visteon.skylark.hardware.automotive.vehicle@V1-visteon-service: SomeipCOmm :: RX Message [0/9bde]:service:bf ,Method:8059,payload:02 b9 01 19 46 55 00 00 30 4e 88 
11-03 11:26:13.782   504   531 D vendor.visteon.skylark.hardware.automotive.vehicle@V1-visteon-service: SomeipCOmm :: RX Message [0/9bdf]:service:c7 ,Method:80e2,payload:0d 1a 0b 01 03 0a 19 01 
11-03 11:26:13.856   504   531 D vendor.visteon.skylark.hardware.automotive.vehicle@V1-visteon-service: SomeipCOmm :: RX Message [0/9be1]:service:bf ,Method:800d,payload:01 06 01 2d 8c 7f 43 3e 80 b0 4a 
11-03 11:26:13.858   504   531 D vendor.visteon.skylark.hardware.automotive.vehicle@V1-visteon-service: SomeipCOmm :: RX Message [0/9be2]:service:bf ,Method:800f,payload:01 15 01 00 b6 00 00 00 00 00 00 
11-03 11:26:13.860   504   531 D vendor.visteon.skylark.hardware.automotive.vehicle@V1-visteon-service: SomeipCOmm :: RX Message [0/9be3]:service:bf ,Method:8017,payload:01 97 01 34 30 18 37 10 00 00 00 
11-03 11:26:13.861   504   531 D vendor.visteon.skylark.hardware.automotive.vehicle@V1-visteon-service: SomeipCOmm :: RX Message [0/9be4]:service:bf ,Method:8025,payload:02 80 01 2d 64 2d 7f 0f c0 0c 00 
11-03 11:26:13.863   504   531 D vendor.visteon.skylark.hardware.automotive.vehicle@V1-visteon-service: SomeipCOmm :: RX Message [0/9be5]:service:bf ,Method:8051,payload:02 84 01 37 90 26 02 8c 00 2f 1c 
11-03 11:26:13.949   504   531 D vendor.visteon.skylark.hardware.automotive.vehicle@V1-visteon-service: SomeipCOmm :: RX Message [0/9be6]:service:bf ,Method:802a,payload:02 90 01 f2 a1 d4 9e 26 00 00 00 
11-03 11:26:13.950   504   531 D vendor.visteon.skylark.hardware.automotive.vehicle@V1-visteon-service: SomeipCOmm :: RX Message [0/9be7]:service:bf ,Method:802f,payload:02 d0 01 8d 02 1b 60 00 00 00 00 
11-03 11:26:13.989   504   536 D vendor.visteon.skylark.hardware.automotive.vehicle@V1-visteon-service: TX Message SomeipComm::send  : service:193,method:3, response Payload: 04 
11-03 11:26:13.996   503   521 I UclDL_Impl: Inst Id : 0 ## Tx Msgs : 183441
11-03 11:26:13.996   503   521 I UclDL_Impl: Inst Id : 0 ## TxA Msgs : 170980
11-03 11:26:13.996   503   521 I UclDL_Impl: Inst Id : 0 ## TxA TO : 0
11-03 11:26:13.996   503   521 I UclDL_Impl: Inst Id : 0 ## Rx Msgs : 183442
11-03 11:26:13.996   503   521 I UclDL_Impl: Inst Id : 0 ## Rx HB Msgs : 16
11-03 11:26:13.996   503   521 I UclDL_Impl: Inst Id : 0 ## Tx Bps : 3784
11-03 11:26:13.996   503   521 I UclDL_Impl: Inst Id : 0 ## Rx Bps : 9848
11-03 11:26:13.996   503   521 I UclDL_Impl: Inst Id : 0  ## Avg Ack Latency : 6
11-03 11:26:14.051   504   531 D vendor.visteon.skylark.hardware.automotive.vehicle@V1-visteon-service: SomeipCOmm :: RX Message [0/9be8]:service:bf ,Method:800d,payload:01 06 01 2d 74 7e 4b 3e 80 30 5c 
11-03 11:26:14.053   504   531 D vendor.visteon.skylark.hardware.automotive.vehicle@V1-visteon-service: SomeipCOmm :: RX Message [0/9be9]:service:bf ,Method:800f,payload:01 15 01 00 ba 00 00 00 00 00 00 
11-03 11:26:14.058   504   531 D vendor.visteon.skylark.hardware.automotive.vehicle@V1-visteon-service: SomeipCOmm :: RX Message [0/9bea]:service:bf ,Method:8017,payload:01 97 01 34 30 18 37 1a 00 00 00 
11-03 11:26:14.058   504   531 D vendor.visteon.skylark.hardware.automotive.vehicle@V1-visteon-service: SomeipCOmm :: RX Message [0/9beb]:service:bf ,Method:8025,payload:02 80 01 2d 78 30 7f 0f c0 0c 00 
11-03 11:26:14.064   504   531 D vendor.visteon.skylark.hardware.automotive.vehicle@V1-visteon-service: SomeipCOmm :: RX Message [0/9bec]:service:bf ,Method:8051,payload:02 84 01 37 a0 26 02 8c 00 2f 1c 
11-03 11:26:14.153   504   531 D vendor.visteon.skylark.hardware.automotive.vehicle@V1-visteon-service: SomeipCOmm :: RX Message [0/9bed]:service:bf ,Method:802a,payload:02 90 01 11 69 86 8e a1 00 00 00 
11-03 11:26:14.155   504   531 D vendor.visteon.skylark.hardware.automotive.vehicle@V1-visteon-service: SomeipCOmm :: RX Message [0/9bee]:service:bf ,Method:802f,payload:02 d0 01 8e 02 1b 60 00 00 00 00 
11-03 11:26:14.155   504   531 D vendor.visteon.skylark.hardware.automotive.vehicle@V1-visteon-service: SomeipCOmm :: RX Message [0/9bef]:service:bf ,Method:8059,payload:02 b9 01 19 46 55 00 00 30 4d b8 
11-03 11:26:14.187   504  2961 D vendor.visteon.skylark.hardware.automotive.vehicle@V1-visteon-service: TX Message SomeipComm::send  : service:194,method:5, response Payload: 02 c9 92 06 00 00 c0 00 41 39 
11-03 11:26:14.256   504   531 D vendor.visteon.skylark.hardware.automotive.vehicle@V1-visteon-service: SomeipCOmm :: RX Message [0/9bf0]:service:bf ,Method:800d,payload:01 06 01 2d 70 7d 4b 3e 80 b0 c1 
11-03 11:26:14.259   504   531 D vendor.visteon.skylark.hardware.automotive.vehicle@V1-visteon-service: SomeipCOmm :: RX Message [0/9bf1]:service:bf ,Method:800f,payload:01 15 01 00 b6 00 00 00 00 00 00 
11-03 11:26:14.261   504   531 D vendor.visteon.skylark.hardware.automotive.vehicle@V1-visteon-service: SomeipCOmm :: RX Message [0/9bf2]:service:bf ,Method:8017,payload:01 97 01 34 30 18 37 14 00 00 00 
11-03 11:26:14.261   504   531 D vendor.visteon.skylark.hardware.automotive.vehicle@V1-visteon-service: SomeipCOmm :: RX Message [0/9bf3]:service:bf ,Method:8025,payload:02 80 01 2d 78 33 7f 0f c0 0c 00 
11-03 11:26:14.262   504   531 D vendor.visteon.skylark.hardware.automotive.vehicle@V1-visteon-service: SomeipCOmm :: RX Message [0/9bf4]:service:bf ,Method:8051,payload:02 84 01 37 b0 26 02 8c 00 2f 1c 
11-03 11:26:14.305   504   531 D vendor.visteon.skylark.hardware.automotive.vehicle@V1-visteon-service: SomeipCOmm :: RX Message [0/9bf5]:service:c0 ,Method:8000,payload:04 
11-03 11:26:14.310   504   531 D vendor.visteon.skylark.hardware.automotive.vehicle@V1-visteon-service: SomeipCOmm :: RX Message [0/9bf6]:service:c7 ,Method:80e5,payload:02 00 00 01 0f 40 5f 00 08 04 07 00 00 00 00 1e 00 00 00 00 09 00 00 00 00 02 01 02 0e 2d 04 85 01 d8 08 9a 01 d9 02 eb 02 da 01 01 01 00 19 0b 03 0b 1a 0c 19 79 8b 0d 09 0a e9 00 1e 1e b8 89 7f 00 07 00 0a 00 30 02 22 00 c2 00 00 00 00 00 00 00 00 01 00 06 00 00 00 00 00 00 00 00 00 00 00 01 00 00 00 00 00 00 32 00 00 04 07 0a 0f 14 00 a8 02 00 03 00 00 00 00 00 c0 00 02 00 00 c0 00 00 2b 02 ae 02 96 02 dd 03 03 03 03 01 00 00 62 00 00 00 a5 00 00 00 00 05 d0 03 03 00 0b 0b 0b 00 00 00 00 00 00 00 00 00 00 00 00 00 00 00 00 00 00 00 00 00 00 00 00 00 00 00 00 00 00 00 00 00 00 00 00 00 00 00 
11-03 11:26:14.311   504   531 D vendor.visteon.skylark.hardware.automotive.vehicle@V1-visteon-service: SomeipCOmm :: RX Message [0/9bf7]:service:c7 ,Method:80df,payload:08 04 02 02 01 02 00 00 00 00 00 00 00 00 00 03 00 00 00 00 00 00 00 00 00 00 00 00 00 00 00 00 00 00 00 00 00 00 00 00 00 00 00 00 00 00 00 00 00 00 00 00 00 00 00 00 00 00 00 00 00 00 00 00 00 00 00 00 00 00 00 00 00 00 00 00 00 00 00 00 00 00 00 00 00 00 00 00 00 00 00 00 00 00 00 00 00 00 00 00 
11-03 11:26:14.342   504   531 D vendor.visteon.skylark.hardware.automotive.vehicle@V1-visteon-service: SomeipCOmm :: RX Message [0/9bf9]:service:c0 ,Method:8005,payload:03 03 03 03 00 00 00 03 03 01 03 03 03 03 00 00 00 00 00 00 
11-03 11:26:14.345   504   531 D vendor.visteon.skylark.hardware.automotive.vehicle@V1-visteon-service: PERIPHERAL_STATUS:: 03 03 03 03 00 00 00 03 03 01 03 03 03 03 00 00 00 00 00 00 
11-03 11:26:14.353   504   531 D vendor.visteon.skylark.hardware.automotive.vehicle@V1-visteon-service: SomeipCOmm :: RX Message [0/9bfa]:service:bf ,Method:802a,payload:02 90 01 30 31 38 7b 1d 00 00 00 
11-03 11:26:14.354   611   620 I UclDL_Impl_VIP: TxA TO : 33
11-03 11:26:14.354   611   620 I UclDL_Impl_VIP: Avg Ack Latency : 11
11-03 11:26:14.354   611   620 I UclDL_Impl_VIP: pollingCntr : 1112745
11-03 11:26:14.354   611   620 I UclDL_Impl_TCU: VIP-TCU - txBps : 4640
11-03 11:26:14.354   611   620 I UclDL_Impl_TCU: VIP-TCU - rxBps : 2464
11-03 11:26:14.354   611   620 I UclDL_Impl_TCU: VIP-TCU - txAckTmo : 193
11-03 11:26:14.355   504   531 D vendor.visteon.skylark.hardware.automotive.vehicle@V1-visteon-service: SomeipCOmm :: RX Message [0/9bfb]:service:bf ,Method:8059,payload:02 b9 01 19 46 55 00 00 30 4c e8 
11-03 11:26:14.387   504   531 D vendor.visteon.skylark.hardware.automotive.vehicle@V1-visteon-service: SomeipCOmm :: RX Message [0/9bfd]:service:bf ,Method:803a,payload:03 a2 01 00 03 d3 ee b5 a6 4a 58 
11-03 11:26:14.455   504   531 D vendor.visteon.skylark.hardware.automotive.vehicle@V1-visteon-service: SomeipCOmm :: RX Message [0/9bfe]:service:bf ,Method:800d,payload:01 06 01 2d 6c 7d 4c 3e 80 30 08 
11-03 11:26:14.462   504   531 D vendor.visteon.skylark.hardware.automotive.vehicle@V1-visteon-service: SomeipCOmm :: RX Message [0/9bff]:service:bf ,Method:800f,payload:01 15 01 00 b6 00 00 00 00 00 00 
11-03 11:26:14.462   504   531 D vendor.visteon.skylark.hardware.automotive.vehicle@V1-visteon-service: SomeipCOmm :: RX Message [0/9c00]:service:bf ,Method:8017,payload:01 97 01 34 40 41 37 2f 00 00 00 
11-03 11:26:14.463   504   531 D vendor.visteon.skylark.hardware.automotive.vehicle@V1-visteon-service: SomeipCOmm :: RX Message [0/9c01]:service:bf ,Method:8025,payload:02 80 01 2d 88 37 7f 0f c0 0c 00 
11-03 11:26:14.553   504   531 D vendor.visteon.skylark.hardware.automotive.vehicle@V1-visteon-service: SomeipCOmm :: RX Message [0/9c02]:service:bf ,Method:802a,payload:02 90 01 4e f8 ea 6b 98 00 00 00 
11-03 11:26:14.554   504   531 D vendor.visteon.skylark.hardware.automotive.vehicle@V1-visteon-service: SomeipCOmm :: RX Message [0/9c03]:service:bf ,Method:802f,payload:02 d0 01 8d 02 1b 60 00 00 00 00 
11-03 11:26:14.555   504   531 D vendor.visteon.skylark.hardware.automotive.vehicle@V1-visteon-service: SomeipCOmm :: RX Message [0/9c04]:service:bf ,Method:8058,payload:02 b7 01 69 92 69 92 4b c1 70 00 
11-03 11:26:14.653   504   531 D vendor.visteon.skylark.hardware.automotive.vehicle@V1-visteon-service: SomeipCOmm :: RX Message [0/9c05]:service:bf ,Method:800d,payload:01 06 01 2d 6c 7d 4b 3e 80 b0 da 
11-03 11:26:14.658   504   531 D vendor.visteon.skylark.hardware.automotive.vehicle@V1-visteon-service: SomeipCOmm :: RX Message [0/9c06]:service:bf ,Method:800f,payload:01 15 01 00 b6 00 00 00 00 00 00 
11-03 11:26:14.659   504   531 D vendor.visteon.skylark.hardware.automotive.vehicle@V1-visteon-service: SomeipCOmm :: RX Message [0/9c07]:service:bf ,Method:8017,payload:01 97 01 34 40 41 37 29 00 00 00 
11-03 11:26:14.659   504   531 D vendor.visteon.skylark.hardware.automotive.vehicle@V1-visteon-service: SomeipCOmm :: RX Message [0/9c08]:service:bf ,Method:8025,payload:02 80 01 2d 70 3b 7f 0f c0 0c 00 
11-03 11:26:14.667   504   531 D vendor.visteon.skylark.hardware.automotive.vehicle@V1-visteon-service: SomeipCOmm :: RX Message [0/9c09]:service:bf ,Method:8051,payload:02 84 01 37 c0 26 02 8c 00 2f 1c 
11-03 11:26:14.717   504   531 D vendor.visteon.skylark.hardware.automotive.vehicle@V1-visteon-service: SomeipCOmm :: RX Message [0/9c0a]:service:bf ,Method:8034,payload:03 a0 01 00 03 d4 e5 15 a6 48 ca 
11-03 11:26:14.759   504   531 D vendor.visteon.skylark.hardware.automotive.vehicle@V1-visteon-service: SomeipCOmm :: RX Message [0/9c0b]:service:bf ,Method:802a,payload:02 90 01 6d 80 9c 54 13 00 00 00 
11-03 11:26:14.760   504   531 D vendor.visteon.skylark.hardware.automotive.vehicle@V1-visteon-service: SomeipCOmm :: RX Message [0/9c0c]:service:bf ,Method:802f,payload:02 d0 01 8e 02 1b 60 00 00 00 00 
11-03 11:26:14.760   504   531 D vendor.visteon.skylark.hardware.automotive.vehicle@V1-visteon-service: SomeipCOmm :: RX Message [0/9c0d]:service:bf ,Method:8059,payload:02 b9 01 19 46 55 00 00 30 4c a8 
11-03 11:26:14.789   504   531 D vendor.visteon.skylark.hardware.automotive.vehicle@V1-visteon-service: SomeipCOmm :: RX Message [0/9c0e]:service:bf ,Method:8035,payload:03 a1 01 00 03 d4 e5 11 95 69 92 
11-03 11:26:14.790   504   531 D vendor.visteon.skylark.hardware.automotive.vehicle@V1-visteon-service: SomeipCOmm :: RX Message [0/9c0f]:service:c7 ,Method:80e2,payload:0e 1a 0b 01 03 0a 19 01 
11-03 11:26:14.858   504   531 D vendor.visteon.skylark.hardware.automotive.vehicle@V1-visteon-service: SomeipCOmm :: RX Message [0/9c12]:service:bf ,Method:800d,payload:01 06 01 2d 7c 7d 49 3e 80 30 cf 
11-03 11:26:14.868   504   531 D vendor.visteon.skylark.hardware.automotive.vehicle@V1-visteon-service: SomeipCOmm :: RX Message [0/9c13]:service:bf ,Method:800f,payload:01 15 01 00 b2 00 00 00 00 00 00 
11-03 11:26:14.869   504   531 D vendor.visteon.skylark.hardware.automotive.vehicle@V1-visteon-service: SomeipCOmm :: RX Message [0/9c14]:service:bf ,Method:8017,payload:01 97 01 34 50 8c 37 33 00 00 00 
11-03 11:26:14.871   504   531 D vendor.visteon.skylark.hardware.automotive.vehicle@V1-visteon-service: SomeipCOmm :: RX Message [0/9c15]:service:bf ,Method:8025,payload:02 80 01 2d 64 3e 7f 0f c0 0c 00 
11-03 11:26:14.958   504   531 D vendor.visteon.skylark.hardware.automotive.vehicle@V1-visteon-service: SomeipCOmm :: RX Message [0/9c16]:service:bf ,Method:802a,payload:02 90 01 8c 48 5e 44 8f 00 00 00 
11-03 11:26:14.965   504   531 D vendor.visteon.skylark.hardware.automotive.vehicle@V1-visteon-service: SomeipCOmm :: RX Message [0/9c17]:service:bf ,Method:802f,payload:02 d0 01 8d 02 1b 60 00 00 00 00 
11-03 11:26:14.967   504   531 D vendor.visteon.skylark.hardware.automotive.vehicle@V1-visteon-service: SomeipCOmm :: RX Message [0/9c18]:service:bf ,Method:8059,payload:02 b9 01 19 46 55 00 00 30 4b c8 
11-03 11:26:14.990   504   536 D vendor.visteon.skylark.hardware.automotive.vehicle@V1-visteon-service: TX Message SomeipComm::send  : service:193,method:3, response Payload: 04 
11-03 11:26:14.996   503   521 I UclDL_Impl: Inst Id : 0 ## Tx Msgs : 183493
11-03 11:26:14.996   503   521 I UclDL_Impl: Inst Id : 0 ## TxA Msgs : 171029
11-03 11:26:14.996   503   521 I UclDL_Impl: Inst Id : 0 ## TxA TO : 0
11-03 11:26:14.996   503   521 I UclDL_Impl: Inst Id : 0 ## Rx Msgs : 183494
11-03 11:26:14.996   503   521 I UclDL_Impl: Inst Id : 0 ## Rx HB Msgs : 16
11-03 11:26:14.996   503   521 I UclDL_Impl: Inst Id : 0 ## Tx Bps : 4280
11-03 11:26:14.996   503   521 I UclDL_Impl: Inst Id : 0 ## Rx Bps : 10816
11-03 11:26:14.996   503   521 I UclDL_Impl: Inst Id : 0  ## Avg Ack Latency : 9
11-03 11:26:15.058   504   531 D vendor.visteon.skylark.hardware.automotive.vehicle@V1-visteon-service: SomeipCOmm :: RX Message [0/9c19]:service:bf ,Method:800d,payload:01 06 01 2d 78 7d 45 3e 80 b0 3e 
11-03 11:26:15.063   504   531 D vendor.visteon.skylark.hardware.automotive.vehicle@V1-visteon-service: SomeipCOmm :: RX Message [0/9c1a]:service:bf ,Method:800f,payload:01 15 01 00 ba 00 00 00 00 00 00 
11-03 11:26:15.067   504   531 D vendor.visteon.skylark.hardware.automotive.vehicle@V1-visteon-service: SomeipCOmm :: RX Message [0/9c1b]:service:bf ,Method:8017,payload:01 97 01 34 40 41 37 2d 00 00 00 
11-03 11:26:15.070   504   531 D vendor.visteon.skylark.hardware.automotive.vehicle@V1-visteon-service: SomeipCOmm :: RX Message [0/9c1c]:service:bf ,Method:8025,payload:02 80 01 2d 78 42 7f 0f c0 0c 00 
11-03 11:26:15.075   504   531 D vendor.visteon.skylark.hardware.automotive.vehicle@V1-visteon-service: SomeipCOmm :: RX Message [0/9c1d]:service:bf ,Method:8051,payload:02 84 01 37 d0 26 02 8c 00 2f 1c 
11-03 11:26:15.157   504   531 D vendor.visteon.skylark.hardware.automotive.vehicle@V1-visteon-service: SomeipCOmm :: RX Message [0/9c1e]:service:bf ,Method:802a,payload:02 90 01 ba d3 e1 29 48 00 00 00 
11-03 11:26:15.159   504   531 D vendor.visteon.skylark.hardware.automotive.vehicle@V1-visteon-service: SomeipCOmm :: RX Message [0/9c1f]:service:bf ,Method:802f,payload:02 d0 01 8e 02 1b 60 00 00 00 00 
11-03 11:26:15.265   504   531 D vendor.visteon.skylark.hardware.automotive.vehicle@V1-visteon-service: SomeipCOmm :: RX Message [0/9c20]:service:bf ,Method:800d,payload:01 06 01 2d a4 7c 43 3e 80 30 f0 
11-03 11:26:15.266   504   531 D vendor.visteon.skylark.hardware.automotive.vehicle@V1-visteon-service: SomeipCOmm :: RX Message [0/9c21]:service:bf ,Method:800f,payload:01 15 01 00 be 00 00 00 00 00 00 
11-03 11:26:15.269   504   531 D vendor.visteon.skylark.hardware.automotive.vehicle@V1-visteon-service: SomeipCOmm :: RX Message [0/9c22]:service:bf ,Method:8017,payload:01 97 01 34 40 41 37 27 00 00 00 
11-03 11:26:15.269   504   531 D vendor.visteon.skylark.hardware.automotive.vehicle@V1-visteon-service: SomeipCOmm :: RX Message [0/9c23]:service:bf ,Method:8025,payload:02 80 01 2d 84 46 7f 0f c0 0c 00 
11-03 11:26:15.289   504  2961 D vendor.visteon.skylark.hardware.automotive.vehicle@V1-visteon-service: TX Message SomeipComm::send  : service:194,method:5, response Payload: 02 c9 92 06 00 00 c0 00 41 3a 
11-03 11:26:15.309   504   531 D vendor.visteon.skylark.hardware.automotive.vehicle@V1-visteon-service: SomeipCOmm :: RX Message [0/9c24]:service:c0 ,Method:8000,payload:04 
11-03 11:26:15.313   504   531 D vendor.visteon.skylark.hardware.automotive.vehicle@V1-visteon-service: SomeipCOmm :: RX Message [0/9c25]:service:c7 ,Method:80e5,payload:02 00 00 01 0f 40 5f 00 08 04 07 00 00 00 00 1e 00 00 00 00 09 00 00 00 00 02 01 02 0e 2c 04 ab 01 af 08 9b 01 d9 02 eb 02 df 01 01 01 00 19 0b 03 0b 1a 0d 19 79 8b 0d 09 0a e9 00 1f 1e b4 89 7f 00 07 00 0a 00 30 02 22 00 c2 00 00 00 00 00 00 00 00 01 00 06 00 00 00 00 00 00 00 00 00 00 00 01 00 00 00 00 00 00 32 00 00 04 07 0a 0f 14 00 a8 02 00 03 00 00 00 00 00 c0 00 02 00 00 c0 00 00 2b 02 9a 02 af 02 df 03 03 03 03 01 00 00 62 00 00 00 a5 00 00 00 00 05 d1 03 03 00 0b 0b 0b 00 00 00 00 00 00 00 00 00 00 00 00 00 00 00 00 00 00 00 00 00 00 00 00 00 00 00 00 00 00 00 00 00 00 00 00 00 00 00 
11-03 11:26:15.313   504   531 D vendor.visteon.skylark.hardware.automotive.vehicle@V1-visteon-service: SomeipCOmm :: RX Message [0/9c26]:service:c7 ,Method:80df,payload:08 04 02 02 01 02 00 00 00 00 00 00 00 00 00 03 00 00 00 00 00 00 00 00 00 00 00 00 00 00 00 00 00 00 00 00 00 00 00 00 00 00 00 00 00 00 00 00 00 00 00 00 00 00 00 00 00 00 00 00 00 00 00 00 00 00 00 00 00 00 00 00 00 00 00 00 00 00 00 00 00 00 00 00 00 00 00 00 00 00 00 00 00 00 00 00 00 00 00 00 
11-03 11:26:15.350   504   531 D vendor.visteon.skylark.hardware.automotive.vehicle@V1-visteon-service: SomeipCOmm :: RX Message [0/9c28]:service:c0 ,Method:8005,payload:03 03 03 03 00 00 00 03 03 01 03 03 03 03 00 00 00 00 00 00 
11-03 11:26:15.351   504   531 D vendor.visteon.skylark.hardware.automotive.vehicle@V1-visteon-service: PERIPHERAL_STATUS:: 03 03 03 03 00 00 00 03 03 01 03 03 03 03 00 00 00 00 00 00 
11-03 11:26:15.357   504   531 D vendor.visteon.skylark.hardware.automotive.vehicle@V1-visteon-service: SomeipCOmm :: RX Message [0/9c29]:service:bf ,Method:802a,payload:02 90 01 d9 9b 93 19 c4 00 00 00 
11-03 11:26:15.361   611   620 I UclDL_Impl_VIP: TxA TO : 33
11-03 11:26:15.361   611   620 I UclDL_Impl_VIP: Avg Ack Latency : 9
11-03 11:26:15.361   611   620 I UclDL_Impl_VIP: pollingCntr : 1112995
11-03 11:26:15.362   611   620 I UclDL_Impl_TCU: VIP-TCU - txBps : 3648
11-03 11:26:15.362   611   620 I UclDL_Impl_TCU: VIP-TCU - rxBps : 1848
11-03 11:26:15.362   611   620 I UclDL_Impl_TCU: VIP-TCU - txAckTmo : 193
11-03 11:26:15.461   504   531 D vendor.visteon.skylark.hardware.automotive.vehicle@V1-visteon-service: SomeipCOmm :: RX Message [0/9c2b]:service:bf ,Method:800d,payload:01 06 01 2d 94 7d 3f 3e 80 d0 3d 
11-03 11:26:15.468   504   531 D vendor.visteon.skylark.hardware.automotive.vehicle@V1-visteon-service: SomeipCOmm :: RX Message [0/9c2c]:service:bf ,Method:800f,payload:01 15 01 00 be 00 00 00 00 00 00 
11-03 11:26:15.469   504   531 D vendor.visteon.skylark.hardware.automotive.vehicle@V1-visteon-service: SomeipCOmm :: RX Message [0/9c2d]:service:bf ,Method:8017,payload:01 97 01 34 40 41 37 21 00 00 00 
11-03 11:26:15.469   504   531 D vendor.visteon.skylark.hardware.automotive.vehicle@V1-visteon-service: SomeipCOmm :: RX Message [0/9c2e]:service:bf ,Method:8025,payload:02 80 01 2d 94 4a 7f 0f c0 0c 00 
11-03 11:26:15.485   504   531 D vendor.visteon.skylark.hardware.automotive.vehicle@V1-visteon-service: SomeipCOmm :: RX Message [0/9c2f]:service:bf ,Method:8036,payload:03 a3 01 00 00 00 1b 40 00 01 70 
11-03 11:26:15.557   504   531 D vendor.visteon.skylark.hardware.automotive.vehicle@V1-visteon-service: SomeipCOmm :: RX Message [0/9c30]:service:bf ,Method:802a,payload:02 90 01 f8 a3 55 0a 40 00 00 00 
11-03 11:26:15.567   504   531 D vendor.visteon.skylark.hardware.automotive.vehicle@V1-visteon-service: SomeipCOmm :: RX Message [0/9c31]:service:bf ,Method:802f,payload:02 d0 01 8e 02 1b 60 00 00 00 00 
11-03 11:26:15.568   504   531 D vendor.visteon.skylark.hardware.automotive.vehicle@V1-visteon-service: SomeipCOmm :: RX Message [0/9c32]:service:bf ,Method:803d,payload:02 b5 01 89 8c 10 00 00 00 00 3c 
11-03 11:26:15.569   504   531 D vendor.visteon.skylark.hardware.automotive.vehicle@V1-visteon-service: SomeipCOmm :: RX Message [0/9c33]:service:bf ,Method:8059,payload:02 b9 01 19 46 55 00 00 30 4b 48 
11-03 11:26:15.664   504   531 D vendor.visteon.skylark.hardware.automotive.vehicle@V1-visteon-service: SomeipCOmm :: RX Message [0/9c34]:service:bf ,Method:800d,payload:01 06 01 2d 6c 7d 3c 3e 80 50 67 
11-03 11:26:15.668   504   531 D vendor.visteon.skylark.hardware.automotive.vehicle@V1-visteon-service: SomeipCOmm :: RX Message [0/9c35]:service:bf ,Method:800f,payload:01 15 01 00 c8 00 00 00 00 00 00 
11-03 11:26:15.669   504   531 D vendor.visteon.skylark.hardware.automotive.vehicle@V1-visteon-service: SomeipCOmm :: RX Message [0/9c36]:service:bf ,Method:8017,payload:01 97 01 34 10 9f 36 fb 00 00 00 
11-03 11:26:15.678   504   531 D vendor.visteon.skylark.hardware.automotive.vehicle@V1-visteon-service: SomeipCOmm :: RX Message [0/9c37]:service:bf ,Method:8025,payload:02 80 01 2d 9c 4d 7f 0f c0 0c 00 
11-03 11:26:15.679   504   531 D vendor.visteon.skylark.hardware.automotive.vehicle@V1-visteon-service: SomeipCOmm :: RX Message [0/9c38]:service:bf ,Method:8051,payload:02 84 01 37 e0 26 02 8d 00 2f 1c 
11-03 11:26:15.724   504   531 D vendor.visteon.skylark.hardware.automotive.vehicle@V1-visteon-service: SomeipCOmm :: RX Message [0/9c39]:service:bf ,Method:806b,payload:04 fa 01 0d 6c 24 00 12 14 8c 84 
11-03 11:26:15.761   504   531 D vendor.visteon.skylark.hardware.automotive.vehicle@V1-visteon-service: SomeipCOmm :: RX Message [0/9c3a]:service:bf ,Method:802a,payload:02 90 01 17 6b 06 f6 bb 00 00 00 
11-03 11:26:15.763   504   531 D vendor.visteon.skylark.hardware.automotive.vehicle@V1-visteon-service: SomeipCOmm :: RX Message [0/9c3b]:service:bf ,Method:802f,payload:02 d0 01 8d 02 1b 60 00 00 00 00 
11-03 11:26:15.793   504   531 D vendor.visteon.skylark.hardware.automotive.vehicle@V1-visteon-service: SomeipCOmm :: RX Message [0/9c3c]:service:c7 ,Method:80e2,payload:0f 1a 0b 01 03 0a 19 01 
11-03 11:26:15.861   504   531 D vendor.visteon.skylark.hardware.automotive.vehicle@V1-visteon-service: SomeipCOmm :: RX Message [0/9c3e]:service:bf ,Method:800d,payload:01 06 01 2d 94 7d 3b 3e 80 d0 73 
11-03 11:26:15.862   504   531 D vendor.visteon.skylark.hardware.automotive.vehicle@V1-visteon-service: SomeipCOmm :: RX Message [0/9c3f]:service:bf ,Method:800f,payload:01 15 01 00 e4 00 00 00 00 00 00 
11-03 11:26:15.863   504   531 D vendor.visteon.skylark.hardware.automotive.vehicle@V1-visteon-service: SomeipCOmm :: RX Message [0/9c40]:service:bf ,Method:8017,payload:01 97 01 34 50 8c 37 35 00 00 00 
11-03 11:26:15.864   504   531 D vendor.visteon.skylark.hardware.automotive.vehicle@V1-visteon-service: SomeipCOmm :: RX Message [0/9c41]:service:bf ,Method:8025,payload:02 80 01 2d 98 51 7f 0f c0 0c 00 
11-03 11:26:15.869   504   531 D vendor.visteon.skylark.hardware.automotive.vehicle@V1-visteon-service: SomeipCOmm :: RX Message [0/9c42]:service:bf ,Method:8051,payload:02 84 01 37 e0 26 02 8c 00 2f 1c 
11-03 11:26:15.964   504   531 D vendor.visteon.skylark.hardware.automotive.vehicle@V1-visteon-service: SomeipCOmm :: RX Message [0/9c43]:service:bf ,Method:802a,payload:02 90 01 36 72 c8 e7 37 00 00 00 
11-03 11:26:15.966   504   531 D vendor.visteon.skylark.hardware.automotive.vehicle@V1-visteon-service: SomeipCOmm :: RX Message [0/9c44]:service:bf ,Method:802f,payload:02 d0 01 8e 02 1b 60 00 00 00 00 
11-03 11:26:15.967   504   531 D vendor.visteon.skylark.hardware.automotive.vehicle@V1-visteon-service: SomeipCOmm :: RX Message [0/9c45]:service:bf ,Method:803d,payload:02 b5 01 89 8b 10 00 00 00 00 3c 
11-03 11:26:15.991   504   536 D vendor.visteon.skylark.hardware.automotive.vehicle@V1-visteon-service: TX Message SomeipComm::send  : service:193,method:3, response Payload: 04 
11-03 11:26:16.000   503   521 I UclDL_Impl: Inst Id : 0 ## Tx Msgs : 183540
11-03 11:26:16.000   503   521 I UclDL_Impl: Inst Id : 0 ## TxA Msgs : 171074
11-03 11:26:16.000   503   521 I UclDL_Impl: Inst Id : 0 ## TxA TO : 0
11-03 11:26:16.000   503   521 I UclDL_Impl: Inst Id : 0 ## Rx Msgs : 183541
11-03 11:26:16.000   503   521 I UclDL_Impl: Inst Id : 0 ## Rx HB Msgs : 16
11-03 11:26:16.000   503   521 I UclDL_Impl: Inst Id : 0 ## Tx Bps : 3864
11-03 11:26:16.000   503   521 I UclDL_Impl: Inst Id : 0 ## Rx Bps : 10000
11-03 11:26:16.000   503   521 I UclDL_Impl: Inst Id : 0  ## Avg Ack Latency : 9
11-03 11:26:16.062   504   531 D vendor.visteon.skylark.hardware.automotive.vehicle@V1-visteon-service: SomeipCOmm :: RX Message [0/9c46]:service:bf ,Method:800d,payload:01 06 01 2d 7c 7c 3b 3e 80 50 ed 
11-03 11:26:16.063   504   531 D vendor.visteon.skylark.hardware.automotive.vehicle@V1-visteon-service: SomeipCOmm :: RX Message [0/9c47]:service:bf ,Method:800f,payload:01 15 01 00 ec 00 00 00 00 00 00 
11-03 11:26:16.064   504   531 D vendor.visteon.skylark.hardware.automotive.vehicle@V1-visteon-service: SomeipCOmm :: RX Message [0/9c48]:service:bf ,Method:8017,payload:01 97 01 34 60 c6 37 4f 00 00 00 
11-03 11:26:16.065   504   531 D vendor.visteon.skylark.hardware.automotive.vehicle@V1-visteon-service: SomeipCOmm :: RX Message [0/9c49]:service:bf ,Method:8025,payload:02 80 01 2d 84 55 7f 0f c0 0c 00 
11-03 11:26:16.066   504   531 D vendor.visteon.skylark.hardware.automotive.vehicle@V1-visteon-service: SomeipCOmm :: RX Message [0/9c4a]:service:bf ,Method:8051,payload:02 84 01 37 f0 26 02 8c 00 2f 1c 
11-03 11:26:16.162   504   531 D vendor.visteon.skylark.hardware.automotive.vehicle@V1-visteon-service: SomeipCOmm :: RX Message [0/9c4b]:service:bf ,Method:802a,payload:02 90 01 55 3a 8a d7 b3 00 00 00 
11-03 11:26:16.165   504   531 D vendor.visteon.skylark.hardware.automotive.vehicle@V1-visteon-service: SomeipCOmm :: RX Message [0/9c4c]:service:bf ,Method:802f,payload:02 d0 01 8e 02 1b 60 00 00 00 00 
11-03 11:26:16.166   504   531 D vendor.visteon.skylark.hardware.automotive.vehicle@V1-visteon-service: SomeipCOmm :: RX Message [0/9c4d]:service:bf ,Method:8059,payload:02 b9 01 19 46 55 00 00 30 4b 98 
11-03 11:26:16.265   504   531 D vendor.visteon.skylark.hardware.automotive.vehicle@V1-visteon-service: SomeipCOmm :: RX Message [0/9c4e]:service:bf ,Method:800d,payload:01 06 01 2d 80 7d 3c 3e 80 d0 96 
11-03 11:26:16.268   504   531 D vendor.visteon.skylark.hardware.automotive.vehicle@V1-visteon-service: SomeipCOmm :: RX Message [0/9c4f]:service:bf ,Method:800f,payload:01 15 01 00 e4 00 00 00 00 00 00 
11-03 11:26:16.271   504   531 D vendor.visteon.skylark.hardware.automotive.vehicle@V1-visteon-service: SomeipCOmm :: RX Message [0/9c50]:service:bf ,Method:8017,payload:01 97 01 34 50 8c 37 39 00 00 00 
11-03 11:26:16.272   504   531 D vendor.visteon.skylark.hardware.automotive.vehicle@V1-visteon-service: SomeipCOmm :: RX Message [0/9c51]:service:bf ,Method:8025,payload:02 80 01 2d 70 59 7f 0f c0 0c 00 
11-03 11:26:16.314   504   531 D vendor.visteon.skylark.hardware.automotive.vehicle@V1-visteon-service: SomeipCOmm :: RX Message [0/9c52]:service:c0 ,Method:8000,payload:04 
11-03 11:26:16.317   504   531 D vendor.visteon.skylark.hardware.automotive.vehicle@V1-visteon-service: SomeipCOmm :: RX Message [0/9c53]:service:c7 ,Method:80e5,payload:02 00 00 01 0f 40 5f 00 08 04 07 00 00 00 00 1e 00 00 00 00 09 00 00 00 00 02 01 02 0e 2d 04 b0 01 ab 08 94 01 d9 02 eb 02 dd 01 01 01 00 19 0b 03 0b 1a 0e 19 79 8b 0d 09 0a e9 00 1e 1e b4 89 7f 00 07 00 0a 00 30 02 22 00 c2 00 00 00 00 00 00 00 00 01 00 06 00 00 00 00 00 00 00 00 00 00 00 01 00 00 00 00 00 00 32 00 00 04 07 0a 0f 14 00 a8 02 00 03 00 00 00 00 00 c0 00 02 00 00 c0 00 00 2b 02 d5 02 d6 02 d8 03 03 03 03 01 00 00 62 00 00 00 a5 00 00 00 00 05 d1 03 03 00 0b 0b 0b 00 00 00 00 00 00 00 00 00 00 00 00 00 00 00 00 00 00 00 00 00 00 00 00 00 00 00 00 00 00 00 00 00 00 00 00 00 00 00 
11-03 11:26:16.323   504   531 D vendor.visteon.skylark.hardware.automotive.vehicle@V1-visteon-service: SomeipCOmm :: RX Message [0/9c54]:service:c7 ,Method:80df,payload:08 04 02 02 01 02 00 00 00 00 00 00 00 00 00 03 00 00 00 00 00 00 00 00 00 00 00 00 00 00 00 00 00 00 00 00 00 00 00 00 00 00 00 00 00 00 00 00 00 00 00 00 00 00 00 00 00 00 00 00 00 00 00 00 00 00 00 00 00 00 00 00 00 00 00 00 00 00 00 00 00 00 00 00 00 00 00 00 00 00 00 00 00 00 00 00 00 00 00 00 
11-03 11:26:16.350   504   531 D vendor.visteon.skylark.hardware.automotive.vehicle@V1-visteon-service: SomeipCOmm :: RX Message [0/9c56]:service:c0 ,Method:8005,payload:03 03 03 03 00 00 00 03 03 01 03 03 03 03 00 00 00 00 00 00 
11-03 11:26:16.351   504   531 D vendor.visteon.skylark.hardware.automotive.vehicle@V1-visteon-service: PERIPHERAL_STATUS:: 03 03 03 03 00 00 00 03 03 01 03 03 03 03 00 00 00 00 00 00 
11-03 11:26:16.361   504   531 D vendor.visteon.skylark.hardware.automotive.vehicle@V1-visteon-service: SomeipCOmm :: RX Message [0/9c57]:service:bf ,Method:802a,payload:02 90 01 74 02 3c c4 2f 00 00 00 
11-03 11:26:16.365   611   620 I UclDL_Impl_VIP: TxA TO : 33
11-03 11:26:16.365   611   620 I UclDL_Impl_VIP: Avg Ack Latency : 9
11-03 11:26:16.365   611   620 I UclDL_Impl_VIP: pollingCntr : 1113245
11-03 11:26:16.365   611   620 I UclDL_Impl_TCU: VIP-TCU - txBps : 4352
11-03 11:26:16.365   611   620 I UclDL_Impl_TCU: VIP-TCU - rxBps : 2128
11-03 11:26:16.365   504   531 D vendor.visteon.skylark.hardware.automotive.vehicle@V1-visteon-service: SomeipCOmm :: RX Message [0/9c58]:service:bf ,Method:802f,payload:02 d0 01 8e 02 1b 60 00 00 00 00 
11-03 11:26:16.365   611   620 I UclDL_Impl_TCU: VIP-TCU - txAckTmo : 193
11-03 11:26:16.421   504   504 D vendor.visteon.skylark.hardware.automotive.vehicle@V1-visteon-service: TX Message SomeipComm::send  : service:194,method:5, response Payload: 02 c9 92 06 00 00 c0 00 41 3b 
11-03 11:26:16.461   504   531 D vendor.visteon.skylark.hardware.automotive.vehicle@V1-visteon-service: SomeipCOmm :: RX Message [0/9c5a]:service:bf ,Method:800d,payload:01 06 01 2d 88 7d 3f 3e 80 50 00 
11-03 11:26:16.466   504   531 D vendor.visteon.skylark.hardware.automotive.vehicle@V1-visteon-service: SomeipCOmm :: RX Message [0/9c5b]:service:bf ,Method:800f,payload:01 15 01 00 e8 00 00 00 00 00 00 
11-03 11:26:16.468   504   531 D vendor.visteon.skylark.hardware.automotive.vehicle@V1-visteon-service: SomeipCOmm :: RX Message [0/9c5c]:service:bf ,Method:8017,payload:01 97 01 34 50 8c 37 33 00 00 00 
11-03 11:26:16.468   504   531 D vendor.visteon.skylark.hardware.automotive.vehicle@V1-visteon-service: SomeipCOmm :: RX Message [0/9c5d]:service:bf ,Method:8025,payload:02 80 01 2d 84 5c 7f 0f c0 0c 00 
11-03 11:26:16.470   504   531 D vendor.visteon.skylark.hardware.automotive.vehicle@V1-visteon-service: SomeipCOmm :: RX Message [0/9c5e]:service:bf ,Method:8051,payload:02 84 01 38 00 26 02 8c 00 2f 1c 
11-03 11:26:16.565   504   531 D vendor.visteon.skylark.hardware.automotive.vehicle@V1-visteon-service: SomeipCOmm :: RX Message [0/9c5f]:service:bf ,Method:802a,payload:02 90 01 92 c9 fe b0 aa 00 00 00 
11-03 11:26:16.566   504   531 D vendor.visteon.skylark.hardware.automotive.vehicle@V1-visteon-service: SomeipCOmm :: RX Message [0/9c60]:service:bf ,Method:8059,payload:02 b9 01 19 46 55 00 00 30 4a b8 
11-03 11:26:16.665   504   531 D vendor.visteon.skylark.hardware.automotive.vehicle@V1-visteon-service: SomeipCOmm :: RX Message [0/9c61]:service:bf ,Method:800d,payload:01 06 01 2d a8 7c 3f 3e 80 d0 64 
11-03 11:26:16.667   504   531 D vendor.visteon.skylark.hardware.automotive.vehicle@V1-visteon-service: SomeipCOmm :: RX Message [0/9c62]:service:bf ,Method:800f,payload:01 15 01 00 e4 00 00 00 00 00 00 
11-03 11:26:16.669   504   531 D vendor.visteon.skylark.hardware.automotive.vehicle@V1-visteon-service: SomeipCOmm :: RX Message [0/9c63]:service:bf ,Method:8017,payload:01 97 01 34 70 0b 37 5d 00 00 00 
11-03 11:26:16.674   504   531 D vendor.visteon.skylark.hardware.automotive.vehicle@V1-visteon-service: SomeipCOmm :: RX Message [0/9c64]:service:bf ,Method:8025,payload:02 80 01 2d 90 60 7f 0f c0 0c 00 
11-03 11:26:16.717   504   531 D vendor.visteon.skylark.hardware.automotive.vehicle@V1-visteon-service: SomeipCOmm :: RX Message [0/9c65]:service:bf ,Method:806b,payload:04 fa 01 0d 6c 24 00 12 14 8b 84 
11-03 11:26:16.765   504   531 D vendor.visteon.skylark.hardware.automotive.vehicle@V1-visteon-service: SomeipCOmm :: RX Message [0/9c66]:service:bf ,Method:802a,payload:02 90 01 b1 d1 a0 a1 26 00 00 00 
11-03 11:26:16.767   504   531 D vendor.visteon.skylark.hardware.automotive.vehicle@V1-visteon-service: SomeipCOmm :: RX Message [0/9c67]:service:bf ,Method:8059,payload:02 b9 01 19 46 55 00 00 30 4b 48 
11-03 11:26:16.797   504   531 D vendor.visteon.skylark.hardware.automotive.vehicle@V1-visteon-service: SomeipCOmm :: RX Message [0/9c68]:service:c7 ,Method:80e2,payload:10 1a 0b 01 03 0a 19 01 
11-03 11:26:16.869   504   531 D vendor.visteon.skylark.hardware.automotive.vehicle@V1-visteon-service: SomeipCOmm :: RX Message [0/9c6a]:service:bf ,Method:800d,payload:01 06 01 2d 90 7d 40 3e 80 50 8d 
11-03 11:26:16.871   504   531 D vendor.visteon.skylark.hardware.automotive.vehicle@V1-visteon-service: SomeipCOmm :: RX Message [0/9c6b]:service:bf ,Method:800f,payload:01 15 01 00 de 00 00 00 00 00 00 
11-03 11:26:16.872   504   531 D vendor.visteon.skylark.hardware.automotive.vehicle@V1-visteon-service: SomeipCOmm :: RX Message [0/9c6c]:service:bf ,Method:8017,payload:01 97 01 34 40 41 37 27 00 00 00 
11-03 11:26:16.873   504   531 D vendor.visteon.skylark.hardware.automotive.vehicle@V1-visteon-service: SomeipCOmm :: RX Message [0/9c6d]:service:bf ,Method:8025,payload:02 80 01 2d 90 64 7f 0f c0 0c 00 
11-03 11:26:16.874   504   531 D vendor.visteon.skylark.hardware.automotive.vehicle@V1-visteon-service: SomeipCOmm :: RX Message [0/9c6e]:service:bf ,Method:8051,payload:02 84 01 38 00 26 02 8d 00 2f 1c 
11-03 11:26:16.965   504   531 D vendor.visteon.skylark.hardware.automotive.vehicle@V1-visteon-service: SomeipCOmm :: RX Message [0/9c6f]:service:bf ,Method:802a,payload:02 90 01 d0 99 62 91 a2 00 00 00 
11-03 11:26:16.965   504   531 D vendor.visteon.skylark.hardware.automotive.vehicle@V1-visteon-service: SomeipCOmm :: RX Message [0/9c70]:service:bf ,Method:802f,payload:02 d0 01 8d 02 1b 60 00 00 00 00 
11-03 11:26:16.993   504   536 D vendor.visteon.skylark.hardware.automotive.vehicle@V1-visteon-service: TX Message SomeipComm::send  : service:193,method:3, response Payload: 04 
11-03 11:26:17.008   503   521 I UclDL_Impl: Inst Id : 0 ## Tx Msgs : 183585
11-03 11:26:17.009   503   521 I UclDL_Impl: Inst Id : 0 ## TxA Msgs : 171117
11-03 11:26:17.009   503   521 I UclDL_Impl: Inst Id : 0 ## TxA TO : 0
11-03 11:26:17.009   503   521 I UclDL_Impl: Inst Id : 0 ## Rx Msgs : 183586
11-03 11:26:17.009   503   521 I UclDL_Impl: Inst Id : 0 ## Rx HB Msgs : 16
11-03 11:26:17.009   503   521 I UclDL_Impl: Inst Id : 0 ## Tx Bps : 3704
11-03 11:26:17.009   503   521 I UclDL_Impl: Inst Id : 0 ## Rx Bps : 9696
11-03 11:26:17.009   503   521 I UclDL_Impl: Inst Id : 0  ## Avg Ack Latency : 8
11-03 11:26:17.065   504   531 D vendor.visteon.skylark.hardware.automotive.vehicle@V1-visteon-service: SomeipCOmm :: RX Message [0/9c71]:service:bf ,Method:800d,payload:01 06 01 2d 90 7d 47 3e 80 d0 5f 
11-03 11:26:17.070   504   531 D vendor.visteon.skylark.hardware.automotive.vehicle@V1-visteon-service: SomeipCOmm :: RX Message [0/9c72]:service:bf ,Method:800f,payload:01 15 01 00 e4 00 00 00 00 00 00 
11-03 11:26:17.071   504   531 D vendor.visteon.skylark.hardware.automotive.vehicle@V1-visteon-service: SomeipCOmm :: RX Message [0/9c73]:service:bf ,Method:8017,payload:01 97 01 34 40 41 37 21 00 00 00 
11-03 11:26:17.072   504   531 D vendor.visteon.skylark.hardware.automotive.vehicle@V1-visteon-service: SomeipCOmm :: RX Message [0/9c74]:service:bf ,Method:8025,payload:02 80 01 2d b0 68 7f 0f c0 0c 00 
11-03 11:26:17.073   504   531 D vendor.visteon.skylark.hardware.automotive.vehicle@V1-visteon-service: SomeipCOmm :: RX Message [0/9c75]:service:bf ,Method:8051,payload:02 84 01 38 10 26 02 8c 00 2f 1c 
11-03 11:26:17.166   504   531 D vendor.visteon.skylark.hardware.automotive.vehicle@V1-visteon-service: SomeipCOmm :: RX Message [0/9c76]:service:bf ,Method:802a,payload:02 90 01 ef 61 14 7e 1d 00 00 00 
11-03 11:26:17.170   504   531 D vendor.visteon.skylark.hardware.automotive.vehicle@V1-visteon-service: SomeipCOmm :: RX Message [0/9c77]:service:bf ,Method:802f,payload:02 d0 01 8e 02 1b 60 00 00 00 00 
11-03 11:26:17.170   504   531 D vendor.visteon.skylark.hardware.automotive.vehicle@V1-visteon-service: SomeipCOmm :: RX Message [0/9c78]:service:bf ,Method:8059,payload:02 b9 01 19 46 55 00 00 30 4a b8 
11-03 11:26:17.266   504   531 D vendor.visteon.skylark.hardware.automotive.vehicle@V1-visteon-service: SomeipCOmm :: RX Message [0/9c79]:service:bf ,Method:800d,payload:01 06 01 2d 80 7f 4f 3e 80 50 25 
11-03 11:26:17.272   504   531 D vendor.visteon.skylark.hardware.automotive.vehicle@V1-visteon-service: SomeipCOmm :: RX Message [0/9c7a]:service:bf ,Method:800f,payload:01 15 01 00 de 00 00 00 00 00 00 
11-03 11:26:17.274   504   531 D vendor.visteon.skylark.hardware.automotive.vehicle@V1-visteon-service: SomeipCOmm :: RX Message [0/9c7b]:service:bf ,Method:8017,payload:01 97 01 34 30 18 37 1b 00 00 00 
11-03 11:26:17.275   504   531 D vendor.visteon.skylark.hardware.automotive.vehicle@V1-visteon-service: SomeipCOmm :: RX Message [0/9c7c]:service:bf ,Method:8025,payload:02 80 01 2d 7c 6b 7f 0f c0 0c 00 
11-03 11:26:17.322   504   531 D vendor.visteon.skylark.hardware.automotive.vehicle@V1-visteon-service: SomeipCOmm :: RX Message [0/9c7d]:service:c0 ,Method:8000,payload:04 
11-03 11:26:17.327   504   531 D vendor.visteon.skylark.hardware.automotive.vehicle@V1-visteon-service: SomeipCOmm :: RX Message [0/9c7e]:service:c7 ,Method:80e5,payload:02 00 00 01 0f 40 5f 00 08 04 07 00 00 00 00 1e 00 00 00 00 09 00 00 00 00 02 01 02 0e 2d 04 d1 01 98 08 a6 01 da 02 ed 02 d5 01 01 01 00 19 0b 03 0b 1a 0f 19 79 83 0d 09 0a e9 00 1e 1e ba 89 7f 00 07 00 0a 00 30 02 22 00 c2 00 00 00 00 00 00 00 00 01 00 06 00 00 00 00 00 00 00 00 00 00 00 01 00 00 00 00 00 00 32 00 00 04 07 0a 0f 14 00 a8 02 00 03 00 00 00 00 00 c0 00 02 00 00 c0 00 00 2b 02 e7 02 df 02 e2 03 03 03 03 01 00 00 62 00 00 00 a5 00 00 00 00 05 d6 03 03 00 0b 0b 0b 00 00 00 00 00 00 00 00 00 00 00 00 00 00 00 00 00 00 00 00 00 00 00 00 00 00 00 00 00 00 00 00 00 00 00 00 00 00 00 
11-03 11:26:17.329   504   531 D vendor.visteon.skylark.hardware.automotive.vehicle@V1-visteon-service: SomeipCOmm :: RX Message [0/9c7f]:service:c7 ,Method:80df,payload:08 04 02 02 01 02 00 00 00 00 00 00 00 00 00 03 00 00 00 00 00 00 00 00 00 00 00 00 00 00 00 00 00 00 00 00 00 00 00 00 00 00 00 00 00 00 00 00 00 00 00 00 00 00 00 00 00 00 00 00 00 00 00 00 00 00 00 00 00 00 00 00 00 00 00 00 00 00 00 00 00 00 00 00 00 00 00 00 00 00 00 00 00 00 00 00 00 00 00 00 
11-03 11:26:17.357   504   531 D vendor.visteon.skylark.hardware.automotive.vehicle@V1-visteon-service: SomeipCOmm :: RX Message [0/9c81]:service:c0 ,Method:8005,payload:03 03 03 03 00 00 00 03 03 01 03 03 03 03 00 00 00 00 00 00 
11-03 11:26:17.357   504   531 D vendor.visteon.skylark.hardware.automotive.vehicle@V1-visteon-service: PERIPHERAL_STATUS:: 03 03 03 03 00 00 00 03 03 01 03 03 03 03 00 00 00 00 00 00 
11-03 11:26:17.370   611   620 I UclDL_Impl_VIP: TxA TO : 33
11-03 11:26:17.370   611   620 I UclDL_Impl_VIP: Avg Ack Latency : 15
11-03 11:26:17.370   611   620 I UclDL_Impl_VIP: pollingCntr : 1113495
11-03 11:26:17.370   611   620 I UclDL_Impl_TCU: VIP-TCU - txBps : 4248
11-03 11:26:17.370   611   620 I UclDL_Impl_TCU: VIP-TCU - rxBps : 2232
11-03 11:26:17.370   611   620 I UclDL_Impl_TCU: VIP-TCU - txAckTmo : 193
11-03 11:26:17.370   504   531 D vendor.visteon.skylark.hardware.automotive.vehicle@V1-visteon-service: SomeipCOmm :: RX Message [0/9c82]:service:bf ,Method:802a,payload:02 90 01 0e 68 d6 6e 99 00 00 00 
11-03 11:26:17.408   504   504 D vendor.visteon.skylark.hardware.automotive.vehicle@V1-visteon-service: TX Message SomeipComm::send  : service:194,method:5, response Payload: 02 c9 92 06 00 00 c0 00 42 00 
11-03 11:26:17.470   504   531 D vendor.visteon.skylark.hardware.automotive.vehicle@V1-visteon-service: SomeipCOmm :: RX Message [0/9c84]:service:bf ,Method:800d,payload:01 06 01 2d 94 7d 56 3e 80 f0 65 
11-03 11:26:17.471   504   531 D vendor.visteon.skylark.hardware.automotive.vehicle@V1-visteon-service: SomeipCOmm :: RX Message [0/9c85]:service:bf ,Method:800f,payload:01 15 01 00 da 00 00 00 00 00 00 
11-03 11:26:17.472   504   531 D vendor.visteon.skylark.hardware.automotive.vehicle@V1-visteon-service: SomeipCOmm :: RX Message [0/9c86]:service:bf ,Method:8017,payload:01 97 01 34 40 41 37 25 00 00 00 
11-03 11:26:17.473   504   531 D vendor.visteon.skylark.hardware.automotive.vehicle@V1-visteon-service: SomeipCOmm :: RX Message [0/9c87]:service:bf ,Method:8025,payload:02 80 01 2d 88 6f 7f 0f c0 0c 00 
11-03 11:26:17.569   504   531 D vendor.visteon.skylark.hardware.automotive.vehicle@V1-visteon-service: SomeipCOmm :: RX Message [0/9c88]:service:bf ,Method:802a,payload:02 90 01 2d 70 88 5f 15 00 00 00 
11-03 11:26:17.572   504   531 D vendor.visteon.skylark.hardware.automotive.vehicle@V1-visteon-service: SomeipCOmm :: RX Message [0/9c89]:service:bf ,Method:802f,payload:02 d0 01 8e 02 1b 60 00 00 00 00 
11-03 11:26:17.670   504   531 D vendor.visteon.skylark.hardware.automotive.vehicle@V1-visteon-service: SomeipCOmm :: RX Message [0/9c8a]:service:bf ,Method:800d,payload:01 06 01 2d 98 7d 59 3e 80 70 24 
11-03 11:26:17.671   504   531 D vendor.visteon.skylark.hardware.automotive.vehicle@V1-visteon-service: SomeipCOmm :: RX Message [0/9c8b]:service:bf ,Method:800f,payload:01 15 01 00 d6 00 00 00 00 00 00 
11-03 11:26:17.672   504   531 D vendor.visteon.skylark.hardware.automotive.vehicle@V1-visteon-service: SomeipCOmm :: RX Message [0/9c8c]:service:bf ,Method:8017,payload:01 97 01 34 60 c6 37 4f 00 00 00 
11-03 11:26:17.674   504   531 D vendor.visteon.skylark.hardware.automotive.vehicle@V1-visteon-service: SomeipCOmm :: RX Message [0/9c8d]:service:bf ,Method:8025,payload:02 80 01 2d 84 73 7f 0f c0 0c 00 
11-03 11:26:17.770   504   531 D vendor.visteon.skylark.hardware.automotive.vehicle@V1-visteon-service: SomeipCOmm :: RX Message [0/9c8e]:service:bf ,Method:802a,payload:02 90 01 4c 38 4a 4f 91 00 00 00 
11-03 11:26:17.772   504   531 D vendor.visteon.skylark.hardware.automotive.vehicle@V1-visteon-service: SomeipCOmm :: RX Message [0/9c8f]:service:bf ,Method:802f,payload:02 d0 01 8e 02 1b 60 00 00 00 00 
11-03 11:26:17.776   504   531 D vendor.visteon.skylark.hardware.automotive.vehicle@V1-visteon-service: SomeipCOmm :: RX Message [0/9c90]:service:bf ,Method:8059,payload:02 b9 01 19 46 55 00 00 30 4b 98 
11-03 11:26:17.801   504   531 D vendor.visteon.skylark.hardware.automotive.vehicle@V1-visteon-service: SomeipCOmm :: RX Message [0/9c91]:service:c7 ,Method:80e2,payload:11 1a 0b 01 03 0a 19 01 
11-03 11:26:17.871   504   531 D vendor.visteon.skylark.hardware.automotive.vehicle@V1-visteon-service: SomeipCOmm :: RX Message [0/9c93]:service:bf ,Method:800d,payload:01 06 01 2d b8 7d 5a 3e 80 f0 90 
11-03 11:26:17.874   504   531 D vendor.visteon.skylark.hardware.automotive.vehicle@V1-visteon-service: SomeipCOmm :: RX Message [0/9c94]:service:bf ,Method:800f,payload:01 15 01 00 e4 00 00 00 00 00 00 
11-03 11:26:17.875   504   531 D vendor.visteon.skylark.hardware.automotive.vehicle@V1-visteon-service: SomeipCOmm :: RX Message [0/9c95]:service:bf ,Method:8017,payload:01 97 01 34 80 74 37 69 00 00 00 
11-03 11:26:17.878   504   531 D vendor.visteon.skylark.hardware.automotive.vehicle@V1-visteon-service: SomeipCOmm :: RX Message [0/9c96]:service:bf ,Method:8025,payload:02 80 01 2d a0 76 7f 0f c0 0c 00 
11-03 11:26:17.882   504   531 D vendor.visteon.skylark.hardware.automotive.vehicle@V1-visteon-service: SomeipCOmm :: RX Message [0/9c97]:service:bf ,Method:8051,payload:02 84 01 38 10 26 02 8c 00 2f 1c 
11-03 11:26:17.969   504   531 D vendor.visteon.skylark.hardware.automotive.vehicle@V1-visteon-service: SomeipCOmm :: RX Message [0/9c98]:service:bf ,Method:802a,payload:02 90 01 6b 00 0c 3c 0d 00 00 00 
11-03 11:26:17.971   504   531 D vendor.visteon.skylark.hardware.automotive.vehicle@V1-visteon-service: SomeipCOmm :: RX Message [0/9c99]:service:bf ,Method:802f,payload:02 d0 01 8d 02 1b 60 00 00 00 00 
11-03 11:26:17.972   504   531 D vendor.visteon.skylark.hardware.automotive.vehicle@V1-visteon-service: SomeipCOmm :: RX Message [0/9c9a]:service:bf ,Method:8059,payload:02 b9 01 19 46 55 00 00 30 4b 18 
11-03 11:26:17.995   504   536 D vendor.visteon.skylark.hardware.automotive.vehicle@V1-visteon-service: TX Message SomeipComm::send  : service:193,method:3, response Payload: 04 
11-03 11:26:18.012   503   521 I UclDL_Impl: Inst Id : 0 ## Tx Msgs : 183629
11-03 11:26:18.012   503   521 I UclDL_Impl: Inst Id : 0 ## TxA Msgs : 171159
11-03 11:26:18.012   503   521 I UclDL_Impl: Inst Id : 0 ## TxA TO : 0
11-03 11:26:18.012   503   521 I UclDL_Impl: Inst Id : 0 ## Rx Msgs : 183630
11-03 11:26:18.012   503   521 I UclDL_Impl: Inst Id : 0 ## Rx HB Msgs : 16
11-03 11:26:18.012   503   521 I UclDL_Impl: Inst Id : 0 ## Tx Bps : 3624
11-03 11:26:18.012   503   521 I UclDL_Impl: Inst Id : 0 ## Rx Bps : 9544
11-03 11:26:18.012   503   521 I UclDL_Impl: Inst Id : 0  ## Avg Ack Latency : 9
11-03 11:26:18.069   504   531 D vendor.visteon.skylark.hardware.automotive.vehicle@V1-visteon-service: SomeipCOmm :: RX Message [0/9c9b]:service:bf ,Method:800d,payload:01 06 01 2d bc 7d 5b 3e 80 70 2e 
11-03 11:26:18.075   504   531 D vendor.visteon.skylark.hardware.automotive.vehicle@V1-visteon-service: SomeipCOmm :: RX Message [0/9c9c]:service:bf ,Method:800f,payload:01 15 01 00 e4 00 00 00 00 00 00 
11-03 11:26:18.075   504   531 D vendor.visteon.skylark.hardware.automotive.vehicle@V1-visteon-service: SomeipCOmm :: RX Message [0/9c9d]:service:bf ,Method:8017,payload:01 97 01 34 80 74 37 63 00 00 00 
11-03 11:26:18.077   504   531 D vendor.visteon.skylark.hardware.automotive.vehicle@V1-visteon-service: SomeipCOmm :: RX Message [0/9c9e]:service:bf ,Method:8025,payload:02 80 01 2d a4 7a 7f 0f c0 0c 00 
11-03 11:26:18.080   504   531 D vendor.visteon.skylark.hardware.automotive.vehicle@V1-visteon-service: SomeipCOmm :: RX Message [0/9c9f]:service:bf ,Method:8051,payload:02 84 01 38 20 26 02 8b 00 2f 1c 
11-03 11:26:18.172   504   531 D vendor.visteon.skylark.hardware.automotive.vehicle@V1-visteon-service: SomeipCOmm :: RX Message [0/9ca4]:service:bf ,Method:802a,payload:02 90 01 89 c7 ce 2c 89 00 00 00 
11-03 11:26:18.173   504   531 D vendor.visteon.skylark.hardware.automotive.vehicle@V1-visteon-service: SomeipCOmm :: RX Message [0/9ca5]:service:bf ,Method:802f,payload:02 d0 01 8e 02 1b 60 00 00 00 00 
11-03 11:26:18.274   504   531 D vendor.visteon.skylark.hardware.automotive.vehicle@V1-visteon-service: SomeipCOmm :: RX Message [0/9ca8]:service:bf ,Method:800d,payload:01 06 01 2d b8 7d 5b 3e 80 f0 0d 
11-03 11:26:18.274   504   531 D vendor.visteon.skylark.hardware.automotive.vehicle@V1-visteon-service: SomeipCOmm :: RX Message [0/9ca9]:service:bf ,Method:800f,payload:01 15 01 00 de 00 00 00 00 00 00 
11-03 11:26:18.275   504   531 D vendor.visteon.skylark.hardware.automotive.vehicle@V1-visteon-service: SomeipCOmm :: RX Message [0/9caa]:service:bf ,Method:8017,payload:01 97 01 34 90 b9 37 7d 00 00 00 
11-03 11:26:18.280   504   531 D vendor.visteon.skylark.hardware.automotive.vehicle@V1-visteon-service: SomeipCOmm :: RX Message [0/9cab]:service:bf ,Method:8025,payload:02 80 01 2d c0 7e 7f 0f c0 0c 00 
11-03 11:26:18.281   504   531 D vendor.visteon.skylark.hardware.automotive.vehicle@V1-visteon-service: SomeipCOmm :: RX Message [0/9cac]:service:bf ,Method:8051,payload:02 84 01 38 20 26 02 8c 00 2f 1c 
11-03 11:26:18.283   504   531 D vendor.visteon.skylark.hardware.automotive.vehicle@V1-visteon-service: SomeipCOmm :: RX Message [0/9cad]:service:bf ,Method:8035,payload:03 a1 01 00 03 d4 e5 41 95 69 94 
11-03 11:26:18.327   504   531 D vendor.visteon.skylark.hardware.automotive.vehicle@V1-visteon-service: SomeipCOmm :: RX Message [0/9cae]:service:c0 ,Method:8000,payload:04 
