01-01 02:25:52.720   668   676 I UclDL_Impl_TCU: VIP-TCU - txAckTmo : 1
01-01 02:25:52.893   490   539 D vendor.visteon.skylark.hardware.automotive.vehicle@V1-visteon-service: TX Message SomeipComm::send  : service:193,method:3, response Payload: 04 
01-01 02:25:52.940   489   509 I UclDL_Impl: Inst Id : 0 ## Tx Msgs : 849
01-01 02:25:52.940   489   509 I UclDL_Impl: Inst Id : 0 ## TxA Msgs : 618
01-01 02:25:52.940   489   509 I UclDL_Impl: Inst Id : 0 ## TxA TO : 0
01-01 02:25:52.940   489   509 I UclDL_Impl: Inst Id : 0 ## Rx Msgs : 850
01-01 02:25:52.940   489   509 I UclDL_Impl: Inst Id : 0 ## Rx HB Msgs : 40
01-01 02:25:52.940   489   509 I UclDL_Impl: Inst Id : 0 ## Tx Bps : 808
01-01 02:25:52.940   489   509 I UclDL_Impl: Inst Id : 0 ## Rx Bps : 4368
01-01 02:25:52.940   489   509 I UclDL_Impl: Inst Id : 0  ## Avg Ack Latency : 4
01-01 02:25:53.032   490   541 D vendor.visteon.skylark.hardware.automotive.vehicle@V1-visteon-service: SomeipCOmm :: RX Message [0/26c]:service:c0 ,Method:8000,payload:04 
01-01 02:25:53.037   490   541 D vendor.visteon.skylark.hardware.automotive.vehicle@V1-visteon-service: SomeipCOmm :: RX Message [0/26d]:service:c7 ,Method:80e5,payload:02 00 00 01 0f 40 3e 00 08 04 16 00 00 00 00 1e 00 00 00 00 09 00 00 00 00 02 01 01 0e 2d 04 b8 01 a6 06 ac 01 d6 02 e9 02 dd 01 00 00 00 00 01 01 02 19 35 1b 79 8f 0d 19 0a e9 00 1f 1e b4 89 7f 00 07 00 0a 00 20 02 22 00 c2 00 00 00 00 00 00 00 00 01 00 07 00 00 00 00 00 00 00 00 00 00 00 01 00 01 00 00 00 00 32 00 00 04 07 0a 0f 14 00 a8 02 00 03 00 00 00 00 00 c0 00 02 00 00 c0 00 00 00 02 cf 02 c1 02 cb 03 03 03 03 01 00 00 62 00 00 00 a5 00 00 00 00 0e cb 03 00 01 00 0b 0b 0b a5 07 04 f2 33 30 34 34 00 00 00 00 00 00 00 00 00 00 00 00 00 00 00 00 00 00 00 00 00 00 00 00 00 00 00 00 00 00 
01-01 02:25:53.039   490   541 D vendor.visteon.skylark.hardware.automotive.vehicle@V1-visteon-service: SomeipCOmm :: RX Message [0/26e]:service:c7 ,Method:80df,payload:08 04 02 02 01 02 00 00 00 00 00 00 00 00 00 03 00 00 00 00 00 00 00 00 00 00 00 00 00 00 00 00 00 00 00 00 00 00 00 00 00 00 00 00 00 00 00 00 00 00 00 00 00 00 00 00 00 00 00 00 00 00 00 00 00 00 00 00 00 00 00 00 00 00 00 00 00 00 00 00 00 00 00 00 00 00 00 00 00 00 00 00 00 00 00 00 00 00 00 00 
01-01 02:25:53.244   490   541 D vendor.visteon.skylark.hardware.automotive.vehicle@V1-visteon-service: SomeipCOmm :: RX Message [0/26f]:service:c7 ,Method:80e2,payload:36 19 02 05 01 00 00 01 
01-01 02:25:53.714   490   541 D vendor.visteon.skylark.hardware.automotive.vehicle@V1-visteon-service: SomeipCOmm :: RX Message [0/271]:service:c0 ,Method:8005,payload:03 03 03 03 03 03 03 03 03 01 03 03 03 00 00 00 00 00 00 00 
01-01 02:25:53.715   490   541 D vendor.visteon.skylark.hardware.automotive.vehicle@V1-visteon-service: PERIPHERAL_STATUS:: 03 03 03 03 03 03 03 03 03 01 03 03 03 00 00 00 00 00 00 00 
01-01 02:25:53.724   668   676 I UclDL_Impl_VIP: TxA TO : 33
01-01 02:25:53.724   668   676 I UclDL_Impl_VIP: Avg Ack Latency : 9
01-01 02:25:53.724   668   676 I UclDL_Impl_VIP: pollingCntr : 13992
01-01 02:25:53.725   668   676 I UclDL_Impl_TCU: VIP-TCU - txBps : 392
01-01 02:25:53.725   668   676 I UclDL_Impl_TCU: VIP-TCU - rxBps : 272
01-01 02:25:53.725   668   676 I UclDL_Impl_TCU: VIP-TCU - txAckTmo : 1
01-01 02:25:53.893   490   539 D vendor.visteon.skylark.hardware.automotive.vehicle@V1-visteon-service: TX Message SomeipComm::send  : service:193,method:3, response Payload: 04 
01-01 02:25:53.939   489   509 I UclDL_Impl: Inst Id : 0 ## Tx Msgs : 859
01-01 02:25:53.940   489   509 I UclDL_Impl: Inst Id : 0 ## TxA Msgs : 626
01-01 02:25:53.940   489   509 I UclDL_Impl: Inst Id : 0 ## TxA TO : 0
01-01 02:25:53.940   489   509 I UclDL_Impl: Inst Id : 0 ## Rx Msgs : 860
01-01 02:25:53.940   489   509 I UclDL_Impl: Inst Id : 0 ## Rx HB Msgs : 41
01-01 02:25:53.940   489   509 I UclDL_Impl: Inst Id : 0 ## Tx Bps : 808
01-01 02:25:53.940   489   509 I UclDL_Impl: Inst Id : 0 ## Rx Bps : 4368
01-01 02:25:53.940   489   509 I UclDL_Impl: Inst Id : 0  ## Avg Ack Latency : 6
01-01 02:25:54.036   490   541 D vendor.visteon.skylark.hardware.automotive.vehicle@V1-visteon-service: SomeipCOmm :: RX Message [0/274]:service:c0 ,Method:8000,payload:04 
01-01 02:25:54.040   490   541 D vendor.visteon.skylark.hardware.automotive.vehicle@V1-visteon-service: SomeipCOmm :: RX Message [0/275]:service:c7 ,Method:80e5,payload:02 00 00 01 0f 40 3e 00 08 04 16 00 00 00 00 1e 00 00 00 00 09 00 00 00 00 02 01 01 0e 2d 04 bb 01 a3 06 a5 01 d7 02 e9 02 db 01 00 00 00 00 01 01 02 19 36 1b 79 8f 0d 19 0a e9 00 1f 1e b4 89 7f 00 07 00 0a 00 20 02 22 00 c2 00 00 00 00 00 00 00 00 01 00 07 00 00 00 00 00 00 00 00 00 00 00 01 00 01 00 00 00 00 32 00 00 04 07 0a 0f 14 00 a8 02 00 03 00 00 00 00 00 c0 00 02 00 00 c0 00 00 00 02 c5 02 b7 02 c6 03 03 03 03 01 00 00 62 00 00 00 a5 00 00 00 00 0e cb 03 00 01 00 0b 0b 0b a5 07 04 f2 33 30 34 34 00 00 00 00 00 00 00 00 00 00 00 00 00 00 00 00 00 00 00 00 00 00 00 00 00 00 00 00 00 00 
01-01 02:25:54.042   490   541 D vendor.visteon.skylark.hardware.automotive.vehicle@V1-visteon-service: SomeipCOmm :: RX Message [0/276]:service:c7 ,Method:80df,payload:08 04 02 02 01 02 00 00 00 00 00 00 00 00 00 03 00 00 00 00 00 00 00 00 00 00 00 00 00 00 00 00 00 00 00 00 00 00 00 00 00 00 00 00 00 00 00 00 00 00 00 00 00 00 00 00 00 00 00 00 00 00 00 00 00 00 00 00 00 00 00 00 00 00 00 00 00 00 00 00 00 00 00 00 00 00 00 00 00 00 00 00 00 00 00 00 00 00 00 00 
01-01 02:25:54.248   490   541 D vendor.visteon.skylark.hardware.automotive.vehicle@V1-visteon-service: SomeipCOmm :: RX Message [0/277]:service:c7 ,Method:80e2,payload:37 19 02 05 01 00 00 01 
01-01 02:25:54.723   490   541 D vendor.visteon.skylark.hardware.automotive.vehicle@V1-visteon-service: SomeipCOmm :: RX Message [0/279]:service:c0 ,Method:8005,payload:03 03 03 03 03 03 03 03 03 01 03 03 03 00 00 00 00 00 00 00 
01-01 02:25:54.723   490   541 D vendor.visteon.skylark.hardware.automotive.vehicle@V1-visteon-service: PERIPHERAL_STATUS:: 03 03 03 03 03 03 03 03 03 01 03 03 03 00 00 00 00 00 00 00 
01-01 02:25:54.728   668   676 I UclDL_Impl_VIP: TxA TO : 33
01-01 02:25:54.728   668   676 I UclDL_Impl_VIP: Avg Ack Latency : 7
01-01 02:25:54.728   668   676 I UclDL_Impl_VIP: pollingCntr : 14242
01-01 02:25:54.728   668   676 I UclDL_Impl_TCU: VIP-TCU - txBps : 392
01-01 02:25:54.728   668   676 I UclDL_Impl_TCU: VIP-TCU - rxBps : 272
01-01 02:25:54.728   668   676 I UclDL_Impl_TCU: VIP-TCU - txAckTmo : 1
01-01 02:25:54.894   490   539 D vendor.visteon.skylark.hardware.automotive.vehicle@V1-visteon-service: TX Message SomeipComm::send  : service:193,method:3, response Payload: 04 
01-01 02:25:54.943   489   509 I UclDL_Impl: Inst Id : 0 ## Tx Msgs : 869
01-01 02:25:54.943   489   509 I UclDL_Impl: Inst Id : 0 ## TxA Msgs : 634
01-01 02:25:54.943   489   509 I UclDL_Impl: Inst Id : 0 ## TxA TO : 0
01-01 02:25:54.944   489   509 I UclDL_Impl: Inst Id : 0 ## Rx Msgs : 870
01-01 02:25:54.944   489   509 I UclDL_Impl: Inst Id : 0 ## Rx HB Msgs : 42
01-01 02:25:54.944   489   509 I UclDL_Impl: Inst Id : 0 ## Tx Bps : 808
01-01 02:25:54.944   489   509 I UclDL_Impl: Inst Id : 0 ## Rx Bps : 4368
01-01 02:25:54.944   489   509 I UclDL_Impl: Inst Id : 0  ## Avg Ack Latency : 7
01-01 02:25:55.040   490   541 D vendor.visteon.skylark.hardware.automotive.vehicle@V1-visteon-service: SomeipCOmm :: RX Message [0/27c]:service:c0 ,Method:8000,payload:04 
01-01 02:25:55.045   490   541 D vendor.visteon.skylark.hardware.automotive.vehicle@V1-visteon-service: SomeipCOmm :: RX Message [0/27d]:service:c7 ,Method:80e5,payload:02 00 00 01 0f 40 3e 00 08 04 16 00 00 00 00 1e 00 00 00 00 09 00 00 00 00 02 01 01 0e 2d 04 bb 01 a2 06 a9 01 d7 02 e9 02 99 01 00 00 00 00 01 01 02 19 37 1b 79 8f 0d 19 0a e9 00 1f 1e b4 89 7f 00 07 00 0b 00 20 02 22 00 c2 00 00 00 00 00 00 00 00 01 00 07 00 00 00 00 00 00 00 00 00 00 00 01 00 01 00 00 00 00 32 00 00 04 07 0a 0f 14 00 a8 02 00 03 00 00 00 00 00 c0 00 02 00 00 c0 00 00 00 02 76 02 79 02 82 03 03 03 03 01 00 00 62 00 00 00 a5 00 00 00 00 0e ca 03 00 01 00 0b 0b 0b a5 07 04 f2 33 30 34 34 00 00 00 00 00 00 00 00 00 00 00 00 00 00 00 00 00 00 00 00 00 00 00 00 00 00 00 00 00 00 
01-01 02:25:55.046   490   541 D vendor.visteon.skylark.hardware.automotive.vehicle@V1-visteon-service: SomeipCOmm :: RX Message [0/27e]:service:c7 ,Method:80df,payload:08 04 02 02 01 02 00 00 00 00 00 00 00 00 00 03 00 00 00 00 00 00 00 00 00 00 00 00 00 00 00 00 00 00 00 00 00 00 00 00 00 00 00 00 00 00 00 00 00 00 00 00 00 00 00 00 00 00 00 00 00 00 00 00 00 00 00 00 00 00 00 00 00 00 00 00 00 00 00 00 00 00 00 00 00 00 00 00 00 00 00 00 00 00 00 00 00 00 00 00 
01-01 02:25:55.252   490   541 D vendor.visteon.skylark.hardware.automotive.vehicle@V1-visteon-service: SomeipCOmm :: RX Message [0/27f]:service:c7 ,Method:80e2,payload:38 19 02 05 01 00 00 01 
01-01 02:25:55.724   490   541 D vendor.visteon.skylark.hardware.automotive.vehicle@V1-visteon-service: SomeipCOmm :: RX Message [0/281]:service:c0 ,Method:8005,payload:03 03 03 03 03 03 03 03 03 01 03 03 03 00 00 00 00 00 00 00 
01-01 02:25:55.725   490   541 D vendor.visteon.skylark.hardware.automotive.vehicle@V1-visteon-service: PERIPHERAL_STATUS:: 03 03 03 03 03 03 03 03 03 01 03 03 03 00 00 00 00 00 00 00 
01-01 02:25:55.737   668   676 I UclDL_Impl_VIP: TxA TO : 33
01-01 02:25:55.737   668   676 I UclDL_Impl_VIP: Avg Ack Latency : 10
01-01 02:25:55.738   668   676 I UclDL_Impl_VIP: pollingCntr : 14492
01-01 02:25:55.738   668   676 I UclDL_Impl_TCU: VIP-TCU - txBps : 392
01-01 02:25:55.738   668   676 I UclDL_Impl_TCU: VIP-TCU - rxBps : 272
01-01 02:25:55.738   668   676 I UclDL_Impl_TCU: VIP-TCU - txAckTmo : 1
01-01 02:25:55.894   490   539 D vendor.visteon.skylark.hardware.automotive.vehicle@V1-visteon-service: TX Message SomeipComm::send  : service:193,method:3, response Payload: 04 
01-01 02:25:55.944   489   509 I UclDL_Impl: Inst Id : 0 ## Tx Msgs : 879
01-01 02:25:55.944   489   509 I UclDL_Impl: Inst Id : 0 ## TxA Msgs : 642
01-01 02:25:55.944   489   509 I UclDL_Impl: Inst Id : 0 ## TxA TO : 0
01-01 02:25:55.944   489   509 I UclDL_Impl: Inst Id : 0 ## Rx Msgs : 880
01-01 02:25:55.944   489   509 I UclDL_Impl: Inst Id : 0 ## Rx HB Msgs : 43
01-01 02:25:55.944   489   509 I UclDL_Impl: Inst Id : 0 ## Tx Bps : 808
01-01 02:25:55.944   489   509 I UclDL_Impl: Inst Id : 0 ## Rx Bps : 4368
01-01 02:25:55.944   489   509 I UclDL_Impl: Inst Id : 0  ## Avg Ack Latency : 7
01-01 02:25:56.048   490   541 D vendor.visteon.skylark.hardware.automotive.vehicle@V1-visteon-service: SomeipCOmm :: RX Message [0/284]:service:c0 ,Method:8000,payload:04 
01-01 02:25:56.053   490   541 D vendor.visteon.skylark.hardware.automotive.vehicle@V1-visteon-service: SomeipCOmm :: RX Message [0/285]:service:c7 ,Method:80e5,payload:02 00 00 01 0f 40 3e 00 08 04 16 00 00 00 00 1e 00 00 00 00 09 00 00 00 00 02 01 01 0e 2c 04 b8 01 a5 06 b0 01 d6 02 e9 02 ac 01 00 00 00 00 01 01 02 19 38 1b 79 8f 0d 19 0a e9 00 1f 1e ba 89 7f 00 07 00 0a 00 20 02 22 00 c2 00 00 00 00 00 00 00 00 01 00 07 00 00 00 00 00 00 00 00 00 00 00 01 00 01 00 00 00 00 32 00 00 04 07 0a 0f 14 00 a8 02 00 03 00 00 00 00 00 c0 00 02 00 00 c0 00 00 00 02 bb 02 a6 02 b2 03 03 03 03 01 00 00 62 00 00 00 a5 00 00 00 00 0e c9 03 00 01 00 0b 0b 0b a5 07 04 f2 33 30 34 34 00 00 00 00 00 00 00 00 00 00 00 00 00 00 00 00 00 00 00 00 00 00 00 00 00 00 00 00 00 00 
01-01 02:25:56.055   490   541 D vendor.visteon.skylark.hardware.automotive.vehicle@V1-visteon-service: SomeipCOmm :: RX Message [0/286]:service:c7 ,Method:80df,payload:08 04 02 02 01 02 00 00 00 00 00 00 00 00 00 03 00 00 00 00 00 00 00 00 00 00 00 00 00 00 00 00 00 00 00 00 00 00 00 00 00 00 00 00 00 00 00 00 00 00 00 00 00 00 00 00 00 00 00 00 00 00 00 00 00 00 00 00 00 00 00 00 00 00 00 00 00 00 00 00 00 00 00 00 00 00 00 00 00 00 00 00 00 00 00 00 00 00 00 00 
02-03 16:23:28.102   490  3096 D vendor.visteon.skylark.hardware.automotive.vehicle@V1-visteon-service: TX Message SomeipComm::send  : service:200,method:1, response Payload: 1c 17 04 03 03 01 1a 02 
02-03 16:23:28.118   490   541 D vendor.visteon.skylark.hardware.automotive.vehicle@V1-visteon-service: SomeipCOmm :: RX Message [0/287]:service:c7 ,Method:80e2,payload:1c 17 04 02 03 01 1a 02 
02-03 16:23:28.254   490   541 D vendor.visteon.skylark.hardware.automotive.vehicle@V1-visteon-service: SomeipCOmm :: RX Message [0/289]:service:bf ,Method:8046,payload:01 c6 01 00 00 00 00 00 00 00 00 
02-03 16:23:28.619   490   541 D vendor.visteon.skylark.hardware.automotive.vehicle@V1-visteon-service: SomeipCOmm :: RX Message [0/28a]:service:c7 ,Method:80e2,payload:1c 17 04 02 03 01 1a 02 
02-03 16:23:28.640   490   541 D vendor.visteon.skylark.hardware.automotive.vehicle@V1-visteon-service: SomeipCOmm :: RX Message [0/28b]:service:c0 ,Method:8005,payload:03 03 03 03 03 03 03 03 03 01 03 03 03 00 00 00 00 00 00 00 
02-03 16:23:28.641   490   541 D vendor.visteon.skylark.hardware.automotive.vehicle@V1-visteon-service: PERIPHERAL_STATUS:: 03 03 03 03 03 03 03 03 03 01 03 03 03 00 00 00 00 00 00 00 
02-03 16:23:28.646   668   676 I UclDL_Impl_VIP: TxA TO : 33
02-03 16:23:28.646   668   676 I UclDL_Impl_VIP: Avg Ack Latency : 9
02-03 16:23:28.646   668   676 I UclDL_Impl_VIP: pollingCntr : 14742
02-03 16:23:28.646   668   676 I UclDL_Impl_TCU: VIP-TCU - txBps : 392
02-03 16:23:28.646   668   676 I UclDL_Impl_TCU: VIP-TCU - rxBps : 272
02-03 16:23:28.646   668   676 I UclDL_Impl_TCU: VIP-TCU - txAckTmo : 1
02-03 16:23:28.734   490   541 D vendor.visteon.skylark.hardware.automotive.vehicle@V1-visteon-service: SomeipCOmm :: RX Message [0/28d]:service:bf ,Method:8046,payload:01 c6 01 00 00 00 00 00 00 00 00 
02-03 16:23:28.804   490   539 D vendor.visteon.skylark.hardware.automotive.vehicle@V1-visteon-service: TX Message SomeipComm::send  : service:193,method:3, response Payload: 04 
02-03 16:23:28.861   489   509 I UclDL_Impl: Inst Id : 0 ## Tx Msgs : 894
02-03 16:23:28.861   489   509 I UclDL_Impl: Inst Id : 0 ## TxA Msgs : 653
02-03 16:23:28.861   489   509 I UclDL_Impl: Inst Id : 0 ## TxA TO : 0
02-03 16:23:28.861   489   509 I UclDL_Impl: Inst Id : 0 ## Rx Msgs : 895
02-03 16:23:28.861   489   509 I UclDL_Impl: Inst Id : 0 ## Rx HB Msgs : 44
02-03 16:23:28.861   489   509 I UclDL_Impl: Inst Id : 0 ## Tx Bps : 1296
02-03 16:23:28.861   489   509 I UclDL_Impl: Inst Id : 0 ## Rx Bps : 4912
02-03 16:23:28.861   489   509 I UclDL_Impl: Inst Id : 0  ## Avg Ack Latency : 7
02-03 16:23:28.962   490   541 D vendor.visteon.skylark.hardware.automotive.vehicle@V1-visteon-service: SomeipCOmm :: RX Message [0/28f]:service:c0 ,Method:8000,payload:04 
02-03 16:23:28.967   490   541 D vendor.visteon.skylark.hardware.automotive.vehicle@V1-visteon-service: SomeipCOmm :: RX Message [0/290]:service:c7 ,Method:80e5,payload:02 00 00 01 0f 40 3e 00 08 04 16 00 00 00 00 1e 00 00 00 00 09 00 00 00 00 02 01 01 0e 2c 04 b8 01 a6 06 af 01 d7 02 e9 02 cd 01 00 00 00 1a 02 03 10 17 1c 1b 79 8f 0d 19 0a e9 00 1f 1e b4 89 7f 00 07 00 0b 00 20 02 22 00 c2 00 00 00 00 00 00 00 00 01 00 07 00 00 00 00 00 00 00 00 00 00 00 01 00 01 00 00 00 00 32 00 00 04 07 0a 0f 14 00 a8 02 00 03 00 00 00 00 00 c0 00 02 00 00 c0 00 00 00 02 dc 02 cb 02 ce 03 03 03 03 01 00 00 62 00 00 00 a5 00 00 00 00 0e ca 03 00 01 00 0b 0b 0b a5 07 04 f2 33 30 34 34 00 00 00 00 00 00 00 00 00 00 00 00 00 00 00 00 00 00 00 00 00 00 00 00 00 00 00 00 00 00 
02-03 16:23:28.971   490   541 D vendor.visteon.skylark.hardware.automotive.vehicle@V1-visteon-service: SomeipCOmm :: RX Message [0/291]:service:c7 ,Method:80df,payload:08 04 02 02 01 02 00 00 00 00 00 00 00 00 00 03 00 00 00 00 00 00 00 00 00 00 00 00 00 00 00 00 00 00 00 00 00 00 00 00 00 00 00 00 00 00 00 00 00 00 00 00 00 00 00 00 00 00 00 00 00 00 00 00 00 00 00 00 00 00 00 00 00 00 00 00 00 00 00 00 00 00 00 00 00 00 00 00 00 00 00 00 00 00 00 00 00 00 00 00 
02-03 16:23:29.622   490   541 D vendor.visteon.skylark.hardware.automotive.vehicle@V1-visteon-service: SomeipCOmm :: RX Message [0/293]:service:c7 ,Method:80e2,payload:1d 17 04 02 03 01 1a 02 
02-03 16:23:29.650   490   541 D vendor.visteon.skylark.hardware.automotive.vehicle@V1-visteon-service: SomeipCOmm :: RX Message [0/294]:service:c0 ,Method:8005,payload:03 03 03 03 03 03 03 03 03 01 03 03 03 00 00 00 00 00 00 00 
02-03 16:23:29.651   490   541 D vendor.visteon.skylark.hardware.automotive.vehicle@V1-visteon-service: PERIPHERAL_STATUS:: 03 03 03 03 03 03 03 03 03 01 03 03 03 00 00 00 00 00 00 00 
02-03 16:23:29.655   668   676 I UclDL_Impl_VIP: TxA TO : 33
02-03 16:23:29.655   668   676 I UclDL_Impl_VIP: Avg Ack Latency : 10
02-03 16:23:29.655   668   676 I UclDL_Impl_VIP: pollingCntr : 14992
02-03 16:23:29.655   668   676 I UclDL_Impl_TCU: VIP-TCU - txBps : 392
02-03 16:23:29.656   668   676 I UclDL_Impl_TCU: VIP-TCU - rxBps : 272
02-03 16:23:29.656   668   676 I UclDL_Impl_TCU: VIP-TCU - txAckTmo : 1
02-03 16:23:29.805   490   539 D vendor.visteon.skylark.hardware.automotive.vehicle@V1-visteon-service: TX Message SomeipComm::send  : service:193,method:3, response Payload: 04 
02-03 16:23:29.834   490   541 D vendor.visteon.skylark.hardware.automotive.vehicle@V1-visteon-service: SomeipCOmm :: RX Message [0/297]:service:bf ,Method:806b,payload:04 fa 01 01 60 f6 00 00 00 77 42 
02-03 16:23:29.861   489   509 I UclDL_Impl: Inst Id : 0 ## Tx Msgs : 906
02-03 16:23:29.861   489   509 I UclDL_Impl: Inst Id : 0 ## TxA Msgs : 662
02-03 16:23:29.861   489   509 I UclDL_Impl: Inst Id : 0 ## TxA TO : 0
02-03 16:23:29.861   489   509 I UclDL_Impl: Inst Id : 0 ## Rx Msgs : 907
02-03 16:23:29.861   489   509 I UclDL_Impl: Inst Id : 0 ## Rx HB Msgs : 46
02-03 16:23:29.861   489   509 I UclDL_Impl: Inst Id : 0 ## Tx Bps : 960
02-03 16:23:29.861   489   509 I UclDL_Impl: Inst Id : 0 ## Rx Bps : 4568
02-03 16:23:29.861   489   509 I UclDL_Impl: Inst Id : 0  ## Avg Ack Latency : 9
02-03 16:23:29.966   490   541 D vendor.visteon.skylark.hardware.automotive.vehicle@V1-visteon-service: SomeipCOmm :: RX Message [0/298]:service:c0 ,Method:8000,payload:04 
02-03 16:23:29.972   490   541 D vendor.visteon.skylark.hardware.automotive.vehicle@V1-visteon-service: SomeipCOmm :: RX Message [0/299]:service:c7 ,Method:80e5,payload:02 00 00 01 0f 40 3e 00 08 04 16 00 00 00 00 1e 00 00 00 00 09 00 00 00 00 02 01 01 0e 2d 04 bb 01 a2 06 ae 01 d6 02 e9 02 d2 01 00 00 00 1a 02 03 10 17 1d 1b 79 8f 0d 19 0a e9 00 1f 1e b8 89 7f 00 07 00 0a 00 20 02 22 00 c2 00 00 00 00 00 00 00 00 01 00 07 00 00 00 00 00 00 00 00 00 00 00 01 00 01 00 00 00 00 32 00 00 04 07 0a 0f 14 00 a8 02 00 03 00 00 00 00 00 c0 00 02 00 00 c0 00 00 00 02 d4 02 c7 02 cf 03 03 03 03 01 00 00 62 00 00 00 a5 00 00 00 00 0e ca 03 00 01 00 0b 0b 0b a5 07 04 f2 33 30 34 34 00 00 00 00 00 00 00 00 00 00 00 00 00 00 00 00 00 00 00 00 00 00 00 00 00 00 00 00 00 00 
02-03 16:23:29.975   490   541 D vendor.visteon.skylark.hardware.automotive.vehicle@V1-visteon-service: SomeipCOmm :: RX Message [0/29a]:service:c7 ,Method:80df,payload:08 04 02 02 01 02 00 00 00 00 00 00 00 00 00 03 00 00 00 00 00 00 00 00 00 00 00 00 00 00 00 00 00 00 00 00 00 00 00 00 00 00 00 00 00 00 00 00 00 00 00 00 00 00 00 00 00 00 00 00 00 00 00 00 00 00 00 00 00 00 00 00 00 00 00 00 00 00 00 00 00 00 00 00 00 00 00 00 00 00 00 00 00 00 00 00 00 00 00 00 
02-03 16:23:30.626   490   541 D vendor.visteon.skylark.hardware.automotive.vehicle@V1-visteon-service: SomeipCOmm :: RX Message [0/29d]:service:c7 ,Method:80e2,payload:1e 17 04 02 03 01 1a 02 
02-03 16:23:30.650   490   541 D vendor.visteon.skylark.hardware.automotive.vehicle@V1-visteon-service: SomeipCOmm :: RX Message [0/29e]:service:c0 ,Method:8005,payload:03 03 03 03 03 03 03 03 03 01 03 03 03 00 00 00 00 00 00 00 
02-03 16:23:30.650   490   541 D vendor.visteon.skylark.hardware.automotive.vehicle@V1-visteon-service: PERIPHERAL_STATUS:: 03 03 03 03 03 03 03 03 03 01 03 03 03 00 00 00 00 00 00 00 
02-03 16:23:30.657   668   676 I UclDL_Impl_VIP: TxA TO : 33
02-03 16:23:30.658   668   676 I UclDL_Impl_VIP: Avg Ack Latency : 6
02-03 16:23:30.658   668   676 I UclDL_Impl_VIP: pollingCntr : 15242
02-03 16:23:30.658   668   676 I UclDL_Impl_TCU: VIP-TCU - txBps : 392
02-03 16:23:30.658   668   676 I UclDL_Impl_TCU: VIP-TCU - rxBps : 272
02-03 16:23:30.658   668   676 I UclDL_Impl_TCU: VIP-TCU - txAckTmo : 1
02-03 16:23:30.805   490   539 D vendor.visteon.skylark.hardware.automotive.vehicle@V1-visteon-service: TX Message SomeipComm::send  : service:193,method:3, response Payload: 04 
02-03 16:23:30.862   489   509 I UclDL_Impl: Inst Id : 0 ## Tx Msgs : 918
02-03 16:23:30.862   489   509 I UclDL_Impl: Inst Id : 0 ## TxA Msgs : 671
02-03 16:23:30.862   489   509 I UclDL_Impl: Inst Id : 0 ## TxA TO : 0
02-03 16:23:30.862   489   509 I UclDL_Impl: Inst Id : 0 ## Rx Msgs : 919
02-03 16:23:30.862   489   509 I UclDL_Impl: Inst Id : 0 ## Rx HB Msgs : 48
02-03 16:23:30.862   489   509 I UclDL_Impl: Inst Id : 0 ## Tx Bps : 960
02-03 16:23:30.862   489   509 I UclDL_Impl: Inst Id : 0 ## Rx Bps : 4720
02-03 16:23:30.862   489   509 I UclDL_Impl: Inst Id : 0  ## Avg Ack Latency : 8
02-03 16:23:30.969   490   541 D vendor.visteon.skylark.hardware.automotive.vehicle@V1-visteon-service: SomeipCOmm :: RX Message [0/2a1]:service:c0 ,Method:8000,payload:04 
02-03 16:23:30.973   490   541 D vendor.visteon.skylark.hardware.automotive.vehicle@V1-visteon-service: SomeipCOmm :: RX Message [0/2a2]:service:c7 ,Method:80e5,payload:02 00 00 01 0f 40 3e 00 08 04 16 00 00 00 00 1e 00 00 00 00 09 00 00 00 00 02 01 01 0e 2c 04 bb 01 a3 06 a9 01 d7 02 e9 02 d9 01 00 00 00 1a 02 03 10 17 1e 1b 79 8f 0d 19 0a e9 00 1e 1e b4 89 7f 00 07 00 0b 00 20 02 22 00 c2 00 00 00 00 00 00 00 00 01 00 07 00 00 00 00 00 00 00 00 00 00 00 01 00 01 00 00 00 00 32 00 00 04 07 0a 0f 14 00 a8 02 00 03 00 00 00 00 00 c0 00 02 00 00 c0 00 00 00 02 d2 02 c2 02 cf 03 03 03 03 01 00 00 62 00 00 00 a5 00 00 00 00 0e cb 03 00 01 00 0b 0b 0b a5 07 04 f2 33 30 34 34 00 00 00 00 00 00 00 00 00 00 00 00 00 00 00 00 00 00 00 00 00 00 00 00 00 00 00 00 00 00 
02-03 16:23:30.974   490   541 D vendor.visteon.skylark.hardware.automotive.vehicle@V1-visteon-service: SomeipCOmm :: RX Message [0/2a3]:service:c7 ,Method:80df,payload:08 04 02 02 01 02 00 00 00 00 00 00 00 00 00 03 00 00 00 00 00 00 00 00 00 00 00 00 00 00 00 00 00 00 00 00 00 00 00 00 00 00 00 00 00 00 00 00 00 00 00 00 00 00 00 00 00 00 00 00 00 00 00 00 00 00 00 00 00 00 00 00 00 00 00 00 00 00 00 00 00 00 00 00 00 00 00 00 00 00 00 00 00 00 00 00 00 00 00 00 
02-03 16:23:31.634   490   541 D vendor.visteon.skylark.hardware.automotive.vehicle@V1-visteon-service: SomeipCOmm :: RX Message [0/2a5]:service:c7 ,Method:80e2,payload:1f 17 04 02 03 01 1a 02 
02-03 16:23:31.654   490   541 D vendor.visteon.skylark.hardware.automotive.vehicle@V1-visteon-service: SomeipCOmm :: RX Message [0/2a6]:service:c0 ,Method:8005,payload:03 03 03 03 03 03 03 03 03 01 03 03 03 00 00 00 00 00 00 00 
02-03 16:23:31.655   490   541 D vendor.visteon.skylark.hardware.automotive.vehicle@V1-visteon-service: PERIPHERAL_STATUS:: 03 03 03 03 03 03 03 03 03 01 03 03 03 00 00 00 00 00 00 00 
02-03 16:23:31.666   668   676 I UclDL_Impl_VIP: TxA TO : 33
02-03 16:23:31.666   668   676 I UclDL_Impl_VIP: Avg Ack Latency : 8
02-03 16:23:31.666   668   676 I UclDL_Impl_VIP: pollingCntr : 15492
02-03 16:23:31.666   668   676 I UclDL_Impl_TCU: VIP-TCU - txBps : 392
02-03 16:23:31.666   668   676 I UclDL_Impl_TCU: VIP-TCU - rxBps : 272
02-03 16:23:31.666   668   676 I UclDL_Impl_TCU: VIP-TCU - txAckTmo : 1
02-03 16:23:31.806   490   539 D vendor.visteon.skylark.hardware.automotive.vehicle@V1-visteon-service: TX Message SomeipComm::send  : service:193,method:3, response Payload: 04 
02-03 16:23:31.861   489   509 I UclDL_Impl: Inst Id : 0 ## Tx Msgs : 929
02-03 16:23:31.861   489   509 I UclDL_Impl: Inst Id : 0 ## TxA Msgs : 679
02-03 16:23:31.861   489   509 I UclDL_Impl: Inst Id : 0 ## TxA TO : 0
02-03 16:23:31.862   489   509 I UclDL_Impl: Inst Id : 0 ## Rx Msgs : 930
02-03 16:23:31.862   489   509 I UclDL_Impl: Inst Id : 0 ## Rx HB Msgs : 50
02-03 16:23:31.862   489   509 I UclDL_Impl: Inst Id : 0 ## Tx Bps : 880
02-03 16:23:31.862   489   509 I UclDL_Impl: Inst Id : 0 ## Rx Bps : 4416
02-03 16:23:31.862   489   509 I UclDL_Impl: Inst Id : 0  ## Avg Ack Latency : 8
02-03 16:23:31.974   490   541 D vendor.visteon.skylark.hardware.automotive.vehicle@V1-visteon-service: SomeipCOmm :: RX Message [0/2a9]:service:c0 ,Method:8000,payload:04 
02-03 16:23:31.980   490   541 D vendor.visteon.skylark.hardware.automotive.vehicle@V1-visteon-service: SomeipCOmm :: RX Message [0/2aa]:service:c7 ,Method:80e5,payload:02 00 00 01 0f 40 3e 00 08 04 16 00 00 00 00 1e 00 00 00 00 09 00 00 00 00 02 01 01 0e 2c 04 ba 01 a3 06 a9 01 d7 02 e9 02 dd 01 00 00 00 1a 02 03 10 17 1f 1b 79 8f 0d 19 0a e9 00 1e 1e b4 89 7f 00 07 00 0a 00 20 02 22 00 c2 00 00 00 00 00 00 00 00 01 00 07 00 00 00 00 00 00 00 00 00 00 00 01 00 01 00 00 00 00 32 00 00 04 07 0a 0f 14 00 a8 02 00 03 00 00 00 00 00 c0 00 02 00 00 c0 00 00 00 02 c9 02 bf 02 cc 03 03 03 03 01 00 00 62 00 00 00 a5 00 00 00 00 0e ca 03 00 01 00 0b 0b 0b a5 07 04 f2 33 30 34 34 00 00 00 00 00 00 00 00 00 00 00 00 00 00 00 00 00 00 00 00 00 00 00 00 00 00 00 00 00 00 
02-03 16:23:31.982   490   541 D vendor.visteon.skylark.hardware.automotive.vehicle@V1-visteon-service: SomeipCOmm :: RX Message [0/2ab]:service:c7 ,Method:80df,payload:08 04 02 02 01 02 00 00 00 00 00 00 00 00 00 03 00 00 00 00 00 00 00 00 00 00 00 00 00 00 00 00 00 00 00 00 00 00 00 00 00 00 00 00 00 00 00 00 00 00 00 00 00 00 00 00 00 00 00 00 00 00 00 00 00 00 00 00 00 00 00 00 00 00 00 00 00 00 00 00 00 00 00 00 00 00 00 00 00 00 00 00 00 00 00 00 00 00 00 00 
02-03 16:23:32.638   490   541 D vendor.visteon.skylark.hardware.automotive.vehicle@V1-visteon-service: SomeipCOmm :: RX Message [0/2ad]:service:c7 ,Method:80e2,payload:20 17 04 02 03 01 1a 02 
02-03 16:23:32.659   490   541 D vendor.visteon.skylark.hardware.automotive.vehicle@V1-visteon-service: SomeipCOmm :: RX Message [0/2ae]:service:c0 ,Method:8005,payload:03 03 03 03 03 03 03 03 03 01 03 03 03 00 00 00 00 00 00 00 
02-03 16:23:32.660   490   541 D vendor.visteon.skylark.hardware.automotive.vehicle@V1-visteon-service: PERIPHERAL_STATUS:: 03 03 03 03 03 03 03 03 03 01 03 03 03 00 00 00 00 00 00 00 
02-03 16:23:32.665   668   676 I UclDL_Impl_VIP: TxA TO : 33
02-03 16:23:32.665   668   676 I UclDL_Impl_VIP: Avg Ack Latency : 10
02-03 16:23:32.665   668   676 I UclDL_Impl_VIP: pollingCntr : 15742
02-03 16:23:32.666   668   676 I UclDL_Impl_TCU: VIP-TCU - txBps : 392
02-03 16:23:32.666   668   676 I UclDL_Impl_TCU: VIP-TCU - rxBps : 272
02-03 16:23:32.666   668   676 I UclDL_Impl_TCU: VIP-TCU - txAckTmo : 1
02-03 16:23:32.806   490   539 D vendor.visteon.skylark.hardware.automotive.vehicle@V1-visteon-service: TX Message SomeipComm::send  : service:193,method:3, response Payload: 04 
02-03 16:23:32.865   489   509 I UclDL_Impl: Inst Id : 0 ## Tx Msgs : 940
02-03 16:23:32.865   489   509 I UclDL_Impl: Inst Id : 0 ## TxA Msgs : 687
02-03 16:23:32.865   489   509 I UclDL_Impl: Inst Id : 0 ## TxA TO : 0
02-03 16:23:32.865   489   509 I UclDL_Impl: Inst Id : 0 ## Rx Msgs : 941
02-03 16:23:32.865   489   509 I UclDL_Impl: Inst Id : 0 ## Rx HB Msgs : 52
02-03 16:23:32.865   489   509 I UclDL_Impl: Inst Id : 0 ## Tx Bps : 880
02-03 16:23:32.865   489   509 I UclDL_Impl: Inst Id : 0 ## Rx Bps : 4416
02-03 16:23:32.865   489   509 I UclDL_Impl: Inst Id : 0  ## Avg Ack Latency : 8
02-03 16:23:32.982   490   541 D vendor.visteon.skylark.hardware.automotive.vehicle@V1-visteon-service: SomeipCOmm :: RX Message [0/2b1]:service:c0 ,Method:8000,payload:04 
02-03 16:23:32.986   490   541 D vendor.visteon.skylark.hardware.automotive.vehicle@V1-visteon-service: SomeipCOmm :: RX Message [0/2b2]:service:c7 ,Method:80e5,payload:02 00 00 01 0f 40 3e 00 08 04 16 00 00 00 00 1e 00 00 00 00 09 00 00 00 00 02 01 01 0e 2e 04 ba 01 a3 06 b3 01 d7 02 e9 02 da 01 00 00 00 1a 02 03 10 17 20 1b 79 8f 0d 19 0a e9 00 1e 1e b4 89 7f 00 07 00 0a 00 20 02 22 00 c2 00 00 00 00 00 00 00 00 01 00 07 00 00 00 00 00 00 00 00 00 00 00 01 00 01 00 00 00 00 32 00 00 04 07 0a 0f 14 00 a8 02 00 03 00 00 00 00 00 c0 00 02 00 00 c0 00 00 00 02 cd 02 bb 02 c4 03 03 03 03 01 00 00 62 00 00 00 a5 00 00 00 00 0e ca 03 00 01 00 0b 0b 0b a5 07 04 f2 33 30 34 34 00 00 00 00 00 00 00 00 00 00 00 00 00 00 00 00 00 00 00 00 00 00 00 00 00 00 00 00 00 00 
02-03 16:23:32.992   490   541 D vendor.visteon.skylark.hardware.automotive.vehicle@V1-visteon-service: SomeipCOmm :: RX Message [0/2b3]:service:c7 ,Method:80df,payload:08 04 02 02 01 02 00 00 00 00 00 00 00 00 00 03 00 00 00 00 00 00 00 00 00 00 00 00 00 00 00 00 00 00 00 00 00 00 00 00 00 00 00 00 00 00 00 00 00 00 00 00 00 00 00 00 00 00 00 00 00 00 00 00 00 00 00 00 00 00 00 00 00 00 00 00 00 00 00 00 00 00 00 00 00 00 00 00 00 00 00 00 00 00 00 00 00 00 00 00 
02-03 16:23:33.142   490   541 D vendor.visteon.skylark.hardware.automotive.vehicle@V1-visteon-service: SomeipCOmm :: RX Message [0/2b4]:service:c7 ,Method:80e2,payload:21 17 04 02 03 01 1a 02 
02-03 16:23:33.662   490   541 D vendor.visteon.skylark.hardware.automotive.vehicle@V1-visteon-service: SomeipCOmm :: RX Message [0/2b6]:service:c0 ,Method:8005,payload:03 03 03 03 03 03 03 03 03 01 03 03 03 00 00 00 00 00 00 00 
02-03 16:23:33.663   490   541 D vendor.visteon.skylark.hardware.automotive.vehicle@V1-visteon-service: PERIPHERAL_STATUS:: 03 03 03 03 03 03 03 03 03 01 03 03 03 00 00 00 00 00 00 00 
02-03 16:23:33.673   668   676 I UclDL_Impl_VIP: TxA TO : 33
02-03 16:23:33.674   668   676 I UclDL_Impl_VIP: Avg Ack Latency : 9
02-03 16:23:33.674   668   676 I UclDL_Impl_VIP: pollingCntr : 15992
02-03 16:23:33.674   668   676 I UclDL_Impl_TCU: VIP-TCU - txBps : 392
02-03 16:23:33.674   668   676 I UclDL_Impl_TCU: VIP-TCU - rxBps : 272
02-03 16:23:33.674   668   676 I UclDL_Impl_TCU: VIP-TCU - txAckTmo : 1
02-03 16:23:33.807   490   539 D vendor.visteon.skylark.hardware.automotive.vehicle@V1-visteon-service: TX Message SomeipComm::send  : service:193,method:3, response Payload: 04 
02-03 16:23:33.865   489   509 I UclDL_Impl: Inst Id : 0 ## Tx Msgs : 951
02-03 16:23:33.865   489   509 I UclDL_Impl: Inst Id : 0 ## TxA Msgs : 695
02-03 16:23:33.865   489   509 I UclDL_Impl: Inst Id : 0 ## TxA TO : 0
02-03 16:23:33.865   489   509 I UclDL_Impl: Inst Id : 0 ## Rx Msgs : 952
02-03 16:23:33.865   489   509 I UclDL_Impl: Inst Id : 0 ## Rx HB Msgs : 53
02-03 16:23:33.865   489   509 I UclDL_Impl: Inst Id : 0 ## Tx Bps : 904
02-03 16:23:33.865   489   509 I UclDL_Impl: Inst Id : 0 ## Rx Bps : 4424
02-03 16:23:33.865   489   509 I UclDL_Impl: Inst Id : 0  ## Avg Ack Latency : 8
02-03 16:23:33.986   490   541 D vendor.visteon.skylark.hardware.automotive.vehicle@V1-visteon-service: SomeipCOmm :: RX Message [0/2b9]:service:c0 ,Method:8000,payload:04 
02-03 16:23:33.991   490   541 D vendor.visteon.skylark.hardware.automotive.vehicle@V1-visteon-service: SomeipCOmm :: RX Message [0/2ba]:service:c7 ,Method:80e5,payload:02 00 00 01 0f 40 3e 00 08 04 16 00 00 00 00 1e 00 00 00 00 09 00 00 00 00 02 01 01 0e 2c 04 b8 01 a5 06 b1 01 d7 02 e9 02 8a 01 00 00 00 1a 02 03 10 17 21 1b 79 8f 0d 19 0a e9 00 1e 1e b4 89 7f 00 07 00 0a 00 20 02 22 00 c2 00 00 00 00 00 00 00 00 01 00 07 00 00 00 00 00 00 00 00 00 00 00 01 00 01 00 00 00 00 32 00 00 04 07 0a 0f 14 00 a8 02 00 03 00 00 00 00 00 c0 00 02 00 00 c0 00 00 00 02 71 02 70 02 78 03 03 03 03 01 00 00 62 00 00 00 a5 00 00 00 00 0e c9 03 00 01 00 0b 0b 0b a5 07 04 f2 33 30 34 34 00 00 00 00 00 00 00 00 00 00 00 00 00 00 00 00 00 00 00 00 00 00 00 00 00 00 00 00 00 00 
02-03 16:23:33.995   490   541 D vendor.visteon.skylark.hardware.automotive.vehicle@V1-visteon-service: SomeipCOmm :: RX Message [0/2bb]:service:c7 ,Method:80df,payload:08 04 02 02 01 02 00 00 00 00 00 00 00 00 00 03 00 00 00 00 00 00 00 00 00 00 00 00 00 00 00 00 00 00 00 00 00 00 00 00 00 00 00 00 00 00 00 00 00 00 00 00 00 00 00 00 00 00 00 00 00 00 00 00 00 00 00 00 00 00 00 00 00 00 00 00 00 00 00 00 00 00 00 00 00 00 00 00 00 00 00 00 00 00 00 00 00 00 00 00 
02-03 16:23:34.146   490   541 D vendor.visteon.skylark.hardware.automotive.vehicle@V1-visteon-service: SomeipCOmm :: RX Message [0/2bc]:service:c7 ,Method:80e2,payload:22 17 04 02 03 01 1a 02 
02-03 16:23:34.670   490   541 D vendor.visteon.skylark.hardware.automotive.vehicle@V1-visteon-service: SomeipCOmm :: RX Message [0/2be]:service:c0 ,Method:8005,payload:03 03 03 03 03 03 03 03 03 01 03 03 03 00 00 00 00 00 00 00 
02-03 16:23:34.671   490   541 D vendor.visteon.skylark.hardware.automotive.vehicle@V1-visteon-service: PERIPHERAL_STATUS:: 03 03 03 03 03 03 03 03 03 01 03 03 03 00 00 00 00 00 00 00 
02-03 16:23:34.678   668   676 I UclDL_Impl_VIP: TxA TO : 33
02-03 16:23:34.678   668   676 I UclDL_Impl_VIP: Avg Ack Latency : 8
02-03 16:23:34.678   668   676 I UclDL_Impl_VIP: pollingCntr : 16242
02-03 16:23:34.678   668   676 I UclDL_Impl_TCU: VIP-TCU - txBps : 392
02-03 16:23:34.678   668   676 I UclDL_Impl_TCU: VIP-TCU - rxBps : 272
02-03 16:23:34.678   668   676 I UclDL_Impl_TCU: VIP-TCU - txAckTmo : 1
02-03 16:23:34.807   490   539 D vendor.visteon.skylark.hardware.automotive.vehicle@V1-visteon-service: TX Message SomeipComm::send  : service:193,method:3, response Payload: 04 
02-03 16:23:34.865   489   509 I UclDL_Impl: Inst Id : 0 ## Tx Msgs : 961
02-03 16:23:34.865   489   509 I UclDL_Impl: Inst Id : 0 ## TxA Msgs : 703
02-03 16:23:34.865   489   509 I UclDL_Impl: Inst Id : 0 ## TxA TO : 0
02-03 16:23:34.865   489   509 I UclDL_Impl: Inst Id : 0 ## Rx Msgs : 962
02-03 16:23:34.865   489   509 I UclDL_Impl: Inst Id : 0 ## Rx HB Msgs : 54
02-03 16:23:34.865   489   509 I UclDL_Impl: Inst Id : 0 ## Tx Bps : 808
02-03 16:23:34.865   489   509 I UclDL_Impl: Inst Id : 0 ## Rx Bps : 4368
02-03 16:23:34.865   489   509 I UclDL_Impl: Inst Id : 0  ## Avg Ack Latency : 10
02-03 16:23:34.991   490   541 D vendor.visteon.skylark.hardware.automotive.vehicle@V1-visteon-service: SomeipCOmm :: RX Message [0/2c1]:service:c0 ,Method:8000,payload:04 
02-03 16:23:34.998   490   541 D vendor.visteon.skylark.hardware.automotive.vehicle@V1-visteon-service: SomeipCOmm :: RX Message [0/2c2]:service:c7 ,Method:80e5,payload:02 00 00 01 0f 40 3e 00 08 04 16 00 00 00 00 1e 00 00 00 00 09 00 00 00 00 02 01 01 0e 2c 04 b9 01 a4 06 b7 01 d7 02 e9 02 b5 01 00 00 00 1a 02 03 10 17 22 1b 79 8f 0d 19 0a e9 00 1e 1e b4 89 7f 00 07 00 0a 00 20 02 22 00 c2 00 00 00 00 00 00 00 00 01 00 07 00 00 00 00 00 00 00 00 00 00 00 01 00 01 00 00 00 00 32 00 00 04 07 0a 0f 14 00 a8 02 00 03 00 00 00 00 00 c0 00 02 00 00 c0 00 00 00 02 b7 02 b1 02 ba 03 03 03 03 01 00 00 62 00 00 00 a5 00 00 00 00 0e ca 03 00 01 00 0b 0b 0b a5 07 04 f2 33 30 34 34 00 00 00 00 00 00 00 00 00 00 00 00 00 00 00 00 00 00 00 00 00 00 00 00 00 00 00 00 00 00 
02-03 16:23:35.003   490   541 D vendor.visteon.skylark.hardware.automotive.vehicle@V1-visteon-service: SomeipCOmm :: RX Message [0/2c3]:service:c7 ,Method:80df,payload:08 04 02 02 01 02 00 00 00 00 00 00 00 00 00 03 00 00 00 00 00 00 00 00 00 00 00 00 00 00 00 00 00 00 00 00 00 00 00 00 00 00 00 00 00 00 00 00 00 00 00 00 00 00 00 00 00 00 00 00 00 00 00 00 00 00 00 00 00 00 00 00 00 00 00 00 00 00 00 00 00 00 00 00 00 00 00 00 00 00 00 00 00 00 00 00 00 00 00 00 
02-03 16:23:35.150   490   541 D vendor.visteon.skylark.hardware.automotive.vehicle@V1-visteon-service: SomeipCOmm :: RX Message [0/2c4]:service:c7 ,Method:80e2,payload:23 17 04 02 03 01 1a 02 
02-03 16:23:35.674   490   541 D vendor.visteon.skylark.hardware.automotive.vehicle@V1-visteon-service: SomeipCOmm :: RX Message [0/2c6]:service:c0 ,Method:8005,payload:03 03 03 03 03 03 03 03 03 01 03 03 03 00 00 00 00 00 00 00 
02-03 16:23:35.675   490   541 D vendor.visteon.skylark.hardware.automotive.vehicle@V1-visteon-service: PERIPHERAL_STATUS:: 03 03 03 03 03 03 03 03 03 01 03 03 03 00 00 00 00 00 00 00 
02-03 16:23:35.681   668   676 I UclDL_Impl_VIP: TxA TO : 33
02-03 16:23:35.681   668   676 I UclDL_Impl_VIP: Avg Ack Latency : 12
02-03 16:23:35.681   668   676 I UclDL_Impl_VIP: pollingCntr : 16492
02-03 16:23:35.681   668   676 I UclDL_Impl_TCU: VIP-TCU - txBps : 392
02-03 16:23:35.681   668   676 I UclDL_Impl_TCU: VIP-TCU - rxBps : 272
02-03 16:23:35.681   668   676 I UclDL_Impl_TCU: VIP-TCU - txAckTmo : 1
02-03 16:23:35.808   490   539 D vendor.visteon.skylark.hardware.automotive.vehicle@V1-visteon-service: TX Message SomeipComm::send  : service:193,method:3, response Payload: 04 
02-03 16:23:35.865   489   509 I UclDL_Impl: Inst Id : 0 ## Tx Msgs : 971
02-03 16:23:35.865   489   509 I UclDL_Impl: Inst Id : 0 ## TxA Msgs : 711
02-03 16:23:35.865   489   509 I UclDL_Impl: Inst Id : 0 ## TxA TO : 0
02-03 16:23:35.865   489   509 I UclDL_Impl: Inst Id : 0 ## Rx Msgs : 972
02-03 16:23:35.865   489   509 I UclDL_Impl: Inst Id : 0 ## Rx HB Msgs : 55
02-03 16:23:35.865   489   509 I UclDL_Impl: Inst Id : 0 ## Tx Bps : 808
02-03 16:23:35.865   489   509 I UclDL_Impl: Inst Id : 0 ## Rx Bps : 4368
02-03 16:23:35.865   489   509 I UclDL_Impl: Inst Id : 0  ## Avg Ack Latency : 11
02-03 16:23:35.995   490   541 D vendor.visteon.skylark.hardware.automotive.vehicle@V1-visteon-service: SomeipCOmm :: RX Message [0/2c9]:service:c0 ,Method:8000,payload:04 
02-03 16:23:35.998   490   541 D vendor.visteon.skylark.hardware.automotive.vehicle@V1-visteon-service: SomeipCOmm :: RX Message [0/2ca]:service:c7 ,Method:80e5,payload:02 00 00 01 0f 40 3e 00 08 04 16 00 00 00 00 1e 00 00 00 00 09 00 00 00 00 02 01 01 0e 2d 04 bc 01 a2 06 ab 01 d7 02 e9 02 cd 01 00 00 00 1a 02 03 10 17 23 1b 79 8f 0d 19 0a e9 00 1f 1e b4 89 7f 00 07 00 0b 00 20 02 22 00 c2 00 00 00 00 00 00 00 00 01 00 07 00 00 00 00 00 00 00 00 00 00 00 01 00 01 00 00 00 00 32 00 00 04 07 0a 0f 14 00 a8 02 00 03 00 00 00 00 00 c0 00 02 00 00 c0 00 00 00 02 d0 02 ca 02 d0 03 03 03 03 01 00 00 62 00 00 00 a5 00 00 00 00 0e ca 03 00 01 00 0b 0b 0b a5 07 04 f2 33 30 34 34 00 00 00 00 00 00 00 00 00 00 00 00 00 00 00 00 00 00 00 00 00 00 00 00 00 00 00 00 00 00 
02-03 16:23:36.000   490   541 D vendor.visteon.skylark.hardware.automotive.vehicle@V1-visteon-service: SomeipCOmm :: RX Message [0/2cb]:service:c7 ,Method:80df,payload:08 04 02 02 01 02 00 00 00 00 00 00 00 00 00 03 00 00 00 00 00 00 00 00 00 00 00 00 00 00 00 00 00 00 00 00 00 00 00 00 00 00 00 00 00 00 00 00 00 00 00 00 00 00 00 00 00 00 00 00 00 00 00 00 00 00 00 00 00 00 00 00 00 00 00 00 00 00 00 00 00 00 00 00 00 00 00 00 00 00 00 00 00 00 00 00 00 00 00 00 
02-03 16:23:36.154   490   541 D vendor.visteon.skylark.hardware.automotive.vehicle@V1-visteon-service: SomeipCOmm :: RX Message [0/2cc]:service:c7 ,Method:80e2,payload:24 17 04 02 03 01 1a 02 
02-03 16:23:36.678   490   541 D vendor.visteon.skylark.hardware.automotive.vehicle@V1-visteon-service: SomeipCOmm :: RX Message [0/2ce]:service:c0 ,Method:8005,payload:03 03 03 03 03 03 03 03 03 01 03 03 03 00 00 00 00 00 00 00 
02-03 16:23:36.679   490   541 D vendor.visteon.skylark.hardware.automotive.vehicle@V1-visteon-service: PERIPHERAL_STATUS:: 03 03 03 03 03 03 03 03 03 01 03 03 03 00 00 00 00 00 00 00 
02-03 16:23:36.686   668   676 I UclDL_Impl_VIP: TxA TO : 33
02-03 16:23:36.686   668   676 I UclDL_Impl_VIP: Avg Ack Latency : 10
02-03 16:23:36.686   668   676 I UclDL_Impl_VIP: pollingCntr : 16742
02-03 16:23:36.687   668   676 I UclDL_Impl_TCU: VIP-TCU - txBps : 392
02-03 16:23:36.687   668   676 I UclDL_Impl_TCU: VIP-TCU - rxBps : 272
02-03 16:23:36.687   668   676 I UclDL_Impl_TCU: VIP-TCU - txAckTmo : 1
02-03 16:23:36.808   490   539 D vendor.visteon.skylark.hardware.automotive.vehicle@V1-visteon-service: TX Message SomeipComm::send  : service:193,method:3, response Payload: 04 
02-03 16:23:36.865   489   509 I UclDL_Impl: Inst Id : 0 ## Tx Msgs : 981
02-03 16:23:36.865   489   509 I UclDL_Impl: Inst Id : 0 ## TxA Msgs : 719
02-03 16:23:36.865   489   509 I UclDL_Impl: Inst Id : 0 ## TxA TO : 0
02-03 16:23:36.865   489   509 I UclDL_Impl: Inst Id : 0 ## Rx Msgs : 982
02-03 16:23:36.865   489   509 I UclDL_Impl: Inst Id : 0 ## Rx HB Msgs : 56
02-03 16:23:36.865   489   509 I UclDL_Impl: Inst Id : 0 ## Tx Bps : 808
02-03 16:23:36.865   489   509 I UclDL_Impl: Inst Id : 0 ## Rx Bps : 4368
02-03 16:23:36.865   489   509 I UclDL_Impl: Inst Id : 0  ## Avg Ack Latency : 11
02-03 16:23:36.998   490   541 D vendor.visteon.skylark.hardware.automotive.vehicle@V1-visteon-service: SomeipCOmm :: RX Message [0/2d1]:service:c0 ,Method:8000,payload:04 
02-03 16:23:37.010   490   541 D vendor.visteon.skylark.hardware.automotive.vehicle@V1-visteon-service: SomeipCOmm :: RX Message [0/2d2]:service:c7 ,Method:80e5,payload:02 00 00 01 0f 40 3e 00 08 04 16 00 00 00 00 1e 00 00 00 00 09 00 00 00 00 02 01 01 0e 2c 04 b9 01 a4 06 b1 01 d7 02 e9 02 d2 01 00 00 00 1a 02 03 10 17 24 1b 79 8f 0d 19 0a e9 00 1f 1e b8 89 7f 00 07 00 0a 00 20 02 22 00 c2 00 00 00 00 00 00 00 00 01 00 07 00 00 00 00 00 00 00 00 00 00 00 01 00 01 00 00 00 00 32 00 00 04 07 0a 0f 14 00 a8 02 00 03 00 00 00 00 00 c0 00 02 00 00 c0 00 00 00 02 dc 02 c6 02 cf 03 03 03 03 01 00 00 62 00 00 00 a5 00 00 00 00 0e ca 03 00 01 00 0b 0b 0b a5 07 04 f2 33 30 34 34 00 00 00 00 00 00 00 00 00 00 00 00 00 00 00 00 00 00 00 00 00 00 00 00 00 00 00 00 00 00 
02-03 16:23:37.012   490   541 D vendor.visteon.skylark.hardware.automotive.vehicle@V1-visteon-service: SomeipCOmm :: RX Message [0/2d3]:service:c7 ,Method:80df,payload:08 04 02 02 01 02 00 00 00 00 00 00 00 00 00 03 00 00 00 00 00 00 00 00 00 00 00 00 00 00 00 00 00 00 00 00 00 00 00 00 00 00 00 00 00 00 00 00 00 00 00 00 00 00 00 00 00 00 00 00 00 00 00 00 00 00 00 00 00 00 00 00 00 00 00 00 00 00 00 00 00 00 00 00 00 00 00 00 00 00 00 00 00 00 00 00 00 00 00 00 
02-03 16:23:37.162   490   541 D vendor.visteon.skylark.hardware.automotive.vehicle@V1-visteon-service: SomeipCOmm :: RX Message [0/2d4]:service:c7 ,Method:80e2,payload:25 17 04 02 03 01 1a 02 
02-03 16:23:37.682   490   541 D vendor.visteon.skylark.hardware.automotive.vehicle@V1-visteon-service: SomeipCOmm :: RX Message [0/2d6]:service:c0 ,Method:8005,payload:03 03 03 03 03 03 03 03 03 01 03 03 03 00 00 00 00 00 00 00 
02-03 16:23:37.683   490   541 D vendor.visteon.skylark.hardware.automotive.vehicle@V1-visteon-service: PERIPHERAL_STATUS:: 03 03 03 03 03 03 03 03 03 01 03 03 03 00 00 00 00 00 00 00 
02-03 16:23:37.690   668   676 I UclDL_Impl_VIP: TxA TO : 33
02-03 16:23:37.690   668   676 I UclDL_Impl_VIP: Avg Ack Latency : 10
02-03 16:23:37.690   668   676 I UclDL_Impl_VIP: pollingCntr : 16992
02-03 16:23:37.690   668   676 I UclDL_Impl_TCU: VIP-TCU - txBps : 392
02-03 16:23:37.690   668   676 I UclDL_Impl_TCU: VIP-TCU - rxBps : 272
02-03 16:23:37.690   668   676 I UclDL_Impl_TCU: VIP-TCU - txAckTmo : 1
02-03 16:23:37.809   490   539 D vendor.visteon.skylark.hardware.automotive.vehicle@V1-visteon-service: TX Message SomeipComm::send  : service:193,method:3, response Payload: 04 
02-03 16:23:37.865   489   509 I UclDL_Impl: Inst Id : 0 ## Tx Msgs : 991
02-03 16:23:37.865   489   509 I UclDL_Impl: Inst Id : 0 ## TxA Msgs : 727
02-03 16:23:37.865   489   509 I UclDL_Impl: Inst Id : 0 ## TxA TO : 0
02-03 16:23:37.865   489   509 I UclDL_Impl: Inst Id : 0 ## Rx Msgs : 992
02-03 16:23:37.865   489   509 I UclDL_Impl: Inst Id : 0 ## Rx HB Msgs : 57
02-03 16:23:37.865   489   509 I UclDL_Impl: Inst Id : 0 ## Tx Bps : 808
02-03 16:23:37.865   489   509 I UclDL_Impl: Inst Id : 0 ## Rx Bps : 4368
02-03 16:23:37.865   489   509 I UclDL_Impl: Inst Id : 0  ## Avg Ack Latency : 7
02-03 16:23:38.006   490   541 D vendor.visteon.skylark.hardware.automotive.vehicle@V1-visteon-service: SomeipCOmm :: RX Message [0/2d9]:service:c0 ,Method:8000,payload:04 
02-03 16:23:38.010   490   541 D vendor.visteon.skylark.hardware.automotive.vehicle@V1-visteon-service: SomeipCOmm :: RX Message [0/2da]:service:c7 ,Method:80e5,payload:02 00 00 01 0f 40 3e 00 08 04 16 00 00 00 00 1e 00 00 00 00 09 00 00 00 00 02 01 01 0e 2c 04 bb 01 a3 06 ae 01 d7 02 e9 02 d9 01 00 00 00 1a 02 03 10 17 25 1b 79 8f 0d 19 0a e9 00 1e 1e b4 89 7f 00 07 00 0b 00 20 02 22 00 c2 00 00 00 00 00 00 00 00 01 00 07 00 00 00 00 00 00 00 00 00 00 00 01 00 01 00 00 00 00 32 00 00 04 07 0a 0f 14 00 a8 02 00 03 00 00 00 00 00 c0 00 02 00 00 c0 00 00 00 02 ce 02 c1 02 cf 03 03 03 03 01 00 00 62 00 00 00 a5 00 00 00 00 0e ca 03 00 01 00 0b 0b 0b a5 07 04 f2 33 30 34 34 00 00 00 00 00 00 00 00 00 00 00 00 00 00 00 00 00 00 00 00 00 00 00 00 00 00 00 00 00 00 
02-03 16:23:38.014   490   541 D vendor.visteon.skylark.hardware.automotive.vehicle@V1-visteon-service: SomeipCOmm :: RX Message [0/2db]:service:c7 ,Method:80df,payload:08 04 02 02 01 02 00 00 00 00 00 00 00 00 00 03 00 00 00 00 00 00 00 00 00 00 00 00 00 00 00 00 00 00 00 00 00 00 00 00 00 00 00 00 00 00 00 00 00 00 00 00 00 00 00 00 00 00 00 00 00 00 00 00 00 00 00 00 00 00 00 00 00 00 00 00 00 00 00 00 00 00 00 00 00 00 00 00 00 00 00 00 00 00 00 00 00 00 00 00 
02-03 16:23:38.166   490   541 D vendor.visteon.skylark.hardware.automotive.vehicle@V1-visteon-service: SomeipCOmm :: RX Message [0/2dc]:service:c7 ,Method:80e2,payload:26 17 04 02 03 01 1a 02 
02-03 16:23:38.686   490   541 D vendor.visteon.skylark.hardware.automotive.vehicle@V1-visteon-service: SomeipCOmm :: RX Message [0/2de]:service:c0 ,Method:8005,payload:03 03 03 03 03 03 03 03 03 01 03 03 03 00 00 00 00 00 00 00 
02-03 16:23:38.686   490   541 D vendor.visteon.skylark.hardware.automotive.vehicle@V1-visteon-service: PERIPHERAL_STATUS:: 03 03 03 03 03 03 03 03 03 01 03 03 03 00 00 00 00 00 00 00 
02-03 16:23:38.698   668   676 I UclDL_Impl_VIP: TxA TO : 33
02-03 16:23:38.698   668   676 I UclDL_Impl_VIP: Avg Ack Latency : 12
02-03 16:23:38.698   668   676 I UclDL_Impl_VIP: pollingCntr : 17242
02-03 16:23:38.698   668   676 I UclDL_Impl_TCU: VIP-TCU - txBps : 392
02-03 16:23:38.698   668   676 I UclDL_Impl_TCU: VIP-TCU - rxBps : 272
02-03 16:23:38.698   668   676 I UclDL_Impl_TCU: VIP-TCU - txAckTmo : 1
02-03 16:23:38.809   490   539 D vendor.visteon.skylark.hardware.automotive.vehicle@V1-visteon-service: TX Message SomeipComm::send  : service:193,method:3, response Payload: 04 
02-03 16:23:38.865   489   509 I UclDL_Impl: Inst Id : 0 ## Tx Msgs : 1002
02-03 16:23:38.865   489   509 I UclDL_Impl: Inst Id : 0 ## TxA Msgs : 735
02-03 16:23:38.865   489   509 I UclDL_Impl: Inst Id : 0 ## TxA TO : 0
02-03 16:23:38.865   489   509 I UclDL_Impl: Inst Id : 0 ## Rx Msgs : 1003
02-03 16:23:38.865   489   509 I UclDL_Impl: Inst Id : 0 ## Rx HB Msgs : 58
02-03 16:23:38.865   489   509 I UclDL_Impl: Inst Id : 0 ## Tx Bps : 904
02-03 16:23:38.865   489   509 I UclDL_Impl: Inst Id : 0 ## Rx Bps : 4424
02-03 16:23:38.865   489   509 I UclDL_Impl: Inst Id : 0  ## Avg Ack Latency : 4
02-03 16:23:39.010   490   541 D vendor.visteon.skylark.hardware.automotive.vehicle@V1-visteon-service: SomeipCOmm :: RX Message [0/2e1]:service:c0 ,Method:8000,payload:04 
02-03 16:23:39.015   490   541 D vendor.visteon.skylark.hardware.automotive.vehicle@V1-visteon-service: SomeipCOmm :: RX Message [0/2e2]:service:c7 ,Method:80e5,payload:02 00 00 01 0f 40 3e 00 08 04 16 00 00 00 00 1e 00 00 00 00 09 00 00 00 00 02 01 01 0e 2c 04 b9 01 a5 06 b0 01 d7 02 e9 02 dd 01 00 00 00 1a 02 03 10 17 26 1b 79 8f 0d 19 0a e9 00 1e 1e b8 89 7f 00 07 00 0a 00 20 02 22 00 c2 00 00 00 00 00 00 00 00 01 00 07 00 00 00 00 00 00 00 00 00 00 00 01 00 01 00 00 00 00 32 00 00 04 07 0a 0f 14 00 a8 02 00 03 00 00 00 00 00 c0 00 02 00 00 c0 00 00 00 02 cd 02 bf 02 cb 03 03 03 03 01 00 00 62 00 00 00 a5 00 00 00 00 0e ca 03 00 01 00 0b 0b 0b a5 07 04 f2 33 30 34 34 00 00 00 00 00 00 00 00 00 00 00 00 00 00 00 00 00 00 00 00 00 00 00 00 00 00 00 00 00 00 
02-03 16:23:39.017   490   541 D vendor.visteon.skylark.hardware.automotive.vehicle@V1-visteon-service: SomeipCOmm :: RX Message [0/2e3]:service:c7 ,Method:80df,payload:08 04 02 02 01 02 00 00 00 00 00 00 00 00 00 03 00 00 00 00 00 00 00 00 00 00 00 00 00 00 00 00 00 00 00 00 00 00 00 00 00 00 00 00 00 00 00 00 00 00 00 00 00 00 00 00 00 00 00 00 00 00 00 00 00 00 00 00 00 00 00 00 00 00 00 00 00 00 00 00 00 00 00 00 00 00 00 00 00 00 00 00 00 00 00 00 00 00 00 00 
02-03 16:23:39.171   490   541 D vendor.visteon.skylark.hardware.automotive.vehicle@V1-visteon-service: SomeipCOmm :: RX Message [0/2e4]:service:c7 ,Method:80e2,payload:27 17 04 02 03 01 1a 02 
02-03 16:23:39.692   490   541 D vendor.visteon.skylark.hardware.automotive.vehicle@V1-visteon-service: SomeipCOmm :: RX Message [0/2e6]:service:c0 ,Method:8005,payload:03 03 03 03 03 03 03 03 03 01 03 03 03 00 00 00 00 00 00 00 
02-03 16:23:39.693   490   541 D vendor.visteon.skylark.hardware.automotive.vehicle@V1-visteon-service: PERIPHERAL_STATUS:: 03 03 03 03 03 03 03 03 03 01 03 03 03 00 00 00 00 00 00 00 
02-03 16:23:39.702   668   676 I UclDL_Impl_VIP: TxA TO : 33
02-03 16:23:39.702   668   676 I UclDL_Impl_VIP: Avg Ack Latency : 9
02-03 16:23:39.702   668   676 I UclDL_Impl_VIP: pollingCntr : 17492
02-03 16:23:39.702   668   676 I UclDL_Impl_TCU: VIP-TCU - txBps : 392
02-03 16:23:39.702   668   676 I UclDL_Impl_TCU: VIP-TCU - rxBps : 272
02-03 16:23:39.702   668   676 I UclDL_Impl_TCU: VIP-TCU - txAckTmo : 1
02-03 16:23:39.810   490   539 D vendor.visteon.skylark.hardware.automotive.vehicle@V1-visteon-service: TX Message SomeipComm::send  : service:193,method:3, response Payload: 04 
02-03 16:23:39.865   489   509 I UclDL_Impl: Inst Id : 0 ## Tx Msgs : 1012
02-03 16:23:39.865   489   509 I UclDL_Impl: Inst Id : 0 ## TxA Msgs : 743
02-03 16:23:39.865   489   509 I UclDL_Impl: Inst Id : 0 ## TxA TO : 0
02-03 16:23:39.865   489   509 I UclDL_Impl: Inst Id : 0 ## Rx Msgs : 1013
02-03 16:23:39.865   489   509 I UclDL_Impl: Inst Id : 0 ## Rx HB Msgs : 59
02-03 16:23:39.865   489   509 I UclDL_Impl: Inst Id : 0 ## Tx Bps : 808
02-03 16:23:39.865   489   509 I UclDL_Impl: Inst Id : 0 ## Rx Bps : 4368
