02-03 16:24:10.894   489   509 I UclDL_Impl: Inst Id : 0 ## Rx HB Msgs : 90
02-03 16:24:10.894   489   509 I UclDL_Impl: Inst Id : 0 ## Tx Bps : 888
02-03 16:24:10.894   489   509 I UclDL_Impl: Inst Id : 0 ## Rx Bps : 4672
02-03 16:24:10.894   489   509 I UclDL_Impl: Inst Id : 0  ## Avg Ack Latency : 7
02-03 16:24:11.166   490   541 D vendor.visteon.skylark.hardware.automotive.vehicle@V1-visteon-service: SomeipCOmm :: RX Message [0/3e7]:service:c0 ,Method:8000,payload:04 
02-03 16:24:11.171   490   541 D vendor.visteon.skylark.hardware.automotive.vehicle@V1-visteon-service: SomeipCOmm :: RX Message [0/3e8]:service:c7 ,Method:80e5,payload:02 00 00 01 0f 40 3e 00 08 04 16 00 00 00 00 1e 00 00 00 00 09 00 00 00 00 02 01 01 0e 2c 04 bb 01 a2 06 b6 01 d7 02 e9 02 d1 01 00 00 00 1a 02 03 10 18 0a 1b 79 8f 0d 19 0a e9 00 1f 1e b4 89 7f 00 07 00 0a 00 20 02 22 00 c2 00 00 00 00 00 00 00 00 01 00 07 00 00 00 00 00 00 00 00 00 00 00 01 00 01 00 00 00 00 32 00 00 04 07 0a 0f 14 00 b0 02 00 03 00 00 00 00 00 c0 00 02 00 00 c0 00 00 00 02 d7 02 cb 02 cc 03 03 03 03 01 00 00 62 00 00 00 a5 00 00 00 00 0e ca 03 00 01 00 0b 0b 0b a5 07 04 f2 33 30 34 34 00 00 00 00 00 00 00 00 00 00 00 00 00 00 00 00 00 00 00 00 00 00 00 00 00 00 00 00 00 00 
02-03 16:24:11.174   490   541 D vendor.visteon.skylark.hardware.automotive.vehicle@V1-visteon-service: SomeipCOmm :: RX Message [0/3e9]:service:c7 ,Method:80df,payload:08 04 02 02 01 02 00 00 00 00 00 00 00 00 00 03 00 00 00 00 00 00 00 00 00 00 00 00 00 00 00 00 00 00 00 00 00 00 00 00 00 00 00 00 00 00 00 00 00 00 00 00 00 00 00 00 00 00 00 00 00 00 00 00 00 00 00 00 00 00 00 00 00 00 00 00 00 00 00 00 00 00 00 00 00 00 00 00 00 00 00 00 00 00 00 00 00 00 00 00 
02-03 16:24:11.326   490   541 D vendor.visteon.skylark.hardware.automotive.vehicle@V1-visteon-service: SomeipCOmm :: RX Message [0/3ea]:service:c7 ,Method:80e2,payload:0b 18 04 02 03 01 1a 02 
02-03 16:24:11.839   490   539 D vendor.visteon.skylark.hardware.automotive.vehicle@V1-visteon-service: TX Message SomeipComm::send  : service:193,method:3, response Payload: 04 
02-03 16:24:11.846   490   541 D vendor.visteon.skylark.hardware.automotive.vehicle@V1-visteon-service: SomeipCOmm :: RX Message [0/3ec]:service:c0 ,Method:8005,payload:03 03 03 03 03 03 03 03 03 01 03 03 03 00 00 00 00 00 00 00 
02-03 16:24:11.846   490   541 D vendor.visteon.skylark.hardware.automotive.vehicle@V1-visteon-service: PERIPHERAL_STATUS:: 03 03 03 03 03 03 03 03 03 01 03 03 03 00 00 00 00 00 00 00 
02-03 16:24:11.858   668   676 I UclDL_Impl_VIP: TxA TO : 33
02-03 16:24:11.858   668   676 I UclDL_Impl_VIP: Avg Ack Latency : 12
02-03 16:24:11.858   668   676 I UclDL_Impl_VIP: pollingCntr : 25492
02-03 16:24:11.858   668   676 I UclDL_Impl_TCU: VIP-TCU - txBps : 464
02-03 16:24:11.858   668   676 I UclDL_Impl_TCU: VIP-TCU - rxBps : 320
02-03 16:24:11.858   668   676 I UclDL_Impl_TCU: VIP-TCU - txAckTmo : 1
02-03 16:24:11.893   489   509 I UclDL_Impl: Inst Id : 0 ## Tx Msgs : 1343
02-03 16:24:11.893   489   509 I UclDL_Impl: Inst Id : 0 ## TxA Msgs : 1004
02-03 16:24:11.893   489   509 I UclDL_Impl: Inst Id : 0 ## TxA TO : 0
02-03 16:24:11.893   489   509 I UclDL_Impl: Inst Id : 0 ## Rx Msgs : 1344
02-03 16:24:11.893   489   509 I UclDL_Impl: Inst Id : 0 ## Rx HB Msgs : 91
02-03 16:24:11.893   489   509 I UclDL_Impl: Inst Id : 0 ## Tx Bps : 808
02-03 16:24:11.894   489   509 I UclDL_Impl: Inst Id : 0 ## Rx Bps : 4368
02-03 16:24:11.894   489   509 I UclDL_Impl: Inst Id : 0  ## Avg Ack Latency : 7
02-03 16:24:12.170   490   541 D vendor.visteon.skylark.hardware.automotive.vehicle@V1-visteon-service: SomeipCOmm :: RX Message [0/3ef]:service:c0 ,Method:8000,payload:04 
02-03 16:24:12.174   490   541 D vendor.visteon.skylark.hardware.automotive.vehicle@V1-visteon-service: SomeipCOmm :: RX Message [0/3f0]:service:c7 ,Method:80e5,payload:02 00 00 01 0f 40 3e 00 08 04 16 00 00 00 00 1e 00 00 00 00 09 00 00 00 00 02 01 01 0e 2c 04 b9 01 a4 06 ba 01 d7 02 e9 02 d8 01 00 00 00 1a 02 03 10 18 0b 1b 79 8f 0d 19 0a e9 00 1e 1e b8 89 7f 00 07 00 0b 00 20 02 22 00 c2 00 00 00 00 00 00 00 00 01 00 07 00 00 00 00 00 00 00 00 00 00 00 01 00 01 00 00 00 00 32 00 00 04 07 0a 0f 14 00 b0 02 00 03 00 00 00 00 00 c0 00 02 00 00 c0 00 00 00 02 ce 02 ca 02 cb 03 03 03 03 01 00 00 62 00 00 00 a5 00 00 00 00 0e c9 03 00 01 00 0b 0b 0b a5 07 04 f2 33 30 34 34 00 00 00 00 00 00 00 00 00 00 00 00 00 00 00 00 00 00 00 00 00 00 00 00 00 00 00 00 00 00 
02-03 16:24:12.176   490   541 D vendor.visteon.skylark.hardware.automotive.vehicle@V1-visteon-service: SomeipCOmm :: RX Message [0/3f1]:service:c7 ,Method:80df,payload:08 04 02 02 01 02 00 00 00 00 00 00 00 00 00 03 00 00 00 00 00 00 00 00 00 00 00 00 00 00 00 00 00 00 00 00 00 00 00 00 00 00 00 00 00 00 00 00 00 00 00 00 00 00 00 00 00 00 00 00 00 00 00 00 00 00 00 00 00 00 00 00 00 00 00 00 00 00 00 00 00 00 00 00 00 00 00 00 00 00 00 00 00 00 00 00 00 00 00 00 
02-03 16:24:12.330   490   541 D vendor.visteon.skylark.hardware.automotive.vehicle@V1-visteon-service: SomeipCOmm :: RX Message [0/3f2]:service:c7 ,Method:80e2,payload:0c 18 04 02 03 01 1a 02 
02-03 16:24:12.839   490   539 D vendor.visteon.skylark.hardware.automotive.vehicle@V1-visteon-service: TX Message SomeipComm::send  : service:193,method:3, response Payload: 04 
02-03 16:24:12.855   490   541 D vendor.visteon.skylark.hardware.automotive.vehicle@V1-visteon-service: SomeipCOmm :: RX Message [0/3f4]:service:c0 ,Method:8005,payload:03 03 03 03 03 03 03 03 03 01 03 03 03 00 00 00 00 00 00 00 
02-03 16:24:12.855   490   541 D vendor.visteon.skylark.hardware.automotive.vehicle@V1-visteon-service: PERIPHERAL_STATUS:: 03 03 03 03 03 03 03 03 03 01 03 03 03 00 00 00 00 00 00 00 
02-03 16:24:12.861   668   676 I UclDL_Impl_VIP: TxA TO : 33
02-03 16:24:12.862   668   676 I UclDL_Impl_VIP: Avg Ack Latency : 8
02-03 16:24:12.862   668   676 I UclDL_Impl_VIP: pollingCntr : 25742
02-03 16:24:12.862   668   676 I UclDL_Impl_TCU: VIP-TCU - txBps : 392
02-03 16:24:12.862   668   676 I UclDL_Impl_TCU: VIP-TCU - rxBps : 272
02-03 16:24:12.862   668   676 I UclDL_Impl_TCU: VIP-TCU - txAckTmo : 1
02-03 16:24:12.893   489   509 I UclDL_Impl: Inst Id : 0 ## Tx Msgs : 1352
02-03 16:24:12.893   489   509 I UclDL_Impl: Inst Id : 0 ## TxA Msgs : 1012
02-03 16:24:12.893   489   509 I UclDL_Impl: Inst Id : 0 ## TxA TO : 0
02-03 16:24:12.893   489   509 I UclDL_Impl: Inst Id : 0 ## Rx Msgs : 1354
02-03 16:24:12.893   489   509 I UclDL_Impl: Inst Id : 0 ## Rx HB Msgs : 92
02-03 16:24:12.894   489   509 I UclDL_Impl: Inst Id : 0 ## Tx Bps : 736
02-03 16:24:12.894   489   509 I UclDL_Impl: Inst Id : 0 ## Rx Bps : 4368
02-03 16:24:12.894   489   509 I UclDL_Impl: Inst Id : 0  ## Avg Ack Latency : 7
02-03 16:24:13.174   490   541 D vendor.visteon.skylark.hardware.automotive.vehicle@V1-visteon-service: SomeipCOmm :: RX Message [0/3f7]:service:c0 ,Method:8000,payload:04 
02-03 16:24:13.180   490   541 D vendor.visteon.skylark.hardware.automotive.vehicle@V1-visteon-service: SomeipCOmm :: RX Message [0/3f8]:service:c7 ,Method:80e5,payload:02 00 00 01 0f 40 3e 00 08 04 16 00 00 00 00 1e 00 00 00 00 09 00 00 00 00 02 01 01 0e 2c 04 bb 01 a2 06 b2 01 d6 02 e9 02 de 01 00 00 00 1a 02 03 10 18 0c 1b 79 8f 0d 19 0a e9 00 1e 1e b4 89 7f 00 07 00 0a 00 20 02 22 00 c2 00 00 00 00 00 00 00 00 01 00 07 00 00 00 00 00 00 00 00 00 00 00 01 00 01 00 00 00 00 32 00 00 04 07 0a 0f 14 00 b0 02 00 03 00 00 00 00 00 c0 00 02 00 00 c0 00 00 00 02 ce 02 c3 02 c8 03 03 03 03 01 00 00 62 00 00 00 a5 00 00 00 00 0e ca 03 00 01 00 0b 0b 0b a5 07 04 f2 33 30 34 34 00 00 00 00 00 00 00 00 00 00 00 00 00 00 00 00 00 00 00 00 00 00 00 00 00 00 00 00 00 00 
02-03 16:24:13.183   490   541 D vendor.visteon.skylark.hardware.automotive.vehicle@V1-visteon-service: SomeipCOmm :: RX Message [0/3f9]:service:c7 ,Method:80df,payload:08 04 02 02 01 02 00 00 00 00 00 00 00 00 00 03 00 00 00 00 00 00 00 00 00 00 00 00 00 00 00 00 00 00 00 00 00 00 00 00 00 00 00 00 00 00 00 00 00 00 00 00 00 00 00 00 00 00 00 00 00 00 00 00 00 00 00 00 00 00 00 00 00 00 00 00 00 00 00 00 00 00 00 00 00 00 00 00 00 00 00 00 00 00 00 00 00 00 00 00 
02-03 16:24:13.334   490   541 D vendor.visteon.skylark.hardware.automotive.vehicle@V1-visteon-service: SomeipCOmm :: RX Message [0/3fa]:service:c7 ,Method:80e2,payload:0d 18 04 02 03 01 1a 02 
02-03 16:24:13.840   490   539 D vendor.visteon.skylark.hardware.automotive.vehicle@V1-visteon-service: TX Message SomeipComm::send  : service:193,method:3, response Payload: 04 
02-03 16:24:13.858   490   541 D vendor.visteon.skylark.hardware.automotive.vehicle@V1-visteon-service: SomeipCOmm :: RX Message [0/3fc]:service:c0 ,Method:8005,payload:03 03 03 03 03 03 03 03 03 01 03 03 03 00 00 00 00 00 00 00 
02-03 16:24:13.859   490   541 D vendor.visteon.skylark.hardware.automotive.vehicle@V1-visteon-service: PERIPHERAL_STATUS:: 03 03 03 03 03 03 03 03 03 01 03 03 03 00 00 00 00 00 00 00 
02-03 16:24:13.866   668   676 I UclDL_Impl_VIP: TxA TO : 33
02-03 16:24:13.866   668   676 I UclDL_Impl_VIP: Avg Ack Latency : 8
02-03 16:24:13.866   668   676 I UclDL_Impl_VIP: pollingCntr : 25992
02-03 16:24:13.866   668   676 I UclDL_Impl_TCU: VIP-TCU - txBps : 392
02-03 16:24:13.866   668   676 I UclDL_Impl_TCU: VIP-TCU - rxBps : 272
02-03 16:24:13.866   668   676 I UclDL_Impl_TCU: VIP-TCU - txAckTmo : 1
02-03 16:24:13.894   489   509 I UclDL_Impl: Inst Id : 0 ## Tx Msgs : 1362
02-03 16:24:13.894   489   509 I UclDL_Impl: Inst Id : 0 ## TxA Msgs : 1020
02-03 16:24:13.894   489   509 I UclDL_Impl: Inst Id : 0 ## TxA TO : 0
02-03 16:24:13.894   489   509 I UclDL_Impl: Inst Id : 0 ## Rx Msgs : 1365
02-03 16:24:13.894   489   509 I UclDL_Impl: Inst Id : 0 ## Rx HB Msgs : 93
02-03 16:24:13.894   489   509 I UclDL_Impl: Inst Id : 0 ## Tx Bps : 832
02-03 16:24:13.894   489   509 I UclDL_Impl: Inst Id : 0 ## Rx Bps : 4424
02-03 16:24:13.894   489   509 I UclDL_Impl: Inst Id : 0  ## Avg Ack Latency : 10
02-03 16:24:14.178   490   541 D vendor.visteon.skylark.hardware.automotive.vehicle@V1-visteon-service: SomeipCOmm :: RX Message [0/3ff]:service:c0 ,Method:8000,payload:04 
02-03 16:24:14.183   490   541 D vendor.visteon.skylark.hardware.automotive.vehicle@V1-visteon-service: SomeipCOmm :: RX Message [0/400]:service:c7 ,Method:80e5,payload:02 00 00 01 0f 40 3e 00 08 04 16 00 00 00 00 1e 00 00 00 00 09 00 00 00 00 02 01 01 0e 2c 04 b9 01 a4 06 b7 01 d7 02 e9 02 db 01 00 00 00 1a 02 03 10 18 0d 1b 79 8f 0d 19 0a e9 00 1e 1e b6 89 7f 00 07 00 0a 00 20 02 22 00 c2 00 00 00 00 00 00 00 00 01 00 07 00 00 00 00 00 00 00 00 00 00 00 01 00 01 00 00 00 00 32 00 00 04 07 0a 0f 14 00 b0 02 00 03 00 00 00 00 00 c0 00 02 00 00 c0 00 00 00 02 d1 02 bb 02 c1 03 03 03 03 01 00 00 62 00 00 00 a5 00 00 00 00 0e ca 03 00 01 00 0b 0b 0b a5 07 04 f2 33 30 34 34 00 00 00 00 00 00 00 00 00 00 00 00 00 00 00 00 00 00 00 00 00 00 00 00 00 00 00 00 00 00 
02-03 16:24:14.186   490   541 D vendor.visteon.skylark.hardware.automotive.vehicle@V1-visteon-service: SomeipCOmm :: RX Message [0/401]:service:c7 ,Method:80df,payload:08 04 02 02 01 02 00 00 00 00 00 00 00 00 00 03 00 00 00 00 00 00 00 00 00 00 00 00 00 00 00 00 00 00 00 00 00 00 00 00 00 00 00 00 00 00 00 00 00 00 00 00 00 00 00 00 00 00 00 00 00 00 00 00 00 00 00 00 00 00 00 00 00 00 00 00 00 00 00 00 00 00 00 00 00 00 00 00 00 00 00 00 00 00 00 00 00 00 00 00 
02-03 16:24:14.338   490   541 D vendor.visteon.skylark.hardware.automotive.vehicle@V1-visteon-service: SomeipCOmm :: RX Message [0/402]:service:c7 ,Method:80e2,payload:0e 18 04 02 03 01 1a 02 
02-03 16:24:14.840   490   539 D vendor.visteon.skylark.hardware.automotive.vehicle@V1-visteon-service: TX Message SomeipComm::send  : service:193,method:3, response Payload: 04 
02-03 16:24:14.862   490   541 D vendor.visteon.skylark.hardware.automotive.vehicle@V1-visteon-service: SomeipCOmm :: RX Message [0/404]:service:c0 ,Method:8005,payload:03 03 03 03 03 03 03 03 03 01 03 03 03 00 00 00 00 00 00 00 
02-03 16:24:14.863   490   541 D vendor.visteon.skylark.hardware.automotive.vehicle@V1-visteon-service: PERIPHERAL_STATUS:: 03 03 03 03 03 03 03 03 03 01 03 03 03 00 00 00 00 00 00 00 
02-03 16:24:14.870   668   676 I UclDL_Impl_VIP: TxA TO : 33
02-03 16:24:14.870   668   676 I UclDL_Impl_VIP: Avg Ack Latency : 10
02-03 16:24:14.870   668   676 I UclDL_Impl_VIP: pollingCntr : 26242
02-03 16:24:14.870   668   676 I UclDL_Impl_TCU: VIP-TCU - txBps : 392
02-03 16:24:14.870   668   676 I UclDL_Impl_TCU: VIP-TCU - rxBps : 272
02-03 16:24:14.870   668   676 I UclDL_Impl_TCU: VIP-TCU - txAckTmo : 1
02-03 16:24:14.893   489   509 I UclDL_Impl: Inst Id : 0 ## Tx Msgs : 1371
02-03 16:24:14.893   489   509 I UclDL_Impl: Inst Id : 0 ## TxA Msgs : 1028
02-03 16:24:14.893   489   509 I UclDL_Impl: Inst Id : 0 ## TxA TO : 0
02-03 16:24:14.893   489   509 I UclDL_Impl: Inst Id : 0 ## Rx Msgs : 1374
02-03 16:24:14.893   489   509 I UclDL_Impl: Inst Id : 0 ## Rx HB Msgs : 93
02-03 16:24:14.893   489   509 I UclDL_Impl: Inst Id : 0 ## Tx Bps : 736
02-03 16:24:14.894   489   509 I UclDL_Impl: Inst Id : 0 ## Rx Bps : 4320
02-03 16:24:14.894   489   509 I UclDL_Impl: Inst Id : 0  ## Avg Ack Latency : 9
02-03 16:24:15.186   490   541 D vendor.visteon.skylark.hardware.automotive.vehicle@V1-visteon-service: SomeipCOmm :: RX Message [0/407]:service:c0 ,Method:8000,payload:04 
02-03 16:24:15.191   490   541 D vendor.visteon.skylark.hardware.automotive.vehicle@V1-visteon-service: SomeipCOmm :: RX Message [0/408]:service:c7 ,Method:80e5,payload:02 00 00 01 0f 40 3e 00 08 04 16 00 00 00 00 1e 00 00 00 00 09 00 00 00 00 02 01 01 0e 2d 04 b9 01 a4 06 b8 01 d7 02 e9 02 b5 01 00 00 00 1a 02 03 10 18 0e 1b 79 8f 0d 19 0a e9 00 1f 1e b4 89 7f 00 07 00 0a 00 20 02 22 00 c2 00 00 00 00 00 00 00 00 01 00 07 00 00 00 00 00 00 00 00 00 00 00 01 00 01 00 00 00 00 32 00 00 04 07 0a 0f 14 00 b0 02 00 03 00 00 00 00 00 c0 00 02 00 00 c0 00 00 00 02 92 02 94 02 9b 03 03 03 03 01 00 00 62 00 00 00 a5 00 00 00 00 0e cb 03 00 01 00 0b 0b 0b a5 07 04 f2 33 30 34 34 00 00 00 00 00 00 00 00 00 00 00 00 00 00 00 00 00 00 00 00 00 00 00 00 00 00 00 00 00 00 
02-03 16:24:15.196   490   541 D vendor.visteon.skylark.hardware.automotive.vehicle@V1-visteon-service: SomeipCOmm :: RX Message [0/409]:service:c7 ,Method:80df,payload:08 04 02 02 01 02 00 00 00 00 00 00 00 00 00 03 00 00 00 00 00 00 00 00 00 00 00 00 00 00 00 00 00 00 00 00 00 00 00 00 00 00 00 00 00 00 00 00 00 00 00 00 00 00 00 00 00 00 00 00 00 00 00 00 00 00 00 00 00 00 00 00 00 00 00 00 00 00 00 00 00 00 00 00 00 00 00 00 00 00 00 00 00 00 00 00 00 00 00 00 
02-03 16:24:15.346   490   541 D vendor.visteon.skylark.hardware.automotive.vehicle@V1-visteon-service: SomeipCOmm :: RX Message [0/40a]:service:c7 ,Method:80e2,payload:0f 18 04 02 03 01 1a 02 
02-03 16:24:15.841   490   539 D vendor.visteon.skylark.hardware.automotive.vehicle@V1-visteon-service: TX Message SomeipComm::send  : service:193,method:3, response Payload: 04 
02-03 16:24:15.866   490   541 D vendor.visteon.skylark.hardware.automotive.vehicle@V1-visteon-service: SomeipCOmm :: RX Message [0/40c]:service:c0 ,Method:8005,payload:03 03 03 03 03 03 03 03 03 01 03 03 03 00 00 00 00 00 00 00 
02-03 16:24:15.867   490   541 D vendor.visteon.skylark.hardware.automotive.vehicle@V1-visteon-service: PERIPHERAL_STATUS:: 03 03 03 03 03 03 03 03 03 01 03 03 03 00 00 00 00 00 00 00 
02-03 16:24:15.874   668   676 I UclDL_Impl_VIP: TxA TO : 33
02-03 16:24:15.874   668   676 I UclDL_Impl_VIP: Avg Ack Latency : 9
02-03 16:24:15.874   668   676 I UclDL_Impl_VIP: pollingCntr : 26492
02-03 16:24:15.874   668   676 I UclDL_Impl_TCU: VIP-TCU - txBps : 392
02-03 16:24:15.874   668   676 I UclDL_Impl_TCU: VIP-TCU - rxBps : 272
02-03 16:24:15.874   668   676 I UclDL_Impl_TCU: VIP-TCU - txAckTmo : 1
02-03 16:24:15.893   489   509 I UclDL_Impl: Inst Id : 0 ## Tx Msgs : 1380
02-03 16:24:15.893   489   509 I UclDL_Impl: Inst Id : 0 ## TxA Msgs : 1036
02-03 16:24:15.893   489   509 I UclDL_Impl: Inst Id : 0 ## TxA TO : 0
02-03 16:24:15.893   489   509 I UclDL_Impl: Inst Id : 0 ## Rx Msgs : 1383
02-03 16:24:15.893   489   509 I UclDL_Impl: Inst Id : 0 ## Rx HB Msgs : 93
02-03 16:24:15.893   489   509 I UclDL_Impl: Inst Id : 0 ## Tx Bps : 736
02-03 16:24:15.893   489   509 I UclDL_Impl: Inst Id : 0 ## Rx Bps : 4320
02-03 16:24:15.893   489   509 I UclDL_Impl: Inst Id : 0  ## Avg Ack Latency : 8
02-03 16:24:16.190   490   541 D vendor.visteon.skylark.hardware.automotive.vehicle@V1-visteon-service: SomeipCOmm :: RX Message [0/40f]:service:c0 ,Method:8000,payload:04 
02-03 16:24:16.196   490   541 D vendor.visteon.skylark.hardware.automotive.vehicle@V1-visteon-service: SomeipCOmm :: RX Message [0/410]:service:c7 ,Method:80e5,payload:02 00 00 01 0f 40 3e 00 08 04 16 00 00 00 00 1e 00 00 00 00 09 00 00 00 00 02 01 01 0e 2d 04 bc 01 a2 06 ba 01 d7 02 e9 02 99 01 00 00 00 1a 02 03 10 18 0f 1b 79 8f 0d 19 0a e9 00 1f 1e b8 89 7f 00 07 00 0a 00 20 02 22 00 c2 00 00 00 00 00 00 00 00 01 00 07 00 00 00 00 00 00 00 00 00 00 00 01 00 01 00 00 00 00 32 00 00 04 07 0a 0f 14 00 b0 02 00 03 00 00 00 00 00 c0 00 02 00 00 c0 00 00 00 02 a5 02 98 02 93 03 03 03 03 01 00 00 62 00 00 00 a5 00 00 00 00 0e cb 03 00 01 00 0b 0b 0b a5 07 04 f2 33 30 34 34 00 00 00 00 00 00 00 00 00 00 00 00 00 00 00 00 00 00 00 00 00 00 00 00 00 00 00 00 00 00 
02-03 16:24:16.200   490   541 D vendor.visteon.skylark.hardware.automotive.vehicle@V1-visteon-service: SomeipCOmm :: RX Message [0/411]:service:c7 ,Method:80df,payload:08 04 02 02 01 02 00 00 00 00 00 00 00 00 00 03 00 00 00 00 00 00 00 00 00 00 00 00 00 00 00 00 00 00 00 00 00 00 00 00 00 00 00 00 00 00 00 00 00 00 00 00 00 00 00 00 00 00 00 00 00 00 00 00 00 00 00 00 00 00 00 00 00 00 00 00 00 00 00 00 00 00 00 00 00 00 00 00 00 00 00 00 00 00 00 00 00 00 00 00 
02-03 16:24:16.350   490   541 D vendor.visteon.skylark.hardware.automotive.vehicle@V1-visteon-service: SomeipCOmm :: RX Message [0/412]:service:c7 ,Method:80e2,payload:10 18 04 02 03 01 1a 02 
02-03 16:24:16.842   490   539 D vendor.visteon.skylark.hardware.automotive.vehicle@V1-visteon-service: TX Message SomeipComm::send  : service:193,method:3, response Payload: 04 
02-03 16:24:16.870   490   541 D vendor.visteon.skylark.hardware.automotive.vehicle@V1-visteon-service: SomeipCOmm :: RX Message [0/414]:service:c0 ,Method:8005,payload:03 03 03 03 03 03 03 03 03 01 03 03 03 00 00 00 00 00 00 00 
02-03 16:24:16.871   490   541 D vendor.visteon.skylark.hardware.automotive.vehicle@V1-visteon-service: PERIPHERAL_STATUS:: 03 03 03 03 03 03 03 03 03 01 03 03 03 00 00 00 00 00 00 00 
02-03 16:24:16.882   668   676 I UclDL_Impl_VIP: TxA TO : 33
02-03 16:24:16.882   668   676 I UclDL_Impl_VIP: Avg Ack Latency : 6
02-03 16:24:16.882   668   676 I UclDL_Impl_VIP: pollingCntr : 26742
02-03 16:24:16.882   668   676 I UclDL_Impl_TCU: VIP-TCU - txBps : 392
02-03 16:24:16.882   668   676 I UclDL_Impl_TCU: VIP-TCU - rxBps : 272
02-03 16:24:16.882   668   676 I UclDL_Impl_TCU: VIP-TCU - txAckTmo : 1
02-03 16:24:16.897   489   509 I UclDL_Impl: Inst Id : 0 ## Tx Msgs : 1389
02-03 16:24:16.897   489   509 I UclDL_Impl: Inst Id : 0 ## TxA Msgs : 1044
02-03 16:24:16.897   489   509 I UclDL_Impl: Inst Id : 0 ## TxA TO : 0
02-03 16:24:16.897   489   509 I UclDL_Impl: Inst Id : 0 ## Rx Msgs : 1392
02-03 16:24:16.897   489   509 I UclDL_Impl: Inst Id : 0 ## Rx HB Msgs : 93
02-03 16:24:16.897   489   509 I UclDL_Impl: Inst Id : 0 ## Tx Bps : 736
02-03 16:24:16.897   489   509 I UclDL_Impl: Inst Id : 0 ## Rx Bps : 4320
02-03 16:24:16.897   489   509 I UclDL_Impl: Inst Id : 0  ## Avg Ack Latency : 7
02-03 16:24:17.194   490   541 D vendor.visteon.skylark.hardware.automotive.vehicle@V1-visteon-service: SomeipCOmm :: RX Message [0/417]:service:c0 ,Method:8000,payload:04 
02-03 16:24:17.198   490   541 D vendor.visteon.skylark.hardware.automotive.vehicle@V1-visteon-service: SomeipCOmm :: RX Message [0/418]:service:c7 ,Method:80e5,payload:02 00 00 01 0f 40 3e 00 08 04 16 00 00 00 00 1e 00 00 00 00 09 00 00 00 00 02 01 01 0e 2c 04 b7 01 a7 06 b3 01 d7 02 e9 02 cb 01 00 00 00 1a 02 03 10 18 10 1b 79 8f 0d 19 0a e9 00 1e 1e b8 89 7f 00 07 00 0b 00 20 02 22 00 c2 00 00 00 00 00 00 00 00 01 00 07 00 00 00 00 00 00 00 00 00 00 00 01 00 01 00 00 00 00 32 00 00 04 07 0a 0f 14 00 b0 02 00 03 00 00 00 00 00 c0 00 02 00 00 c0 00 00 00 02 d0 02 c8 02 c8 03 03 03 03 01 00 00 62 00 00 00 a5 00 00 00 00 0e ca 03 00 01 00 0b 0b 0b a5 07 04 f2 33 30 34 34 00 00 00 00 00 00 00 00 00 00 00 00 00 00 00 00 00 00 00 00 00 00 00 00 00 00 00 00 00 00 
02-03 16:24:17.200   490   541 D vendor.visteon.skylark.hardware.automotive.vehicle@V1-visteon-service: SomeipCOmm :: RX Message [0/419]:service:c7 ,Method:80df,payload:08 04 02 02 01 02 00 00 00 00 00 00 00 00 00 03 00 00 00 00 00 00 00 00 00 00 00 00 00 00 00 00 00 00 00 00 00 00 00 00 00 00 00 00 00 00 00 00 00 00 00 00 00 00 00 00 00 00 00 00 00 00 00 00 00 00 00 00 00 00 00 00 00 00 00 00 00 00 00 00 00 00 00 00 00 00 00 00 00 00 00 00 00 00 00 00 00 00 00 00 
02-03 16:24:17.354   490   541 D vendor.visteon.skylark.hardware.automotive.vehicle@V1-visteon-service: SomeipCOmm :: RX Message [0/41a]:service:c7 ,Method:80e2,payload:11 18 04 02 03 01 1a 02 
02-03 16:24:17.842   490   539 D vendor.visteon.skylark.hardware.automotive.vehicle@V1-visteon-service: TX Message SomeipComm::send  : service:193,method:3, response Payload: 04 
02-03 16:24:17.878   490   541 D vendor.visteon.skylark.hardware.automotive.vehicle@V1-visteon-service: SomeipCOmm :: RX Message [0/41c]:service:c0 ,Method:8005,payload:03 03 03 03 03 03 03 03 03 01 03 03 03 00 00 00 00 00 00 00 
02-03 16:24:17.879   490   541 D vendor.visteon.skylark.hardware.automotive.vehicle@V1-visteon-service: PERIPHERAL_STATUS:: 03 03 03 03 03 03 03 03 03 01 03 03 03 00 00 00 00 00 00 00 
02-03 16:24:17.886   668   676 I UclDL_Impl_VIP: TxA TO : 33
02-03 16:24:17.886   668   676 I UclDL_Impl_VIP: Avg Ack Latency : 12
02-03 16:24:17.886   668   676 I UclDL_Impl_VIP: pollingCntr : 26992
02-03 16:24:17.886   668   676 I UclDL_Impl_TCU: VIP-TCU - txBps : 392
02-03 16:24:17.886   668   676 I UclDL_Impl_TCU: VIP-TCU - rxBps : 272
02-03 16:24:17.886   668   676 I UclDL_Impl_TCU: VIP-TCU - txAckTmo : 1
02-03 16:24:17.897   489   509 I UclDL_Impl: Inst Id : 0 ## Tx Msgs : 1398
02-03 16:24:17.897   489   509 I UclDL_Impl: Inst Id : 0 ## TxA Msgs : 1052
02-03 16:24:17.897   489   509 I UclDL_Impl: Inst Id : 0 ## TxA TO : 0
02-03 16:24:17.897   489   509 I UclDL_Impl: Inst Id : 0 ## Rx Msgs : 1401
02-03 16:24:17.897   489   509 I UclDL_Impl: Inst Id : 0 ## Rx HB Msgs : 93
02-03 16:24:17.897   489   509 I UclDL_Impl: Inst Id : 0 ## Tx Bps : 736
02-03 16:24:17.897   489   509 I UclDL_Impl: Inst Id : 0 ## Rx Bps : 4320
02-03 16:24:17.897   489   509 I UclDL_Impl: Inst Id : 0  ## Avg Ack Latency : 7
02-03 16:24:18.198   490   541 D vendor.visteon.skylark.hardware.automotive.vehicle@V1-visteon-service: SomeipCOmm :: RX Message [0/41f]:service:c0 ,Method:8000,payload:04 
02-03 16:24:18.202   490   541 D vendor.visteon.skylark.hardware.automotive.vehicle@V1-visteon-service: SomeipCOmm :: RX Message [0/420]:service:c7 ,Method:80e5,payload:02 00 00 01 0f 40 3e 00 08 04 16 00 00 00 00 1e 00 00 00 00 09 00 00 00 00 02 01 01 0e 2d 04 bc 01 a1 06 b6 01 d7 02 e9 02 d1 01 00 00 00 1a 02 03 10 18 11 1b 79 8f 0d 19 0a e9 00 1e 1e b8 89 7f 00 07 00 0a 00 20 02 22 00 c2 00 00 00 00 00 00 00 00 01 00 07 00 00 00 00 00 00 00 00 00 00 00 01 00 01 00 00 00 00 32 00 00 04 07 0a 0f 14 00 b0 02 00 03 00 00 00 00 00 c0 00 02 00 00 c0 00 00 00 02 dd 02 cd 02 cc 03 03 03 03 01 00 00 62 00 00 00 a5 00 00 00 00 0e ca 03 00 01 00 0b 0b 0b a5 07 04 f2 33 30 34 34 00 00 00 00 00 00 00 00 00 00 00 00 00 00 00 00 00 00 00 00 00 00 00 00 00 00 00 00 00 00 
02-03 16:24:18.204   490   541 D vendor.visteon.skylark.hardware.automotive.vehicle@V1-visteon-service: SomeipCOmm :: RX Message [0/421]:service:c7 ,Method:80df,payload:08 04 02 02 01 02 00 00 00 00 00 00 00 00 00 03 00 00 00 00 00 00 00 00 00 00 00 00 00 00 00 00 00 00 00 00 00 00 00 00 00 00 00 00 00 00 00 00 00 00 00 00 00 00 00 00 00 00 00 00 00 00 00 00 00 00 00 00 00 00 00 00 00 00 00 00 00 00 00 00 00 00 00 00 00 00 00 00 00 00 00 00 00 00 00 00 00 00 00 00 
02-03 16:24:18.358   490   541 D vendor.visteon.skylark.hardware.automotive.vehicle@V1-visteon-service: SomeipCOmm :: RX Message [0/422]:service:c7 ,Method:80e2,payload:12 18 04 02 03 01 1a 02 
02-03 16:24:18.844   490   539 D vendor.visteon.skylark.hardware.automotive.vehicle@V1-visteon-service: TX Message SomeipComm::send  : service:193,method:3, response Payload: 04 
02-03 16:24:18.882   490   541 D vendor.visteon.skylark.hardware.automotive.vehicle@V1-visteon-service: SomeipCOmm :: RX Message [0/424]:service:c0 ,Method:8005,payload:03 03 03 03 03 03 03 03 03 01 03 03 03 00 00 00 00 00 00 00 
02-03 16:24:18.883   490   541 D vendor.visteon.skylark.hardware.automotive.vehicle@V1-visteon-service: PERIPHERAL_STATUS:: 03 03 03 03 03 03 03 03 03 01 03 03 03 00 00 00 00 00 00 00 
02-03 16:24:18.890   668   676 I UclDL_Impl_VIP: TxA TO : 33
02-03 16:24:18.890   668   676 I UclDL_Impl_VIP: Avg Ack Latency : 11
02-03 16:24:18.890   668   676 I UclDL_Impl_VIP: pollingCntr : 27242
02-03 16:24:18.890   668   676 I UclDL_Impl_TCU: VIP-TCU - txBps : 392
02-03 16:24:18.890   668   676 I UclDL_Impl_TCU: VIP-TCU - rxBps : 272
02-03 16:24:18.890   668   676 I UclDL_Impl_TCU: VIP-TCU - txAckTmo : 1
02-03 16:24:18.897   489   509 I UclDL_Impl: Inst Id : 0 ## Tx Msgs : 1408
02-03 16:24:18.897   489   509 I UclDL_Impl: Inst Id : 0 ## TxA Msgs : 1060
02-03 16:24:18.897   489   509 I UclDL_Impl: Inst Id : 0 ## TxA TO : 0
02-03 16:24:18.897   489   509 I UclDL_Impl: Inst Id : 0 ## Rx Msgs : 1411
02-03 16:24:18.897   489   509 I UclDL_Impl: Inst Id : 0 ## Rx HB Msgs : 93
02-03 16:24:18.897   489   509 I UclDL_Impl: Inst Id : 0 ## Tx Bps : 832
02-03 16:24:18.897   489   509 I UclDL_Impl: Inst Id : 0 ## Rx Bps : 4376
02-03 16:24:18.897   489   509 I UclDL_Impl: Inst Id : 0  ## Avg Ack Latency : 7
02-03 16:24:19.202   490   541 D vendor.visteon.skylark.hardware.automotive.vehicle@V1-visteon-service: SomeipCOmm :: RX Message [0/427]:service:c0 ,Method:8000,payload:04 
02-03 16:24:19.207   490   541 D vendor.visteon.skylark.hardware.automotive.vehicle@V1-visteon-service: SomeipCOmm :: RX Message [0/428]:service:c7 ,Method:80e5,payload:02 00 00 01 0f 40 3e 00 08 04 16 00 00 00 00 1e 00 00 00 00 09 00 00 00 00 02 01 01 0e 2c 04 ba 01 a4 06 b8 01 d7 02 e9 02 d8 01 00 00 00 1a 02 03 10 18 12 1b 79 8f 0d 19 0a e9 00 1f 1e b4 89 7f 00 07 00 0b 00 20 02 22 00 c2 00 00 00 00 00 00 00 00 01 00 07 00 00 00 00 00 00 00 00 00 00 00 01 00 01 00 00 00 00 32 00 00 04 07 0a 0f 14 00 b0 02 00 03 00 00 00 00 00 c0 00 02 00 00 c0 00 00 00 02 d4 02 c5 02 ca 03 03 03 03 01 00 00 62 00 00 00 a5 00 00 00 00 0e ca 03 00 01 00 0b 0b 0b a5 07 04 f2 33 30 34 34 00 00 00 00 00 00 00 00 00 00 00 00 00 00 00 00 00 00 00 00 00 00 00 00 00 00 00 00 00 00 
02-03 16:24:19.211   490   541 D vendor.visteon.skylark.hardware.automotive.vehicle@V1-visteon-service: SomeipCOmm :: RX Message [0/429]:service:c7 ,Method:80df,payload:08 04 02 02 01 02 00 00 00 00 00 00 00 00 00 03 00 00 00 00 00 00 00 00 00 00 00 00 00 00 00 00 00 00 00 00 00 00 00 00 00 00 00 00 00 00 00 00 00 00 00 00 00 00 00 00 00 00 00 00 00 00 00 00 00 00 00 00 00 00 00 00 00 00 00 00 00 00 00 00 00 00 00 00 00 00 00 00 00 00 00 00 00 00 00 00 00 00 00 00 
02-03 16:24:19.366   490   541 D vendor.visteon.skylark.hardware.automotive.vehicle@V1-visteon-service: SomeipCOmm :: RX Message [0/42a]:service:c7 ,Method:80e2,payload:13 18 04 02 03 01 1a 02 
02-03 16:24:19.844   490   539 D vendor.visteon.skylark.hardware.automotive.vehicle@V1-visteon-service: TX Message SomeipComm::send  : service:193,method:3, response Payload: 04 
02-03 16:24:19.886   490   541 D vendor.visteon.skylark.hardware.automotive.vehicle@V1-visteon-service: SomeipCOmm :: RX Message [0/42c]:service:c0 ,Method:8005,payload:03 03 03 03 03 03 03 03 03 01 03 03 03 00 00 00 00 00 00 00 
02-03 16:24:19.894   668   676 I UclDL_Impl_VIP: TxA TO : 33
02-03 16:24:19.894   668   676 I UclDL_Impl_VIP: Avg Ack Latency : 10
02-03 16:24:19.894   668   676 I UclDL_Impl_VIP: pollingCntr : 27492
02-03 16:24:19.894   668   676 I UclDL_Impl_TCU: VIP-TCU - txBps : 392
02-03 16:24:19.894   668   676 I UclDL_Impl_TCU: VIP-TCU - rxBps : 272
02-03 16:24:19.894   668   676 I UclDL_Impl_TCU: VIP-TCU - txAckTmo : 1
02-03 16:24:19.897   489   509 I UclDL_Impl: Inst Id : 0 ## Tx Msgs : 1417
02-03 16:24:19.897   489   509 I UclDL_Impl: Inst Id : 0 ## TxA Msgs : 1068
02-03 16:24:19.897   489   509 I UclDL_Impl: Inst Id : 0 ## TxA TO : 0
02-03 16:24:19.897   489   509 I UclDL_Impl: Inst Id : 0 ## Rx Msgs : 1420
02-03 16:24:19.897   489   509 I UclDL_Impl: Inst Id : 0 ## Rx HB Msgs : 93
02-03 16:24:19.897   489   509 I UclDL_Impl: Inst Id : 0 ## Tx Bps : 736
02-03 16:24:19.897   489   509 I UclDL_Impl: Inst Id : 0 ## Rx Bps : 4320
02-03 16:24:19.897   489   509 I UclDL_Impl: Inst Id : 0  ## Avg Ack Latency : 7
02-03 16:24:20.210   490   541 D vendor.visteon.skylark.hardware.automotive.vehicle@V1-visteon-service: SomeipCOmm :: RX Message [0/42f]:service:c0 ,Method:8000,payload:04 
02-03 16:24:20.215   490   541 D vendor.visteon.skylark.hardware.automotive.vehicle@V1-visteon-service: SomeipCOmm :: RX Message [0/430]:service:c7 ,Method:80e5,payload:02 00 00 01 0f 40 3e 00 08 04 16 00 00 00 00 1e 00 00 00 00 09 00 00 00 00 02 01 01 0e 2c 04 bc 01 a1 06 b9 01 d6 02 e9 02 de 01 00 00 00 1a 02 03 10 18 13 1b 79 8f 0d 19 0a e9 00 1f 1e b8 89 7f 00 07 00 0a 00 20 02 22 00 c2 00 00 00 00 00 00 00 00 01 00 07 00 00 00 00 00 00 00 00 00 00 00 01 00 01 00 00 00 00 32 00 00 04 07 0a 0f 14 00 b0 02 00 03 00 00 00 00 00 c0 00 02 00 00 c0 00 00 00 02 da 02 c3 02 c7 03 03 03 03 01 00 00 62 00 00 00 a5 00 00 00 00 0e c9 03 00 01 00 0b 0b 0b a5 07 04 f2 33 30 34 34 00 00 00 00 00 00 00 00 00 00 00 00 00 00 00 00 00 00 00 00 00 00 00 00 00 00 00 00 00 00 
02-03 16:24:20.218   490   541 D vendor.visteon.skylark.hardware.automotive.vehicle@V1-visteon-service: SomeipCOmm :: RX Message [0/431]:service:c7 ,Method:80df,payload:08 04 02 02 01 02 00 00 00 00 00 00 00 00 00 03 00 00 00 00 00 00 00 00 00 00 00 00 00 00 00 00 00 00 00 00 00 00 00 00 00 00 00 00 00 00 00 00 00 00 00 00 00 00 00 00 00 00 00 00 00 00 00 00 00 00 00 00 00 00 00 00 00 00 00 00 00 00 00 00 00 00 00 00 00 00 00 00 00 00 00 00 00 00 00 00 00 00 00 00 
02-03 16:24:20.371   490   541 D vendor.visteon.skylark.hardware.automotive.vehicle@V1-visteon-service: SomeipCOmm :: RX Message [0/432]:service:c7 ,Method:80e2,payload:14 18 04 02 03 01 1a 02 
02-03 16:24:20.845   490   539 D vendor.visteon.skylark.hardware.automotive.vehicle@V1-visteon-service: TX Message SomeipComm::send  : service:193,method:3, response Payload: 04 
02-03 16:24:20.890   490   541 D vendor.visteon.skylark.hardware.automotive.vehicle@V1-visteon-service: SomeipCOmm :: RX Message [0/435]:service:c0 ,Method:8005,payload:03 03 03 03 03 03 03 03 03 01 03 03 03 00 00 00 00 00 00 00 
02-03 16:24:20.890   490   541 D vendor.visteon.skylark.hardware.automotive.vehicle@V1-visteon-service: PERIPHERAL_STATUS:: 03 03 03 03 03 03 03 03 03 01 03 03 03 00 00 00 00 00 00 00 
02-03 16:24:20.897   489   509 I UclDL_Impl: Inst Id : 0 ## Tx Msgs : 1426
02-03 16:24:20.902   668   676 I UclDL_Impl_VIP: Avg Ack Latency : 12
02-03 16:24:20.902   668   676 I UclDL_Impl_VIP: pollingCntr : 27742
02-03 16:24:20.902   668   676 I UclDL_Impl_TCU: VIP-TCU - txBps : 392
02-03 16:24:20.902   668   676 I UclDL_Impl_TCU: VIP-TCU - rxBps : 272
02-03 16:24:20.902   668   676 I UclDL_Impl_TCU: VIP-TCU - txAckTmo : 1
02-03 16:24:21.214   490   541 D vendor.visteon.skylark.hardware.automotive.vehicle@V1-visteon-service: SomeipCOmm :: RX Message [0/438]:service:c0 ,Method:8000,payload:04 
02-03 16:24:21.219   490   541 D vendor.visteon.skylark.hardware.automotive.vehicle@V1-visteon-service: SomeipCOmm :: RX Message [0/439]:service:c7 ,Method:80e5,payload:02 00 00 01 0f 40 3e 00 08 04 16 00 00 00 00 1e 00 00 00 00 09 00 00 00 00 02 01 01 0e 2d 04 b9 01 a4 06 bc 01 d6 02 e9 02 db 01 00 00 00 1a 02 03 10 18 14 1b 79 8f 0d 19 0a e9 00 1f 1e ba 89 7f 00 07 00 0b 00 20 02 22 00 c2 00 00 00 00 00 00 00 00 01 00 07 00 00 00 00 00 00 00 00 00 00 00 01 00 01 00 00 00 00 32 00 00 04 07 0a 0f 14 00 b0 02 00 03 00 00 00 00 00 c0 00 02 00 00 c0 00 00 00 02 cb 02 ba 02 c1 03 03 03 03 01 00 00 62 00 00 00 a5 00 00 00 00 0e ca 03 00 01 00 0b 0b 0b a5 07 04 f2 33 30 34 34 00 00 00 00 00 00 00 00 00 00 00 00 00 00 00 00 00 00 00 00 00 00 00 00 00 00 00 00 00 00 
02-03 16:24:21.222   490   541 D vendor.visteon.skylark.hardware.automotive.vehicle@V1-visteon-service: SomeipCOmm :: RX Message [0/43a]:service:c7 ,Method:80df,payload:08 04 02 02 01 02 00 00 00 00 00 00 00 00 00 03 00 00 00 00 00 00 00 00 00 00 00 00 00 00 00 00 00 00 00 00 00 00 00 00 00 00 00 00 00 00 00 00 00 00 00 00 00 00 00 00 00 00 00 00 00 00 00 00 00 00 00 00 00 00 00 00 00 00 00 00 00 00 00 00 00 00 00 00 00 00 00 00 00 00 00 00 00 00 00 00 00 00 00 00 
02-03 16:24:21.374   490   541 D vendor.visteon.skylark.hardware.automotive.vehicle@V1-visteon-service: SomeipCOmm :: RX Message [0/43b]:service:c7 ,Method:80e2,payload:15 18 04 02 03 01 1a 02 
02-03 16:24:21.846   490   539 D vendor.visteon.skylark.hardware.automotive.vehicle@V1-visteon-service: TX Message SomeipComm::send  : service:193,method:3, response Payload: 04 
02-03 16:24:21.897   489   509 I UclDL_Impl: Inst Id : 0 ## Tx Msgs : 1435
02-03 16:24:21.897   489   509 I UclDL_Impl: Inst Id : 0 ## TxA Msgs : 1084
02-03 16:24:21.897   489   509 I UclDL_Impl: Inst Id : 0 ## TxA TO : 0
02-03 16:24:21.897   489   509 I UclDL_Impl: Inst Id : 0 ## Rx Msgs : 1438
02-03 16:24:21.897   489   509 I UclDL_Impl: Inst Id : 0 ## Rx HB Msgs : 93
02-03 16:24:21.897   489   509 I UclDL_Impl: Inst Id : 0 ## Tx Bps : 736
02-03 16:24:21.897   489   509 I UclDL_Impl: Inst Id : 0 ## Rx Bps : 4320
02-03 16:24:21.897   489   509 I UclDL_Impl: Inst Id : 0  ## Avg Ack Latency : 7
02-03 16:24:21.898   490   541 D vendor.visteon.skylark.hardware.automotive.vehicle@V1-visteon-service: SomeipCOmm :: RX Message [0/43d]:service:c0 ,Method:8005,payload:03 03 03 03 03 03 03 03 03 01 03 03 03 00 00 00 00 00 00 00 
02-03 16:24:21.898   490   541 D vendor.visteon.skylark.hardware.automotive.vehicle@V1-visteon-service: PERIPHERAL_STATUS:: 03 03 03 03 03 03 03 03 03 01 03 03 03 00 00 00 00 00 00 00 
02-03 16:24:21.906   668   676 I UclDL_Impl_VIP: TxA TO : 33
02-03 16:24:21.906   668   676 I UclDL_Impl_VIP: Avg Ack Latency : 9
02-03 16:24:21.906   668   676 I UclDL_Impl_VIP: pollingCntr : 27992
02-03 16:24:21.906   668   676 I UclDL_Impl_TCU: VIP-TCU - txBps : 392
02-03 16:24:21.906   668   676 I UclDL_Impl_TCU: VIP-TCU - rxBps : 272
02-03 16:24:21.906   668   676 I UclDL_Impl_TCU: VIP-TCU - txAckTmo : 1
02-03 16:24:22.218   490   541 D vendor.visteon.skylark.hardware.automotive.vehicle@V1-visteon-service: SomeipCOmm :: RX Message [0/440]:service:c0 ,Method:8000,payload:04 
02-03 16:24:22.223   490   541 D vendor.visteon.skylark.hardware.automotive.vehicle@V1-visteon-service: SomeipCOmm :: RX Message [0/441]:service:c7 ,Method:80e5,payload:02 00 00 01 0f 40 3e 00 08 04 16 00 00 00 00 1e 00 00 00 00 09 00 00 00 00 02 01 01 0e 2d 04 bb 01 a4 06 ba 01 d6 02 e9 02 9d 01 00 00 00 1a 02 03 10 18 15 1b 79 8b 0d 19 0a e9 00 1f 1e ba 89 7f 00 07 00 0a 00 20 02 22 00 c2 00 00 00 00 00 00 00 00 01 00 07 00 00 00 00 00 00 00 00 00 00 00 01 00 01 00 00 00 00 32 00 00 04 07 0a 0f 14 00 b0 02 00 03 00 00 00 00 00 c0 00 02 00 00 c0 00 00 00 02 85 02 7f 02 86 03 03 03 03 01 00 00 62 00 00 00 a5 00 00 00 00 0e ca 03 00 01 00 0b 0b 0b a5 07 04 f2 33 30 34 34 00 00 00 00 00 00 00 00 00 00 00 00 00 00 00 00 00 00 00 00 00 00 00 00 00 00 00 00 00 00 
02-03 16:24:22.225   490   541 D vendor.visteon.skylark.hardware.automotive.vehicle@V1-visteon-service: SomeipCOmm :: RX Message [0/442]:service:c7 ,Method:80df,payload:08 04 02 02 01 02 00 00 00 00 00 00 00 00 00 03 00 00 00 00 00 00 00 00 00 00 00 00 00 00 00 00 00 00 00 00 00 00 00 00 00 00 00 00 00 00 00 00 00 00 00 00 00 00 00 00 00 00 00 00 00 00 00 00 00 00 00 00 00 00 00 00 00 00 00 00 00 00 00 00 00 00 00 00 00 00 00 00 00 00 00 00 00 00 00 00 00 00 00 00 
02-03 16:24:22.378   490   541 D vendor.visteon.skylark.hardware.automotive.vehicle@V1-visteon-service: SomeipCOmm :: RX Message [0/443]:service:c7 ,Method:80e2,payload:16 18 04 02 03 01 1a 02 
02-03 16:24:22.847   490   539 D vendor.visteon.skylark.hardware.automotive.vehicle@V1-visteon-service: TX Message SomeipComm::send  : service:193,method:3, response Payload: 04 
02-03 16:24:22.897   489   509 I UclDL_Impl: Inst Id : 0 ## Tx Msgs : 1443
02-03 16:24:22.897   489   509 I UclDL_Impl: Inst Id : 0 ## TxA Msgs : 1091
02-03 16:24:22.897   489   509 I UclDL_Impl: Inst Id : 0 ## TxA TO : 0
02-03 16:24:22.897   489   509 I UclDL_Impl: Inst Id : 0 ## Rx Msgs : 1446
02-03 16:24:22.897   489   509 I UclDL_Impl: Inst Id : 0 ## Rx HB Msgs : 93
02-03 16:24:22.897   489   509 I UclDL_Impl: Inst Id : 0 ## Tx Bps : 656
02-03 16:24:22.897   489   509 I UclDL_Impl: Inst Id : 0 ## Rx Bps : 4096
02-03 16:24:22.897   489   509 I UclDL_Impl: Inst Id : 0  ## Avg Ack Latency : 7
02-03 16:24:22.902   490   541 D vendor.visteon.skylark.hardware.automotive.vehicle@V1-visteon-service: SomeipCOmm :: RX Message [0/445]:service:c0 ,Method:8005,payload:03 03 03 03 03 03 03 03 03 01 03 03 03 00 00 00 00 00 00 00 
02-03 16:24:22.902   490   541 D vendor.visteon.skylark.hardware.automotive.vehicle@V1-visteon-service: PERIPHERAL_STATUS:: 03 03 03 03 03 03 03 03 03 01 03 03 03 00 00 00 00 00 00 00 
02-03 16:24:22.909   668   676 I UclDL_Impl_VIP: TxA TO : 33
02-03 16:24:22.910   668   676 I UclDL_Impl_VIP: Avg Ack Latency : 8
02-03 16:24:22.910   668   676 I UclDL_Impl_VIP: pollingCntr : 28242
02-03 16:24:22.910   668   676 I UclDL_Impl_TCU: VIP-TCU - txBps : 392
02-03 16:24:22.910   668   676 I UclDL_Impl_TCU: VIP-TCU - rxBps : 272
02-03 16:24:22.910   668   676 I UclDL_Impl_TCU: VIP-TCU - txAckTmo : 1
02-03 16:24:23.222   490   541 D vendor.visteon.skylark.hardware.automotive.vehicle@V1-visteon-service: SomeipCOmm :: RX Message [0/448]:service:c0 ,Method:8000,payload:04 
02-03 16:24:23.228   490   541 D vendor.visteon.skylark.hardware.automotive.vehicle@V1-visteon-service: SomeipCOmm :: RX Message [0/449]:service:c7 ,Method:80e5,payload:02 00 00 01 0f 40 3e 00 08 04 16 00 00 00 00 1e 00 00 00 00 09 00 00 00 00 02 01 01 0e 2d 04 b8 01 a5 06 b7 01 d7 02 e9 02 a6 01 00 00 00 1a 02 03 10 18 16 1b 79 8f 0d 19 0a e9 00 1f 1e b6 89 7f 00 07 00 0a 00 20 02 22 00 c2 00 00 00 00 00 00 00 00 01 00 07 00 00 00 00 00 00 00 00 00 00 00 01 00 01 00 00 00 00 32 00 00 04 07 0a 0f 14 00 b0 02 00 03 00 00 00 00 00 c0 00 02 00 00 c0 00 00 00 02 b6 02 a3 02 a2 03 03 03 03 01 00 00 62 00 00 00 a5 00 00 00 00 0e ca 03 00 01 00 0b 0b 0b a5 07 04 f2 33 30 34 34 00 00 00 00 00 00 00 00 00 00 00 00 00 00 00 00 00 00 00 00 00 00 00 00 00 00 00 00 00 00 
02-03 16:24:23.231   490   541 D vendor.visteon.skylark.hardware.automotive.vehicle@V1-visteon-service: SomeipCOmm :: RX Message [0/44a]:service:c7 ,Method:80df,payload:08 04 02 02 01 02 00 00 00 00 00 00 00 00 00 03 00 00 00 00 00 00 00 00 00 00 00 00 00 00 00 00 00 00 00 00 00 00 00 00 00 00 00 00 00 00 00 00 00 00 00 00 00 00 00 00 00 00 00 00 00 00 00 00 00 00 00 00 00 00 00 00 00 00 00 00 00 00 00 00 00 00 00 00 00 00 00 00 00 00 00 00 00 00 00 00 00 00 00 00 
02-03 16:24:23.382   490   541 D vendor.visteon.skylark.hardware.automotive.vehicle@V1-visteon-service: SomeipCOmm :: RX Message [0/44b]:service:c7 ,Method:80e2,payload:17 18 04 02 03 01 1a 02 
02-03 16:24:23.848   490   539 D vendor.visteon.skylark.hardware.automotive.vehicle@V1-visteon-service: TX Message SomeipComm::send  : service:193,method:3, response Payload: 04 
02-03 16:24:23.897   489   509 I UclDL_Impl: Inst Id : 0 ## Tx Msgs : 1453
02-03 16:24:23.897   489   509 I UclDL_Impl: Inst Id : 0 ## TxA Msgs : 1099
02-03 16:24:23.897   489   509 I UclDL_Impl: Inst Id : 0 ## TxA TO : 0
02-03 16:24:23.897   489   509 I UclDL_Impl: Inst Id : 0 ## Rx Msgs : 1456
02-03 16:24:23.897   489   509 I UclDL_Impl: Inst Id : 0 ## Rx HB Msgs : 93
02-03 16:24:23.897   489   509 I UclDL_Impl: Inst Id : 0 ## Tx Bps : 832
02-03 16:24:23.897   489   509 I UclDL_Impl: Inst Id : 0 ## Rx Bps : 4376
02-03 16:24:23.897   489   509 I UclDL_Impl: Inst Id : 0  ## Avg Ack Latency : 10
02-03 16:24:23.906   490   541 D vendor.visteon.skylark.hardware.automotive.vehicle@V1-visteon-service: SomeipCOmm :: RX Message [0/44d]:service:c0 ,Method:8005,payload:03 03 03 03 03 03 03 03 03 01 03 03 03 00 00 00 00 00 00 00 
02-03 16:24:23.906   490   541 D vendor.visteon.skylark.hardware.automotive.vehicle@V1-visteon-service: PERIPHERAL_STATUS:: 03 03 03 03 03 03 03 03 03 01 03 03 03 00 00 00 00 00 00 00 
02-03 16:24:23.914   668   676 I UclDL_Impl_VIP: TxA TO : 33
02-03 16:24:23.914   668   676 I UclDL_Impl_VIP: Avg Ack Latency : 10
02-03 16:24:23.914   668   676 I UclDL_Impl_VIP: pollingCntr : 28492
02-03 16:24:23.914   668   676 I UclDL_Impl_TCU: VIP-TCU - txBps : 392
02-03 16:24:23.914   668   676 I UclDL_Impl_TCU: VIP-TCU - rxBps : 272
02-03 16:24:23.914   668   676 I UclDL_Impl_TCU: VIP-TCU - txAckTmo : 1
02-03 16:24:24.226   490   541 D vendor.visteon.skylark.hardware.automotive.vehicle@V1-visteon-service: SomeipCOmm :: RX Message [0/450]:service:c0 ,Method:8000,payload:04 
02-03 16:24:24.230   490   541 D vendor.visteon.skylark.hardware.automotive.vehicle@V1-visteon-service: SomeipCOmm :: RX Message [0/451]:service:c7 ,Method:80e5,payload:02 00 00 01 0f 40 3e 00 08 04 16 00 00 00 00 1e 00 00 00 00 09 00 00 00 00 02 01 01 0e 2c 04 b9 01 a5 06 b0 01 d6 02 e9 02 cd 01 00 00 00 1a 02 03 10 18 17 1b 79 8f 0d 19 0a e9 00 1f 1e b4 89 7f 00 07 00 0b 00 20 02 22 00 c2 00 00 00 00 00 00 00 00 01 00 07 00 00 00 00 00 00 00 00 00 00 00 01 00 01 00 00 00 00 32 00 00 04 07 0a 0f 14 00 b0 02 00 03 00 00 00 00 00 c0 00 02 00 00 c0 00 00 00 02 d4 02 cc 02 ca 03 03 03 03 01 00 00 62 00 00 00 a5 00 00 00 00 0e cb 03 00 01 00 0b 0b 0b a5 07 04 f2 33 30 34 34 00 00 00 00 00 00 00 00 00 00 00 00 00 00 00 00 00 00 00 00 00 00 00 00 00 00 00 00 00 00 
02-03 16:24:24.232   490   541 D vendor.visteon.skylark.hardware.automotive.vehicle@V1-visteon-service: SomeipCOmm :: RX Message [0/452]:service:c7 ,Method:80df,payload:08 04 02 02 01 02 00 00 00 00 00 00 00 00 00 03 00 00 00 00 00 00 00 00 00 00 00 00 00 00 00 00 00 00 00 00 00 00 00 00 00 00 00 00 00 00 00 00 00 00 00 00 00 00 00 00 00 00 00 00 00 00 00 00 00 00 00 00 00 00 00 00 00 00 00 00 00 00 00 00 00 00 00 00 00 00 00 00 00 00 00 00 00 00 00 00 00 00 00 00 
02-03 16:24:24.391   490   541 D vendor.visteon.skylark.hardware.automotive.vehicle@V1-visteon-service: SomeipCOmm :: RX Message [0/453]:service:c7 ,Method:80e2,payload:18 18 04 02 03 01 1a 02 
02-03 16:24:24.848   490   539 D vendor.visteon.skylark.hardware.automotive.vehicle@V1-visteon-service: TX Message SomeipComm::send  : service:193,method:3, response Payload: 04 
02-03 16:24:24.901   489   509 I UclDL_Impl: Inst Id : 0 ## Tx Msgs : 1462
02-03 16:24:24.901   489   509 I UclDL_Impl: Inst Id : 0 ## TxA Msgs : 1107
02-03 16:24:24.901   489   509 I UclDL_Impl: Inst Id : 0 ## TxA TO : 0
02-03 16:24:24.901   489   509 I UclDL_Impl: Inst Id : 0 ## Rx Msgs : 1465
02-03 16:24:24.901   489   509 I UclDL_Impl: Inst Id : 0 ## Rx HB Msgs : 93
02-03 16:24:24.901   489   509 I UclDL_Impl: Inst Id : 0 ## Tx Bps : 736
02-03 16:24:24.901   489   509 I UclDL_Impl: Inst Id : 0 ## Rx Bps : 4320
02-03 16:24:24.901   489   509 I UclDL_Impl: Inst Id : 0  ## Avg Ack Latency : 11
02-03 16:24:24.911   490   541 D vendor.visteon.skylark.hardware.automotive.vehicle@V1-visteon-service: SomeipCOmm :: RX Message [0/455]:service:c0 ,Method:8005,payload:03 03 03 03 03 03 03 03 03 01 03 03 03 00 00 00 00 00 00 00 
02-03 16:24:24.912   490   541 D vendor.visteon.skylark.hardware.automotive.vehicle@V1-visteon-service: PERIPHERAL_STATUS:: 03 03 03 03 03 03 03 03 03 01 03 03 03 00 00 00 00 00 00 00 
02-03 16:24:24.918   668   676 I UclDL_Impl_VIP: TxA TO : 33
02-03 16:24:24.918   668   676 I UclDL_Impl_VIP: Avg Ack Latency : 9
02-03 16:24:24.918   668   676 I UclDL_Impl_VIP: pollingCntr : 28742
02-03 16:24:24.918   668   676 I UclDL_Impl_TCU: VIP-TCU - txBps : 392
02-03 16:24:24.918   668   676 I UclDL_Impl_TCU: VIP-TCU - rxBps : 272
02-03 16:24:24.918   668   676 I UclDL_Impl_TCU: VIP-TCU - txAckTmo : 1
02-03 16:24:25.234   490   541 D vendor.visteon.skylark.hardware.automotive.vehicle@V1-visteon-service: SomeipCOmm :: RX Message [0/458]:service:c0 ,Method:8000,payload:04 
02-03 16:24:25.239   490   541 D vendor.visteon.skylark.hardware.automotive.vehicle@V1-visteon-service: SomeipCOmm :: RX Message [0/459]:service:c7 ,Method:80e5,payload:02 00 00 01 0f 40 3e 00 08 04 16 00 00 00 00 1e 00 00 00 00 09 00 00 00 00 02 01 01 0e 2c 04 b9 01 a4 06 ad 01 d6 02 e9 02 d2 01 00 00 00 1a 02 03 10 18 18 1b 79 8f 0d 19 0a e9 00 1e 1e b8 89 7f 00 07 00 0a 00 20 02 22 00 c2 00 00 00 00 00 00 00 00 01 00 07 00 00 00 00 00 00 00 00 00 00 00 01 00 01 00 00 00 00 32 00 00 04 07 0a 0f 14 00 b0 02 00 03 00 00 00 00 00 c0 00 02 00 00 c0 00 00 00 02 dd 02 c9 02 cb 03 03 03 03 01 00 00 62 00 00 00 a5 00 00 00 00 0e ca 03 00 01 00 0b 0b 0b a5 07 04 f2 33 30 34 34 00 00 00 00 00 00 00 00 00 00 00 00 00 00 00 00 00 00 00 00 00 00 00 00 00 00 00 00 00 00 
02-03 16:24:25.241   490   541 D vendor.visteon.skylark.hardware.automotive.vehicle@V1-visteon-service: SomeipCOmm :: RX Message [0/45a]:service:c7 ,Method:80df,payload:08 04 02 02 01 02 00 00 00 00 00 00 00 00 00 03 00 00 00 00 00 00 00 00 00 00 00 00 00 00 00 00 00 00 00 00 00 00 00 00 00 00 00 00 00 00 00 00 00 00 00 00 00 00 00 00 00 00 00 00 00 00 00 00 00 00 00 00 00 00 00 00 00 00 00 00 00 00 00 00 00 00 00 00 00 00 00 00 00 00 00 00 00 00 00 00 00 00 00 00 
02-03 16:24:25.395   490   541 D vendor.visteon.skylark.hardware.automotive.vehicle@V1-visteon-service: SomeipCOmm :: RX Message [0/45b]:service:c7 ,Method:80e2,payload:19 18 04 02 03 01 1a 02 
02-03 16:24:25.849   490   539 D vendor.visteon.skylark.hardware.automotive.vehicle@V1-visteon-service: TX Message SomeipComm::send  : service:193,method:3, response Payload: 04 
02-03 16:24:25.901   489   509 I UclDL_Impl: Inst Id : 0 ## Tx Msgs : 1471
02-03 16:24:25.901   489   509 I UclDL_Impl: Inst Id : 0 ## TxA Msgs : 1115
02-03 16:24:25.901   489   509 I UclDL_Impl: Inst Id : 0 ## TxA TO : 0
02-03 16:24:25.901   489   509 I UclDL_Impl: Inst Id : 0 ## Rx Msgs : 1474
02-03 16:24:25.901   489   509 I UclDL_Impl: Inst Id : 0 ## Rx HB Msgs : 93
02-03 16:24:25.901   489   509 I UclDL_Impl: Inst Id : 0 ## Tx Bps : 736
02-03 16:24:25.901   489   509 I UclDL_Impl: Inst Id : 0 ## Rx Bps : 4320
02-03 16:24:25.901   489   509 I UclDL_Impl: Inst Id : 0  ## Avg Ack Latency : 11
02-03 16:24:25.914   490   541 D vendor.visteon.skylark.hardware.automotive.vehicle@V1-visteon-service: SomeipCOmm :: RX Message [0/45d]:service:c0 ,Method:8005,payload:03 03 03 03 03 03 03 03 03 01 03 03 03 00 00 00 00 00 00 00 
02-03 16:24:25.915   490   541 D vendor.visteon.skylark.hardware.automotive.vehicle@V1-visteon-service: PERIPHERAL_STATUS:: 03 03 03 03 03 03 03 03 03 01 03 03 03 00 00 00 00 00 00 00 
02-03 16:24:25.926   668   676 I UclDL_Impl_VIP: TxA TO : 33
02-03 16:24:25.926   668   676 I UclDL_Impl_VIP: Avg Ack Latency : 6
02-03 16:24:25.926   668   676 I UclDL_Impl_VIP: pollingCntr : 28992
02-03 16:24:25.927   668   676 I UclDL_Impl_TCU: VIP-TCU - txBps : 392
02-03 16:24:25.927   668   676 I UclDL_Impl_TCU: VIP-TCU - rxBps : 272
02-03 16:24:25.927   668   676 I UclDL_Impl_TCU: VIP-TCU - txAckTmo : 1
02-03 16:24:26.237   490   541 D vendor.visteon.skylark.hardware.automotive.vehicle@V1-visteon-service: SomeipCOmm :: RX Message [0/460]:service:c0 ,Method:8000,payload:04 
02-03 16:24:26.243   490   541 D vendor.visteon.skylark.hardware.automotive.vehicle@V1-visteon-service: SomeipCOmm :: RX Message [0/461]:service:c7 ,Method:80e5,payload:02 00 00 01 0f 40 3e 00 08 04 16 00 00 00 00 1e 00 00 00 00 09 00 00 00 00 02 01 01 0e 29 04 b8 01 a4 06 ba 01 d6 02 e8 02 d8 01 00 00 00 1a 02 03 10 18 19 1b 79 8b 0d 19 0a e9 00 1e 1e b8 89 7f 00 07 00 0b 00 20 02 22 00 c2 00 00 00 00 00 00 00 00 01 00 07 00 00 00 00 00 00 00 00 00 00 00 01 00 01 00 00 00 00 32 00 00 04 07 0a 0f 14 00 b0 02 00 03 00 00 00 00 00 c0 00 02 00 00 c0 00 00 00 02 d4 02 c6 02 c9 03 03 03 03 01 00 00 62 00 00 00 a5 00 00 00 00 0e c6 03 00 01 00 0b 0b 0b a5 07 04 f2 33 30 34 34 00 00 00 00 00 00 00 00 00 00 00 00 00 00 00 00 00 00 00 00 00 00 00 00 00 00 00 00 00 00 
02-03 16:24:26.247   490   541 D vendor.visteon.skylark.hardware.automotive.vehicle@V1-visteon-service: SomeipCOmm :: RX Message [0/462]:service:c7 ,Method:80df,payload:08 04 02 02 01 02 00 00 00 00 00 00 00 00 00 03 00 00 00 00 00 00 00 00 00 00 00 00 00 00 00 00 00 00 00 00 00 00 00 00 00 00 00 00 00 00 00 00 00 00 00 00 00 00 00 00 00 00 00 00 00 00 00 00 00 00 00 00 00 00 00 00 00 00 00 00 00 00 00 00 00 00 00 00 00 00 00 00 00 00 00 00 00 00 00 00 00 00 00 00 
02-03 16:24:26.398   490   541 D vendor.visteon.skylark.hardware.automotive.vehicle@V1-visteon-service: SomeipCOmm :: RX Message [0/463]:service:c7 ,Method:80e2,payload:1a 18 04 02 03 01 1a 02 
02-03 16:24:26.850   490   539 D vendor.visteon.skylark.hardware.automotive.vehicle@V1-visteon-service: TX Message SomeipComm::send  : service:193,method:3, response Payload: 04 
02-03 16:24:26.901   489   509 I UclDL_Impl: Inst Id : 0 ## Tx Msgs : 1480
02-03 16:24:26.901   489   509 I UclDL_Impl: Inst Id : 0 ## TxA Msgs : 1123
02-03 16:24:26.901   489   509 I UclDL_Impl: Inst Id : 0 ## TxA TO : 0
02-03 16:24:26.901   489   509 I UclDL_Impl: Inst Id : 0 ## Rx Msgs : 1483
02-03 16:24:26.901   489   509 I UclDL_Impl: Inst Id : 0 ## Rx HB Msgs : 93
02-03 16:24:26.901   489   509 I UclDL_Impl: Inst Id : 0 ## Tx Bps : 736
