01-28 01:06:36.062   490   541 D vendor.visteon.skylark.hardware.automotive.vehicle@V1-visteon-service: SomeipCOmm :: RX Message [0/124]:service:c7 ,Method:80df,payload:08 04 02 02 01 02 00 00 00 00 00 00 00 00 00 03 00 00 00 00 00 00 00 00 00 00 00 00 00 00 00 00 00 00 00 00 00 00 00 00 00 00 00 00 00 00 00 00 00 00 00 00 00 00 00 00 00 00 00 00 00 00 00 00 00 00 00 00 00 00 00 00 00 00 00 00 00 00 00 00 00 00 00 00 00 00 00 00 00 00 00 00 00 00 00 00 00 00 00 00 
01-28 01:06:36.270   490   541 D vendor.visteon.skylark.hardware.automotive.vehicle@V1-visteon-service: SomeipCOmm :: RX Message [0/126]:service:c7 ,Method:80e2,payload:19 19 02 05 01 00 00 01 
01-28 01:06:36.738   490   541 D vendor.visteon.skylark.hardware.automotive.vehicle@V1-visteon-service: SomeipCOmm :: RX Message [0/127]:service:c0 ,Method:8005,payload:03 03 03 03 03 03 03 03 03 01 03 03 03 00 00 00 00 00 00 00 
01-28 01:06:36.738   490   541 D vendor.visteon.skylark.hardware.automotive.vehicle@V1-visteon-service: PERIPHERAL_STATUS:: 03 03 03 03 03 03 03 03 03 01 03 03 03 00 00 00 00 00 00 00 
01-28 01:06:36.751   668   676 I UclDL_Impl_VIP: TxA TO : 33
01-28 01:06:36.752   668   676 I UclDL_Impl_VIP: Avg Ack Latency : 9
01-28 01:06:36.752   668   676 I UclDL_Impl_VIP: pollingCntr : 6742
01-28 01:06:36.752   668   676 I UclDL_Impl_TCU: VIP-TCU - txBps : 392
01-28 01:06:36.752   668   676 I UclDL_Impl_TCU: VIP-TCU - rxBps : 272
01-28 01:06:36.752   668   676 I UclDL_Impl_TCU: VIP-TCU - txAckTmo : 1
01-28 01:06:37.005   489   509 I UclDL_Impl: Inst Id : 0 ## Tx Msgs : 362
01-28 01:06:37.006   489   509 I UclDL_Impl: Inst Id : 0 ## TxA Msgs : 296
01-28 01:06:37.006   489   509 I UclDL_Impl: Inst Id : 0 ## TxA TO : 0
01-28 01:06:37.006   489   509 I UclDL_Impl: Inst Id : 0 ## Rx Msgs : 363
01-28 01:06:37.006   489   509 I UclDL_Impl: Inst Id : 0 ## Rx HB Msgs : 17
01-28 01:06:37.006   489   509 I UclDL_Impl: Inst Id : 0 ## Tx Bps : 808
01-28 01:06:37.006   489   509 I UclDL_Impl: Inst Id : 0 ## Rx Bps : 4368
01-28 01:06:37.006   489   509 I UclDL_Impl: Inst Id : 0  ## Avg Ack Latency : 9
01-28 01:06:37.039   490   539 D vendor.visteon.skylark.hardware.automotive.vehicle@V1-visteon-service: TX Message SomeipComm::send  : service:193,method:3, response Payload: 00 
01-28 01:06:37.064   490   541 D vendor.visteon.skylark.hardware.automotive.vehicle@V1-visteon-service: SomeipCOmm :: RX Message [0/12a]:service:c0 ,Method:8000,payload:04 
01-28 01:06:37.066   490   541 D vendor.visteon.skylark.hardware.automotive.vehicle@V1-visteon-service: SomeipCOmm :: RX Message [0/12b]:service:c7 ,Method:80e5,payload:02 00 00 01 0f 40 3e 00 08 00 16 00 00 00 00 1e 00 00 00 00 09 00 00 00 00 02 01 01 0e 2c 04 bb 01 a3 06 af 01 d7 02 e9 02 dc 01 00 00 00 00 01 01 02 19 19 1b 79 8f 0d 19 0a e9 00 1f 1e b6 89 7f 00 07 00 0b 00 20 02 22 00 c2 00 00 00 00 00 00 00 00 01 00 07 00 00 00 00 00 00 00 00 00 00 00 01 00 01 00 00 00 00 32 00 00 04 07 0a 0f 14 00 a8 02 00 03 00 00 00 00 00 c0 00 02 00 00 c0 00 00 00 02 d1 02 bf 02 cd 03 03 03 03 01 00 00 62 00 00 00 a5 00 00 00 00 0e ca 03 00 01 00 0b 0b 0b a5 07 04 f2 33 30 34 34 00 00 00 00 00 00 00 00 00 00 00 00 00 00 00 00 00 00 00 00 00 00 00 00 00 00 00 00 00 00 
01-28 01:06:37.067   490   541 D vendor.visteon.skylark.hardware.automotive.vehicle@V1-visteon-service: SomeipCOmm :: RX Message [0/12c]:service:c7 ,Method:80df,payload:08 04 02 02 01 02 00 00 00 00 00 00 00 00 00 03 00 00 00 00 00 00 00 00 00 00 00 00 00 00 00 00 00 00 00 00 00 00 00 00 00 00 00 00 00 00 00 00 00 00 00 00 00 00 00 00 00 00 00 00 00 00 00 00 00 00 00 00 00 00 00 00 00 00 00 00 00 00 00 00 00 00 00 00 00 00 00 00 00 00 00 00 00 00 00 00 00 00 00 00 
01-28 01:06:37.274   490   541 D vendor.visteon.skylark.hardware.automotive.vehicle@V1-visteon-service: SomeipCOmm :: RX Message [0/12e]:service:c7 ,Method:80e2,payload:1a 19 02 05 01 00 00 01 
01-28 01:06:38.009   489   509 I UclDL_Impl: Inst Id : 0 ## Tx Msgs : 372
01-28 01:06:38.009   489   509 I UclDL_Impl: Inst Id : 0 ## TxA Msgs : 304
01-28 01:06:38.009   489   509 I UclDL_Impl: Inst Id : 0 ## TxA TO : 0
01-28 01:06:38.009   489   509 I UclDL_Impl: Inst Id : 0 ## Rx Msgs : 373
01-28 01:06:38.009   489   509 I UclDL_Impl: Inst Id : 0 ## Rx HB Msgs : 18
01-28 01:06:38.009   489   509 I UclDL_Impl: Inst Id : 0 ## Tx Bps : 808
01-28 01:06:38.009   489   509 I UclDL_Impl: Inst Id : 0 ## Rx Bps : 4368
01-28 01:06:38.009   489   509 I UclDL_Impl: Inst Id : 0  ## Avg Ack Latency : 10
01-28 01:06:38.039   490   539 D vendor.visteon.skylark.hardware.automotive.vehicle@V1-visteon-service: TX Message SomeipComm::send  : service:193,method:3, response Payload: 00 
01-28 01:06:38.066   490   541 D vendor.visteon.skylark.hardware.automotive.vehicle@V1-visteon-service: SomeipCOmm :: RX Message [0/132]:service:c0 ,Method:8000,payload:04 
01-28 01:06:38.072   490   541 D vendor.visteon.skylark.hardware.automotive.vehicle@V1-visteon-service: SomeipCOmm :: RX Message [0/133]:service:c7 ,Method:80e5,payload:02 00 00 01 0f 40 3e 00 08 00 16 00 00 00 00 1e 00 00 00 00 09 00 00 00 00 02 01 01 0e 2c 04 ba 01 a4 06 b0 01 d7 02 e9 02 db 01 00 00 00 00 01 01 02 19 1a 1b 79 8f 0d 19 0a e9 00 1f 1e b8 89 7f 00 07 00 0a 00 20 02 22 00 c2 00 00 00 00 00 00 00 00 01 00 07 00 00 00 00 00 00 00 00 00 00 00 01 00 01 00 00 00 00 32 00 00 04 07 0a 0f 14 00 a8 02 00 03 00 00 00 00 00 c0 00 02 00 00 c0 00 00 00 02 c8 02 be 02 c8 03 03 03 03 01 00 00 62 00 00 00 a5 00 00 00 00 0e ca 03 00 01 00 0b 0b 0b a5 07 04 f2 33 30 34 34 00 00 00 00 00 00 00 00 00 00 00 00 00 00 00 00 00 00 00 00 00 00 00 00 00 00 00 00 00 00 
01-28 01:06:38.073   490   541 D vendor.visteon.skylark.hardware.automotive.vehicle@V1-visteon-service: SomeipCOmm :: RX Message [0/134]:service:c7 ,Method:80df,payload:08 04 02 02 01 02 00 00 00 00 00 00 00 00 00 03 00 00 00 00 00 00 00 00 00 00 00 00 00 00 00 00 00 00 00 00 00 00 00 00 00 00 00 00 00 00 00 00 00 00 00 00 00 00 00 00 00 00 00 00 00 00 00 00 00 00 00 00 00 00 00 00 00 00 00 00 00 00 00 00 00 00 00 00 00 00 00 00 00 00 00 00 00 00 00 00 00 00 00 00 
01-28 01:06:38.743   490   550 D vendor.visteon.skylark.hardware.automotive.vehicle@V1-visteon-service: TX Message SomeipComm::send  : service:196,method:5, response Payload: 00 9c 6b 55 
01-28 01:06:38.749   490   550 D vendor.visteon.skylark.hardware.automotive.vehicle@V1-visteon-service: TX Message SomeipComm::send  : service:196,method:5, response Payload: 00 9c 6b 56 
01-28 01:06:38.752   490   541 D vendor.visteon.skylark.hardware.automotive.vehicle@V1-visteon-service: SomeipCOmm :: RX Message [0/137]:service:c0 ,Method:8005,payload:03 03 03 03 03 03 03 03 03 01 03 03 03 00 00 00 00 00 00 00 
01-28 01:06:38.752   490   541 D vendor.visteon.skylark.hardware.automotive.vehicle@V1-visteon-service: PERIPHERAL_STATUS:: 03 03 03 03 03 03 03 03 03 01 03 03 03 00 00 00 00 00 00 00 
01-28 01:06:38.759   668   676 I UclDL_Impl_VIP: TxA TO : 33
01-28 01:06:38.759   668   676 I UclDL_Impl_VIP: Avg Ack Latency : 6
01-28 01:06:38.759   668   676 I UclDL_Impl_VIP: pollingCntr : 7242
01-28 01:06:38.759   668   676 I UclDL_Impl_TCU: VIP-TCU - txBps : 392
01-28 01:06:38.759   668   676 I UclDL_Impl_TCU: VIP-TCU - rxBps : 272
01-28 01:06:38.759   668   676 I UclDL_Impl_TCU: VIP-TCU - txAckTmo : 1
01-28 01:06:39.014   489   509 I UclDL_Impl: Inst Id : 0 ## Tx Msgs : 391
01-28 01:06:39.014   489   509 I UclDL_Impl: Inst Id : 0 ## TxA Msgs : 313
01-28 01:06:39.014   489   509 I UclDL_Impl: Inst Id : 0 ## TxA TO : 0
01-28 01:06:39.014   489   509 I UclDL_Impl: Inst Id : 0 ## Rx Msgs : 392
01-28 01:06:39.014   489   509 I UclDL_Impl: Inst Id : 0 ## Rx HB Msgs : 19
01-28 01:06:39.014   489   509 I UclDL_Impl: Inst Id : 0 ## Tx Bps : 2032
01-28 01:06:39.014   489   509 I UclDL_Impl: Inst Id : 0 ## Rx Bps : 5120
01-28 01:06:39.014   489   509 I UclDL_Impl: Inst Id : 0  ## Avg Ack Latency : 9
01-28 01:06:39.039   490   539 D vendor.visteon.skylark.hardware.automotive.vehicle@V1-visteon-service: TX Message SomeipComm::send  : service:193,method:3, response Payload: 00 
01-28 01:06:39.071   490   541 D vendor.visteon.skylark.hardware.automotive.vehicle@V1-visteon-service: SomeipCOmm :: RX Message [0/13b]:service:c0 ,Method:8000,payload:04 
01-28 01:06:39.076   490   541 D vendor.visteon.skylark.hardware.automotive.vehicle@V1-visteon-service: SomeipCOmm :: RX Message [0/13c]:service:c7 ,Method:80e5,payload:02 00 00 01 0f 40 3e 00 08 00 16 00 00 00 00 1e 00 00 00 00 09 00 00 00 00 02 01 01 0e 2c 04 ba 01 a4 06 b1 01 d7 02 e9 02 d4 01 00 00 00 00 01 01 02 19 1b 1b 79 8f 0d 19 0a e9 00 1e 1e b4 89 7f 00 07 00 0b 00 20 02 22 00 c2 00 00 00 00 00 00 00 00 01 00 07 00 00 00 00 00 00 00 00 00 00 00 01 00 01 00 00 00 00 32 00 00 04 07 0a 0f 14 00 a8 02 00 03 00 00 00 00 00 c0 00 02 00 00 c0 00 00 00 02 b8 02 b3 02 be 03 03 03 03 01 00 00 62 00 00 00 a5 00 00 00 00 0e ca 03 00 01 00 0b 0b 0b a5 07 04 f2 33 30 34 34 00 00 00 00 00 00 00 00 00 00 00 00 00 00 00 00 00 00 00 00 00 00 00 00 00 00 00 00 00 00 
01-28 01:06:39.077   490   541 D vendor.visteon.skylark.hardware.automotive.vehicle@V1-visteon-service: SomeipCOmm :: RX Message [0/13d]:service:c7 ,Method:80df,payload:08 04 02 02 01 02 00 00 00 00 00 00 00 00 00 03 00 00 00 00 00 00 00 00 00 00 00 00 00 00 00 00 00 00 00 00 00 00 00 00 00 00 00 00 00 00 00 00 00 00 00 00 00 00 00 00 00 00 00 00 00 00 00 00 00 00 00 00 00 00 00 00 00 00 00 00 00 00 00 00 00 00 00 00 00 00 00 00 00 00 00 00 00 00 00 00 00 00 00 00 
01-28 01:06:39.253   490   490 D vendor.visteon.skylark.hardware.automotive.vehicle@V1-visteon-service: TX Message SomeipComm::send  : service:193,method:3, response Payload: 04 
01-28 01:06:39.281   490   541 D vendor.visteon.skylark.hardware.automotive.vehicle@V1-visteon-service: SomeipCOmm :: RX Message [0/13f]:service:c7 ,Method:80e2,payload:1c 19 02 05 01 00 00 01 
01-28 01:06:39.754   490   541 D vendor.visteon.skylark.hardware.automotive.vehicle@V1-visteon-service: SomeipCOmm :: RX Message [0/140]:service:c0 ,Method:8005,payload:03 03 03 03 03 03 03 03 03 01 03 03 03 00 00 00 00 00 00 00 
01-28 01:06:39.754   490   541 D vendor.visteon.skylark.hardware.automotive.vehicle@V1-visteon-service: PERIPHERAL_STATUS:: 03 03 03 03 03 03 03 03 03 01 03 03 03 00 00 00 00 00 00 00 
01-28 01:06:39.765   668   676 I UclDL_Impl_VIP: TxA TO : 33
01-28 01:06:39.765   668   676 I UclDL_Impl_VIP: Avg Ack Latency : 10
01-28 01:06:39.765   668   676 I UclDL_Impl_VIP: pollingCntr : 7492
01-28 01:06:39.765   668   676 I UclDL_Impl_TCU: VIP-TCU - txBps : 392
01-28 01:06:39.765   668   676 I UclDL_Impl_TCU: VIP-TCU - rxBps : 272
01-28 01:06:39.765   668   676 I UclDL_Impl_TCU: VIP-TCU - txAckTmo : 1
01-28 01:06:40.042   490   539 D vendor.visteon.skylark.hardware.automotive.vehicle@V1-visteon-service: TX Message SomeipComm::send  : service:193,method:3, response Payload: 04 
01-28 01:06:40.082   490   541 D vendor.visteon.skylark.hardware.automotive.vehicle@V1-visteon-service: SomeipCOmm :: RX Message [0/144]:service:c7 ,Method:80e5,payload:02 00 00 01 0f 40 3e 00 08 00 16 00 00 00 00 1e 00 00 00 00 09 00 00 00 00 02 01 01 0e 2d 04 bc 01 a2 06 b4 01 d6 02 e9 02 79 01 00 00 00 00 01 01 02 19 1c 1b 79 8b 0d 19 0a e9 00 1e 1e ba 89 7f 00 07 00 0a 00 20 02 22 00 c2 00 00 00 00 00 00 00 00 01 00 07 00 00 00 00 00 00 00 00 00 00 00 01 00 01 00 00 00 00 32 00 00 04 07 0a 0f 14 00 a8 02 00 03 00 00 00 00 00 c0 00 02 00 00 c0 00 00 00 02 89 02 66 02 70 03 03 03 03 01 00 00 62 00 00 00 a5 00 00 00 00 0e ca 03 00 01 00 0b 0b 0b a5 07 04 f2 33 30 34 34 00 00 00 00 00 00 00 00 00 00 00 00 00 00 00 00 00 00 00 00 00 00 00 00 00 00 00 00 00 00 
01-28 01:06:40.082   490   541 D vendor.visteon.skylark.hardware.automotive.vehicle@V1-visteon-service: SomeipCOmm :: RX Message [0/145]:service:c7 ,Method:80df,payload:08 04 02 02 01 02 00 00 00 00 00 00 00 00 00 03 00 00 00 00 00 00 00 00 00 00 00 00 00 00 00 00 00 00 00 00 00 00 00 00 00 00 00 00 00 00 00 00 00 00 00 00 00 00 00 00 00 00 00 00 00 00 00 00 00 00 00 00 00 00 00 00 00 00 00 00 00 00 00 00 00 00 00 00 00 00 00 00 00 00 00 00 00 00 00 00 00 00 00 00 
01-28 01:06:40.085   490   490 D vendor.visteon.skylark.hardware.automotive.vehicle@V1-visteon-service: TX Message SomeipComm::send  : service:200,method:9, response Payload: 00 
01-01 02:25:28.124   490   541 D vendor.visteon.skylark.hardware.automotive.vehicle@V1-visteon-service: SomeipCOmm :: RX Message [0/149]:service:c7 ,Method:80e2,payload:1d 19 02 05 01 00 00 01 
01-01 02:25:28.413   490   538 D vendor.visteon.skylark.hardware.automotive.vehicle@V1-visteon-service: VHAL_SINGLEMSGSUBSCRIPTIONREQUEST:: 03 60 
01-01 02:25:28.413   490   538 D vendor.visteon.skylark.hardware.automotive.vehicle@V1-visteon-service: TX Message SomeipComm::send  : service:194,method:2, response Payload: 03 60 
01-01 02:25:28.432   490   541 D vendor.visteon.skylark.hardware.automotive.vehicle@V1-visteon-service: SomeipCOmm :: RX Message [0/14a]:service:bf ,Method:8008,payload:03 60 01 
01-01 02:25:28.432   490   541 D vendor.visteon.skylark.hardware.automotive.vehicle@V1-visteon-service: SomeipCOmm :: RX Message [0/14b]:service:bf ,Method:8033,payload:03 60 00 00 00 00 00 a0 00 00 00 
01-01 02:25:28.506   490   538 D vendor.visteon.skylark.hardware.automotive.vehicle@V1-visteon-service: VHAL_SINGLEMSGSUBSCRIPTIONREQUEST:: 03 b2 
01-01 02:25:28.506   490   538 D vendor.visteon.skylark.hardware.automotive.vehicle@V1-visteon-service: TX Message SomeipComm::send  : service:194,method:2, response Payload: 03 b2 
01-01 02:25:28.522   490   541 D vendor.visteon.skylark.hardware.automotive.vehicle@V1-visteon-service: SomeipCOmm :: RX Message [0/14c]:service:bf ,Method:8008,payload:03 b2 01 
01-01 02:25:28.522   490   541 D vendor.visteon.skylark.hardware.automotive.vehicle@V1-visteon-service: SomeipCOmm :: RX Message [0/14d]:service:bf ,Method:8037,payload:03 b2 00 00 00 00 00 00 00 00 80 
01-01 02:25:28.596   490   541 D vendor.visteon.skylark.hardware.automotive.vehicle@V1-visteon-service: SomeipCOmm :: RX Message [0/14e]:service:c0 ,Method:8005,payload:03 03 03 03 03 03 03 03 03 01 03 03 03 00 00 00 00 00 00 00 
01-01 02:25:28.596   490   541 D vendor.visteon.skylark.hardware.automotive.vehicle@V1-visteon-service: PERIPHERAL_STATUS:: 03 03 03 03 03 03 03 03 03 01 03 03 03 00 00 00 00 00 00 00 
01-01 02:25:28.605   668   676 I UclDL_Impl_VIP: TxA TO : 33
01-01 02:25:28.605   668   676 I UclDL_Impl_VIP: Avg Ack Latency : 8
01-01 02:25:28.605   668   676 I UclDL_Impl_VIP: pollingCntr : 7742
01-01 02:25:28.605   668   676 I UclDL_Impl_TCU: VIP-TCU - txBps : 392
01-01 02:25:28.605   668   676 I UclDL_Impl_TCU: VIP-TCU - rxBps : 272
01-01 02:25:28.605   668   676 I UclDL_Impl_TCU: VIP-TCU - txAckTmo : 1
01-01 02:25:28.863   489   509 I UclDL_Impl: Inst Id : 0 ## Tx Msgs : 421
01-01 02:25:28.864   489   509 I UclDL_Impl: Inst Id : 0 ## TxA Msgs : 335
01-01 02:25:28.864   489   509 I UclDL_Impl: Inst Id : 0 ## TxA TO : 0
01-01 02:25:28.864   489   509 I UclDL_Impl: Inst Id : 0 ## Rx Msgs : 422
01-01 02:25:28.864   489   509 I UclDL_Impl: Inst Id : 0 ## Rx HB Msgs : 21
01-01 02:25:28.864   489   509 I UclDL_Impl: Inst Id : 0 ## Tx Bps : 1688
01-01 02:25:28.864   489   509 I UclDL_Impl: Inst Id : 0 ## Rx Bps : 5448
01-01 02:25:28.864   489   509 I UclDL_Impl: Inst Id : 0  ## Avg Ack Latency : 8
01-01 02:25:28.876   490   539 D vendor.visteon.skylark.hardware.automotive.vehicle@V1-visteon-service: TX Message SomeipComm::send  : service:193,method:3, response Payload: 04 
01-01 02:25:28.916   490   541 D vendor.visteon.skylark.hardware.automotive.vehicle@V1-visteon-service: SomeipCOmm :: RX Message [0/151]:service:c0 ,Method:8000,payload:04 
01-01 02:25:28.922   490   541 D vendor.visteon.skylark.hardware.automotive.vehicle@V1-visteon-service: SomeipCOmm :: RX Message [0/152]:service:c7 ,Method:80e5,payload:02 00 00 01 0f 40 3e 00 08 04 16 00 00 00 00 1e 00 00 00 00 09 00 00 00 00 02 01 01 0e 2d 04 bc 01 a1 06 af 01 d7 02 e9 02 c7 01 00 00 00 00 01 01 02 19 1d 1b 79 8b 0d 19 0a e9 00 1e 1e b8 89 7f 00 07 00 0a 00 20 02 22 00 c2 00 00 00 00 00 00 00 00 01 00 07 00 00 00 00 00 00 00 00 00 00 00 01 00 01 00 00 00 00 32 00 00 04 07 0a 0f 14 00 a8 02 00 03 00 00 00 00 00 c0 00 02 00 00 c0 00 00 00 02 cd 02 c2 02 cb 03 03 03 03 01 00 00 62 00 00 00 a5 00 00 00 00 0e cb 03 00 01 00 0b 0b 0b a5 07 04 f2 33 30 34 34 00 00 00 00 00 00 00 00 00 00 00 00 00 00 00 00 00 00 00 00 00 00 00 00 00 00 00 00 00 00 
01-01 02:25:28.923   490   541 D vendor.visteon.skylark.hardware.automotive.vehicle@V1-visteon-service: SomeipCOmm :: RX Message [0/153]:service:c7 ,Method:80df,payload:08 04 02 02 01 02 00 00 00 00 00 00 00 00 00 03 00 00 00 00 00 00 00 00 00 00 00 00 00 00 00 00 00 00 00 00 00 00 00 00 00 00 00 00 00 00 00 00 00 00 00 00 00 00 00 00 00 00 00 00 00 00 00 00 00 00 00 00 00 00 00 00 00 00 00 00 00 00 00 00 00 00 00 00 00 00 00 00 00 00 00 00 00 00 00 00 00 00 00 00 
01-01 02:25:29.128   490   541 D vendor.visteon.skylark.hardware.automotive.vehicle@V1-visteon-service: SomeipCOmm :: RX Message [0/155]:service:c7 ,Method:80e2,payload:1e 19 02 05 01 00 00 01 
01-01 02:25:29.179   490   490 D vendor.visteon.skylark.hardware.automotive.vehicle@V1-visteon-service: TX Message SomeipComm::send  : service:194,method:4, response Payload: 02 c0 00 00 00 00 00 00 00 00 00 
01-01 02:25:29.181   490   490 D vendor.visteon.skylark.hardware.automotive.vehicle@V1-visteon-service: TX Message SomeipComm::send  : service:194,method:4, response Payload: 02 c0 0c 00 63 00 00 00 00 00 00 
01-01 02:25:29.183   490   490 D vendor.visteon.skylark.hardware.automotive.vehicle@V1-visteon-service: TX Message SomeipComm::send  : service:194,method:4, response Payload: 02 c0 0d 01 00 00 00 00 00 00 00 
01-01 02:25:29.568   490   538 D vendor.visteon.skylark.hardware.automotive.vehicle@V1-visteon-service: VHAL_SINGLEMSGSUBSCRIPTIONREQUEST:: 01 df 
01-01 02:25:29.568   490   538 D vendor.visteon.skylark.hardware.automotive.vehicle@V1-visteon-service: TX Message SomeipComm::send  : service:194,method:2, response Payload: 01 df 
01-01 02:25:29.599   490   538 D vendor.visteon.skylark.hardware.automotive.vehicle@V1-visteon-service: VHAL_SINGLEMSGSUBSCRIPTIONREQUEST:: 02 80 
01-01 02:25:29.599   490   538 D vendor.visteon.skylark.hardware.automotive.vehicle@V1-visteon-service: TX Message SomeipComm::send  : service:194,method:2, response Payload: 02 80 
01-01 02:25:29.600   490   541 D vendor.visteon.skylark.hardware.automotive.vehicle@V1-visteon-service: SomeipCOmm :: RX Message [0/157]:service:c0 ,Method:8005,payload:03 03 03 03 03 03 03 03 03 01 03 03 03 00 00 00 00 00 00 00 
01-01 02:25:29.601   490   541 D vendor.visteon.skylark.hardware.automotive.vehicle@V1-visteon-service: PERIPHERAL_STATUS:: 03 03 03 03 03 03 03 03 03 01 03 03 03 00 00 00 00 00 00 00 
01-01 02:25:29.712   490   541 D vendor.visteon.skylark.hardware.automotive.vehicle@V1-visteon-service: SomeipCOmm :: RX Message [0/15e]:service:bf ,Method:8008,payload:03 a2 01 
01-01 02:25:29.860   490   541 D vendor.visteon.skylark.hardware.automotive.vehicle@V1-visteon-service: SomeipCOmm :: RX Message [0/162]:service:bf ,Method:8008,payload:01 06 01 
01-01 02:25:29.862   490   541 D vendor.visteon.skylark.hardware.automotive.vehicle@V1-visteon-service: SomeipCOmm :: RX Message [0/163]:service:bf ,Method:800d,payload:01 06 00 00 00 7d 00 00 00 00 00 
01-01 02:25:29.941   490   538 D vendor.visteon.skylark.hardware.automotive.vehicle@V1-visteon-service: VHAL_SINGLEMSGSUBSCRIPTIONREQUEST:: 02 bc 
01-01 02:25:29.941   490   538 D vendor.visteon.skylark.hardware.automotive.vehicle@V1-visteon-service: TX Message SomeipComm::send  : service:194,method:2, response Payload: 02 bc 
01-01 02:25:30.283   490   538 D vendor.visteon.skylark.hardware.automotive.vehicle@V1-visteon-service: VHAL_SINGLEMSGSUBSCRIPTIONREQUEST:: 01 c4 
01-01 02:25:30.283   490   538 D vendor.visteon.skylark.hardware.automotive.vehicle@V1-visteon-service: TX Message SomeipComm::send  : service:194,method:2, response Payload: 01 c4 
01-01 02:25:30.292   490   541 D vendor.visteon.skylark.hardware.automotive.vehicle@V1-visteon-service: SomeipCOmm :: RX Message [0/178]:service:bf ,Method:8008,payload:01 c4 01 
01-01 02:25:30.312   490   490 D vendor.visteon.skylark.hardware.automotive.vehicle@V1-visteon-service: TX Message SomeipComm::send  : service:166,method:16, response Payload: 01 
01-01 02:25:30.355   490   550 D vendor.visteon.skylark.hardware.automotive.vehicle@V1-visteon-service: TX Message SomeipComm::send  : service:194,method:4, response Payload: 02 c0 0e 19 00 00 00 00 00 00 00 
01-01 02:25:30.356   490   550 D vendor.visteon.skylark.hardware.automotive.vehicle@V1-visteon-service: TX Message SomeipComm::send  : service:194,method:4, response Payload: 02 c4 00 00 00 00 00 00 00 00 00 
01-01 02:25:30.473   490   538 D vendor.visteon.skylark.hardware.automotive.vehicle@V1-visteon-service: VHAL_SINGLEMSGSUBSCRIPTIONREQUEST:: 02 e2 
01-01 02:25:30.473   490   538 D vendor.visteon.skylark.hardware.automotive.vehicle@V1-visteon-service: TX Message SomeipComm::send  : service:194,method:2, response Payload: 02 e2 
01-01 02:25:30.488   490   541 D vendor.visteon.skylark.hardware.automotive.vehicle@V1-visteon-service: SomeipCOmm :: RX Message [0/179]:service:bf ,Method:8008,payload:02 e2 01 
01-01 02:25:30.488   490   541 D vendor.visteon.skylark.hardware.automotive.vehicle@V1-visteon-service: SomeipCOmm :: RX Message [0/17a]:service:bf ,Method:8032,payload:02 e2 00 00 00 00 00 4f 62 d0 00 
01-01 02:25:30.572   490   538 D vendor.visteon.skylark.hardware.automotive.vehicle@V1-visteon-service: VHAL_SINGLEMSGSUBSCRIPTIONREQUEST:: 02 a1 
01-01 02:25:30.572   490   538 D vendor.visteon.skylark.hardware.automotive.vehicle@V1-visteon-service: TX Message SomeipComm::send  : service:194,method:2, response Payload: 02 a1 
01-01 02:25:30.592   490   541 D vendor.visteon.skylark.hardware.automotive.vehicle@V1-visteon-service: SomeipCOmm :: RX Message [0/17b]:service:bf ,Method:8008,payload:02 a1 01 
01-01 02:25:30.604   490   541 D vendor.visteon.skylark.hardware.automotive.vehicle@V1-visteon-service: SomeipCOmm :: RX Message [0/17c]:service:c0 ,Method:8005,payload:03 03 03 03 03 03 03 03 03 01 03 03 03 00 00 00 00 00 00 00 
01-01 02:25:30.604   490   541 D vendor.visteon.skylark.hardware.automotive.vehicle@V1-visteon-service: PERIPHERAL_STATUS:: 03 03 03 03 03 03 03 03 03 01 03 03 03 00 00 00 00 00 00 00 
01-01 02:25:30.612   668   676 I UclDL_Impl_VIP: TxA TO : 33
01-01 02:25:30.612   668   676 I UclDL_Impl_VIP: Avg Ack Latency : 8
01-01 02:25:30.612   668   676 I UclDL_Impl_VIP: pollingCntr : 8242
01-01 02:25:30.612   668   676 I UclDL_Impl_TCU: VIP-TCU - txBps : 392
01-01 02:25:30.612   668   676 I UclDL_Impl_TCU: VIP-TCU - rxBps : 272
01-01 02:25:30.612   668   676 I UclDL_Impl_TCU: VIP-TCU - txAckTmo : 1
01-01 02:25:30.628   490   541 D vendor.visteon.skylark.hardware.automotive.vehicle@V1-visteon-service: SomeipCOmm :: RX Message [0/17f]:service:bf ,Method:8057,payload:02 a1 01 00 03 00 00 00 00 00 00 
01-01 02:25:30.875   489   509 I UclDL_Impl: Inst Id : 0 ## Tx Msgs : 497
01-01 02:25:30.875   489   509 I UclDL_Impl: Inst Id : 0 ## TxA Msgs : 382
01-01 02:25:30.875   489   509 I UclDL_Impl: Inst Id : 0 ## TxA TO : 0
01-01 02:25:30.875   489   509 I UclDL_Impl: Inst Id : 0 ## Rx Msgs : 498
01-01 02:25:30.875   489   509 I UclDL_Impl: Inst Id : 0 ## Rx HB Msgs : 22
01-01 02:25:30.876   489   509 I UclDL_Impl: Inst Id : 0 ## Tx Bps : 4744
01-01 02:25:30.876   489   509 I UclDL_Impl: Inst Id : 0 ## Rx Bps : 8208
01-01 02:25:30.876   489   509 I UclDL_Impl: Inst Id : 0  ## Avg Ack Latency : 9
01-01 02:25:30.877   490   539 D vendor.visteon.skylark.hardware.automotive.vehicle@V1-visteon-service: TX Message SomeipComm::send  : service:193,method:3, response Payload: 04 
01-01 02:25:30.924   490   541 D vendor.visteon.skylark.hardware.automotive.vehicle@V1-visteon-service: SomeipCOmm :: RX Message [0/180]:service:c0 ,Method:8000,payload:04 
01-01 02:25:30.929   490   541 D vendor.visteon.skylark.hardware.automotive.vehicle@V1-visteon-service: SomeipCOmm :: RX Message [0/181]:service:c7 ,Method:80e5,payload:02 00 00 01 0f 40 3e 00 08 04 16 00 00 00 00 1e 00 00 00 00 09 00 00 00 00 02 01 01 0e 2c 04 b9 01 a4 06 a7 01 d7 02 e9 02 d6 01 00 00 00 00 01 01 02 19 1f 1b 79 8f 0d 19 0a e9 00 1e 1e b6 89 7f 00 07 00 0a 00 20 02 22 00 c2 00 00 00 00 00 00 00 00 01 00 07 00 00 00 00 00 00 00 00 00 00 00 01 00 01 00 00 00 00 32 00 00 04 07 0a 0f 14 00 a8 02 00 03 00 00 00 00 00 c0 00 02 00 00 c0 00 00 00 02 d7 02 c8 02 cf 03 03 03 03 01 00 00 62 00 00 00 a5 00 00 00 00 0e ca 03 00 01 00 0b 0b 0b a5 07 04 f2 33 30 34 34 00 00 00 00 00 00 00 00 00 00 00 00 00 00 00 00 00 00 00 00 00 00 00 00 00 00 00 00 00 00 
01-01 02:25:30.930   490   541 D vendor.visteon.skylark.hardware.automotive.vehicle@V1-visteon-service: SomeipCOmm :: RX Message [0/182]:service:c7 ,Method:80df,payload:08 04 02 02 01 02 00 00 00 00 00 00 00 00 00 03 00 00 00 00 00 00 00 00 00 00 00 00 00 00 00 00 00 00 00 00 00 00 00 00 00 00 00 00 00 00 00 00 00 00 00 00 00 00 00 00 00 00 00 00 00 00 00 00 00 00 00 00 00 00 00 00 00 00 00 00 00 00 00 00 00 00 00 00 00 00 00 00 00 00 00 00 00 00 00 00 00 00 00 00 
01-01 02:25:30.938   490   548 D vendor.visteon.skylark.hardware.automotive.vehicle@V1-visteon-service: TX Message SomeipComm::send  : service:194,method:4, response Payload: 02 c0 00 00 00 00 00 00 00 00 00 
01-01 02:25:30.940   490   548 D vendor.visteon.skylark.hardware.automotive.vehicle@V1-visteon-service: TX Message SomeipComm::send  : service:194,method:4, response Payload: 02 c0 0c 00 63 00 00 00 00 00 00 
01-01 02:25:30.942   490   548 D vendor.visteon.skylark.hardware.automotive.vehicle@V1-visteon-service: TX Message SomeipComm::send  : service:194,method:4, response Payload: 02 c0 0d 01 00 00 00 00 00 00 00 
01-01 02:25:31.140   490   541 D vendor.visteon.skylark.hardware.automotive.vehicle@V1-visteon-service: SomeipCOmm :: RX Message [0/184]:service:c7 ,Method:80e2,payload:20 19 02 05 01 00 00 01 
01-01 02:25:31.162   490  3096 D vendor.visteon.skylark.hardware.automotive.vehicle@V1-visteon-service: TX Message SomeipComm::send  : service:194,method:5, response Payload: 01 f1 13 00 12 60 00 00 00 00 
01-01 02:25:31.174   490  3096 D vendor.visteon.skylark.hardware.automotive.vehicle@V1-visteon-service: TX Message SomeipComm::send  : service:194,method:5, response Payload: 01 f1 13 00 12 60 00 00 00 00 
01-01 02:25:31.242   490   548 D vendor.visteon.skylark.hardware.automotive.vehicle@V1-visteon-service: TX Message SomeipComm::send  : service:194,method:5, response Payload: 01 f1 13 00 12 60 00 00 00 00 
01-01 02:25:31.254   490   548 D vendor.visteon.skylark.hardware.automotive.vehicle@V1-visteon-service: TX Message SomeipComm::send  : service:194,method:5, response Payload: 01 f1 13 00 12 60 00 00 00 00 
01-01 02:25:31.266   490  3096 D vendor.visteon.skylark.hardware.automotive.vehicle@V1-visteon-service: TX Message SomeipComm::send  : service:194,method:5, response Payload: 01 f1 13 00 12 60 00 00 00 00 
01-01 02:25:31.350   490  3096 D vendor.visteon.skylark.hardware.automotive.vehicle@V1-visteon-service: TX Message SomeipComm::send  : service:194,method:5, response Payload: 01 f1 13 00 12 60 00 00 00 00 
01-01 02:25:31.370   490  3096 D vendor.visteon.skylark.hardware.automotive.vehicle@V1-visteon-service: TX Message SomeipComm::send  : service:194,method:5, response Payload: 01 f1 13 00 12 60 00 00 00 00 
01-01 02:25:31.397   489   514 W UclVmfMsgQ_Put: Queue 6 Reached 80% 0f Max limit 10(8)
01-01 02:25:31.403   489   514 W UclVmfMsgQ_Put: Queue 6 Reached 80% 0f Max limit 10(9)
01-01 02:25:31.407   489   514 W UclVmfMsgQ_Put: Queue 6 Reached 80% 0f Max limit 10(10)
01-01 02:25:31.414   489   514 W UclVmfMsgQ_Put: Queue 6 Reached 80% 0f Max limit 10(10)
01-01 02:25:31.419   489   514 E UclVmfMsgQ_Put: Reached Queue 6 Max limit 10(10), flushing queue !!!!DATA LOSS!!!
01-01 02:25:31.419   489   514 E UclGen  : Processing of SomeIPMsg to Ucl failed! Service Id 194  MethodId 5
01-01 02:25:31.556   490  3096 D vendor.visteon.skylark.hardware.automotive.vehicle@V1-visteon-service: TX Message SomeipComm::send  : service:194,method:5, response Payload: 01 f1 13 00 12 60 00 00 00 00 
01-01 02:25:31.580   490  3096 D vendor.visteon.skylark.hardware.automotive.vehicle@V1-visteon-service: TX Message SomeipComm::send  : service:194,method:5, response Payload: 01 f1 13 00 12 60 00 00 00 00 
01-01 02:25:31.608   490   541 D vendor.visteon.skylark.hardware.automotive.vehicle@V1-visteon-service: SomeipCOmm :: RX Message [0/19a]:service:c0 ,Method:8005,payload:03 03 03 03 03 03 03 03 03 01 03 03 03 00 00 00 00 00 00 00 
01-01 02:25:31.608   490   541 D vendor.visteon.skylark.hardware.automotive.vehicle@V1-visteon-service: PERIPHERAL_STATUS:: 03 03 03 03 03 03 03 03 03 01 03 03 03 00 00 00 00 00 00 00 
01-01 02:25:31.618   668   676 I UclDL_Impl_VIP: TxA TO : 33
01-01 02:25:31.618   668   676 I UclDL_Impl_VIP: Avg Ack Latency : 15
01-01 02:25:31.618   668   676 I UclDL_Impl_VIP: pollingCntr : 8492
01-01 02:25:31.618   668   676 I UclDL_Impl_TCU: VIP-TCU - txBps : 392
01-01 02:25:31.618   668   676 I UclDL_Impl_TCU: VIP-TCU - rxBps : 272
01-01 02:25:31.618   668   676 I UclDL_Impl_TCU: VIP-TCU - txAckTmo : 1
01-01 02:25:31.932   490   541 D vendor.visteon.skylark.hardware.automotive.vehicle@V1-visteon-service: SomeipCOmm :: RX Message [0/19e]:service:c0 ,Method:8000,payload:04 
01-01 02:25:31.936   490   541 D vendor.visteon.skylark.hardware.automotive.vehicle@V1-visteon-service: SomeipCOmm :: RX Message [0/19f]:service:c7 ,Method:80e5,payload:02 00 00 01 0f 40 3e 00 08 04 16 00 00 00 00 1e 00 00 00 00 09 00 00 00 00 02 01 01 0e 2c 04 bb 01 a2 06 a6 01 d7 02 e9 02 dd 01 00 00 00 00 01 01 02 19 20 1b 79 8f 0d 19 0a e9 00 1e 1e b4 89 7f 00 07 00 0b 00 20 02 22 00 c2 00 00 00 00 00 00 00 00 01 00 07 00 00 00 00 00 00 00 00 00 00 00 01 00 01 00 00 00 00 32 00 00 04 07 0a 0f 14 00 a8 02 00 03 00 00 00 00 00 c0 00 02 00 00 c0 00 00 00 02 d0 02 be 02 cd 03 03 03 03 01 00 00 62 00 00 00 a5 00 00 00 00 0e ca 03 00 01 00 0b 0b 0b a5 07 04 f2 33 30 34 34 00 00 00 00 00 00 00 00 00 00 00 00 00 00 00 00 00 00 00 00 00 00 00 00 00 00 00 00 00 00 
01-01 02:25:31.936   490   541 D vendor.visteon.skylark.hardware.automotive.vehicle@V1-visteon-service: SomeipCOmm :: RX Message [0/1a0]:service:c7 ,Method:80df,payload:08 04 02 02 01 02 00 00 00 00 00 00 00 00 00 03 00 00 00 00 00 00 00 00 00 00 00 00 00 00 00 00 00 00 00 00 00 00 00 00 00 00 00 00 00 00 00 00 00 00 00 00 00 00 00 00 00 00 00 00 00 00 00 00 00 00 00 00 00 00 00 00 00 00 00 00 00 00 00 00 00 00 00 00 00 00 00 00 00 00 00 00 00 00 00 00 00 00 00 00 
01-01 02:25:32.144   490   541 D vendor.visteon.skylark.hardware.automotive.vehicle@V1-visteon-service: SomeipCOmm :: RX Message [0/1a2]:service:c7 ,Method:80e2,payload:21 19 02 05 01 00 00 01 
01-01 02:25:32.612   490   541 D vendor.visteon.skylark.hardware.automotive.vehicle@V1-visteon-service: SomeipCOmm :: RX Message [0/1a3]:service:c0 ,Method:8005,payload:03 03 03 03 03 03 03 03 03 01 03 03 03 00 00 00 00 00 00 00 
01-01 02:25:32.612   490   541 D vendor.visteon.skylark.hardware.automotive.vehicle@V1-visteon-service: PERIPHERAL_STATUS:: 03 03 03 03 03 03 03 03 03 01 03 03 03 00 00 00 00 00 00 00 
01-01 02:25:32.620   668   676 I UclDL_Impl_VIP: TxA TO : 33
01-01 02:25:32.620   668   676 I UclDL_Impl_VIP: Avg Ack Latency : 10
01-01 02:25:32.620   668   676 I UclDL_Impl_VIP: pollingCntr : 8742
01-01 02:25:32.620   668   676 I UclDL_Impl_TCU: VIP-TCU - txBps : 392
01-01 02:25:32.620   668   676 I UclDL_Impl_TCU: VIP-TCU - rxBps : 272
01-01 02:25:32.620   668   676 I UclDL_Impl_TCU: VIP-TCU - txAckTmo : 1
01-01 02:25:32.878   490   539 D vendor.visteon.skylark.hardware.automotive.vehicle@V1-visteon-service: TX Message SomeipComm::send  : service:193,method:3, response Payload: 04 
01-01 02:25:32.884   489   509 I UclDL_Impl: Inst Id : 0 ## Tx Msgs : 572
01-01 02:25:32.884   489   509 I UclDL_Impl: Inst Id : 0 ## TxA Msgs : 420
01-01 02:25:32.884   489   509 I UclDL_Impl: Inst Id : 0 ## TxA TO : 0
01-01 02:25:32.884   489   509 I UclDL_Impl: Inst Id : 0 ## Rx Msgs : 573
01-01 02:25:32.884   489   509 I UclDL_Impl: Inst Id : 0 ## Rx HB Msgs : 23
01-01 02:25:32.884   489   509 I UclDL_Impl: Inst Id : 0 ## Tx Bps : 1336
01-01 02:25:32.884   489   509 I UclDL_Impl: Inst Id : 0 ## Rx Bps : 4536
01-01 02:25:32.884   489   509 I UclDL_Impl: Inst Id : 0  ## Avg Ack Latency : 9
01-01 02:25:32.936   490   541 D vendor.visteon.skylark.hardware.automotive.vehicle@V1-visteon-service: SomeipCOmm :: RX Message [0/1a6]:service:c0 ,Method:8000,payload:04 
01-01 02:25:32.940   490   541 D vendor.visteon.skylark.hardware.automotive.vehicle@V1-visteon-service: SomeipCOmm :: RX Message [0/1a7]:service:c7 ,Method:80e5,payload:02 00 00 01 0f 40 3e 00 08 04 16 00 00 00 00 1e 00 00 00 00 09 00 00 00 00 02 01 01 0e 2c 04 ba 01 a3 06 aa 01 d7 02 e9 02 db 01 00 00 00 00 01 01 02 19 21 1b 79 8f 0d 19 0a e9 00 1f 1e b8 89 7f 00 07 00 0a 00 20 02 22 00 c2 00 00 00 00 00 00 00 00 01 00 07 00 00 00 00 00 00 00 00 00 00 00 01 00 01 00 00 00 00 32 00 00 04 07 0a 0f 14 00 a8 02 00 03 00 00 00 00 00 c0 00 02 00 00 c0 00 00 00 02 d4 02 bd 02 c6 03 03 03 03 01 00 00 62 00 00 00 a5 00 00 00 00 0e c9 03 00 01 00 0b 0b 0b a5 07 04 f2 33 30 34 34 00 00 00 00 00 00 00 00 00 00 00 00 00 00 00 00 00 00 00 00 00 00 00 00 00 00 00 00 00 00 
01-01 02:25:32.940   490   541 D vendor.visteon.skylark.hardware.automotive.vehicle@V1-visteon-service: SomeipCOmm :: RX Message [0/1a8]:service:c7 ,Method:80df,payload:08 04 02 02 01 02 00 00 00 00 00 00 00 00 00 03 00 00 00 00 00 00 00 00 00 00 00 00 00 00 00 00 00 00 00 00 00 00 00 00 00 00 00 00 00 00 00 00 00 00 00 00 00 00 00 00 00 00 00 00 00 00 00 00 00 00 00 00 00 00 00 00 00 00 00 00 00 00 00 00 00 00 00 00 00 00 00 00 00 00 00 00 00 00 00 00 00 00 00 00 
01-01 02:25:32.976   490  3096 D vendor.visteon.skylark.hardware.automotive.vehicle@V1-visteon-service: TX Message SomeipComm::send  : service:194,method:4, response Payload: 02 c0 00 00 00 00 00 00 00 00 00 
01-01 02:25:32.976   490  3096 D vendor.visteon.skylark.hardware.automotive.vehicle@V1-visteon-service: TX Message SomeipComm::send  : service:194,method:4, response Payload: 02 c0 0c 00 63 00 00 00 00 00 00 
01-01 02:25:32.977   490  3096 D vendor.visteon.skylark.hardware.automotive.vehicle@V1-visteon-service: TX Message SomeipComm::send  : service:194,method:4, response Payload: 02 c0 0d 01 00 00 00 00 00 00 00 
01-01 02:25:33.149   490   541 D vendor.visteon.skylark.hardware.automotive.vehicle@V1-visteon-service: SomeipCOmm :: RX Message [0/1aa]:service:c7 ,Method:80e2,payload:22 19 02 05 01 00 00 01 
01-01 02:25:33.616   490   541 D vendor.visteon.skylark.hardware.automotive.vehicle@V1-visteon-service: SomeipCOmm :: RX Message [0/1ab]:service:c0 ,Method:8005,payload:03 03 03 03 03 03 03 03 03 01 03 03 03 00 00 00 00 00 00 00 
01-01 02:25:33.616   490   541 D vendor.visteon.skylark.hardware.automotive.vehicle@V1-visteon-service: PERIPHERAL_STATUS:: 03 03 03 03 03 03 03 03 03 01 03 03 03 00 00 00 00 00 00 00 
01-01 02:25:33.628   668   676 I UclDL_Impl_VIP: TxA TO : 33
01-01 02:25:33.628   668   676 I UclDL_Impl_VIP: Avg Ack Latency : 12
01-01 02:25:33.628   668   676 I UclDL_Impl_VIP: pollingCntr : 8992
01-01 02:25:33.628   668   676 I UclDL_Impl_TCU: VIP-TCU - txBps : 392
01-01 02:25:33.628   668   676 I UclDL_Impl_TCU: VIP-TCU - rxBps : 272
01-01 02:25:33.628   668   676 I UclDL_Impl_TCU: VIP-TCU - txAckTmo : 1
01-01 02:25:33.883   489   509 I UclDL_Impl: Inst Id : 0 ## Tx Msgs : 601
01-01 02:25:33.883   489   509 I UclDL_Impl: Inst Id : 0 ## TxA Msgs : 440
01-01 02:25:33.883   489   509 I UclDL_Impl: Inst Id : 0 ## TxA TO : 0
01-01 02:25:33.883   489   509 I UclDL_Impl: Inst Id : 0 ## Rx Msgs : 602
01-01 02:25:33.883   489   509 I UclDL_Impl: Inst Id : 0 ## Rx HB Msgs : 24
01-01 02:25:33.883   489   509 I UclDL_Impl: Inst Id : 0 ## Tx Bps : 3224
01-01 02:25:33.883   489   509 I UclDL_Impl: Inst Id : 0 ## Rx Bps : 7968
01-01 02:25:33.883   489   509 I UclDL_Impl: Inst Id : 0  ## Avg Ack Latency : 10
01-01 02:25:33.940   490   541 D vendor.visteon.skylark.hardware.automotive.vehicle@V1-visteon-service: SomeipCOmm :: RX Message [0/1ba]:service:c0 ,Method:8000,payload:04 
01-01 02:25:33.944   490   541 D vendor.visteon.skylark.hardware.automotive.vehicle@V1-visteon-service: SomeipCOmm :: RX Message [0/1bb]:service:c7 ,Method:80e5,payload:02 00 00 01 0f 40 3e 00 08 04 16 00 00 00 00 1e 00 00 00 00 09 00 00 00 00 02 01 01 0e 2c 04 ba 01 a3 06 a7 01 d7 02 e9 02 d3 01 00 00 00 00 01 01 02 19 22 1b 79 8f 0d 19 0a e9 00 1e 1e b4 89 7f 00 07 00 0b 00 20 02 22 00 c2 00 00 00 00 00 00 00 00 01 00 07 00 00 00 00 00 00 00 00 00 00 00 01 00 01 00 00 00 00 32 00 00 04 07 0a 0f 14 00 a8 02 00 03 00 00 00 00 00 c0 00 02 00 00 c0 00 00 00 02 a5 02 b0 02 b8 03 03 03 03 01 00 00 62 00 00 00 a5 00 00 00 00 0e ca 03 00 01 00 0b 0b 0b a5 07 04 f2 33 30 34 34 00 00 00 00 00 00 00 00 00 00 00 00 00 00 00 00 00 00 00 00 00 00 00 00 00 00 00 00 00 00 
01-01 02:25:33.944   490   541 D vendor.visteon.skylark.hardware.automotive.vehicle@V1-visteon-service: SomeipCOmm :: RX Message [0/1bc]:service:c7 ,Method:80df,payload:08 04 02 02 01 02 00 00 00 00 00 00 00 00 00 03 00 00 00 00 00 00 00 00 00 00 00 00 00 00 00 00 00 00 00 00 00 00 00 00 00 00 00 00 00 00 00 00 00 00 00 00 00 00 00 00 00 00 00 00 00 00 00 00 00 00 00 00 00 00 00 00 00 00 00 00 00 00 00 00 00 00 00 00 00 00 00 00 00 00 00 00 00 00 00 00 00 00 00 00 
01-01 02:25:34.049   490  3096 D vendor.visteon.skylark.hardware.automotive.vehicle@V1-visteon-service: TX Message SomeipComm::send  : service:194,method:5, response Payload: 02 c9 42 00 00 00 00 00 40 00 
01-01 02:25:34.151   490  3096 D vendor.visteon.skylark.hardware.automotive.vehicle@V1-visteon-service: TX Message SomeipComm::send  : service:194,method:5, response Payload: 02 c9 42 00 00 00 00 00 40 00 
01-01 02:25:34.156   490   541 D vendor.visteon.skylark.hardware.automotive.vehicle@V1-visteon-service: SomeipCOmm :: RX Message [0/1bd]:service:c7 ,Method:80e2,payload:23 19 02 05 01 00 00 01 
01-01 02:25:34.253   490   548 D vendor.visteon.skylark.hardware.automotive.vehicle@V1-visteon-service: TX Message SomeipComm::send  : service:194,method:6, response Payload: 00 04 01 39 33 35 00 00 00 00 00 00 00 00 00 00 00 00 00 00 00 00 00 
01-01 02:25:34.304   490   541 D vendor.visteon.skylark.hardware.automotive.vehicle@V1-visteon-service: SomeipCOmm :: RX Message [0/1bf]:service:bf ,Method:800b,payload:01 00 
01-01 02:25:34.624   490   541 D vendor.visteon.skylark.hardware.automotive.vehicle@V1-visteon-service: SomeipCOmm :: RX Message [0/1c6]:service:c0 ,Method:8005,payload:03 03 03 03 03 03 03 03 03 01 03 03 03 00 00 00 00 00 00 00 
01-01 02:25:34.625   490   541 D vendor.visteon.skylark.hardware.automotive.vehicle@V1-visteon-service: PERIPHERAL_STATUS:: 03 03 03 03 03 03 03 03 03 01 03 03 03 00 00 00 00 00 00 00 
01-01 02:25:34.632   668   676 I UclDL_Impl_VIP: TxA TO : 33
01-01 02:25:34.632   668   676 I UclDL_Impl_VIP: Avg Ack Latency : 10
01-01 02:25:34.632   668   676 I UclDL_Impl_VIP: pollingCntr : 9242
01-01 02:25:34.632   668   676 I UclDL_Impl_TCU: VIP-TCU - txBps : 392
01-01 02:25:34.632   668   676 I UclDL_Impl_TCU: VIP-TCU - rxBps : 272
01-01 02:25:34.632   668   676 I UclDL_Impl_TCU: VIP-TCU - txAckTmo : 1
01-01 02:25:34.668   490   548 D vendor.visteon.skylark.hardware.automotive.vehicle@V1-visteon-service: TX Message SomeipComm::send  : service:166,method:14, response Payload: 00 02 
01-01 02:25:34.878   490   539 D vendor.visteon.skylark.hardware.automotive.vehicle@V1-visteon-service: TX Message SomeipComm::send  : service:193,method:3, response Payload: 04 
01-01 02:25:34.883   489   509 I UclDL_Impl: Inst Id : 0 ## Tx Msgs : 642
01-01 02:25:34.883   489   509 I UclDL_Impl: Inst Id : 0 ## TxA Msgs : 462
01-01 02:25:34.884   489   509 I UclDL_Impl: Inst Id : 0 ## TxA TO : 0
01-01 02:25:34.884   489   509 I UclDL_Impl: Inst Id : 0 ## Rx Msgs : 643
01-01 02:25:34.884   489   509 I UclDL_Impl: Inst Id : 0 ## Rx HB Msgs : 24
01-01 02:25:34.884   489   509 I UclDL_Impl: Inst Id : 0 ## Tx Bps : 6856
01-01 02:25:34.884   489   509 I UclDL_Impl: Inst Id : 0 ## Rx Bps : 9128
01-01 02:25:34.884   489   509 I UclDL_Impl: Inst Id : 0  ## Avg Ack Latency : 11
01-01 02:25:34.930   490   548 D vendor.visteon.skylark.hardware.automotive.vehicle@V1-visteon-service: TX Message SomeipComm::send  : service:194,method:4, response Payload: 02 c0 00 00 00 00 00 00 00 00 00 
01-01 02:25:34.931   490   548 D vendor.visteon.skylark.hardware.automotive.vehicle@V1-visteon-service: TX Message SomeipComm::send  : service:194,method:4, response Payload: 02 c0 0c 00 63 00 00 00 00 00 00 
01-01 02:25:34.932   490   548 D vendor.visteon.skylark.hardware.automotive.vehicle@V1-visteon-service: TX Message SomeipComm::send  : service:194,method:4, response Payload: 02 c0 0d 01 00 00 00 00 00 00 00 
01-01 02:25:35.156   490   541 D vendor.visteon.skylark.hardware.automotive.vehicle@V1-visteon-service: SomeipCOmm :: RX Message [0/1d3]:service:c7 ,Method:80e2,payload:24 19 02 05 01 00 00 01 
01-01 02:25:35.628   490   541 D vendor.visteon.skylark.hardware.automotive.vehicle@V1-visteon-service: SomeipCOmm :: RX Message [0/1d5]:service:c0 ,Method:8005,payload:03 03 03 03 03 03 03 03 03 01 03 03 03 00 00 00 00 00 00 00 
01-01 02:25:35.629   490   541 D vendor.visteon.skylark.hardware.automotive.vehicle@V1-visteon-service: PERIPHERAL_STATUS:: 03 03 03 03 03 03 03 03 03 01 03 03 03 00 00 00 00 00 00 00 
01-01 02:25:35.636   668   676 I UclDL_Impl_VIP: TxA TO : 33
01-01 02:25:35.636   668   676 I UclDL_Impl_VIP: Avg Ack Latency : 9
01-01 02:25:35.636   668   676 I UclDL_Impl_VIP: pollingCntr : 9492
01-01 02:25:35.636   668   676 I UclDL_Impl_TCU: VIP-TCU - txBps : 392
01-01 02:25:35.636   668   676 I UclDL_Impl_TCU: VIP-TCU - rxBps : 272
01-01 02:25:35.636   668   676 I UclDL_Impl_TCU: VIP-TCU - txAckTmo : 1
01-01 02:25:35.879   490   539 D vendor.visteon.skylark.hardware.automotive.vehicle@V1-visteon-service: TX Message SomeipComm::send  : service:193,method:3, response Payload: 04 
01-01 02:25:35.899   489   509 I UclDL_Impl: Inst Id : 0 ## Tx Msgs : 655
01-01 02:25:35.900   489   509 I UclDL_Impl: Inst Id : 0 ## TxA Msgs : 470
01-01 02:25:35.900   489   509 I UclDL_Impl: Inst Id : 0 ## TxA TO : 0
01-01 02:25:35.900   489   509 I UclDL_Impl: Inst Id : 0 ## Rx Msgs : 656
01-01 02:25:35.900   489   509 I UclDL_Impl: Inst Id : 0 ## Rx HB Msgs : 25
01-01 02:25:35.900   489   509 I UclDL_Impl: Inst Id : 0 ## Tx Bps : 1336
01-01 02:25:35.900   489   509 I UclDL_Impl: Inst Id : 0 ## Rx Bps : 4536
01-01 02:25:35.900   489   509 I UclDL_Impl: Inst Id : 0  ## Avg Ack Latency : 12
01-01 02:25:35.948   490   541 D vendor.visteon.skylark.hardware.automotive.vehicle@V1-visteon-service: SomeipCOmm :: RX Message [0/1d8]:service:c0 ,Method:8000,payload:04 
01-01 02:25:35.952   490   541 D vendor.visteon.skylark.hardware.automotive.vehicle@V1-visteon-service: SomeipCOmm :: RX Message [0/1d9]:service:c7 ,Method:80e5,payload:02 00 00 01 0f 40 3e 00 08 04 16 00 00 00 00 1e 00 00 00 00 09 00 00 00 00 02 01 01 0e 2c 04 bd 01 a1 06 af 01 d7 02 e9 02 c9 01 00 00 00 00 01 01 02 19 24 1b 79 8f 0d 19 0a e9 00 1e 1e b4 89 7f 00 07 00 0b 00 20 02 22 00 c2 00 00 00 00 00 00 00 00 01 00 07 00 00 00 00 00 00 00 00 00 00 00 01 00 01 00 00 00 00 32 00 00 04 07 0a 0f 14 00 a8 02 00 03 00 00 00 00 00 c0 00 02 00 00 c0 00 00 00 02 cf 02 c6 02 cc 03 03 03 03 01 00 00 62 00 00 00 a5 00 00 00 00 0e ca 03 00 01 00 0b 0b 0b a5 07 04 f2 33 30 34 34 00 00 00 00 00 00 00 00 00 00 00 00 00 00 00 00 00 00 00 00 00 00 00 00 00 00 00 00 00 00 
01-01 02:25:35.954   490   541 D vendor.visteon.skylark.hardware.automotive.vehicle@V1-visteon-service: SomeipCOmm :: RX Message [0/1da]:service:c7 ,Method:80df,payload:08 04 02 02 01 02 00 00 00 00 00 00 00 00 00 03 00 00 00 00 00 00 00 00 00 00 00 00 00 00 00 00 00 00 00 00 00 00 00 00 00 00 00 00 00 00 00 00 00 00 00 00 00 00 00 00 00 00 00 00 00 00 00 00 00 00 00 00 00 00 00 00 00 00 00 00 00 00 00 00 00 00 00 00 00 00 00 00 00 00 00 00 00 00 00 00 00 00 00 00 
01-01 02:25:36.633   490   541 D vendor.visteon.skylark.hardware.automotive.vehicle@V1-visteon-service: SomeipCOmm :: RX Message [0/1dd]:service:c0 ,Method:8005,payload:03 03 03 03 03 03 03 03 03 01 03 03 03 00 00 00 00 00 00 00 
01-01 02:25:36.633   490   541 D vendor.visteon.skylark.hardware.automotive.vehicle@V1-visteon-service: PERIPHERAL_STATUS:: 03 03 03 03 03 03 03 03 03 01 03 03 03 00 00 00 00 00 00 00 
01-01 02:25:36.640   668   676 I UclDL_Impl_VIP: TxA TO : 33
01-01 02:25:36.640   668   676 I UclDL_Impl_VIP: Avg Ack Latency : 11
01-01 02:25:36.640   668   676 I UclDL_Impl_VIP: pollingCntr : 9742
01-01 02:25:36.640   668   676 I UclDL_Impl_TCU: VIP-TCU - txBps : 392
01-01 02:25:36.640   668   676 I UclDL_Impl_TCU: VIP-TCU - rxBps : 272
01-01 02:25:36.640   668   676 I UclDL_Impl_TCU: VIP-TCU - txAckTmo : 1
01-01 02:25:36.880   490   539 D vendor.visteon.skylark.hardware.automotive.vehicle@V1-visteon-service: TX Message SomeipComm::send  : service:193,method:3, response Payload: 04 
01-01 02:25:36.904   489   509 I UclDL_Impl: Inst Id : 0 ## Tx Msgs : 666
01-01 02:25:36.904   489   509 I UclDL_Impl: Inst Id : 0 ## TxA Msgs : 478
01-01 02:25:36.904   489   509 I UclDL_Impl: Inst Id : 0 ## TxA TO : 0
01-01 02:25:36.904   489   509 I UclDL_Impl: Inst Id : 0 ## Rx Msgs : 667
01-01 02:25:36.904   489   509 I UclDL_Impl: Inst Id : 0 ## Rx HB Msgs : 26
01-01 02:25:36.904   489   509 I UclDL_Impl: Inst Id : 0 ## Tx Bps : 904
01-01 02:25:36.904   489   509 I UclDL_Impl: Inst Id : 0 ## Rx Bps : 4424
01-01 02:25:36.904   489   509 I UclDL_Impl: Inst Id : 0  ## Avg Ack Latency : 6
01-01 02:25:36.952   490   541 D vendor.visteon.skylark.hardware.automotive.vehicle@V1-visteon-service: SomeipCOmm :: RX Message [0/1e0]:service:c0 ,Method:8000,payload:04 
01-01 02:25:36.956   490   541 D vendor.visteon.skylark.hardware.automotive.vehicle@V1-visteon-service: SomeipCOmm :: RX Message [0/1e1]:service:c7 ,Method:80e5,payload:02 00 00 01 0f 40 3e 00 08 04 16 00 00 00 00 1e 00 00 00 00 09 00 00 00 00 02 01 01 0e 2d 04 b7 01 a7 06 a3 01 d7 02 e9 02 d0 01 00 00 00 00 01 01 02 19 25 1b 79 8f 0d 19 0a e9 00 1e 1e b8 89 7f 00 07 00 0a 00 20 02 22 00 c2 00 00 00 00 00 00 00 00 01 00 07 00 00 00 00 00 00 00 00 00 00 00 01 00 01 00 00 00 00 32 00 00 04 07 0a 0f 14 00 a8 02 00 03 00 00 00 00 00 c0 00 02 00 00 c0 00 00 00 02 ce 02 c9 02 d1 03 03 03 03 01 00 00 62 00 00 00 a5 00 00 00 00 0e ca 03 00 01 00 0b 0b 0b a5 07 04 f2 33 30 34 34 00 00 00 00 00 00 00 00 00 00 00 00 00 00 00 00 00 00 00 00 00 00 00 00 00 00 00 00 00 00 
01-01 02:25:36.958   490   541 D vendor.visteon.skylark.hardware.automotive.vehicle@V1-visteon-service: SomeipCOmm :: RX Message [0/1e2]:service:c7 ,Method:80df,payload:08 04 02 02 01 02 00 00 00 00 00 00 00 00 00 03 00 00 00 00 00 00 00 00 00 00 00 00 00 00 00 00 00 00 00 00 00 00 00 00 00 00 00 00 00 00 00 00 00 00 00 00 00 00 00 00 00 00 00 00 00 00 00 00 00 00 00 00 00 00 00 00 00 00 00 00 00 00 00 00 00 00 00 00 00 00 00 00 00 00 00 00 00 00 00 00 00 00 00 00 
01-01 02:25:37.168   490   541 D vendor.visteon.skylark.hardware.automotive.vehicle@V1-visteon-service: SomeipCOmm :: RX Message [0/1e3]:service:c7 ,Method:80e2,payload:26 19 02 05 01 00 00 01 
01-01 02:25:37.350   490   548 D vendor.visteon.skylark.hardware.automotive.vehicle@V1-visteon-service: TX Message SomeipComm::send  : service:206,method:5, response Payload: 00 
01-01 02:25:37.351   490   548 D vendor.visteon.skylark.hardware.automotive.vehicle@V1-visteon-service: TX Message SomeipComm::send  : service:196,method:10, response Payload: 00 
01-01 02:25:37.366   490   541 D vendor.visteon.skylark.hardware.automotive.vehicle@V1-visteon-service: SomeipCOmm :: RX Message [0/1e5]:service:cb ,Method:8008,payload:06 
01-01 02:25:37.389   490   538 D vendor.visteon.skylark.hardware.automotive.vehicle@V1-visteon-service: VHAL_SINGLEMSGSUBSCRIPTIONREQUEST:: 02 7f 
01-01 02:25:37.389   490   538 D vendor.visteon.skylark.hardware.automotive.vehicle@V1-visteon-service: TX Message SomeipComm::send  : service:194,method:2, response Payload: 02 7f 
01-01 02:25:37.391   490   548 D vendor.visteon.skylark.hardware.automotive.vehicle@V1-visteon-service: TX Message SomeipComm::send  : service:194,method:4, response Payload: 02 c0 09 00 00 00 00 00 00 00 00 
01-01 02:25:37.408   490   541 D vendor.visteon.skylark.hardware.automotive.vehicle@V1-visteon-service: SomeipCOmm :: RX Message [0/1e7]:service:bf ,Method:8008,payload:02 7f 01 
01-01 02:25:37.409   490   541 D vendor.visteon.skylark.hardware.automotive.vehicle@V1-visteon-service: SomeipCOmm :: RX Message [0/1e8]:service:bf ,Method:8024,payload:02 7f 00 00 00 00 00 00 00 00 00 
01-01 02:25:37.642   490   541 D vendor.visteon.skylark.hardware.automotive.vehicle@V1-visteon-service: SomeipCOmm :: RX Message [0/1e9]:service:c0 ,Method:8005,payload:03 03 03 03 03 03 03 03 03 01 03 03 03 00 00 00 00 00 00 00 
01-01 02:25:37.643   490   541 D vendor.visteon.skylark.hardware.automotive.vehicle@V1-visteon-service: PERIPHERAL_STATUS:: 03 03 03 03 03 03 03 03 03 01 03 03 03 00 00 00 00 00 00 00 
01-01 02:25:37.650   668   676 I UclDL_Impl_VIP: TxA TO : 33
01-01 02:25:37.650   668   676 I UclDL_Impl_VIP: Avg Ack Latency : 8
01-01 02:25:37.650   668   676 I UclDL_Impl_VIP: pollingCntr : 9992
01-01 02:25:37.650   668   676 I UclDL_Impl_TCU: VIP-TCU - txBps : 392
01-01 02:25:37.650   668   676 I UclDL_Impl_TCU: VIP-TCU - rxBps : 272
01-01 02:25:37.650   668   676 I UclDL_Impl_TCU: VIP-TCU - txAckTmo : 1
01-01 02:25:37.882   490   539 D vendor.visteon.skylark.hardware.automotive.vehicle@V1-visteon-service: TX Message SomeipComm::send  : service:193,method:3, response Payload: 04 
01-01 02:25:37.911   489   509 I UclDL_Impl: Inst Id : 0 ## Tx Msgs : 684
