01-01 02:25:37.912   489   509 I UclDL_Impl: Inst Id : 0 ## TxA Msgs : 490
01-01 02:25:37.912   489   509 I UclDL_Impl: Inst Id : 0 ## TxA TO : 0
01-01 02:25:37.912   489   509 I UclDL_Impl: Inst Id : 0 ## Rx Msgs : 685
01-01 02:25:37.912   489   509 I UclDL_Impl: Inst Id : 0 ## Rx HB Msgs : 26
01-01 02:25:37.912   489   509 I UclDL_Impl: Inst Id : 0 ## Tx Bps : 1856
01-01 02:25:37.912   489   509 I UclDL_Impl: Inst Id : 0 ## Rx Bps : 5216
01-01 02:25:37.912   489   509 I UclDL_Impl: Inst Id : 0  ## Avg Ack Latency : 8
01-01 02:25:37.960   490   541 D vendor.visteon.skylark.hardware.automotive.vehicle@V1-visteon-service: SomeipCOmm :: RX Message [0/1ec]:service:c0 ,Method:8000,payload:04 
01-01 02:25:37.965   490   541 D vendor.visteon.skylark.hardware.automotive.vehicle@V1-visteon-service: SomeipCOmm :: RX Message [0/1ed]:service:c7 ,Method:80e5,payload:02 00 00 01 0f 40 3e 00 08 04 16 00 00 00 00 1e 00 00 00 00 09 00 00 00 00 02 01 01 0e 2c 04 ba 01 a3 06 9c 01 d7 02 e9 02 d7 01 00 00 00 00 01 01 02 19 26 1b 79 8f 0d 19 0a e9 00 1f 1e ba 89 7f 00 07 00 0a 00 20 02 22 00 c2 00 00 00 00 00 00 00 00 01 00 07 00 00 00 00 00 00 00 00 00 00 00 01 00 01 00 00 00 00 32 00 00 04 07 0a 0f 14 00 a8 02 00 03 00 00 00 00 00 c0 00 02 00 00 c0 00 00 00 02 d6 02 c4 02 d0 03 03 03 03 01 00 00 62 00 00 00 a5 00 00 00 00 0e ca 03 00 01 00 0b 0b 0b a5 07 04 f2 33 30 34 34 00 00 00 00 00 00 00 00 00 00 00 00 00 00 00 00 00 00 00 00 00 00 00 00 00 00 00 00 00 00 
01-01 02:25:37.966   490   541 D vendor.visteon.skylark.hardware.automotive.vehicle@V1-visteon-service: SomeipCOmm :: RX Message [0/1ee]:service:c7 ,Method:80df,payload:08 04 02 02 01 02 00 00 00 00 00 00 00 00 00 03 00 00 00 00 00 00 00 00 00 00 00 00 00 00 00 00 00 00 00 00 00 00 00 00 00 00 00 00 00 00 00 00 00 00 00 00 00 00 00 00 00 00 00 00 00 00 00 00 00 00 00 00 00 00 00 00 00 00 00 00 00 00 00 00 00 00 00 00 00 00 00 00 00 00 00 00 00 00 00 00 00 00 00 00 
01-01 02:25:38.172   490   541 D vendor.visteon.skylark.hardware.automotive.vehicle@V1-visteon-service: SomeipCOmm :: RX Message [0/1ef]:service:c7 ,Method:80e2,payload:27 19 02 05 01 00 00 01 
01-01 02:25:38.641   490   541 D vendor.visteon.skylark.hardware.automotive.vehicle@V1-visteon-service: SomeipCOmm :: RX Message [0/1f2]:service:c0 ,Method:8005,payload:03 03 03 03 03 03 03 03 03 01 03 03 03 00 00 00 00 00 00 00 
01-01 02:25:38.641   490   541 D vendor.visteon.skylark.hardware.automotive.vehicle@V1-visteon-service: PERIPHERAL_STATUS:: 03 03 03 03 03 03 03 03 03 01 03 03 03 00 00 00 00 00 00 00 
01-01 02:25:38.652   668   676 I UclDL_Impl_VIP: TxA TO : 33
01-01 02:25:38.652   668   676 I UclDL_Impl_VIP: Avg Ack Latency : 6
01-01 02:25:38.652   668   676 I UclDL_Impl_VIP: pollingCntr : 10242
01-01 02:25:38.652   668   676 I UclDL_Impl_TCU: VIP-TCU - txBps : 392
01-01 02:25:38.652   668   676 I UclDL_Impl_TCU: VIP-TCU - rxBps : 320
01-01 02:25:38.652   668   676 I UclDL_Impl_TCU: VIP-TCU - txAckTmo : 1
01-01 02:25:38.883   490   539 D vendor.visteon.skylark.hardware.automotive.vehicle@V1-visteon-service: TX Message SomeipComm::send  : service:193,method:3, response Payload: 04 
01-01 02:25:38.923   489   509 I UclDL_Impl: Inst Id : 0 ## Tx Msgs : 695
01-01 02:25:38.923   489   509 I UclDL_Impl: Inst Id : 0 ## TxA Msgs : 499
01-01 02:25:38.923   489   509 I UclDL_Impl: Inst Id : 0 ## TxA TO : 0
01-01 02:25:38.923   489   509 I UclDL_Impl: Inst Id : 0 ## Rx Msgs : 696
01-01 02:25:38.923   489   509 I UclDL_Impl: Inst Id : 0 ## Rx HB Msgs : 27
01-01 02:25:38.923   489   509 I UclDL_Impl: Inst Id : 0 ## Tx Bps : 888
01-01 02:25:38.923   489   509 I UclDL_Impl: Inst Id : 0 ## Rx Bps : 4672
01-01 02:25:38.923   489   509 I UclDL_Impl: Inst Id : 0  ## Avg Ack Latency : 8
01-01 02:25:38.964   490   541 D vendor.visteon.skylark.hardware.automotive.vehicle@V1-visteon-service: SomeipCOmm :: RX Message [0/1f5]:service:c0 ,Method:8000,payload:04 
01-01 02:25:38.968   490   541 D vendor.visteon.skylark.hardware.automotive.vehicle@V1-visteon-service: SomeipCOmm :: RX Message [0/1f6]:service:c7 ,Method:80e5,payload:02 00 00 01 0f 40 3e 00 08 04 16 00 00 00 00 1e 00 00 00 00 09 00 00 00 00 02 01 01 0e 2c 04 bc 01 a2 06 a2 01 d7 02 e9 02 dd 01 00 00 00 00 01 01 02 19 27 1b 79 8f 0d 19 0a e9 00 1f 1e b4 89 7f 00 07 00 0b 00 20 02 22 00 c2 00 00 00 00 00 00 00 00 01 00 07 00 00 00 00 00 00 00 00 00 00 00 01 00 01 00 00 00 00 32 00 00 04 07 0a 0f 14 00 a8 02 00 03 00 00 00 00 00 c0 00 02 00 00 c0 00 00 00 02 cd 02 c2 02 cc 03 03 03 03 01 00 00 62 00 00 00 a5 00 00 00 00 0e ca 03 00 01 00 0b 0b 0b a5 07 04 f2 33 30 34 34 00 00 00 00 00 00 00 00 00 00 00 00 00 00 00 00 00 00 00 00 00 00 00 00 00 00 00 00 00 00 
01-01 02:25:38.969   490   541 D vendor.visteon.skylark.hardware.automotive.vehicle@V1-visteon-service: SomeipCOmm :: RX Message [0/1f7]:service:c7 ,Method:80df,payload:08 04 02 02 01 02 00 00 00 00 00 00 00 00 00 03 00 00 00 00 00 00 00 00 00 00 00 00 00 00 00 00 00 00 00 00 00 00 00 00 00 00 00 00 00 00 00 00 00 00 00 00 00 00 00 00 00 00 00 00 00 00 00 00 00 00 00 00 00 00 00 00 00 00 00 00 00 00 00 00 00 00 00 00 00 00 00 00 00 00 00 00 00 00 00 00 00 00 00 00 
01-01 02:25:39.176   490   541 D vendor.visteon.skylark.hardware.automotive.vehicle@V1-visteon-service: SomeipCOmm :: RX Message [0/1f8]:service:c7 ,Method:80e2,payload:28 19 02 05 01 00 00 01 
01-01 02:25:39.434   490   538 D vendor.visteon.skylark.hardware.automotive.vehicle@V1-visteon-service: VHAL_SINGLEMSGSUBSCRIPTIONREQUEST:: 02 7e 
01-01 02:25:39.434   490   538 D vendor.visteon.skylark.hardware.automotive.vehicle@V1-visteon-service: TX Message SomeipComm::send  : service:194,method:2, response Payload: 02 7e 
01-01 02:25:39.444   490   541 D vendor.visteon.skylark.hardware.automotive.vehicle@V1-visteon-service: SomeipCOmm :: RX Message [0/1fa]:service:bf ,Method:8008,payload:02 7e 01 
01-01 02:25:39.444   490   541 D vendor.visteon.skylark.hardware.automotive.vehicle@V1-visteon-service: SomeipCOmm :: RX Message [0/1fb]:service:bf ,Method:8023,payload:02 7e 00 00 00 00 00 00 00 00 00 
01-01 02:25:39.465   490   538 D vendor.visteon.skylark.hardware.automotive.vehicle@V1-visteon-service: VHAL_SINGLEMSGSUBSCRIPTIONREQUEST:: 01 e9 
01-01 02:25:39.465   490   538 D vendor.visteon.skylark.hardware.automotive.vehicle@V1-visteon-service: TX Message SomeipComm::send  : service:194,method:2, response Payload: 01 e9 
01-01 02:25:39.480   490   541 D vendor.visteon.skylark.hardware.automotive.vehicle@V1-visteon-service: SomeipCOmm :: RX Message [0/1fc]:service:bf ,Method:8008,payload:01 e9 01 
01-01 02:25:39.495   490   538 D vendor.visteon.skylark.hardware.automotive.vehicle@V1-visteon-service: VHAL_SINGLEMSGSUBSCRIPTIONREQUEST:: 01 ca 
01-01 02:25:39.495   490   538 D vendor.visteon.skylark.hardware.automotive.vehicle@V1-visteon-service: TX Message SomeipComm::send  : service:194,method:2, response Payload: 01 ca 
01-01 02:25:39.512   490   541 D vendor.visteon.skylark.hardware.automotive.vehicle@V1-visteon-service: SomeipCOmm :: RX Message [0/1fd]:service:bf ,Method:8008,payload:01 ca 01 
01-01 02:25:39.541   490  3096 D vendor.visteon.skylark.hardware.automotive.vehicle@V1-visteon-service: TX Message SomeipComm::send  : service:200,method:6, response Payload: 00 
01-01 02:25:39.552   490   541 D vendor.visteon.skylark.hardware.automotive.vehicle@V1-visteon-service: SomeipCOmm :: RX Message [0/1fe]:service:c7 ,Method:80e3,payload:27 
01-01 02:25:39.648   490   541 D vendor.visteon.skylark.hardware.automotive.vehicle@V1-visteon-service: SomeipCOmm :: RX Message [0/1ff]:service:c0 ,Method:8005,payload:03 03 03 03 03 03 03 03 03 01 03 03 03 00 00 00 00 00 00 00 
01-01 02:25:39.648   490   541 D vendor.visteon.skylark.hardware.automotive.vehicle@V1-visteon-service: PERIPHERAL_STATUS:: 03 03 03 03 03 03 03 03 03 01 03 03 03 00 00 00 00 00 00 00 
01-01 02:25:39.656   668   676 I UclDL_Impl_VIP: TxA TO : 33
01-01 02:25:39.656   668   676 I UclDL_Impl_VIP: Avg Ack Latency : 8
01-01 02:25:39.656   668   676 I UclDL_Impl_VIP: pollingCntr : 10492
01-01 02:25:39.656   668   676 I UclDL_Impl_TCU: VIP-TCU - txBps : 392
01-01 02:25:39.656   668   676 I UclDL_Impl_TCU: VIP-TCU - rxBps : 320
01-01 02:25:39.656   668   676 I UclDL_Impl_TCU: VIP-TCU - txAckTmo : 1
01-01 02:25:39.884   490   539 D vendor.visteon.skylark.hardware.automotive.vehicle@V1-visteon-service: TX Message SomeipComm::send  : service:193,method:3, response Payload: 04 
01-01 02:25:39.927   489   509 I UclDL_Impl: Inst Id : 0 ## Tx Msgs : 713
01-01 02:25:39.927   489   509 I UclDL_Impl: Inst Id : 0 ## TxA Msgs : 512
01-01 02:25:39.928   489   509 I UclDL_Impl: Inst Id : 0 ## TxA TO : 0
01-01 02:25:39.928   489   509 I UclDL_Impl: Inst Id : 0 ## Rx Msgs : 714
01-01 02:25:39.928   489   509 I UclDL_Impl: Inst Id : 0 ## Rx HB Msgs : 27
01-01 02:25:39.928   489   509 I UclDL_Impl: Inst Id : 0 ## Tx Bps : 1544
01-01 02:25:39.928   489   509 I UclDL_Impl: Inst Id : 0 ## Rx Bps : 5032
01-01 02:25:39.928   489   509 I UclDL_Impl: Inst Id : 0  ## Avg Ack Latency : 6
01-01 02:25:39.968   490   541 D vendor.visteon.skylark.hardware.automotive.vehicle@V1-visteon-service: SomeipCOmm :: RX Message [0/202]:service:c0 ,Method:8000,payload:04 
01-01 02:25:39.972   490   541 D vendor.visteon.skylark.hardware.automotive.vehicle@V1-visteon-service: SomeipCOmm :: RX Message [0/203]:service:c7 ,Method:80e5,payload:02 00 00 01 0f 40 3e 00 08 04 16 00 00 00 00 1e 00 00 00 00 09 00 00 00 00 02 01 01 0e 29 04 bb 01 a2 06 a9 01 d6 02 e8 02 da 01 00 00 00 00 01 01 02 19 28 1b 79 8b 0d 19 0a e9 00 1f 1e b8 89 7f 00 07 00 0a 00 20 02 22 00 c2 00 00 00 00 00 00 00 00 01 00 07 00 00 00 00 00 00 00 00 00 00 00 01 00 01 00 00 00 00 32 00 00 04 07 0a 0f 14 00 a8 02 00 03 00 00 00 00 00 c0 00 02 00 00 c0 00 00 00 02 ce 02 b9 02 c5 03 03 03 03 01 00 00 62 00 00 00 a5 00 00 00 00 0e c7 03 00 01 00 0b 0b 0b a5 07 04 f2 33 30 34 34 00 00 00 00 00 00 00 00 00 00 00 00 00 00 00 00 00 00 00 00 00 00 00 00 00 00 00 00 00 00 
01-01 02:25:39.974   490   541 D vendor.visteon.skylark.hardware.automotive.vehicle@V1-visteon-service: SomeipCOmm :: RX Message [0/204]:service:c7 ,Method:80df,payload:08 04 02 02 01 02 00 00 00 00 00 00 00 00 00 03 00 00 00 00 00 00 00 00 00 00 00 00 00 00 00 00 00 00 00 00 00 00 00 00 00 00 00 00 00 00 00 00 00 00 00 00 00 00 00 00 00 00 00 00 00 00 00 00 00 00 00 00 00 00 00 00 00 00 00 00 00 00 00 00 00 00 00 00 00 00 00 00 00 00 00 00 00 00 00 00 00 00 00 00 
01-01 02:25:40.180   490   541 D vendor.visteon.skylark.hardware.automotive.vehicle@V1-visteon-service: SomeipCOmm :: RX Message [0/205]:service:c7 ,Method:80e2,payload:29 19 02 05 01 00 00 01 
01-01 02:25:40.652   490   541 D vendor.visteon.skylark.hardware.automotive.vehicle@V1-visteon-service: SomeipCOmm :: RX Message [0/207]:service:c0 ,Method:8005,payload:03 03 03 03 03 03 03 03 03 01 03 03 03 00 00 00 00 00 00 00 
01-01 02:25:40.652   490   541 D vendor.visteon.skylark.hardware.automotive.vehicle@V1-visteon-service: PERIPHERAL_STATUS:: 03 03 03 03 03 03 03 03 03 01 03 03 03 00 00 00 00 00 00 00 
01-01 02:25:40.660   668   676 I UclDL_Impl_VIP: TxA TO : 33
01-01 02:25:40.660   668   676 I UclDL_Impl_VIP: Avg Ack Latency : 8
01-01 02:25:40.660   668   676 I UclDL_Impl_VIP: pollingCntr : 10742
01-01 02:25:40.660   668   676 I UclDL_Impl_TCU: VIP-TCU - txBps : 392
01-01 02:25:40.660   668   676 I UclDL_Impl_TCU: VIP-TCU - rxBps : 320
01-01 02:25:40.660   668   676 I UclDL_Impl_TCU: VIP-TCU - txAckTmo : 1
01-01 02:25:40.885   490   539 D vendor.visteon.skylark.hardware.automotive.vehicle@V1-visteon-service: TX Message SomeipComm::send  : service:193,method:3, response Payload: 04 
01-01 02:25:40.931   489   509 I UclDL_Impl: Inst Id : 0 ## Tx Msgs : 723
01-01 02:25:40.932   489   509 I UclDL_Impl: Inst Id : 0 ## TxA Msgs : 520
01-01 02:25:40.932   489   509 I UclDL_Impl: Inst Id : 0 ## TxA TO : 0
01-01 02:25:40.932   489   509 I UclDL_Impl: Inst Id : 0 ## Rx Msgs : 724
01-01 02:25:40.932   489   509 I UclDL_Impl: Inst Id : 0 ## Rx HB Msgs : 28
01-01 02:25:40.932   489   509 I UclDL_Impl: Inst Id : 0 ## Tx Bps : 808
01-01 02:25:40.932   489   509 I UclDL_Impl: Inst Id : 0 ## Rx Bps : 4368
01-01 02:25:40.932   489   509 I UclDL_Impl: Inst Id : 0  ## Avg Ack Latency : 9
01-01 02:25:40.972   490   541 D vendor.visteon.skylark.hardware.automotive.vehicle@V1-visteon-service: SomeipCOmm :: RX Message [0/20a]:service:c0 ,Method:8000,payload:04 
01-01 02:25:40.976   490   541 D vendor.visteon.skylark.hardware.automotive.vehicle@V1-visteon-service: SomeipCOmm :: RX Message [0/20b]:service:c7 ,Method:80e5,payload:02 00 00 01 0f 40 3e 00 08 04 16 00 00 00 00 1e 00 00 00 00 09 00 00 00 00 02 01 01 0e 2c 04 bc 01 a1 06 ac 01 d7 02 e9 02 c0 01 00 00 00 00 01 01 02 19 29 1b 79 8f 0d 19 0a e9 00 1e 1e b8 89 7f 00 07 00 0b 00 20 02 22 00 c2 00 00 00 00 00 00 00 00 01 00 07 00 00 00 00 00 00 00 00 00 00 00 01 00 01 00 00 00 00 32 00 00 04 07 0a 0f 14 00 a8 02 00 03 00 00 00 00 00 c0 00 02 00 00 c0 00 00 00 02 91 02 9a 02 a0 03 03 03 03 01 00 00 62 00 00 00 a5 00 00 00 00 0e ca 03 00 01 00 0b 0b 0b a5 07 04 f2 33 30 34 34 00 00 00 00 00 00 00 00 00 00 00 00 00 00 00 00 00 00 00 00 00 00 00 00 00 00 00 00 00 00 
01-01 02:25:40.977   490   541 D vendor.visteon.skylark.hardware.automotive.vehicle@V1-visteon-service: SomeipCOmm :: RX Message [0/20c]:service:c7 ,Method:80df,payload:08 04 02 02 01 02 00 00 00 00 00 00 00 00 00 03 00 00 00 00 00 00 00 00 00 00 00 00 00 00 00 00 00 00 00 00 00 00 00 00 00 00 00 00 00 00 00 00 00 00 00 00 00 00 00 00 00 00 00 00 00 00 00 00 00 00 00 00 00 00 00 00 00 00 00 00 00 00 00 00 00 00 00 00 00 00 00 00 00 00 00 00 00 00 00 00 00 00 00 00 
01-01 02:25:41.186   490   541 D vendor.visteon.skylark.hardware.automotive.vehicle@V1-visteon-service: SomeipCOmm :: RX Message [0/20d]:service:c7 ,Method:80e2,payload:2a 19 02 05 01 00 00 01 
01-01 02:25:41.656   490   541 D vendor.visteon.skylark.hardware.automotive.vehicle@V1-visteon-service: SomeipCOmm :: RX Message [0/20f]:service:c0 ,Method:8005,payload:03 03 03 03 03 03 03 03 03 01 03 03 03 00 00 00 00 00 00 00 
01-01 02:25:41.656   490   541 D vendor.visteon.skylark.hardware.automotive.vehicle@V1-visteon-service: PERIPHERAL_STATUS:: 03 03 03 03 03 03 03 03 03 01 03 03 03 00 00 00 00 00 00 00 
01-01 02:25:41.664   668   676 I UclDL_Impl_VIP: TxA TO : 33
01-01 02:25:41.664   668   676 I UclDL_Impl_VIP: Avg Ack Latency : 7
01-01 02:25:41.664   668   676 I UclDL_Impl_VIP: pollingCntr : 10992
01-01 02:25:41.664   668   676 I UclDL_Impl_TCU: VIP-TCU - txBps : 392
01-01 02:25:41.664   668   676 I UclDL_Impl_TCU: VIP-TCU - rxBps : 320
01-01 02:25:41.664   668   676 I UclDL_Impl_TCU: VIP-TCU - txAckTmo : 1
01-01 02:25:41.885   490   539 D vendor.visteon.skylark.hardware.automotive.vehicle@V1-visteon-service: TX Message SomeipComm::send  : service:193,method:3, response Payload: 04 
01-01 02:25:41.931   489   509 I UclDL_Impl: Inst Id : 0 ## Tx Msgs : 734
01-01 02:25:41.932   489   509 I UclDL_Impl: Inst Id : 0 ## TxA Msgs : 528
01-01 02:25:41.932   489   509 I UclDL_Impl: Inst Id : 0 ## TxA TO : 0
01-01 02:25:41.932   489   509 I UclDL_Impl: Inst Id : 0 ## Rx Msgs : 735
01-01 02:25:41.932   489   509 I UclDL_Impl: Inst Id : 0 ## Rx HB Msgs : 29
01-01 02:25:41.932   489   509 I UclDL_Impl: Inst Id : 0 ## Tx Bps : 904
01-01 02:25:41.932   489   509 I UclDL_Impl: Inst Id : 0 ## Rx Bps : 4424
01-01 02:25:41.932   489   509 I UclDL_Impl: Inst Id : 0  ## Avg Ack Latency : 8
01-01 02:25:41.982   490   541 D vendor.visteon.skylark.hardware.automotive.vehicle@V1-visteon-service: SomeipCOmm :: RX Message [0/212]:service:c0 ,Method:8000,payload:04 
01-01 02:25:41.986   490   541 D vendor.visteon.skylark.hardware.automotive.vehicle@V1-visteon-service: SomeipCOmm :: RX Message [0/213]:service:c7 ,Method:80e5,payload:02 00 00 01 0f 40 3e 00 08 04 16 00 00 00 00 1e 00 00 00 00 09 00 00 00 00 02 01 01 0e 2d 04 ba 01 a4 06 a9 01 d7 02 e9 02 8c 01 00 00 00 00 01 01 02 19 2a 1b 79 8f 0d 19 0a e9 00 1e 1e b8 89 7f 00 07 00 0a 00 20 02 22 00 c2 00 00 00 00 00 00 00 00 01 00 07 00 00 00 00 00 00 00 00 00 00 00 01 00 01 00 00 00 00 32 00 00 04 07 0a 0f 14 00 a8 02 00 03 00 00 00 00 00 c0 00 02 00 00 c0 00 00 00 02 ac 02 8b 02 93 03 03 03 03 01 00 00 62 00 00 00 a5 00 00 00 00 0e cb 03 00 01 00 0b 0b 0b a5 07 04 f2 33 30 34 34 00 00 00 00 00 00 00 00 00 00 00 00 00 00 00 00 00 00 00 00 00 00 00 00 00 00 00 00 00 00 
01-01 02:25:41.988   490   541 D vendor.visteon.skylark.hardware.automotive.vehicle@V1-visteon-service: SomeipCOmm :: RX Message [0/214]:service:c7 ,Method:80df,payload:08 04 02 02 01 02 00 00 00 00 00 00 00 00 00 03 00 00 00 00 00 00 00 00 00 00 00 00 00 00 00 00 00 00 00 00 00 00 00 00 00 00 00 00 00 00 00 00 00 00 00 00 00 00 00 00 00 00 00 00 00 00 00 00 00 00 00 00 00 00 00 00 00 00 00 00 00 00 00 00 00 00 00 00 00 00 00 00 00 00 00 00 00 00 00 00 00 00 00 00 
01-01 02:25:42.192   490   541 D vendor.visteon.skylark.hardware.automotive.vehicle@V1-visteon-service: SomeipCOmm :: RX Message [0/215]:service:c7 ,Method:80e2,payload:2b 19 02 05 01 00 00 01 
01-01 02:25:42.661   490   541 D vendor.visteon.skylark.hardware.automotive.vehicle@V1-visteon-service: SomeipCOmm :: RX Message [0/217]:service:c0 ,Method:8005,payload:03 03 03 03 03 03 03 03 03 01 03 03 03 00 00 00 00 00 00 00 
01-01 02:25:42.661   490   541 D vendor.visteon.skylark.hardware.automotive.vehicle@V1-visteon-service: PERIPHERAL_STATUS:: 03 03 03 03 03 03 03 03 03 01 03 03 03 00 00 00 00 00 00 00 
01-01 02:25:42.672   668   676 I UclDL_Impl_VIP: TxA TO : 33
01-01 02:25:42.673   668   676 I UclDL_Impl_VIP: Avg Ack Latency : 11
01-01 02:25:42.673   668   676 I UclDL_Impl_VIP: pollingCntr : 11242
01-01 02:25:42.673   668   676 I UclDL_Impl_TCU: VIP-TCU - txBps : 392
01-01 02:25:42.673   668   676 I UclDL_Impl_TCU: VIP-TCU - rxBps : 320
01-01 02:25:42.673   668   676 I UclDL_Impl_TCU: VIP-TCU - txAckTmo : 1
01-01 02:25:42.886   490   539 D vendor.visteon.skylark.hardware.automotive.vehicle@V1-visteon-service: TX Message SomeipComm::send  : service:193,method:3, response Payload: 04 
01-01 02:25:42.932   489   509 I UclDL_Impl: Inst Id : 0 ## Tx Msgs : 744
01-01 02:25:42.932   489   509 I UclDL_Impl: Inst Id : 0 ## TxA Msgs : 536
01-01 02:25:42.932   489   509 I UclDL_Impl: Inst Id : 0 ## TxA TO : 0
01-01 02:25:42.932   489   509 I UclDL_Impl: Inst Id : 0 ## Rx Msgs : 745
01-01 02:25:42.932   489   509 I UclDL_Impl: Inst Id : 0 ## Rx HB Msgs : 30
01-01 02:25:42.932   489   509 I UclDL_Impl: Inst Id : 0 ## Tx Bps : 808
01-01 02:25:42.932   489   509 I UclDL_Impl: Inst Id : 0 ## Rx Bps : 4368
01-01 02:25:42.932   489   509 I UclDL_Impl: Inst Id : 0  ## Avg Ack Latency : 6
01-01 02:25:42.984   490   541 D vendor.visteon.skylark.hardware.automotive.vehicle@V1-visteon-service: SomeipCOmm :: RX Message [0/21a]:service:c0 ,Method:8000,payload:04 
01-01 02:25:42.989   490   541 D vendor.visteon.skylark.hardware.automotive.vehicle@V1-visteon-service: SomeipCOmm :: RX Message [0/21b]:service:c7 ,Method:80e5,payload:02 00 00 01 0f 40 3e 00 08 04 16 00 00 00 00 1e 00 00 00 00 09 00 00 00 00 02 01 01 0e 2c 04 ba 01 a4 06 af 01 d6 02 e9 02 ca 01 00 00 00 00 01 01 02 19 2b 1b 79 8f 0d 19 0a e9 00 1e 1e b4 89 7f 00 07 00 0b 00 20 02 22 00 c2 00 00 00 00 00 00 00 00 01 00 07 00 00 00 00 00 00 00 00 00 00 00 01 00 01 00 00 00 00 32 00 00 04 07 0a 0f 14 00 a8 02 00 03 00 00 00 00 00 c0 00 02 00 00 c0 00 00 00 02 d0 02 c7 02 ce 03 03 03 03 01 00 00 62 00 00 00 a5 00 00 00 00 0e ca 03 00 01 00 0b 0b 0b a5 07 04 f2 33 30 34 34 00 00 00 00 00 00 00 00 00 00 00 00 00 00 00 00 00 00 00 00 00 00 00 00 00 00 00 00 00 00 
01-01 02:25:42.990   490   541 D vendor.visteon.skylark.hardware.automotive.vehicle@V1-visteon-service: SomeipCOmm :: RX Message [0/21c]:service:c7 ,Method:80df,payload:08 04 02 02 01 02 00 00 00 00 00 00 00 00 00 03 00 00 00 00 00 00 00 00 00 00 00 00 00 00 00 00 00 00 00 00 00 00 00 00 00 00 00 00 00 00 00 00 00 00 00 00 00 00 00 00 00 00 00 00 00 00 00 00 00 00 00 00 00 00 00 00 00 00 00 00 00 00 00 00 00 00 00 00 00 00 00 00 00 00 00 00 00 00 00 00 00 00 00 00 
01-01 02:25:43.196   490   541 D vendor.visteon.skylark.hardware.automotive.vehicle@V1-visteon-service: SomeipCOmm :: RX Message [0/21d]:service:c7 ,Method:80e2,payload:2c 19 02 05 01 00 00 01 
01-01 02:25:43.666   490   541 D vendor.visteon.skylark.hardware.automotive.vehicle@V1-visteon-service: SomeipCOmm :: RX Message [0/21f]:service:c0 ,Method:8005,payload:03 03 03 03 03 03 03 03 03 01 03 03 03 00 00 00 00 00 00 00 
01-01 02:25:43.666   490   541 D vendor.visteon.skylark.hardware.automotive.vehicle@V1-visteon-service: PERIPHERAL_STATUS:: 03 03 03 03 03 03 03 03 03 01 03 03 03 00 00 00 00 00 00 00 
01-01 02:25:43.676   668   676 I UclDL_Impl_VIP: TxA TO : 33
01-01 02:25:43.676   668   676 I UclDL_Impl_VIP: Avg Ack Latency : 9
01-01 02:25:43.676   668   676 I UclDL_Impl_VIP: pollingCntr : 11492
01-01 02:25:43.676   668   676 I UclDL_Impl_TCU: VIP-TCU - txBps : 392
01-01 02:25:43.676   668   676 I UclDL_Impl_TCU: VIP-TCU - rxBps : 368
01-01 02:25:43.676   668   676 I UclDL_Impl_TCU: VIP-TCU - txAckTmo : 1
01-01 02:25:43.889   490   539 D vendor.visteon.skylark.hardware.automotive.vehicle@V1-visteon-service: TX Message SomeipComm::send  : service:193,method:3, response Payload: 04 
01-01 02:25:43.931   489   509 I UclDL_Impl: Inst Id : 0 ## Tx Msgs : 754
01-01 02:25:43.931   489   509 I UclDL_Impl: Inst Id : 0 ## TxA Msgs : 544
01-01 02:25:43.932   489   509 I UclDL_Impl: Inst Id : 0 ## TxA TO : 0
01-01 02:25:43.932   489   509 I UclDL_Impl: Inst Id : 0 ## Rx Msgs : 755
01-01 02:25:43.932   489   509 I UclDL_Impl: Inst Id : 0 ## Rx HB Msgs : 31
01-01 02:25:43.932   489   509 I UclDL_Impl: Inst Id : 0 ## Tx Bps : 808
01-01 02:25:43.932   489   509 I UclDL_Impl: Inst Id : 0 ## Rx Bps : 4368
01-01 02:25:43.932   489   509 I UclDL_Impl: Inst Id : 0  ## Avg Ack Latency : 8
01-01 02:25:43.990   490   541 D vendor.visteon.skylark.hardware.automotive.vehicle@V1-visteon-service: SomeipCOmm :: RX Message [0/222]:service:c0 ,Method:8000,payload:04 
01-01 02:25:43.992   490   541 D vendor.visteon.skylark.hardware.automotive.vehicle@V1-visteon-service: SomeipCOmm :: RX Message [0/223]:service:c7 ,Method:80e5,payload:02 00 00 01 0f 40 3e 00 08 04 16 00 00 00 00 1e 00 00 00 00 09 00 00 00 00 02 01 01 0e 2c 04 ba 01 a3 06 a5 01 d7 02 e9 02 d1 01 00 00 00 00 01 01 02 19 2c 1b 79 8f 0d 19 0a e9 00 1e 1e ba 89 7f 00 07 00 0a 00 20 02 22 00 c2 00 00 00 00 00 00 00 00 01 00 07 00 00 00 00 00 00 00 00 00 00 00 01 00 01 00 00 00 00 32 00 00 04 07 0a 0f 14 00 a8 02 00 03 00 00 00 00 00 c0 00 02 00 00 c0 00 00 00 02 d2 02 c9 02 d0 03 03 03 03 01 00 00 62 00 00 00 a5 00 00 00 00 0e c9 03 00 01 00 0b 0b 0b a5 07 04 f2 33 30 34 34 00 00 00 00 00 00 00 00 00 00 00 00 00 00 00 00 00 00 00 00 00 00 00 00 00 00 00 00 00 00 
01-01 02:25:43.994   490   541 D vendor.visteon.skylark.hardware.automotive.vehicle@V1-visteon-service: SomeipCOmm :: RX Message [0/224]:service:c7 ,Method:80df,payload:08 04 02 02 01 02 00 00 00 00 00 00 00 00 00 03 00 00 00 00 00 00 00 00 00 00 00 00 00 00 00 00 00 00 00 00 00 00 00 00 00 00 00 00 00 00 00 00 00 00 00 00 00 00 00 00 00 00 00 00 00 00 00 00 00 00 00 00 00 00 00 00 00 00 00 00 00 00 00 00 00 00 00 00 00 00 00 00 00 00 00 00 00 00 00 00 00 00 00 00 
01-01 02:25:44.200   490   541 D vendor.visteon.skylark.hardware.automotive.vehicle@V1-visteon-service: SomeipCOmm :: RX Message [0/225]:service:c7 ,Method:80e2,payload:2d 19 02 05 01 00 00 01 
01-01 02:25:44.672   490   541 D vendor.visteon.skylark.hardware.automotive.vehicle@V1-visteon-service: SomeipCOmm :: RX Message [0/227]:service:c0 ,Method:8005,payload:03 03 03 03 03 03 03 03 03 01 03 03 03 00 00 00 00 00 00 00 
01-01 02:25:44.673   490   541 D vendor.visteon.skylark.hardware.automotive.vehicle@V1-visteon-service: PERIPHERAL_STATUS:: 03 03 03 03 03 03 03 03 03 01 03 03 03 00 00 00 00 00 00 00 
01-01 02:25:44.680   668   676 I UclDL_Impl_VIP: TxA TO : 33
01-01 02:25:44.680   668   676 I UclDL_Impl_VIP: Avg Ack Latency : 9
01-01 02:25:44.680   668   676 I UclDL_Impl_VIP: pollingCntr : 11742
01-01 02:25:44.680   668   676 I UclDL_Impl_TCU: VIP-TCU - txBps : 392
01-01 02:25:44.680   668   676 I UclDL_Impl_TCU: VIP-TCU - rxBps : 320
01-01 02:25:44.681   668   676 I UclDL_Impl_TCU: VIP-TCU - txAckTmo : 1
01-01 02:25:44.889   490   539 D vendor.visteon.skylark.hardware.automotive.vehicle@V1-visteon-service: TX Message SomeipComm::send  : service:193,method:3, response Payload: 04 
01-01 02:25:44.939   489   509 I UclDL_Impl: Inst Id : 0 ## Tx Msgs : 764
01-01 02:25:44.940   489   509 I UclDL_Impl: Inst Id : 0 ## TxA Msgs : 552
01-01 02:25:44.940   489   509 I UclDL_Impl: Inst Id : 0 ## TxA TO : 0
01-01 02:25:44.940   489   509 I UclDL_Impl: Inst Id : 0 ## Rx Msgs : 765
01-01 02:25:44.940   489   509 I UclDL_Impl: Inst Id : 0 ## Rx HB Msgs : 32
01-01 02:25:44.940   489   509 I UclDL_Impl: Inst Id : 0 ## Tx Bps : 808
01-01 02:25:44.940   489   509 I UclDL_Impl: Inst Id : 0 ## Rx Bps : 4368
01-01 02:25:44.940   489   509 I UclDL_Impl: Inst Id : 0  ## Avg Ack Latency : 9
01-01 02:25:44.992   490   541 D vendor.visteon.skylark.hardware.automotive.vehicle@V1-visteon-service: SomeipCOmm :: RX Message [0/22a]:service:c0 ,Method:8000,payload:04 
01-01 02:25:44.996   490   541 D vendor.visteon.skylark.hardware.automotive.vehicle@V1-visteon-service: SomeipCOmm :: RX Message [0/22b]:service:c7 ,Method:80e5,payload:02 00 00 01 0f 40 3e 00 08 04 16 00 00 00 00 1e 00 00 00 00 09 00 00 00 00 02 01 01 0e 2d 04 b8 01 a5 06 a6 01 d7 02 e9 02 d7 01 00 00 00 00 01 01 02 19 2d 1b 79 8f 0d 19 0a e9 00 1e 1e b4 89 7f 00 07 00 0a 00 20 02 22 00 c2 00 00 00 00 00 00 00 00 01 00 07 00 00 00 00 00 00 00 00 00 00 00 01 00 01 00 00 00 00 32 00 00 04 07 0a 0f 14 00 a8 02 00 03 00 00 00 00 00 c0 00 02 00 00 c0 00 00 00 02 cd 02 c7 02 d1 03 03 03 03 01 00 00 62 00 00 00 a5 00 00 00 00 0e ca 03 00 01 00 0b 0b 0b a5 07 04 f2 33 30 34 34 00 00 00 00 00 00 00 00 00 00 00 00 00 00 00 00 00 00 00 00 00 00 00 00 00 00 00 00 00 00 
01-01 02:25:44.996   490   541 D vendor.visteon.skylark.hardware.automotive.vehicle@V1-visteon-service: SomeipCOmm :: RX Message [0/22c]:service:c7 ,Method:80df,payload:08 04 02 02 01 02 00 00 00 00 00 00 00 00 00 03 00 00 00 00 00 00 00 00 00 00 00 00 00 00 00 00 00 00 00 00 00 00 00 00 00 00 00 00 00 00 00 00 00 00 00 00 00 00 00 00 00 00 00 00 00 00 00 00 00 00 00 00 00 00 00 00 00 00 00 00 00 00 00 00 00 00 00 00 00 00 00 00 00 00 00 00 00 00 00 00 00 00 00 00 
01-01 02:25:45.204   490   541 D vendor.visteon.skylark.hardware.automotive.vehicle@V1-visteon-service: SomeipCOmm :: RX Message [0/22d]:service:c7 ,Method:80e2,payload:2e 19 02 05 01 00 00 01 
01-01 02:25:45.676   490   541 D vendor.visteon.skylark.hardware.automotive.vehicle@V1-visteon-service: SomeipCOmm :: RX Message [0/22f]:service:c0 ,Method:8005,payload:03 03 03 03 03 03 03 03 03 01 03 03 03 00 00 00 00 00 00 00 
01-01 02:25:45.676   490   541 D vendor.visteon.skylark.hardware.automotive.vehicle@V1-visteon-service: PERIPHERAL_STATUS:: 03 03 03 03 03 03 03 03 03 01 03 03 03 00 00 00 00 00 00 00 
01-01 02:25:45.684   668   676 I UclDL_Impl_VIP: TxA TO : 33
01-01 02:25:45.684   668   676 I UclDL_Impl_VIP: Avg Ack Latency : 7
01-01 02:25:45.684   668   676 I UclDL_Impl_VIP: pollingCntr : 11992
01-01 02:25:45.684   668   676 I UclDL_Impl_TCU: VIP-TCU - txBps : 464
01-01 02:25:45.684   668   676 I UclDL_Impl_TCU: VIP-TCU - rxBps : 320
01-01 02:25:45.684   668   676 I UclDL_Impl_TCU: VIP-TCU - txAckTmo : 1
01-01 02:25:45.890   490   539 D vendor.visteon.skylark.hardware.automotive.vehicle@V1-visteon-service: TX Message SomeipComm::send  : service:193,method:3, response Payload: 04 
01-01 02:25:45.939   489   509 I UclDL_Impl: Inst Id : 0 ## Tx Msgs : 774
01-01 02:25:45.939   489   509 I UclDL_Impl: Inst Id : 0 ## TxA Msgs : 560
01-01 02:25:45.939   489   509 I UclDL_Impl: Inst Id : 0 ## TxA TO : 0
01-01 02:25:45.940   489   509 I UclDL_Impl: Inst Id : 0 ## Rx Msgs : 775
01-01 02:25:45.940   489   509 I UclDL_Impl: Inst Id : 0 ## Rx HB Msgs : 33
01-01 02:25:45.940   489   509 I UclDL_Impl: Inst Id : 0 ## Tx Bps : 808
01-01 02:25:45.940   489   509 I UclDL_Impl: Inst Id : 0 ## Rx Bps : 4368
01-01 02:25:45.940   489   509 I UclDL_Impl: Inst Id : 0  ## Avg Ack Latency : 8
01-01 02:25:45.996   490   541 D vendor.visteon.skylark.hardware.automotive.vehicle@V1-visteon-service: SomeipCOmm :: RX Message [0/232]:service:c0 ,Method:8000,payload:04 
01-01 02:25:46.000   490   541 D vendor.visteon.skylark.hardware.automotive.vehicle@V1-visteon-service: SomeipCOmm :: RX Message [0/233]:service:c7 ,Method:80e5,payload:02 00 00 01 0f 40 3e 00 08 04 16 00 00 00 00 1e 00 00 00 00 09 00 00 00 00 02 01 01 0e 2c 04 ba 01 a4 06 a8 01 d6 02 e9 02 dd 01 00 00 00 00 01 01 02 19 2e 1b 79 8f 0d 19 0a e9 00 1e 1e b8 89 7f 00 07 00 0a 00 20 02 22 00 c2 00 00 00 00 00 00 00 00 01 00 07 00 00 00 00 00 00 00 00 00 00 00 01 00 01 00 00 00 00 32 00 00 04 07 0a 0f 14 00 a8 02 00 03 00 00 00 00 00 c0 00 02 00 00 c0 00 00 00 02 d7 02 c1 02 ce 03 03 03 03 01 00 00 62 00 00 00 a5 00 00 00 00 0e cb 03 00 01 00 0b 0b 0b a5 07 04 f2 33 30 34 34 00 00 00 00 00 00 00 00 00 00 00 00 00 00 00 00 00 00 00 00 00 00 00 00 00 00 00 00 00 00 
01-01 02:25:46.001   490   541 D vendor.visteon.skylark.hardware.automotive.vehicle@V1-visteon-service: SomeipCOmm :: RX Message [0/234]:service:c7 ,Method:80df,payload:08 04 02 02 01 02 00 00 00 00 00 00 00 00 00 03 00 00 00 00 00 00 00 00 00 00 00 00 00 00 00 00 00 00 00 00 00 00 00 00 00 00 00 00 00 00 00 00 00 00 00 00 00 00 00 00 00 00 00 00 00 00 00 00 00 00 00 00 00 00 00 00 00 00 00 00 00 00 00 00 00 00 00 00 00 00 00 00 00 00 00 00 00 00 00 00 00 00 00 00 
01-01 02:25:46.214   490   541 D vendor.visteon.skylark.hardware.automotive.vehicle@V1-visteon-service: SomeipCOmm :: RX Message [0/235]:service:c7 ,Method:80e2,payload:2f 19 02 05 01 00 00 01 
01-01 02:25:46.680   490   541 D vendor.visteon.skylark.hardware.automotive.vehicle@V1-visteon-service: SomeipCOmm :: RX Message [0/237]:service:c0 ,Method:8005,payload:03 03 03 03 03 03 03 03 03 01 03 03 03 00 00 00 00 00 00 00 
01-01 02:25:46.680   490   541 D vendor.visteon.skylark.hardware.automotive.vehicle@V1-visteon-service: PERIPHERAL_STATUS:: 03 03 03 03 03 03 03 03 03 01 03 03 03 00 00 00 00 00 00 00 
01-01 02:25:46.688   668   676 I UclDL_Impl_VIP: TxA TO : 33
01-01 02:25:46.688   668   676 I UclDL_Impl_VIP: Avg Ack Latency : 12
01-01 02:25:46.688   668   676 I UclDL_Impl_VIP: pollingCntr : 12242
01-01 02:25:46.688   668   676 I UclDL_Impl_TCU: VIP-TCU - txBps : 464
01-01 02:25:46.688   668   676 I UclDL_Impl_TCU: VIP-TCU - rxBps : 320
01-01 02:25:46.688   668   676 I UclDL_Impl_TCU: VIP-TCU - txAckTmo : 1
01-01 02:25:46.891   490   539 D vendor.visteon.skylark.hardware.automotive.vehicle@V1-visteon-service: TX Message SomeipComm::send  : service:193,method:3, response Payload: 04 
01-01 02:25:46.939   489   509 I UclDL_Impl: Inst Id : 0 ## Tx Msgs : 785
01-01 02:25:46.940   489   509 I UclDL_Impl: Inst Id : 0 ## TxA Msgs : 568
01-01 02:25:46.940   489   509 I UclDL_Impl: Inst Id : 0 ## TxA TO : 0
01-01 02:25:46.940   489   509 I UclDL_Impl: Inst Id : 0 ## Rx Msgs : 786
01-01 02:25:46.940   489   509 I UclDL_Impl: Inst Id : 0 ## Rx HB Msgs : 34
01-01 02:25:46.940   489   509 I UclDL_Impl: Inst Id : 0 ## Tx Bps : 904
01-01 02:25:46.940   489   509 I UclDL_Impl: Inst Id : 0 ## Rx Bps : 4424
01-01 02:25:46.940   489   509 I UclDL_Impl: Inst Id : 0  ## Avg Ack Latency : 8
01-01 02:25:47.005   490   541 D vendor.visteon.skylark.hardware.automotive.vehicle@V1-visteon-service: SomeipCOmm :: RX Message [0/23a]:service:c0 ,Method:8000,payload:04 
01-01 02:25:47.009   490   541 D vendor.visteon.skylark.hardware.automotive.vehicle@V1-visteon-service: SomeipCOmm :: RX Message [0/23b]:service:c7 ,Method:80e5,payload:02 00 00 01 0f 40 3e 00 08 04 16 00 00 00 00 1e 00 00 00 00 09 00 00 00 00 02 01 01 0e 2c 04 b8 01 a5 06 ab 01 d7 02 e9 02 da 01 00 00 00 00 01 01 02 19 2f 1b 79 8f 0d 19 0a e9 00 1f 1e b4 89 7f 00 07 00 0a 00 20 02 22 00 c2 00 00 00 00 00 00 00 00 01 00 07 00 00 00 00 00 00 00 00 00 00 00 01 00 01 00 00 00 00 32 00 00 04 07 0a 0f 14 00 a8 02 00 03 00 00 00 00 00 c0 00 02 00 00 c0 00 00 00 02 c5 02 bc 02 c5 03 03 03 03 01 00 00 62 00 00 00 a5 00 00 00 00 0e ca 03 00 01 00 0b 0b 0b a5 07 04 f2 33 30 34 34 00 00 00 00 00 00 00 00 00 00 00 00 00 00 00 00 00 00 00 00 00 00 00 00 00 00 00 00 00 00 
01-01 02:25:47.013   490   541 D vendor.visteon.skylark.hardware.automotive.vehicle@V1-visteon-service: SomeipCOmm :: RX Message [0/23c]:service:c7 ,Method:80df,payload:08 04 02 02 01 02 00 00 00 00 00 00 00 00 00 03 00 00 00 00 00 00 00 00 00 00 00 00 00 00 00 00 00 00 00 00 00 00 00 00 00 00 00 00 00 00 00 00 00 00 00 00 00 00 00 00 00 00 00 00 00 00 00 00 00 00 00 00 00 00 00 00 00 00 00 00 00 00 00 00 00 00 00 00 00 00 00 00 00 00 00 00 00 00 00 00 00 00 00 00 
01-01 02:25:47.216   490   541 D vendor.visteon.skylark.hardware.automotive.vehicle@V1-visteon-service: SomeipCOmm :: RX Message [0/23d]:service:c7 ,Method:80e2,payload:30 19 02 05 01 00 00 01 
01-01 02:25:47.685   490   541 D vendor.visteon.skylark.hardware.automotive.vehicle@V1-visteon-service: SomeipCOmm :: RX Message [0/23f]:service:c0 ,Method:8005,payload:03 03 03 03 03 03 03 03 03 01 03 03 03 00 00 00 00 00 00 00 
01-01 02:25:47.685   490   541 D vendor.visteon.skylark.hardware.automotive.vehicle@V1-visteon-service: PERIPHERAL_STATUS:: 03 03 03 03 03 03 03 03 03 01 03 03 03 00 00 00 00 00 00 00 
01-01 02:25:47.696   668   676 I UclDL_Impl_VIP: TxA TO : 33
01-01 02:25:47.697   668   676 I UclDL_Impl_VIP: Avg Ack Latency : 6
01-01 02:25:47.697   668   676 I UclDL_Impl_VIP: pollingCntr : 12492
01-01 02:25:47.697   668   676 I UclDL_Impl_TCU: VIP-TCU - txBps : 392
01-01 02:25:47.697   668   676 I UclDL_Impl_TCU: VIP-TCU - rxBps : 320
01-01 02:25:47.697   668   676 I UclDL_Impl_TCU: VIP-TCU - txAckTmo : 1
01-01 02:25:47.891   490   539 D vendor.visteon.skylark.hardware.automotive.vehicle@V1-visteon-service: TX Message SomeipComm::send  : service:193,method:3, response Payload: 04 
01-01 02:25:47.939   489   509 I UclDL_Impl: Inst Id : 0 ## Tx Msgs : 795
01-01 02:25:47.940   489   509 I UclDL_Impl: Inst Id : 0 ## TxA Msgs : 576
01-01 02:25:47.940   489   509 I UclDL_Impl: Inst Id : 0 ## TxA TO : 0
01-01 02:25:47.940   489   509 I UclDL_Impl: Inst Id : 0 ## Rx Msgs : 796
01-01 02:25:47.940   489   509 I UclDL_Impl: Inst Id : 0 ## Rx HB Msgs : 35
01-01 02:25:47.940   489   509 I UclDL_Impl: Inst Id : 0 ## Tx Bps : 808
01-01 02:25:47.940   489   509 I UclDL_Impl: Inst Id : 0 ## Rx Bps : 4368
01-01 02:25:47.940   489   509 I UclDL_Impl: Inst Id : 0  ## Avg Ack Latency : 8
01-01 02:25:48.009   490   541 D vendor.visteon.skylark.hardware.automotive.vehicle@V1-visteon-service: SomeipCOmm :: RX Message [0/242]:service:c0 ,Method:8000,payload:04 
01-01 02:25:48.012   490   541 D vendor.visteon.skylark.hardware.automotive.vehicle@V1-visteon-service: SomeipCOmm :: RX Message [0/243]:service:c7 ,Method:80e5,payload:02 00 00 01 0f 40 3e 00 08 04 16 00 00 00 00 1e 00 00 00 00 09 00 00 00 00 02 01 01 0e 2d 04 ba 01 a3 06 b1 01 d7 02 e9 02 a9 01 00 00 00 00 01 01 02 19 30 1b 79 8f 0d 19 0a e9 00 1f 1e b8 89 7f 00 07 00 0b 00 20 02 22 00 c2 00 00 00 00 00 00 00 00 01 00 07 00 00 00 00 00 00 00 00 00 00 00 01 00 01 00 00 00 00 32 00 00 04 07 0a 0f 14 00 a8 02 00 03 00 00 00 00 00 c0 00 02 00 00 c0 00 00 00 02 8a 02 84 02 8f 03 03 03 03 01 00 00 62 00 00 00 a5 00 00 00 00 0e cb 03 00 01 00 0b 0b 0b a5 07 04 f2 33 30 34 34 00 00 00 00 00 00 00 00 00 00 00 00 00 00 00 00 00 00 00 00 00 00 00 00 00 00 00 00 00 00 
01-01 02:25:48.013   490   541 D vendor.visteon.skylark.hardware.automotive.vehicle@V1-visteon-service: SomeipCOmm :: RX Message [0/244]:service:c7 ,Method:80df,payload:08 04 02 02 01 02 00 00 00 00 00 00 00 00 00 03 00 00 00 00 00 00 00 00 00 00 00 00 00 00 00 00 00 00 00 00 00 00 00 00 00 00 00 00 00 00 00 00 00 00 00 00 00 00 00 00 00 00 00 00 00 00 00 00 00 00 00 00 00 00 00 00 00 00 00 00 00 00 00 00 00 00 00 00 00 00 00 00 00 00 00 00 00 00 00 00 00 00 00 00 
01-01 02:25:48.220   490   541 D vendor.visteon.skylark.hardware.automotive.vehicle@V1-visteon-service: SomeipCOmm :: RX Message [0/245]:service:c7 ,Method:80e2,payload:31 19 02 05 01 00 00 01 
01-01 02:25:48.692   490   541 D vendor.visteon.skylark.hardware.automotive.vehicle@V1-visteon-service: SomeipCOmm :: RX Message [0/249]:service:c0 ,Method:8005,payload:03 03 03 03 03 03 03 03 03 01 03 03 03 00 00 00 00 00 00 00 
01-01 02:25:48.692   490   541 D vendor.visteon.skylark.hardware.automotive.vehicle@V1-visteon-service: PERIPHERAL_STATUS:: 03 03 03 03 03 03 03 03 03 01 03 03 03 00 00 00 00 00 00 00 
01-01 02:25:48.700   668   676 I UclDL_Impl_VIP: TxA TO : 33
01-01 02:25:48.700   668   676 I UclDL_Impl_VIP: Avg Ack Latency : 11
01-01 02:25:48.700   668   676 I UclDL_Impl_VIP: pollingCntr : 12742
01-01 02:25:48.700   668   676 I UclDL_Impl_TCU: VIP-TCU - txBps : 392
01-01 02:25:48.700   668   676 I UclDL_Impl_TCU: VIP-TCU - rxBps : 320
01-01 02:25:48.700   668   676 I UclDL_Impl_TCU: VIP-TCU - txAckTmo : 1
01-01 02:25:48.892   490   539 D vendor.visteon.skylark.hardware.automotive.vehicle@V1-visteon-service: TX Message SomeipComm::send  : service:193,method:3, response Payload: 04 
01-01 02:25:48.939   489   509 I UclDL_Impl: Inst Id : 0 ## Tx Msgs : 808
01-01 02:25:48.940   489   509 I UclDL_Impl: Inst Id : 0 ## TxA Msgs : 586
01-01 02:25:48.940   489   509 I UclDL_Impl: Inst Id : 0 ## TxA TO : 0
01-01 02:25:48.940   489   509 I UclDL_Impl: Inst Id : 0 ## Rx Msgs : 809
01-01 02:25:48.940   489   509 I UclDL_Impl: Inst Id : 0 ## Rx HB Msgs : 36
01-01 02:25:48.940   489   509 I UclDL_Impl: Inst Id : 0 ## Tx Bps : 1296
01-01 02:25:48.940   489   509 I UclDL_Impl: Inst Id : 0 ## Rx Bps : 5032
01-01 02:25:48.940   489   509 I UclDL_Impl: Inst Id : 0  ## Avg Ack Latency : 10
01-01 02:25:49.012   490   541 D vendor.visteon.skylark.hardware.automotive.vehicle@V1-visteon-service: SomeipCOmm :: RX Message [0/24c]:service:c0 ,Method:8000,payload:04 
01-01 02:25:49.016   490   541 D vendor.visteon.skylark.hardware.automotive.vehicle@V1-visteon-service: SomeipCOmm :: RX Message [0/24d]:service:c7 ,Method:80e5,payload:02 00 00 01 0f 40 3e 00 08 04 16 00 00 00 00 1e 00 00 00 00 09 00 00 00 00 02 01 01 0e 2d 04 b8 01 a5 06 a6 01 d7 02 e9 02 9f 01 00 00 00 00 01 01 02 19 31 1b 79 8f 0d 19 0a e9 00 1e 1e b8 89 7f 00 07 00 0a 00 20 02 22 00 c2 00 00 00 00 00 00 00 00 01 00 07 00 00 00 00 00 00 00 00 00 00 00 01 00 01 00 00 00 00 32 00 00 04 07 0a 0f 14 00 a8 02 00 03 00 00 00 00 00 c0 00 02 00 00 c0 00 00 00 02 bb 02 9e 02 a7 03 03 03 03 01 00 00 62 00 00 00 a5 00 00 00 00 0e ca 03 00 01 00 0b 0b 0b a5 07 04 f2 33 30 34 34 00 00 00 00 00 00 00 00 00 00 00 00 00 00 00 00 00 00 00 00 00 00 00 00 00 00 00 00 00 00 
01-01 02:25:49.017   490   541 D vendor.visteon.skylark.hardware.automotive.vehicle@V1-visteon-service: SomeipCOmm :: RX Message [0/24e]:service:c7 ,Method:80df,payload:08 04 02 02 01 02 00 00 00 00 00 00 00 00 00 03 00 00 00 00 00 00 00 00 00 00 00 00 00 00 00 00 00 00 00 00 00 00 00 00 00 00 00 00 00 00 00 00 00 00 00 00 00 00 00 00 00 00 00 00 00 00 00 00 00 00 00 00 00 00 00 00 00 00 00 00 00 00 00 00 00 00 00 00 00 00 00 00 00 00 00 00 00 00 00 00 00 00 00 00 
01-01 02:25:49.224   490   541 D vendor.visteon.skylark.hardware.automotive.vehicle@V1-visteon-service: SomeipCOmm :: RX Message [0/24f]:service:c7 ,Method:80e2,payload:32 19 02 05 01 00 00 01 
01-01 02:25:49.696   490   541 D vendor.visteon.skylark.hardware.automotive.vehicle@V1-visteon-service: SomeipCOmm :: RX Message [0/251]:service:c0 ,Method:8005,payload:03 03 03 03 03 03 03 03 03 01 03 03 03 00 00 00 00 00 00 00 
01-01 02:25:49.696   490   541 D vendor.visteon.skylark.hardware.automotive.vehicle@V1-visteon-service: PERIPHERAL_STATUS:: 03 03 03 03 03 03 03 03 03 01 03 03 03 00 00 00 00 00 00 00 
01-01 02:25:49.704   668   676 I UclDL_Impl_VIP: TxA TO : 33
01-01 02:25:49.704   668   676 I UclDL_Impl_VIP: Avg Ack Latency : 9
01-01 02:25:49.704   668   676 I UclDL_Impl_VIP: pollingCntr : 12992
01-01 02:25:49.704   668   676 I UclDL_Impl_TCU: VIP-TCU - txBps : 464
01-01 02:25:49.704   668   676 I UclDL_Impl_TCU: VIP-TCU - rxBps : 320
01-01 02:25:49.704   668   676 I UclDL_Impl_TCU: VIP-TCU - txAckTmo : 1
01-01 02:25:49.892   490   539 D vendor.visteon.skylark.hardware.automotive.vehicle@V1-visteon-service: TX Message SomeipComm::send  : service:193,method:3, response Payload: 04 
01-01 02:25:49.939   489   509 I UclDL_Impl: Inst Id : 0 ## Tx Msgs : 818
01-01 02:25:49.939   489   509 I UclDL_Impl: Inst Id : 0 ## TxA Msgs : 594
01-01 02:25:49.939   489   509 I UclDL_Impl: Inst Id : 0 ## TxA TO : 0
01-01 02:25:49.939   489   509 I UclDL_Impl: Inst Id : 0 ## Rx Msgs : 819
01-01 02:25:49.939   489   509 I UclDL_Impl: Inst Id : 0 ## Rx HB Msgs : 37
01-01 02:25:49.940   489   509 I UclDL_Impl: Inst Id : 0 ## Tx Bps : 808
01-01 02:25:49.940   489   509 I UclDL_Impl: Inst Id : 0 ## Rx Bps : 4368
01-01 02:25:49.940   489   509 I UclDL_Impl: Inst Id : 0  ## Avg Ack Latency : 11
01-01 02:25:50.016   490   541 D vendor.visteon.skylark.hardware.automotive.vehicle@V1-visteon-service: SomeipCOmm :: RX Message [0/254]:service:c0 ,Method:8000,payload:04 
01-01 02:25:50.024   490   541 D vendor.visteon.skylark.hardware.automotive.vehicle@V1-visteon-service: SomeipCOmm :: RX Message [0/255]:service:c7 ,Method:80e5,payload:02 00 00 01 0f 40 3e 00 08 04 16 00 00 00 00 1e 00 00 00 00 09 00 00 00 00 02 01 01 0e 2c 04 b8 01 a5 06 a6 01 d6 02 e9 02 cc 01 00 00 00 00 01 01 02 19 32 1b 79 8f 0d 19 0a e9 00 1e 1e b4 89 7f 00 07 00 0b 00 20 02 22 00 c2 00 00 00 00 00 00 00 00 01 00 07 00 00 00 00 00 00 00 00 00 00 00 01 00 01 00 00 00 00 32 00 00 04 07 0a 0f 14 00 a8 02 00 03 00 00 00 00 00 c0 00 02 00 00 c0 00 00 00 02 d7 02 cb 02 ce 03 03 03 03 01 00 00 62 00 00 00 a5 00 00 00 00 0e ca 03 00 01 00 0b 0b 0b a5 07 04 f2 33 30 34 34 00 00 00 00 00 00 00 00 00 00 00 00 00 00 00 00 00 00 00 00 00 00 00 00 00 00 00 00 00 00 
01-01 02:25:50.028   490   541 D vendor.visteon.skylark.hardware.automotive.vehicle@V1-visteon-service: SomeipCOmm :: RX Message [0/256]:service:c7 ,Method:80df,payload:08 04 02 02 01 02 00 00 00 00 00 00 00 00 00 03 00 00 00 00 00 00 00 00 00 00 00 00 00 00 00 00 00 00 00 00 00 00 00 00 00 00 00 00 00 00 00 00 00 00 00 00 00 00 00 00 00 00 00 00 00 00 00 00 00 00 00 00 00 00 00 00 00 00 00 00 00 00 00 00 00 00 00 00 00 00 00 00 00 00 00 00 00 00 00 00 00 00 00 00 
01-01 02:25:50.228   490   541 D vendor.visteon.skylark.hardware.automotive.vehicle@V1-visteon-service: SomeipCOmm :: RX Message [0/257]:service:c7 ,Method:80e2,payload:33 19 02 05 01 00 00 01 
01-01 02:25:50.700   490   541 D vendor.visteon.skylark.hardware.automotive.vehicle@V1-visteon-service: SomeipCOmm :: RX Message [0/259]:service:c0 ,Method:8005,payload:03 03 03 03 03 03 03 03 03 01 03 03 03 00 00 00 00 00 00 00 
01-01 02:25:50.701   490   541 D vendor.visteon.skylark.hardware.automotive.vehicle@V1-visteon-service: PERIPHERAL_STATUS:: 03 03 03 03 03 03 03 03 03 01 03 03 03 00 00 00 00 00 00 00 
01-01 02:25:50.708   668   676 I UclDL_Impl_VIP: TxA TO : 33
01-01 02:25:50.708   668   676 I UclDL_Impl_VIP: Avg Ack Latency : 7
01-01 02:25:50.708   668   676 I UclDL_Impl_VIP: pollingCntr : 13242
01-01 02:25:50.708   668   676 I UclDL_Impl_TCU: VIP-TCU - txBps : 392
01-01 02:25:50.708   668   676 I UclDL_Impl_TCU: VIP-TCU - rxBps : 272
01-01 02:25:50.708   668   676 I UclDL_Impl_TCU: VIP-TCU - txAckTmo : 1
01-01 02:25:50.892   490   539 D vendor.visteon.skylark.hardware.automotive.vehicle@V1-visteon-service: TX Message SomeipComm::send  : service:193,method:3, response Payload: 04 
01-01 02:25:50.939   489   509 I UclDL_Impl: Inst Id : 0 ## Tx Msgs : 828
01-01 02:25:50.940   489   509 I UclDL_Impl: Inst Id : 0 ## TxA Msgs : 602
01-01 02:25:50.940   489   509 I UclDL_Impl: Inst Id : 0 ## TxA TO : 0
01-01 02:25:50.940   489   509 I UclDL_Impl: Inst Id : 0 ## Rx Msgs : 829
01-01 02:25:50.940   489   509 I UclDL_Impl: Inst Id : 0 ## Rx HB Msgs : 38
01-01 02:25:50.940   489   509 I UclDL_Impl: Inst Id : 0 ## Tx Bps : 808
01-01 02:25:50.940   489   509 I UclDL_Impl: Inst Id : 0 ## Rx Bps : 4368
01-01 02:25:50.940   489   509 I UclDL_Impl: Inst Id : 0  ## Avg Ack Latency : 11
01-01 02:25:51.020   490   541 D vendor.visteon.skylark.hardware.automotive.vehicle@V1-visteon-service: SomeipCOmm :: RX Message [0/25c]:service:c0 ,Method:8000,payload:04 
01-01 02:25:51.029   490   541 D vendor.visteon.skylark.hardware.automotive.vehicle@V1-visteon-service: SomeipCOmm :: RX Message [0/25d]:service:c7 ,Method:80e5,payload:02 00 00 01 0f 40 3e 00 08 04 16 00 00 00 00 1e 00 00 00 00 09 00 00 00 00 02 01 01 0e 2c 04 ba 01 a3 06 a8 01 d7 02 e9 02 d1 01 00 00 00 00 01 01 02 19 33 1b 79 8f 0d 19 0a e9 00 1e 1e ba 89 7f 00 07 00 0a 00 20 02 22 00 c2 00 00 00 00 00 00 00 00 01 00 07 00 00 00 00 00 00 00 00 00 00 00 01 00 01 00 00 00 00 32 00 00 04 07 0a 0f 14 00 a8 02 00 03 00 00 00 00 00 c0 00 02 00 00 c0 00 00 00 02 da 02 ca 02 cf 03 03 03 03 01 00 00 62 00 00 00 a5 00 00 00 00 0e ca 03 00 01 00 0b 0b 0b a5 07 04 f2 33 30 34 34 00 00 00 00 00 00 00 00 00 00 00 00 00 00 00 00 00 00 00 00 00 00 00 00 00 00 00 00 00 00 
01-01 02:25:51.030   490   541 D vendor.visteon.skylark.hardware.automotive.vehicle@V1-visteon-service: SomeipCOmm :: RX Message [0/25e]:service:c7 ,Method:80df,payload:08 04 02 02 01 02 00 00 00 00 00 00 00 00 00 03 00 00 00 00 00 00 00 00 00 00 00 00 00 00 00 00 00 00 00 00 00 00 00 00 00 00 00 00 00 00 00 00 00 00 00 00 00 00 00 00 00 00 00 00 00 00 00 00 00 00 00 00 00 00 00 00 00 00 00 00 00 00 00 00 00 00 00 00 00 00 00 00 00 00 00 00 00 00 00 00 00 00 00 00 
01-01 02:25:51.236   490   541 D vendor.visteon.skylark.hardware.automotive.vehicle@V1-visteon-service: SomeipCOmm :: RX Message [0/25f]:service:c7 ,Method:80e2,payload:34 19 02 05 01 00 00 01 
01-01 02:25:51.704   490   541 D vendor.visteon.skylark.hardware.automotive.vehicle@V1-visteon-service: SomeipCOmm :: RX Message [0/261]:service:c0 ,Method:8005,payload:03 03 03 03 03 03 03 03 03 01 03 03 03 00 00 00 00 00 00 00 
01-01 02:25:51.705   490   541 D vendor.visteon.skylark.hardware.automotive.vehicle@V1-visteon-service: PERIPHERAL_STATUS:: 03 03 03 03 03 03 03 03 03 01 03 03 03 00 00 00 00 00 00 00 
01-01 02:25:51.713   668   676 I UclDL_Impl_VIP: TxA TO : 33
01-01 02:25:51.713   668   676 I UclDL_Impl_VIP: Avg Ack Latency : 12
01-01 02:25:51.713   668   676 I UclDL_Impl_VIP: pollingCntr : 13492
01-01 02:25:51.713   668   676 I UclDL_Impl_TCU: VIP-TCU - txBps : 392
01-01 02:25:51.713   668   676 I UclDL_Impl_TCU: VIP-TCU - rxBps : 272
01-01 02:25:51.713   668   676 I UclDL_Impl_TCU: VIP-TCU - txAckTmo : 1
01-01 02:25:51.893   490   539 D vendor.visteon.skylark.hardware.automotive.vehicle@V1-visteon-service: TX Message SomeipComm::send  : service:193,method:3, response Payload: 04 
01-01 02:25:51.939   489   509 I UclDL_Impl: Inst Id : 0 ## Tx Msgs : 839
01-01 02:25:51.939   489   509 I UclDL_Impl: Inst Id : 0 ## TxA Msgs : 610
01-01 02:25:51.940   489   509 I UclDL_Impl: Inst Id : 0 ## TxA TO : 0
01-01 02:25:51.940   489   509 I UclDL_Impl: Inst Id : 0 ## Rx Msgs : 840
01-01 02:25:51.940   489   509 I UclDL_Impl: Inst Id : 0 ## Rx HB Msgs : 39
01-01 02:25:51.940   489   509 I UclDL_Impl: Inst Id : 0 ## Tx Bps : 904
01-01 02:25:51.940   489   509 I UclDL_Impl: Inst Id : 0 ## Rx Bps : 4424
01-01 02:25:51.940   489   509 I UclDL_Impl: Inst Id : 0  ## Avg Ack Latency : 5
01-01 02:25:52.028   490   541 D vendor.visteon.skylark.hardware.automotive.vehicle@V1-visteon-service: SomeipCOmm :: RX Message [0/264]:service:c0 ,Method:8000,payload:04 
01-01 02:25:52.033   490   541 D vendor.visteon.skylark.hardware.automotive.vehicle@V1-visteon-service: SomeipCOmm :: RX Message [0/265]:service:c7 ,Method:80e5,payload:02 00 00 01 0f 40 3e 00 08 04 16 00 00 00 00 1e 00 00 00 00 09 00 00 00 00 02 01 01 0e 2c 04 bc 01 a2 06 aa 01 d7 02 e9 02 d8 01 00 00 00 00 01 01 02 19 34 1b 79 8f 0d 19 0a e9 00 1e 1e b8 89 7f 00 07 00 0b 00 20 02 22 00 c2 00 00 00 00 00 00 00 00 01 00 07 00 00 00 00 00 00 00 00 00 00 00 01 00 01 00 00 00 00 32 00 00 04 07 0a 0f 14 00 a8 02 00 03 00 00 00 00 00 c0 00 02 00 00 c0 00 00 00 02 da 02 c7 02 ce 03 03 03 03 01 00 00 62 00 00 00 a5 00 00 00 00 0e cb 03 00 01 00 0b 0b 0b a5 07 04 f2 33 30 34 34 00 00 00 00 00 00 00 00 00 00 00 00 00 00 00 00 00 00 00 00 00 00 00 00 00 00 00 00 00 00 
01-01 02:25:52.034   490   541 D vendor.visteon.skylark.hardware.automotive.vehicle@V1-visteon-service: SomeipCOmm :: RX Message [0/266]:service:c7 ,Method:80df,payload:08 04 02 02 01 02 00 00 00 00 00 00 00 00 00 03 00 00 00 00 00 00 00 00 00 00 00 00 00 00 00 00 00 00 00 00 00 00 00 00 00 00 00 00 00 00 00 00 00 00 00 00 00 00 00 00 00 00 00 00 00 00 00 00 00 00 00 00 00 00 00 00 00 00 00 00 00 00 00 00 00 00 00 00 00 00 00 00 00 00 00 00 00 00 00 00 00 00 00 00 
01-01 02:25:52.241   490   541 D vendor.visteon.skylark.hardware.automotive.vehicle@V1-visteon-service: SomeipCOmm :: RX Message [0/267]:service:c7 ,Method:80e2,payload:35 19 02 05 01 00 00 01 
01-01 02:25:52.708   490   541 D vendor.visteon.skylark.hardware.automotive.vehicle@V1-visteon-service: SomeipCOmm :: RX Message [0/269]:service:c0 ,Method:8005,payload:03 03 03 03 03 03 03 03 03 01 03 03 03 00 00 00 00 00 00 00 
01-01 02:25:52.708   490   541 D vendor.visteon.skylark.hardware.automotive.vehicle@V1-visteon-service: PERIPHERAL_STATUS:: 03 03 03 03 03 03 03 03 03 01 03 03 03 00 00 00 00 00 00 00 
01-01 02:25:52.720   668   676 I UclDL_Impl_VIP: TxA TO : 33
01-01 02:25:52.720   668   676 I UclDL_Impl_VIP: Avg Ack Latency : 9
01-01 02:25:52.720   668   676 I UclDL_Impl_VIP: pollingCntr : 13742
01-01 02:25:52.720   668   676 I UclDL_Impl_TCU: VIP-TCU - txBps : 392
01-01 02:25:52.720   668   676 I UclDL_Impl_TCU: VIP-TCU - rxBps : 272
